Command line invocation:
    "/Applications/Xcode 26.3 Beta.app/Contents/Developer/usr/bin/xcodebuild" -project Ilumionate.xcodeproj -scheme Ilumionate build

Resolve Package Graph


Resolved source packages:
  Jinja: https://github.com/huggingface/swift-jinja.git @ 2.3.2
  swift-transformers: https://github.com/huggingface/swift-transformers.git @ 1.1.8
  yyjson: https://github.com/ibireme/yyjson.git @ 0.12.0
  swift-crypto: https://github.com/apple/swift-crypto.git @ 4.2.0
  whisperkit: https://github.com/argmaxinc/WhisperKit.git @ main (2870b46)
  swift-argument-parser: https://github.com/apple/swift-argument-parser.git @ 1.7.0
  swift-asn1: https://github.com/apple/swift-asn1.git @ 1.5.1
  swift-collections: https://github.com/apple/swift-collections.git @ 1.3.0

--- xcodebuild: WARNING: Using the first of multiple matching destinations:
{ platform:macOS, arch:arm64, variant:Designed for [iPad,iPhone], id:00006000-0010293C0AA1801E, name:My Mac }
{ platform:iOS, id:dvtdevice-DVTiPhonePlaceholder-iphoneos:placeholder, name:Any iOS Device }
{ platform:iOS Simulator, id:dvtdevice-DVTiOSDeviceSimulatorPlaceholder-iphonesimulator:placeholder, name:Any iOS Simulator Device }
{ platform:iOS Simulator, arch:arm64, id:F7461BD4-7425-498E-B366-DE277DB90B31, OS:26.0, name:iPad (A16) }
{ platform:iOS Simulator, arch:arm64, id:63C0BD67-CB48-4C94-B178-521E3F579003, OS:26.1, name:iPad (A16) }
{ platform:iOS Simulator, arch:arm64, id:D296EF20-9027-4241-97FB-4A7E98A569C1, OS:26.2, name:iPad (A16) }
{ platform:iOS Simulator, arch:arm64, id:312F4053-7600-4502-87D8-3A2F77328BA2, OS:26.4, name:iPad (A16) }
{ platform:iOS Simulator, arch:arm64, id:66F305A6-57D3-4368-BAD8-592959F2602C, OS:26.0, name:iPad Air 11-inch (M3) }
{ platform:iOS Simulator, arch:arm64, id:1BDC9988-C22A-48E7-AAED-A9F55644B8CB, OS:26.1, name:iPad Air 11-inch (M3) }
{ platform:iOS Simulator, arch:arm64, id:3158172F-63E8-4A13-9E42-7C782D3877FB, OS:26.2, name:iPad Air 11-inch (M3) }
{ platform:iOS Simulator, arch:arm64, id:7B4E9129-B7DF-48DE-AF4E-461D61578ADF, OS:26.4, name:iPad Air 11-inch (M3) }
{ platform:iOS Simulator, arch:arm64, id:DE3E511F-C6A4-45FF-9EAE-C4B6351A2F3F, OS:26.0, name:iPad Air 13-inch (M3) }
{ platform:iOS Simulator, arch:arm64, id:73297776-6785-4CE7-8815-40C98E45A347, OS:26.1, name:iPad Air 13-inch (M3) }
{ platform:iOS Simulator, arch:arm64, id:212281B6-87E3-4A16-A3E6-168274913973, OS:26.2, name:iPad Air 13-inch (M3) }
{ platform:iOS Simulator, arch:arm64, id:F3FC5168-3CAB-4242-8074-8DC69D4AB69B, OS:26.4, name:iPad Air 13-inch (M3) }
{ platform:iOS Simulator, arch:arm64, id:783EF26C-072E-491D-BBEB-C54AAD61DFDA, OS:26.0, name:iPad Pro 11-inch (M4) }
{ platform:iOS Simulator, arch:arm64, id:164C099C-2875-4A76-9AA3-DDF4F2621185, OS:26.0, name:iPad Pro 11-inch (M5) }
{ platform:iOS Simulator, arch:arm64, id:1C4A3D34-C01E-4FE3-87A9-E106935C0FA1, OS:26.1, name:iPad Pro 11-inch (M5) }
{ platform:iOS Simulator, arch:arm64, id:29E305D2-AFE1-4D00-9F52-0D70A477D212, OS:26.2, name:iPad Pro 11-inch (M5) }
{ platform:iOS Simulator, arch:arm64, id:C94C1AE9-BD20-4D6F-97DC-A0FF8D156FC6, OS:26.4, name:iPad Pro 11-inch (M5) }
{ platform:iOS Simulator, arch:arm64, id:CB6226B5-190A-4DDB-8B6F-5AD49537CBEB, OS:26.0, name:iPad Pro 13-inch (M4) }
{ platform:iOS Simulator, arch:arm64, id:580BFA4F-DB5C-47F8-9ED6-C3117FF7C24D, OS:26.0, name:iPad Pro 13-inch (M5) }
{ platform:iOS Simulator, arch:arm64, id:2575D4F8-8B47-483C-BA44-8AD975CA2B73, OS:26.1, name:iPad Pro 13-inch (M5) }
{ platform:iOS Simulator, arch:arm64, id:EFC3C6CE-EB0F-482E-855E-0B128FDE8BAA, OS:26.2, name:iPad Pro 13-inch (M5) }
{ platform:iOS Simulator, arch:arm64, id:8A5D1E73-4B7B-4FDF-880D-2E81C8E08460, OS:26.4, name:iPad Pro 13-inch (M5) }
{ platform:iOS Simulator, arch:arm64, id:7AF1C42C-DA32-4562-A6FC-36EFF814D568, OS:26.0, name:iPad mini (A17 Pro) }
{ platform:iOS Simulator, arch:arm64, id:FA7013AF-956E-47F2-9DB7-64CF29C3E20B, OS:26.1, name:iPad mini (A17 Pro) }
{ platform:iOS Simulator, arch:arm64, id:2AE01041-16CB-4198-A53C-6B885C1D8395, OS:26.2, name:iPad mini (A17 Pro) }
{ platform:iOS Simulator, arch:arm64, id:7199202C-FE3A-4E34-81E7-E317547BC65B, OS:26.4, name:iPad mini (A17 Pro) }
{ platform:iOS Simulator, arch:arm64, id:4F749CD7-0907-492E-9361-F13718CD7D1A, OS:26.0, name:iPhone 16 }
{ platform:iOS Simulator, arch:arm64, id:D9FDCC5E-4925-4D3A-A21B-40C20532BD7B, OS:26.0, name:iPhone 16 Plus }
{ platform:iOS Simulator, arch:arm64, id:C42D5AEB-9385-468B-8A5C-6666A992D4E5, OS:26.0, name:iPhone 16 Pro }
{ platform:iOS Simulator, arch:arm64, id:02FBAA12-E0AC-4319-B65C-1BEE41A9FE7F, OS:26.0, name:iPhone 16 Pro Max }
{ platform:iOS Simulator, arch:arm64, id:C722B1FD-B13D-4633-A4DE-E9A409EDF9EC, OS:26.0, name:iPhone 16e }
{ platform:iOS Simulator, arch:arm64, id:83990AFA-494D-459B-93A4-E1BF28A4C832, OS:26.1, name:iPhone 16e }
{ platform:iOS Simulator, arch:arm64, id:17BFE8A5-F0A9-4200-B6A6-9016FFF33CBF, OS:26.2, name:iPhone 16e }
{ platform:iOS Simulator, arch:arm64, id:7D145E7C-09D4-4176-A1A6-F9609174E965, OS:26.4, name:iPhone 16e }
{ platform:iOS Simulator, arch:arm64, id:EBB6CC77-23F1-47CE-B45A-46687E06A985, OS:26.0, name:iPhone 17 }
{ platform:iOS Simulator, arch:arm64, id:0AEB59D7-FE99-4DD1-B6EF-FCCC8D768023, OS:26.1, name:iPhone 17 }
{ platform:iOS Simulator, arch:arm64, id:AF148AA1-2D77-4F50-826E-3EF46E37DC16, OS:26.2, name:iPhone 17 }
{ platform:iOS Simulator, arch:arm64, id:463D5EE0-7273-47A8-AACF-B724EBE95970, OS:26.4, name:iPhone 17 }
{ platform:iOS Simulator, arch:arm64, id:6184E8D6-E669-4336-B7E5-EE7AB3EE866A, OS:26.0, name:iPhone 17 Pro }
{ platform:iOS Simulator, arch:arm64, id:33833DB2-3393-4CA1-AFA1-8FA117BC12BF, OS:26.1, name:iPhone 17 Pro }
{ platform:iOS Simulator, arch:arm64, id:79CED5BB-5A18-4DC8-AD54-123A1E1A9138, OS:26.2, name:iPhone 17 Pro }
{ platform:iOS Simulator, arch:arm64, id:55FB8375-5DD4-487B-8E1F-13BD80F5AEF4, OS:26.4, name:iPhone 17 Pro }
{ platform:iOS Simulator, arch:arm64, id:33C86D96-2078-4CF7-A9AA-839AA0B44D1F, OS:26.0, name:iPhone 17 Pro Max }
{ platform:iOS Simulator, arch:arm64, id:CE37AE35-FBBF-4A0D-B2C3-544F807F48BB, OS:26.1, name:iPhone 17 Pro Max }
{ platform:iOS Simulator, arch:arm64, id:6A876C57-8B3C-487D-8444-93742EDEB595, OS:26.2, name:iPhone 17 Pro Max }
{ platform:iOS Simulator, arch:arm64, id:52F0546E-3A91-4CCC-B182-0081B54265A4, OS:26.4, name:iPhone 17 Pro Max }
{ platform:iOS Simulator, arch:arm64, id:02770D9A-2B2D-4091-9861-32AD2BD60C4D, OS:26.0, name:iPhone Air }
{ platform:iOS Simulator, arch:arm64, id:042534B6-0C3B-4DF8-9D98-A256DB5DD02A, OS:26.1, name:iPhone Air }
{ platform:iOS Simulator, arch:arm64, id:1A5DBF52-D120-4AD5-9F4C-A9D957E2228A, OS:26.2, name:iPhone Air }
{ platform:iOS Simulator, arch:arm64, id:139BBFFC-1175-47FB-91A0-8D49AE2F4E93, OS:26.4, name:iPhone Air }
{ platform:iOS, arch:arm64, id:00008130-00141D8C1A10001C, name:Iphone_15_bq }
ComputePackagePrebuildTargetDependencyGraph

Prepare packages

CreateBuildRequest

SendProjectDescription

CreateBuildOperation

ComputeTargetDependencyGraph
note: Building targets in dependency order
note: Target dependency graph (18 targets)
    Target 'Ilumionate' in project 'Ilumionate'
        ➜ Explicit dependency on target 'WhisperKit' in project 'whisperkit'
    Target 'WhisperKit' in project 'whisperkit'
        ➜ Explicit dependency on target 'WhisperKit' in project 'whisperkit'
        ➜ Explicit dependency on target 'Hub' in project 'swift-transformers'
        ➜ Explicit dependency on target 'Tokenizers' in project 'swift-transformers'
    Target 'WhisperKit' in project 'whisperkit'
        ➜ Explicit dependency on target 'Hub' in project 'swift-transformers'
        ➜ Explicit dependency on target 'Tokenizers' in project 'swift-transformers'
    Target 'Tokenizers' in project 'swift-transformers'
        ➜ Explicit dependency on target 'Tokenizers' in project 'swift-transformers'
        ➜ Explicit dependency on target 'Hub' in project 'swift-transformers'
        ➜ Explicit dependency on target 'Jinja' in project 'Jinja'
        ➜ Explicit dependency on target 'OrderedCollections' in project 'swift-collections'
        ➜ Explicit dependency on target 'Crypto' in project 'swift-crypto'
        ➜ Explicit dependency on target 'yyjson' in project 'yyjson'
    Target 'Tokenizers' in project 'swift-transformers'
        ➜ Explicit dependency on target 'Hub' in project 'swift-transformers'
        ➜ Explicit dependency on target 'Jinja' in project 'Jinja'
        ➜ Explicit dependency on target 'OrderedCollections' in project 'swift-collections'
        ➜ Explicit dependency on target 'Crypto' in project 'swift-crypto'
        ➜ Explicit dependency on target 'yyjson' in project 'yyjson'
    Target 'Hub' in project 'swift-transformers'
        ➜ Explicit dependency on target 'Hub' in project 'swift-transformers'
        ➜ Explicit dependency on target 'swift-transformers_Hub' in project 'swift-transformers'
        ➜ Explicit dependency on target 'Jinja' in project 'Jinja'
        ➜ Explicit dependency on target 'OrderedCollections' in project 'swift-collections'
        ➜ Explicit dependency on target 'Crypto' in project 'swift-crypto'
        ➜ Explicit dependency on target 'yyjson' in project 'yyjson'
    Target 'Hub' in project 'swift-transformers'
        ➜ Explicit dependency on target 'swift-transformers_Hub' in project 'swift-transformers'
        ➜ Explicit dependency on target 'Jinja' in project 'Jinja'
        ➜ Explicit dependency on target 'OrderedCollections' in project 'swift-collections'
        ➜ Explicit dependency on target 'Crypto' in project 'swift-crypto'
        ➜ Explicit dependency on target 'yyjson' in project 'yyjson'
    Target 'yyjson' in project 'yyjson'
        ➜ Explicit dependency on target 'yyjson' in project 'yyjson'
    Target 'yyjson' in project 'yyjson' (no dependencies)
    Target 'Crypto' in project 'swift-crypto'
        ➜ Explicit dependency on target 'Crypto' in project 'swift-crypto'
        ➜ Explicit dependency on target 'swift-crypto_Crypto' in project 'swift-crypto'
    Target 'Crypto' in project 'swift-crypto'
        ➜ Explicit dependency on target 'swift-crypto_Crypto' in project 'swift-crypto'
    Target 'swift-crypto_Crypto' in project 'swift-crypto' (no dependencies)
    Target 'Jinja' in project 'Jinja'
        ➜ Explicit dependency on target 'Jinja' in project 'Jinja'
        ➜ Explicit dependency on target 'OrderedCollections' in project 'swift-collections'
    Target 'Jinja' in project 'Jinja'
        ➜ Explicit dependency on target 'OrderedCollections' in project 'swift-collections'
    Target 'OrderedCollections' in project 'swift-collections'
        ➜ Explicit dependency on target 'OrderedCollections' in project 'swift-collections'
        ➜ Explicit dependency on target 'InternalCollectionsUtilities' in project 'swift-collections'
    Target 'OrderedCollections' in project 'swift-collections'
        ➜ Explicit dependency on target 'InternalCollectionsUtilities' in project 'swift-collections'
    Target 'InternalCollectionsUtilities' in project 'swift-collections' (no dependencies)
    Target 'swift-transformers_Hub' in project 'swift-transformers' (no dependencies)

GatherProvisioningInputs

CreateBuildDescription

ExecuteExternalTool /Applications/Xcode 26.3 Beta.app/Contents/Developer/Toolchains/XcodeDefault.xctoolchain/usr/bin/swiftc --version

ExecuteExternalTool /Applications/Xcode 26.3 Beta.app/Contents/Developer/Toolchains/XcodeDefault.xctoolchain/usr/bin/clang -v -E -dM -arch arm64 -isysroot /Applications/Xcode 26.3 Beta.app/Contents/Developer/Platforms/iPhoneOS.platform/Developer/SDKs/iPhoneOS26.2.sdk -x c -c /dev/null

ExecuteExternalTool /Applications/Xcode 26.3 Beta.app/Contents/Developer/Toolchains/XcodeDefault.xctoolchain/usr/bin/clang -v -E -dM -isysroot /Applications/Xcode 26.3 Beta.app/Contents/Developer/Platforms/iPhoneOS.platform/Developer/SDKs/iPhoneOS26.2.sdk -x c -c /dev/null

ExecuteExternalTool /Applications/Xcode 26.3 Beta.app/Contents/Developer/usr/bin/actool --print-asset-tag-combinations --output-format xml1 /Users/byronquine/Documents/Programing/Swift/Practice/Ilumionate/Ilumionate/Assets.xcassets /Users/byronquine/Documents/Programing/Swift/Practice/Ilumionate/Ilumionate/icon-1024.icon

ExecuteExternalTool /Applications/Xcode 26.3 Beta.app/Contents/Developer/Toolchains/XcodeDefault.xctoolchain/usr/bin/ld -version_details

ReadFileContents /Applications/Xcode 26.3 Beta.app/Contents/Developer/Toolchains/XcodeDefault.xctoolchain/usr/share/docc/features.json

ExecuteExternalTool /Applications/Xcode 26.3 Beta.app/Contents/Developer/usr/bin/actool --version --output-format xml1

Build description signature: 03500be7a2f5a523c461e7bc024146a5
Build description path: /Users/byronquine/Library/Developer/Xcode/DerivedData/Ilumionate-ajbhadqlvcajfnbqievdybmttsdl/Build/Intermediates.noindex/XCBuildData/03500be7a2f5a523c461e7bc024146a5.xcbuilddata
ClangStatCache /Applications/Xcode\ 26.3\ Beta.app/Contents/Developer/Toolchains/XcodeDefault.xctoolchain/usr/bin/clang-stat-cache /Applications/Xcode\ 26.3\ Beta.app/Contents/Developer/Platforms/iPhoneOS.platform/Developer/SDKs/iPhoneOS26.2.sdk /Users/byronquine/Library/Developer/Xcode/DerivedData/SDKStatCaches.noindex/iphoneos26.2-23C57-e8867d0c40613ffc63e0238af232dc50d4d6ee3f8374c9c9b8dccfd0b4476fca.sdkstatcache
    cd /Users/byronquine/Documents/Programing/Swift/Practice/Ilumionate/Ilumionate.xcodeproj
    /Applications/Xcode\ 26.3\ Beta.app/Contents/Developer/Toolchains/XcodeDefault.xctoolchain/usr/bin/clang-stat-cache /Applications/Xcode\ 26.3\ Beta.app/Contents/Developer/Platforms/iPhoneOS.platform/Developer/SDKs/iPhoneOS26.2.sdk -o /Users/byronquine/Library/Developer/Xcode/DerivedData/SDKStatCaches.noindex/iphoneos26.2-23C57-e8867d0c40613ffc63e0238af232dc50d4d6ee3f8374c9c9b8dccfd0b4476fca.sdkstatcache

Copy /Users/byronquine/Library/Developer/Xcode/DerivedData/Ilumionate-ajbhadqlvcajfnbqievdybmttsdl/Build/Intermediates.noindex/GeneratedModuleMaps-iphoneos/InternalCollectionsUtilities.modulemap /Users/byronquine/Library/Developer/Xcode/DerivedData/Ilumionate-ajbhadqlvcajfnbqievdybmttsdl/Build/Intermediates.noindex/swift-collections.build/Debug-iphoneos/InternalCollectionsUtilities.build/InternalCollectionsUtilities.modulemap (in target 'InternalCollectionsUtilities' from project 'swift-collections')
    cd /Users/byronquine/Library/Developer/Xcode/DerivedData/Ilumionate-ajbhadqlvcajfnbqievdybmttsdl/SourcePackages/checkouts/swift-collections
    builtin-copy -exclude .DS_Store -exclude CVS -exclude .svn -exclude .git -exclude .hg -resolve-src-symlinks /Users/byronquine/Library/Developer/Xcode/DerivedData/Ilumionate-ajbhadqlvcajfnbqievdybmttsdl/Build/Intermediates.noindex/swift-collections.build/Debug-iphoneos/InternalCollectionsUtilities.build/InternalCollectionsUtilities.modulemap /Users/byronquine/Library/Developer/Xcode/DerivedData/Ilumionate-ajbhadqlvcajfnbqievdybmttsdl/Build/Intermediates.noindex/GeneratedModuleMaps-iphoneos

Copy /Users/byronquine/Library/Developer/Xcode/DerivedData/Ilumionate-ajbhadqlvcajfnbqievdybmttsdl/Build/Intermediates.noindex/GeneratedModuleMaps-iphoneos/yyjson.modulemap /Users/byronquine/Library/Developer/Xcode/DerivedData/Ilumionate-ajbhadqlvcajfnbqievdybmttsdl/Build/Intermediates.noindex/yyjson.build/Debug-iphoneos/yyjson.build/yyjson.modulemap (in target 'yyjson' from project 'yyjson')
    cd /Users/byronquine/Library/Developer/Xcode/DerivedData/Ilumionate-ajbhadqlvcajfnbqievdybmttsdl/SourcePackages/checkouts/yyjson
    builtin-copy -exclude .DS_Store -exclude CVS -exclude .svn -exclude .git -exclude .hg -resolve-src-symlinks /Users/byronquine/Library/Developer/Xcode/DerivedData/Ilumionate-ajbhadqlvcajfnbqievdybmttsdl/Build/Intermediates.noindex/yyjson.build/Debug-iphoneos/yyjson.build/yyjson.modulemap /Users/byronquine/Library/Developer/Xcode/DerivedData/Ilumionate-ajbhadqlvcajfnbqievdybmttsdl/Build/Intermediates.noindex/GeneratedModuleMaps-iphoneos

CpResource /Users/byronquine/Library/Developer/Xcode/DerivedData/Ilumionate-ajbhadqlvcajfnbqievdybmttsdl/Build/Products/Debug-iphoneos/swift-crypto_Crypto.bundle/PrivacyInfo.xcprivacy /Users/byronquine/Library/Developer/Xcode/DerivedData/Ilumionate-ajbhadqlvcajfnbqievdybmttsdl/SourcePackages/checkouts/swift-crypto/Sources/Crypto/PrivacyInfo.xcprivacy (in target 'swift-crypto_Crypto' from project 'swift-crypto')
    cd /Users/byronquine/Library/Developer/Xcode/DerivedData/Ilumionate-ajbhadqlvcajfnbqievdybmttsdl/SourcePackages/checkouts/swift-crypto
    builtin-copy -exclude .DS_Store -exclude CVS -exclude .svn -exclude .git -exclude .hg -resolve-src-symlinks /Users/byronquine/Library/Developer/Xcode/DerivedData/Ilumionate-ajbhadqlvcajfnbqievdybmttsdl/SourcePackages/checkouts/swift-crypto/Sources/Crypto/PrivacyInfo.xcprivacy /Users/byronquine/Library/Developer/Xcode/DerivedData/Ilumionate-ajbhadqlvcajfnbqievdybmttsdl/Build/Products/Debug-iphoneos/swift-crypto_Crypto.bundle

Copy /Users/byronquine/Library/Developer/Xcode/DerivedData/Ilumionate-ajbhadqlvcajfnbqievdybmttsdl/Build/Intermediates.noindex/GeneratedModuleMaps-iphoneos/Crypto.modulemap /Users/byronquine/Library/Developer/Xcode/DerivedData/Ilumionate-ajbhadqlvcajfnbqievdybmttsdl/Build/Intermediates.noindex/swift-crypto.build/Debug-iphoneos/Crypto.build/Crypto.modulemap (in target 'Crypto' from project 'swift-crypto')
    cd /Users/byronquine/Library/Developer/Xcode/DerivedData/Ilumionate-ajbhadqlvcajfnbqievdybmttsdl/SourcePackages/checkouts/swift-crypto
    builtin-copy -exclude .DS_Store -exclude CVS -exclude .svn -exclude .git -exclude .hg -resolve-src-symlinks /Users/byronquine/Library/Developer/Xcode/DerivedData/Ilumionate-ajbhadqlvcajfnbqievdybmttsdl/Build/Intermediates.noindex/swift-crypto.build/Debug-iphoneos/Crypto.build/Crypto.modulemap /Users/byronquine/Library/Developer/Xcode/DerivedData/Ilumionate-ajbhadqlvcajfnbqievdybmttsdl/Build/Intermediates.noindex/GeneratedModuleMaps-iphoneos

WriteAuxiliaryFile /Users/byronquine/Library/Developer/Xcode/DerivedData/Ilumionate-ajbhadqlvcajfnbqievdybmttsdl/Build/Intermediates.noindex/yyjson.build/Debug-iphoneos/yyjson.build/Objects-normal/arm64/7187679823f38a2a940e0043cdf9d637-common-args.resp (in target 'yyjson' from project 'yyjson')
    cd /Users/byronquine/Library/Developer/Xcode/DerivedData/Ilumionate-ajbhadqlvcajfnbqievdybmttsdl/SourcePackages/checkouts/yyjson
    write-file /Users/byronquine/Library/Developer/Xcode/DerivedData/Ilumionate-ajbhadqlvcajfnbqievdybmttsdl/Build/Intermediates.noindex/yyjson.build/Debug-iphoneos/yyjson.build/Objects-normal/arm64/7187679823f38a2a940e0043cdf9d637-common-args.resp
-target arm64-apple-ios12.0 -fmodules -gmodules '-fmodules-cache-path=/Users/byronquine/Library/Developer/Xcode/DerivedData/ModuleCache.noindex' '-fmodule-name=yyjson' -fpascal-strings -O0 -DSWIFT_PACKAGE '-DDEBUG=1' -isysroot '/Applications/Xcode 26.3 Beta.app/Contents/Developer/Platforms/iPhoneOS.platform/Developer/SDKs/iPhoneOS26.2.sdk' -g -fprofile-instr-generate -fcoverage-mapping -I/Users/byronquine/Library/Developer/Xcode/DerivedData/Ilumionate-ajbhadqlvcajfnbqievdybmttsdl/Build/Products/Debug-iphoneos/include -I/Users/byronquine/Library/Developer/Xcode/DerivedData/Ilumionate-ajbhadqlvcajfnbqievdybmttsdl/SourcePackages/checkouts/yyjson/src -I/Users/byronquine/Library/Developer/Xcode/DerivedData/Ilumionate-ajbhadqlvcajfnbqievdybmttsdl/Build/Intermediates.noindex/yyjson.build/Debug-iphoneos/yyjson.build/DerivedSources-normal/arm64 -I/Users/byronquine/Library/Developer/Xcode/DerivedData/Ilumionate-ajbhadqlvcajfnbqievdybmttsdl/Build/Intermediates.noindex/yyjson.build/Debug-iphoneos/yyjson.build/DerivedSources/arm64 -I/Users/byronquine/Library/Developer/Xcode/DerivedData/Ilumionate-ajbhadqlvcajfnbqievdybmttsdl/Build/Intermediates.noindex/yyjson.build/Debug-iphoneos/yyjson.build/DerivedSources -F/Users/byronquine/Library/Developer/Xcode/DerivedData/Ilumionate-ajbhadqlvcajfnbqievdybmttsdl/Build/Products/Debug-iphoneos -iframework '/Applications/Xcode 26.3 Beta.app/Contents/Developer/Platforms/iPhoneOS.platform/Developer/Library/Frameworks' -iframework '/Applications/Xcode 26.3 Beta.app/Contents/Developer/Platforms/iPhoneOS.platform/Developer/SDKs/iPhoneOS26.2.sdk/Developer/Library/Frameworks' -DXcode

WriteAuxiliaryFile /Users/byronquine/Library/Developer/Xcode/DerivedData/Ilumionate-ajbhadqlvcajfnbqievdybmttsdl/Build/Intermediates.noindex/swift-collections.build/Debug-iphoneos/OrderedCollections.build/Objects-normal/arm64/OrderedCollections_const_extract_protocols.json (in target 'OrderedCollections' from project 'swift-collections')
    cd /Users/byronquine/Library/Developer/Xcode/DerivedData/Ilumionate-ajbhadqlvcajfnbqievdybmttsdl/SourcePackages/checkouts/swift-collections
    write-file /Users/byronquine/Library/Developer/Xcode/DerivedData/Ilumionate-ajbhadqlvcajfnbqievdybmttsdl/Build/Intermediates.noindex/swift-collections.build/Debug-iphoneos/OrderedCollections.build/Objects-normal/arm64/OrderedCollections_const_extract_protocols.json

WriteAuxiliaryFile /Users/byronquine/Library/Developer/Xcode/DerivedData/Ilumionate-ajbhadqlvcajfnbqievdybmttsdl/Build/Intermediates.noindex/swift-transformers.build/Debug-iphoneos/Tokenizers.build/Objects-normal/arm64/Tokenizers_const_extract_protocols.json (in target 'Tokenizers' from project 'swift-transformers')
    cd /Users/byronquine/Library/Developer/Xcode/DerivedData/Ilumionate-ajbhadqlvcajfnbqievdybmttsdl/SourcePackages/checkouts/swift-transformers
    write-file /Users/byronquine/Library/Developer/Xcode/DerivedData/Ilumionate-ajbhadqlvcajfnbqievdybmttsdl/Build/Intermediates.noindex/swift-transformers.build/Debug-iphoneos/Tokenizers.build/Objects-normal/arm64/Tokenizers_const_extract_protocols.json

WriteAuxiliaryFile /Users/byronquine/Library/Developer/Xcode/DerivedData/Ilumionate-ajbhadqlvcajfnbqievdybmttsdl/Build/Intermediates.noindex/Jinja.build/Debug-iphoneos/Jinja.build/Objects-normal/arm64/Jinja_const_extract_protocols.json (in target 'Jinja' from project 'Jinja')
    cd /Users/byronquine/Library/Developer/Xcode/DerivedData/Ilumionate-ajbhadqlvcajfnbqievdybmttsdl/SourcePackages/checkouts/swift-jinja
    write-file /Users/byronquine/Library/Developer/Xcode/DerivedData/Ilumionate-ajbhadqlvcajfnbqievdybmttsdl/Build/Intermediates.noindex/Jinja.build/Debug-iphoneos/Jinja.build/Objects-normal/arm64/Jinja_const_extract_protocols.json

WriteAuxiliaryFile /Users/byronquine/Library/Developer/Xcode/DerivedData/Ilumionate-ajbhadqlvcajfnbqievdybmttsdl/Build/Intermediates.noindex/whisperkit.build/Debug-iphoneos/WhisperKit.build/Objects-normal/arm64/WhisperKit_const_extract_protocols.json (in target 'WhisperKit' from project 'whisperkit')
    cd /Users/byronquine/Library/Developer/Xcode/DerivedData/Ilumionate-ajbhadqlvcajfnbqievdybmttsdl/SourcePackages/checkouts/WhisperKit
    write-file /Users/byronquine/Library/Developer/Xcode/DerivedData/Ilumionate-ajbhadqlvcajfnbqievdybmttsdl/Build/Intermediates.noindex/whisperkit.build/Debug-iphoneos/WhisperKit.build/Objects-normal/arm64/WhisperKit_const_extract_protocols.json

Copy /Users/byronquine/Library/Developer/Xcode/DerivedData/Ilumionate-ajbhadqlvcajfnbqievdybmttsdl/Build/Intermediates.noindex/GeneratedModuleMaps-iphoneos/WhisperKit.modulemap /Users/byronquine/Library/Developer/Xcode/DerivedData/Ilumionate-ajbhadqlvcajfnbqievdybmttsdl/Build/Intermediates.noindex/whisperkit.build/Debug-iphoneos/WhisperKit.build/WhisperKit.modulemap (in target 'WhisperKit' from project 'whisperkit')
    cd /Users/byronquine/Library/Developer/Xcode/DerivedData/Ilumionate-ajbhadqlvcajfnbqievdybmttsdl/SourcePackages/checkouts/WhisperKit
    builtin-copy -exclude .DS_Store -exclude CVS -exclude .svn -exclude .git -exclude .hg -resolve-src-symlinks /Users/byronquine/Library/Developer/Xcode/DerivedData/Ilumionate-ajbhadqlvcajfnbqievdybmttsdl/Build/Intermediates.noindex/whisperkit.build/Debug-iphoneos/WhisperKit.build/WhisperKit.modulemap /Users/byronquine/Library/Developer/Xcode/DerivedData/Ilumionate-ajbhadqlvcajfnbqievdybmttsdl/Build/Intermediates.noindex/GeneratedModuleMaps-iphoneos

Copy /Users/byronquine/Library/Developer/Xcode/DerivedData/Ilumionate-ajbhadqlvcajfnbqievdybmttsdl/Build/Intermediates.noindex/GeneratedModuleMaps-iphoneos/Tokenizers.modulemap /Users/byronquine/Library/Developer/Xcode/DerivedData/Ilumionate-ajbhadqlvcajfnbqievdybmttsdl/Build/Intermediates.noindex/swift-transformers.build/Debug-iphoneos/Tokenizers.build/Tokenizers.modulemap (in target 'Tokenizers' from project 'swift-transformers')
    cd /Users/byronquine/Library/Developer/Xcode/DerivedData/Ilumionate-ajbhadqlvcajfnbqievdybmttsdl/SourcePackages/checkouts/swift-transformers
    builtin-copy -exclude .DS_Store -exclude CVS -exclude .svn -exclude .git -exclude .hg -resolve-src-symlinks /Users/byronquine/Library/Developer/Xcode/DerivedData/Ilumionate-ajbhadqlvcajfnbqievdybmttsdl/Build/Intermediates.noindex/swift-transformers.build/Debug-iphoneos/Tokenizers.build/Tokenizers.modulemap /Users/byronquine/Library/Developer/Xcode/DerivedData/Ilumionate-ajbhadqlvcajfnbqievdybmttsdl/Build/Intermediates.noindex/GeneratedModuleMaps-iphoneos

Copy /Users/byronquine/Library/Developer/Xcode/DerivedData/Ilumionate-ajbhadqlvcajfnbqievdybmttsdl/Build/Intermediates.noindex/GeneratedModuleMaps-iphoneos/OrderedCollections.modulemap /Users/byronquine/Library/Developer/Xcode/DerivedData/Ilumionate-ajbhadqlvcajfnbqievdybmttsdl/Build/Intermediates.noindex/swift-collections.build/Debug-iphoneos/OrderedCollections.build/OrderedCollections.modulemap (in target 'OrderedCollections' from project 'swift-collections')
    cd /Users/byronquine/Library/Developer/Xcode/DerivedData/Ilumionate-ajbhadqlvcajfnbqievdybmttsdl/SourcePackages/checkouts/swift-collections
    builtin-copy -exclude .DS_Store -exclude CVS -exclude .svn -exclude .git -exclude .hg -resolve-src-symlinks /Users/byronquine/Library/Developer/Xcode/DerivedData/Ilumionate-ajbhadqlvcajfnbqievdybmttsdl/Build/Intermediates.noindex/swift-collections.build/Debug-iphoneos/OrderedCollections.build/OrderedCollections.modulemap /Users/byronquine/Library/Developer/Xcode/DerivedData/Ilumionate-ajbhadqlvcajfnbqievdybmttsdl/Build/Intermediates.noindex/GeneratedModuleMaps-iphoneos

Copy /Users/byronquine/Library/Developer/Xcode/DerivedData/Ilumionate-ajbhadqlvcajfnbqievdybmttsdl/Build/Intermediates.noindex/GeneratedModuleMaps-iphoneos/Jinja.modulemap /Users/byronquine/Library/Developer/Xcode/DerivedData/Ilumionate-ajbhadqlvcajfnbqievdybmttsdl/Build/Intermediates.noindex/Jinja.build/Debug-iphoneos/Jinja.build/Jinja.modulemap (in target 'Jinja' from project 'Jinja')
    cd /Users/byronquine/Library/Developer/Xcode/DerivedData/Ilumionate-ajbhadqlvcajfnbqievdybmttsdl/SourcePackages/checkouts/swift-jinja
    builtin-copy -exclude .DS_Store -exclude CVS -exclude .svn -exclude .git -exclude .hg -resolve-src-symlinks /Users/byronquine/Library/Developer/Xcode/DerivedData/Ilumionate-ajbhadqlvcajfnbqievdybmttsdl/Build/Intermediates.noindex/Jinja.build/Debug-iphoneos/Jinja.build/Jinja.modulemap /Users/byronquine/Library/Developer/Xcode/DerivedData/Ilumionate-ajbhadqlvcajfnbqievdybmttsdl/Build/Intermediates.noindex/GeneratedModuleMaps-iphoneos

WriteAuxiliaryFile /Users/byronquine/Library/Developer/Xcode/DerivedData/Ilumionate-ajbhadqlvcajfnbqievdybmttsdl/Build/Intermediates.noindex/swift-collections.build/Debug-iphoneos/InternalCollectionsUtilities.build/Objects-normal/arm64/InternalCollectionsUtilities_const_extract_protocols.json (in target 'InternalCollectionsUtilities' from project 'swift-collections')
    cd /Users/byronquine/Library/Developer/Xcode/DerivedData/Ilumionate-ajbhadqlvcajfnbqievdybmttsdl/SourcePackages/checkouts/swift-collections
    write-file /Users/byronquine/Library/Developer/Xcode/DerivedData/Ilumionate-ajbhadqlvcajfnbqievdybmttsdl/Build/Intermediates.noindex/swift-collections.build/Debug-iphoneos/InternalCollectionsUtilities.build/Objects-normal/arm64/InternalCollectionsUtilities_const_extract_protocols.json

WriteAuxiliaryFile /Users/byronquine/Library/Developer/Xcode/DerivedData/Ilumionate-ajbhadqlvcajfnbqievdybmttsdl/Build/Intermediates.noindex/Ilumionate.build/Debug-iphoneos/Ilumionate.build/Objects-normal/arm64/Ilumionate_const_extract_protocols.json (in target 'Ilumionate' from project 'Ilumionate')
    cd /Users/byronquine/Documents/Programing/Swift/Practice/Ilumionate
    write-file /Users/byronquine/Library/Developer/Xcode/DerivedData/Ilumionate-ajbhadqlvcajfnbqievdybmttsdl/Build/Intermediates.noindex/Ilumionate.build/Debug-iphoneos/Ilumionate.build/Objects-normal/arm64/Ilumionate_const_extract_protocols.json

WriteAuxiliaryFile /Users/byronquine/Library/Developer/Xcode/DerivedData/Ilumionate-ajbhadqlvcajfnbqievdybmttsdl/Build/Intermediates.noindex/swift-transformers.build/Debug-iphoneos/Hub.build/Objects-normal/arm64/Hub_const_extract_protocols.json (in target 'Hub' from project 'swift-transformers')
    cd /Users/byronquine/Library/Developer/Xcode/DerivedData/Ilumionate-ajbhadqlvcajfnbqievdybmttsdl/SourcePackages/checkouts/swift-transformers
    write-file /Users/byronquine/Library/Developer/Xcode/DerivedData/Ilumionate-ajbhadqlvcajfnbqievdybmttsdl/Build/Intermediates.noindex/swift-transformers.build/Debug-iphoneos/Hub.build/Objects-normal/arm64/Hub_const_extract_protocols.json

Copy /Users/byronquine/Library/Developer/Xcode/DerivedData/Ilumionate-ajbhadqlvcajfnbqievdybmttsdl/Build/Intermediates.noindex/GeneratedModuleMaps-iphoneos/Hub.modulemap /Users/byronquine/Library/Developer/Xcode/DerivedData/Ilumionate-ajbhadqlvcajfnbqievdybmttsdl/Build/Intermediates.noindex/swift-transformers.build/Debug-iphoneos/Hub.build/Hub.modulemap (in target 'Hub' from project 'swift-transformers')
    cd /Users/byronquine/Library/Developer/Xcode/DerivedData/Ilumionate-ajbhadqlvcajfnbqievdybmttsdl/SourcePackages/checkouts/swift-transformers
    builtin-copy -exclude .DS_Store -exclude CVS -exclude .svn -exclude .git -exclude .hg -resolve-src-symlinks /Users/byronquine/Library/Developer/Xcode/DerivedData/Ilumionate-ajbhadqlvcajfnbqievdybmttsdl/Build/Intermediates.noindex/swift-transformers.build/Debug-iphoneos/Hub.build/Hub.modulemap /Users/byronquine/Library/Developer/Xcode/DerivedData/Ilumionate-ajbhadqlvcajfnbqievdybmttsdl/Build/Intermediates.noindex/GeneratedModuleMaps-iphoneos

WriteAuxiliaryFile /Users/byronquine/Library/Developer/Xcode/DerivedData/Ilumionate-ajbhadqlvcajfnbqievdybmttsdl/Build/Intermediates.noindex/swift-crypto.build/Debug-iphoneos/Crypto.build/Objects-normal/arm64/Crypto_const_extract_protocols.json (in target 'Crypto' from project 'swift-crypto')
    cd /Users/byronquine/Library/Developer/Xcode/DerivedData/Ilumionate-ajbhadqlvcajfnbqievdybmttsdl/SourcePackages/checkouts/swift-crypto
    write-file /Users/byronquine/Library/Developer/Xcode/DerivedData/Ilumionate-ajbhadqlvcajfnbqievdybmttsdl/Build/Intermediates.noindex/swift-crypto.build/Debug-iphoneos/Crypto.build/Objects-normal/arm64/Crypto_const_extract_protocols.json

CpResource /Users/byronquine/Library/Developer/Xcode/DerivedData/Ilumionate-ajbhadqlvcajfnbqievdybmttsdl/Build/Products/Debug-iphoneos/swift-transformers_Hub.bundle/gpt2_tokenizer_config.json /Users/byronquine/Library/Developer/Xcode/DerivedData/Ilumionate-ajbhadqlvcajfnbqievdybmttsdl/SourcePackages/checkouts/swift-transformers/Sources/Hub/Resources/gpt2_tokenizer_config.json (in target 'swift-transformers_Hub' from project 'swift-transformers')
    cd /Users/byronquine/Library/Developer/Xcode/DerivedData/Ilumionate-ajbhadqlvcajfnbqievdybmttsdl/SourcePackages/checkouts/swift-transformers
    builtin-copy -exclude .DS_Store -exclude CVS -exclude .svn -exclude .git -exclude .hg -resolve-src-symlinks /Users/byronquine/Library/Developer/Xcode/DerivedData/Ilumionate-ajbhadqlvcajfnbqievdybmttsdl/SourcePackages/checkouts/swift-transformers/Sources/Hub/Resources/gpt2_tokenizer_config.json /Users/byronquine/Library/Developer/Xcode/DerivedData/Ilumionate-ajbhadqlvcajfnbqievdybmttsdl/Build/Products/Debug-iphoneos/swift-transformers_Hub.bundle

ProcessInfoPlistFile /Users/byronquine/Library/Developer/Xcode/DerivedData/Ilumionate-ajbhadqlvcajfnbqievdybmttsdl/Build/Products/Debug-iphoneos/swift-crypto_Crypto.bundle/Info.plist /Users/byronquine/Library/Developer/Xcode/DerivedData/Ilumionate-ajbhadqlvcajfnbqievdybmttsdl/Build/Intermediates.noindex/swift-crypto.build/Debug-iphoneos/swift-crypto_Crypto.build/empty-swift-crypto_Crypto.plist (in target 'swift-crypto_Crypto' from project 'swift-crypto')
    cd /Users/byronquine/Library/Developer/Xcode/DerivedData/Ilumionate-ajbhadqlvcajfnbqievdybmttsdl/SourcePackages/checkouts/swift-crypto
    builtin-infoPlistUtility /Users/byronquine/Library/Developer/Xcode/DerivedData/Ilumionate-ajbhadqlvcajfnbqievdybmttsdl/Build/Intermediates.noindex/swift-crypto.build/Debug-iphoneos/swift-crypto_Crypto.build/empty-swift-crypto_Crypto.plist -producttype com.apple.product-type.bundle -expandbuildsettings -format binary -platform iphoneos -requiredArchitecture arm64 -o /Users/byronquine/Library/Developer/Xcode/DerivedData/Ilumionate-ajbhadqlvcajfnbqievdybmttsdl/Build/Products/Debug-iphoneos/swift-crypto_Crypto.bundle/Info.plist

ProcessInfoPlistFile /Users/byronquine/Library/Developer/Xcode/DerivedData/Ilumionate-ajbhadqlvcajfnbqievdybmttsdl/Build/Products/Debug-iphoneos/swift-transformers_Hub.bundle/Info.plist /Users/byronquine/Library/Developer/Xcode/DerivedData/Ilumionate-ajbhadqlvcajfnbqievdybmttsdl/Build/Intermediates.noindex/swift-transformers.build/Debug-iphoneos/swift-transformers_Hub.build/empty-swift-transformers_Hub.plist (in target 'swift-transformers_Hub' from project 'swift-transformers')
    cd /Users/byronquine/Library/Developer/Xcode/DerivedData/Ilumionate-ajbhadqlvcajfnbqievdybmttsdl/SourcePackages/checkouts/swift-transformers
    builtin-infoPlistUtility /Users/byronquine/Library/Developer/Xcode/DerivedData/Ilumionate-ajbhadqlvcajfnbqievdybmttsdl/Build/Intermediates.noindex/swift-transformers.build/Debug-iphoneos/swift-transformers_Hub.build/empty-swift-transformers_Hub.plist -producttype com.apple.product-type.bundle -expandbuildsettings -format binary -platform iphoneos -requiredArchitecture arm64 -o /Users/byronquine/Library/Developer/Xcode/DerivedData/Ilumionate-ajbhadqlvcajfnbqievdybmttsdl/Build/Products/Debug-iphoneos/swift-transformers_Hub.bundle/Info.plist

CpResource /Users/byronquine/Library/Developer/Xcode/DerivedData/Ilumionate-ajbhadqlvcajfnbqievdybmttsdl/Build/Products/Debug-iphoneos/swift-transformers_Hub.bundle/t5_tokenizer_config.json /Users/byronquine/Library/Developer/Xcode/DerivedData/Ilumionate-ajbhadqlvcajfnbqievdybmttsdl/SourcePackages/checkouts/swift-transformers/Sources/Hub/Resources/t5_tokenizer_config.json (in target 'swift-transformers_Hub' from project 'swift-transformers')
    cd /Users/byronquine/Library/Developer/Xcode/DerivedData/Ilumionate-ajbhadqlvcajfnbqievdybmttsdl/SourcePackages/checkouts/swift-transformers
    builtin-copy -exclude .DS_Store -exclude CVS -exclude .svn -exclude .git -exclude .hg -resolve-src-symlinks /Users/byronquine/Library/Developer/Xcode/DerivedData/Ilumionate-ajbhadqlvcajfnbqievdybmttsdl/SourcePackages/checkouts/swift-transformers/Sources/Hub/Resources/t5_tokenizer_config.json /Users/byronquine/Library/Developer/Xcode/DerivedData/Ilumionate-ajbhadqlvcajfnbqievdybmttsdl/Build/Products/Debug-iphoneos/swift-transformers_Hub.bundle

ScanDependencies /Users/byronquine/Library/Developer/Xcode/DerivedData/Ilumionate-ajbhadqlvcajfnbqievdybmttsdl/Build/Intermediates.noindex/yyjson.build/Debug-iphoneos/yyjson.build/Objects-normal/arm64/yyjson.o /Users/byronquine/Library/Developer/Xcode/DerivedData/Ilumionate-ajbhadqlvcajfnbqievdybmttsdl/SourcePackages/checkouts/yyjson/src/yyjson.c normal arm64 c com.apple.compilers.llvm.clang.1_0.compiler (in target 'yyjson' from project 'yyjson')
    cd /Users/byronquine/Documents/Programing/Swift/Practice/Ilumionate/Ilumionate.xcodeproj
    
    Using response file: /Users/byronquine/Library/Developer/Xcode/DerivedData/Ilumionate-ajbhadqlvcajfnbqievdybmttsdl/Build/Intermediates.noindex/yyjson.build/Debug-iphoneos/yyjson.build/Objects-normal/arm64/7187679823f38a2a940e0043cdf9d637-common-args.resp
    
    builtin-ScanDependencies -o /Users/byronquine/Library/Developer/Xcode/DerivedData/Ilumionate-ajbhadqlvcajfnbqievdybmttsdl/Build/Intermediates.noindex/yyjson.build/Debug-iphoneos/yyjson.build/Objects-normal/arm64/yyjson.o.scan -- /Applications/Xcode\ 26.3\ Beta.app/Contents/Developer/Toolchains/XcodeDefault.xctoolchain/usr/bin/clang -x c -ivfsstatcache /Users/byronquine/Library/Developer/Xcode/DerivedData/SDKStatCaches.noindex/iphoneos26.2-23C57-e8867d0c40613ffc63e0238af232dc50d4d6ee3f8374c9c9b8dccfd0b4476fca.sdkstatcache -fmessage-length\=0 -fdiagnostics-show-note-include-stack -fmacro-backtrace-limit\=0 -fno-color-diagnostics -fmodules-prune-interval\=86400 -fmodules-prune-after\=345600 -fbuild-session-file\=/Users/byronquine/Library/Developer/Xcode/DerivedData/ModuleCache.noindex/Session.modulevalidation -fmodules-validate-once-per-build-session -Wnon-modular-include-in-framework-module -Werror\=non-modular-include-in-framework-module -Wno-trigraphs -Wno-missing-field-initializers -Wno-missing-prototypes -Wno-return-type -Wno-missing-braces -Wparentheses -Wswitch -Wno-unused-function -Wno-unused-label -Wno-unused-parameter -Wno-unused-variable -Wunused-value -Wno-empty-body -Wno-uninitialized -Wno-unknown-pragmas -w -Wno-shadow -Wno-four-char-constants -Wno-conversion -Wno-constant-conversion -Wno-int-conversion -Wno-bool-conversion -Wno-enum-conversion -Wno-float-conversion -Wno-non-literal-null-conversion -Wno-objc-literal-conversion -Wshorten-64-to-32 -Wpointer-sign -Wno-newline-eof -Wno-implicit-fallthrough -fstrict-aliasing -Wdeprecated-declarations -Wno-sign-conversion -Wno-infinite-recursion -Wno-comma -Wno-block-capture-autoreleasing -Wno-strict-prototypes -Wno-semicolon-before-method-body -index-store-path /Users/byronquine/Library/Developer/Xcode/DerivedData/Ilumionate-ajbhadqlvcajfnbqievdybmttsdl/Index.noindex/DataStore @/Users/byronquine/Library/Developer/Xcode/DerivedData/Ilumionate-ajbhadqlvcajfnbqievdybmttsdl/Build/Intermediates.noindex/yyjson.build/Debug-iphoneos/yyjson.build/Objects-normal/arm64/7187679823f38a2a940e0043cdf9d637-common-args.resp -MMD -MT dependencies -MF /Users/byronquine/Library/Developer/Xcode/DerivedData/Ilumionate-ajbhadqlvcajfnbqievdybmttsdl/Build/Intermediates.noindex/yyjson.build/Debug-iphoneos/yyjson.build/Objects-normal/arm64/yyjson.d --serialize-diagnostics /Users/byronquine/Library/Developer/Xcode/DerivedData/Ilumionate-ajbhadqlvcajfnbqievdybmttsdl/Build/Intermediates.noindex/yyjson.build/Debug-iphoneos/yyjson.build/Objects-normal/arm64/yyjson.dia -c /Users/byronquine/Library/Developer/Xcode/DerivedData/Ilumionate-ajbhadqlvcajfnbqievdybmttsdl/SourcePackages/checkouts/yyjson/src/yyjson.c -o /Users/byronquine/Library/Developer/Xcode/DerivedData/Ilumionate-ajbhadqlvcajfnbqievdybmttsdl/Build/Intermediates.noindex/yyjson.build/Debug-iphoneos/yyjson.build/Objects-normal/arm64/yyjson.o -index-unit-output-path /yyjson.build/Debug-iphoneos/yyjson.build/Objects-normal/arm64/yyjson.o

SwiftDriver InternalCollectionsUtilities normal arm64 com.apple.xcode.tools.swift.compiler (in target 'InternalCollectionsUtilities' from project 'swift-collections')
    cd /Users/byronquine/Documents/Programing/Swift/Practice/Ilumionate/Ilumionate.xcodeproj
    builtin-SwiftDriver -- /Applications/Xcode\ 26.3\ Beta.app/Contents/Developer/Toolchains/XcodeDefault.xctoolchain/usr/bin/swiftc -module-name InternalCollectionsUtilities -Onone -enforce-exclusivity\=checked @/Users/byronquine/Library/Developer/Xcode/DerivedData/Ilumionate-ajbhadqlvcajfnbqievdybmttsdl/Build/Intermediates.noindex/swift-collections.build/Debug-iphoneos/InternalCollectionsUtilities.build/Objects-normal/arm64/InternalCollectionsUtilities.SwiftFileList -DSWIFT_PACKAGE -DDEBUG -DSWIFT_MODULE_RESOURCE_BUNDLE_UNAVAILABLE -DCOLLECTIONS_RANDOMIZED_TESTING -DXcode -enable-experimental-feature AvailabilityMacro\=SwiftStdlib\ 5.0:\ macOS\ 10.14.4,\ iOS\ 12.2,\ watchOS\ 5.2,\ tvOS\ 12.2 -enable-experimental-feature AvailabilityMacro\=SwiftStdlib\ 5.1:\ macOS\ 10.15,\ iOS\ 13.0,\ watchOS\ 6.0,\ tvOS\ 13.0 -enable-experimental-feature AvailabilityMacro\=SwiftStdlib\ 5.6:\ macOS\ 12.3,\ iOS\ 15.4,\ watchOS\ 8.5,\ tvOS\ 15.4 -enable-experimental-feature AvailabilityMacro\=SwiftStdlib\ 5.8:\ macOS\ 13.3,\ iOS\ 16.4,\ watchOS\ 9.4,\ tvOS\ 16.4 -enable-experimental-feature AvailabilityMacro\=SwiftStdlib\ 5.9:\ macOS\ 14.0,\ iOS\ 17.0,\ watchOS\ 10.0,\ tvOS\ 17.0 -enable-experimental-feature AvailabilityMacro\=SwiftStdlib\ 5.10:\ macOS\ 14.4,\ iOS\ 17.4,\ watchOS\ 10.4,\ tvOS\ 17.4,\ visionOS\ 1.1 -enable-experimental-feature AvailabilityMacro\=SwiftStdlib\ 6.0:\ macOS\ 15.0,\ iOS\ 18.0,\ watchOS\ 11.0,\ tvOS\ 18.0,\ visionOS\ 2.0 -enable-experimental-feature AvailabilityMacro\=SwiftStdlib\ 6.1:\ macOS\ 15.4,\ iOS\ 18.4,\ watchOS\ 11.4,\ tvOS\ 18.4,\ visionOS\ 2.4 -enable-experimental-feature AvailabilityMacro\=SwiftStdlib\ 6.2:\ macOS\ 26.0,\ iOS\ 26.0,\ watchOS\ 26.0,\ tvOS\ 26.0,\ visionOS\ 26.0 -enable-upcoming-feature MemberImportVisibility -enable-experimental-feature BuiltinModule -enable-experimental-feature Lifetimes -enable-experimental-feature InoutLifetimeDependence -enable-experimental-feature SuppressedAssociatedTypes -plugin-path /Applications/Xcode\ 26.3\ Beta.app/Contents/Developer/Toolchains/XcodeDefault.xctoolchain/usr/lib/swift/host/plugins/testing -enable-experimental-feature DebugDescriptionMacro -sdk /Applications/Xcode\ 26.3\ Beta.app/Contents/Developer/Platforms/iPhoneOS.platform/Developer/SDKs/iPhoneOS26.2.sdk -target arm64-apple-ios12.0 -g -module-cache-path /Users/byronquine/Library/Developer/Xcode/DerivedData/ModuleCache.noindex -Xfrontend -serialize-debugging-options -profile-coverage-mapping -profile-generate -enable-testing -suppress-warnings -index-store-path /Users/byronquine/Library/Developer/Xcode/DerivedData/Ilumionate-ajbhadqlvcajfnbqievdybmttsdl/Index.noindex/DataStore -Xcc -D_LIBCPP_HARDENING_MODE\=_LIBCPP_HARDENING_MODE_DEBUG -swift-version 6 -I /Users/byronquine/Library/Developer/Xcode/DerivedData/Ilumionate-ajbhadqlvcajfnbqievdybmttsdl/Build/Products/Debug-iphoneos -Isystem /Applications/Xcode\ 26.3\ Beta.app/Contents/Developer/Platforms/iPhoneOS.platform/Developer/usr/lib -F /Users/byronquine/Library/Developer/Xcode/DerivedData/Ilumionate-ajbhadqlvcajfnbqievdybmttsdl/Build/Products/Debug-iphoneos -F /Applications/Xcode\ 26.3\ Beta.app/Contents/Developer/Platforms/iPhoneOS.platform/Developer/Library/Frameworks -F /Applications/Xcode\ 26.3\ Beta.app/Contents/Developer/Platforms/iPhoneOS.platform/Developer/SDKs/iPhoneOS26.2.sdk/Developer/Library/Frameworks -c -j10 -enable-batch-mode -incremental -Xcc -ivfsstatcache -Xcc /Users/byronquine/Library/Developer/Xcode/DerivedData/SDKStatCaches.noindex/iphoneos26.2-23C57-e8867d0c40613ffc63e0238af232dc50d4d6ee3f8374c9c9b8dccfd0b4476fca.sdkstatcache -output-file-map /Users/byronquine/Library/Developer/Xcode/DerivedData/Ilumionate-ajbhadqlvcajfnbqievdybmttsdl/Build/Intermediates.noindex/swift-collections.build/Debug-iphoneos/InternalCollectionsUtilities.build/Objects-normal/arm64/InternalCollectionsUtilities-OutputFileMap.json -use-frontend-parseable-output -save-temps -no-color-diagnostics -explicit-module-build -module-cache-path /Users/byronquine/Library/Developer/Xcode/DerivedData/Ilumionate-ajbhadqlvcajfnbqievdybmttsdl/Build/Intermediates.noindex/SwiftExplicitPrecompiledModules -clang-scanner-module-cache-path /Users/byronquine/Library/Developer/Xcode/DerivedData/ModuleCache.noindex -sdk-module-cache-path /Users/byronquine/Library/Developer/Xcode/DerivedData/ModuleCache.noindex -serialize-diagnostics -emit-dependencies -emit-module -emit-module-path /Users/byronquine/Library/Developer/Xcode/DerivedData/Ilumionate-ajbhadqlvcajfnbqievdybmttsdl/Build/Intermediates.noindex/swift-collections.build/Debug-iphoneos/InternalCollectionsUtilities.build/Objects-normal/arm64/InternalCollectionsUtilities.swiftmodule -user-module-version 1.3.0 -validate-clang-modules-once -clang-build-session-file /Users/byronquine/Library/Developer/Xcode/DerivedData/ModuleCache.noindex/Session.modulevalidation -package-name swift_collections -Xcc -I/Users/byronquine/Library/Developer/Xcode/DerivedData/Ilumionate-ajbhadqlvcajfnbqievdybmttsdl/Build/Intermediates.noindex/swift-collections.build/Debug-iphoneos/InternalCollectionsUtilities.build/swift-overrides.hmap -emit-const-values -Xfrontend -const-gather-protocols-file -Xfrontend /Users/byronquine/Library/Developer/Xcode/DerivedData/Ilumionate-ajbhadqlvcajfnbqievdybmttsdl/Build/Intermediates.noindex/swift-collections.build/Debug-iphoneos/InternalCollectionsUtilities.build/Objects-normal/arm64/InternalCollectionsUtilities_const_extract_protocols.json -Xcc -I/Users/byronquine/Library/Developer/Xcode/DerivedData/Ilumionate-ajbhadqlvcajfnbqievdybmttsdl/Build/Products/Debug-iphoneos/include -Xcc -I/Users/byronquine/Library/Developer/Xcode/DerivedData/Ilumionate-ajbhadqlvcajfnbqievdybmttsdl/Build/Intermediates.noindex/swift-collections.build/Debug-iphoneos/InternalCollectionsUtilities.build/DerivedSources-normal/arm64 -Xcc -I/Users/byronquine/Library/Developer/Xcode/DerivedData/Ilumionate-ajbhadqlvcajfnbqievdybmttsdl/Build/Intermediates.noindex/swift-collections.build/Debug-iphoneos/InternalCollectionsUtilities.build/DerivedSources/arm64 -Xcc -I/Users/byronquine/Library/Developer/Xcode/DerivedData/Ilumionate-ajbhadqlvcajfnbqievdybmttsdl/Build/Intermediates.noindex/swift-collections.build/Debug-iphoneos/InternalCollectionsUtilities.build/DerivedSources -Xcc -DSWIFT_PACKAGE -Xcc -DDEBUG\=1 -emit-objc-header -emit-objc-header-path /Users/byronquine/Library/Developer/Xcode/DerivedData/Ilumionate-ajbhadqlvcajfnbqievdybmttsdl/Build/Intermediates.noindex/swift-collections.build/Debug-iphoneos/InternalCollectionsUtilities.build/Objects-normal/arm64/InternalCollectionsUtilities-Swift.h -working-directory /Users/byronquine/Documents/Programing/Swift/Practice/Ilumionate/Ilumionate.xcodeproj -experimental-emit-module-separately -disable-cmo

SwiftDriver Crypto normal arm64 com.apple.xcode.tools.swift.compiler (in target 'Crypto' from project 'swift-crypto')
    cd /Users/byronquine/Documents/Programing/Swift/Practice/Ilumionate/Ilumionate.xcodeproj
    builtin-SwiftDriver -- /Applications/Xcode\ 26.3\ Beta.app/Contents/Developer/Toolchains/XcodeDefault.xctoolchain/usr/bin/swiftc -module-name Crypto -Onone -enforce-exclusivity\=checked @/Users/byronquine/Library/Developer/Xcode/DerivedData/Ilumionate-ajbhadqlvcajfnbqievdybmttsdl/Build/Intermediates.noindex/swift-crypto.build/Debug-iphoneos/Crypto.build/Objects-normal/arm64/Crypto.SwiftFileList -DSWIFT_PACKAGE -DDEBUG -DSWIFT_MODULE_RESOURCE_BUNDLE_AVAILABLE -DCRYPTO_IN_SWIFTPM -DXcode -enable-upcoming-feature MemberImportVisibility -plugin-path /Applications/Xcode\ 26.3\ Beta.app/Contents/Developer/Toolchains/XcodeDefault.xctoolchain/usr/lib/swift/host/plugins/testing -enable-experimental-feature DebugDescriptionMacro -sdk /Applications/Xcode\ 26.3\ Beta.app/Contents/Developer/Platforms/iPhoneOS.platform/Developer/SDKs/iPhoneOS26.2.sdk -target arm64-apple-ios12.0 -g -module-cache-path /Users/byronquine/Library/Developer/Xcode/DerivedData/ModuleCache.noindex -Xfrontend -serialize-debugging-options -profile-coverage-mapping -profile-generate -enable-testing -suppress-warnings -index-store-path /Users/byronquine/Library/Developer/Xcode/DerivedData/Ilumionate-ajbhadqlvcajfnbqievdybmttsdl/Index.noindex/DataStore -Xcc -D_LIBCPP_HARDENING_MODE\=_LIBCPP_HARDENING_MODE_DEBUG -swift-version 6 -I /Users/byronquine/Library/Developer/Xcode/DerivedData/Ilumionate-ajbhadqlvcajfnbqievdybmttsdl/Build/Products/Debug-iphoneos -Isystem /Applications/Xcode\ 26.3\ Beta.app/Contents/Developer/Platforms/iPhoneOS.platform/Developer/usr/lib -F /Users/byronquine/Library/Developer/Xcode/DerivedData/Ilumionate-ajbhadqlvcajfnbqievdybmttsdl/Build/Products/Debug-iphoneos -F /Applications/Xcode\ 26.3\ Beta.app/Contents/Developer/Platforms/iPhoneOS.platform/Developer/Library/Frameworks -F /Applications/Xcode\ 26.3\ Beta.app/Contents/Developer/Platforms/iPhoneOS.platform/Developer/SDKs/iPhoneOS26.2.sdk/Developer/Library/Frameworks -c -j10 -enable-batch-mode -incremental -Xcc -ivfsstatcache -Xcc /Users/byronquine/Library/Developer/Xcode/DerivedData/SDKStatCaches.noindex/iphoneos26.2-23C57-e8867d0c40613ffc63e0238af232dc50d4d6ee3f8374c9c9b8dccfd0b4476fca.sdkstatcache -output-file-map /Users/byronquine/Library/Developer/Xcode/DerivedData/Ilumionate-ajbhadqlvcajfnbqievdybmttsdl/Build/Intermediates.noindex/swift-crypto.build/Debug-iphoneos/Crypto.build/Objects-normal/arm64/Crypto-OutputFileMap.json -use-frontend-parseable-output -save-temps -no-color-diagnostics -explicit-module-build -module-cache-path /Users/byronquine/Library/Developer/Xcode/DerivedData/Ilumionate-ajbhadqlvcajfnbqievdybmttsdl/Build/Intermediates.noindex/SwiftExplicitPrecompiledModules -clang-scanner-module-cache-path /Users/byronquine/Library/Developer/Xcode/DerivedData/ModuleCache.noindex -sdk-module-cache-path /Users/byronquine/Library/Developer/Xcode/DerivedData/ModuleCache.noindex -serialize-diagnostics -emit-dependencies -emit-module -emit-module-path /Users/byronquine/Library/Developer/Xcode/DerivedData/Ilumionate-ajbhadqlvcajfnbqievdybmttsdl/Build/Intermediates.noindex/swift-crypto.build/Debug-iphoneos/Crypto.build/Objects-normal/arm64/Crypto.swiftmodule -user-module-version 4.2.0 -validate-clang-modules-once -clang-build-session-file /Users/byronquine/Library/Developer/Xcode/DerivedData/ModuleCache.noindex/Session.modulevalidation -package-name swift_crypto -Xcc -I/Users/byronquine/Library/Developer/Xcode/DerivedData/Ilumionate-ajbhadqlvcajfnbqievdybmttsdl/Build/Intermediates.noindex/swift-crypto.build/Debug-iphoneos/Crypto.build/swift-overrides.hmap -emit-const-values -Xfrontend -const-gather-protocols-file -Xfrontend /Users/byronquine/Library/Developer/Xcode/DerivedData/Ilumionate-ajbhadqlvcajfnbqievdybmttsdl/Build/Intermediates.noindex/swift-crypto.build/Debug-iphoneos/Crypto.build/Objects-normal/arm64/Crypto_const_extract_protocols.json -Xcc -I/Users/byronquine/Library/Developer/Xcode/DerivedData/Ilumionate-ajbhadqlvcajfnbqievdybmttsdl/Build/Products/Debug-iphoneos/include -Xcc -I/Users/byronquine/Library/Developer/Xcode/DerivedData/Ilumionate-ajbhadqlvcajfnbqievdybmttsdl/Build/Intermediates.noindex/swift-crypto.build/Debug-iphoneos/Crypto.build/DerivedSources-normal/arm64 -Xcc -I/Users/byronquine/Library/Developer/Xcode/DerivedData/Ilumionate-ajbhadqlvcajfnbqievdybmttsdl/Build/Intermediates.noindex/swift-crypto.build/Debug-iphoneos/Crypto.build/DerivedSources/arm64 -Xcc -I/Users/byronquine/Library/Developer/Xcode/DerivedData/Ilumionate-ajbhadqlvcajfnbqievdybmttsdl/Build/Intermediates.noindex/swift-crypto.build/Debug-iphoneos/Crypto.build/DerivedSources -Xcc -DSWIFT_PACKAGE -Xcc -DDEBUG\=1 -emit-objc-header -emit-objc-header-path /Users/byronquine/Library/Developer/Xcode/DerivedData/Ilumionate-ajbhadqlvcajfnbqievdybmttsdl/Build/Intermediates.noindex/swift-crypto.build/Debug-iphoneos/Crypto.build/Objects-normal/arm64/Crypto-Swift.h -working-directory /Users/byronquine/Documents/Programing/Swift/Practice/Ilumionate/Ilumionate.xcodeproj -experimental-emit-module-separately -disable-cmo

CompileC /Users/byronquine/Library/Developer/Xcode/DerivedData/Ilumionate-ajbhadqlvcajfnbqievdybmttsdl/Build/Intermediates.noindex/yyjson.build/Debug-iphoneos/yyjson.build/Objects-normal/arm64/yyjson.o /Users/byronquine/Library/Developer/Xcode/DerivedData/Ilumionate-ajbhadqlvcajfnbqievdybmttsdl/SourcePackages/checkouts/yyjson/src/yyjson.c normal arm64 c com.apple.compilers.llvm.clang.1_0.compiler (in target 'yyjson' from project 'yyjson')
    cd /Users/byronquine/Documents/Programing/Swift/Practice/Ilumionate/Ilumionate.xcodeproj
    
    Using response file: /Users/byronquine/Library/Developer/Xcode/DerivedData/Ilumionate-ajbhadqlvcajfnbqievdybmttsdl/Build/Intermediates.noindex/yyjson.build/Debug-iphoneos/yyjson.build/Objects-normal/arm64/7187679823f38a2a940e0043cdf9d637-common-args.resp
    
    /Applications/Xcode\ 26.3\ Beta.app/Contents/Developer/Toolchains/XcodeDefault.xctoolchain/usr/bin/clang -x c -ivfsstatcache /Users/byronquine/Library/Developer/Xcode/DerivedData/SDKStatCaches.noindex/iphoneos26.2-23C57-e8867d0c40613ffc63e0238af232dc50d4d6ee3f8374c9c9b8dccfd0b4476fca.sdkstatcache -fmessage-length\=0 -fdiagnostics-show-note-include-stack -fmacro-backtrace-limit\=0 -fno-color-diagnostics -fmodules-prune-interval\=86400 -fmodules-prune-after\=345600 -fbuild-session-file\=/Users/byronquine/Library/Developer/Xcode/DerivedData/ModuleCache.noindex/Session.modulevalidation -fmodules-validate-once-per-build-session -Wnon-modular-include-in-framework-module -Werror\=non-modular-include-in-framework-module -Wno-trigraphs -Wno-missing-field-initializers -Wno-missing-prototypes -Wno-return-type -Wno-missing-braces -Wparentheses -Wswitch -Wno-unused-function -Wno-unused-label -Wno-unused-parameter -Wno-unused-variable -Wunused-value -Wno-empty-body -Wno-uninitialized -Wno-unknown-pragmas -w -Wno-shadow -Wno-four-char-constants -Wno-conversion -Wno-constant-conversion -Wno-int-conversion -Wno-bool-conversion -Wno-enum-conversion -Wno-float-conversion -Wno-non-literal-null-conversion -Wno-objc-literal-conversion -Wshorten-64-to-32 -Wpointer-sign -Wno-newline-eof -Wno-implicit-fallthrough -fstrict-aliasing -Wdeprecated-declarations -Wno-sign-conversion -Wno-infinite-recursion -Wno-comma -Wno-block-capture-autoreleasing -Wno-strict-prototypes -Wno-semicolon-before-method-body -index-store-path /Users/byronquine/Library/Developer/Xcode/DerivedData/Ilumionate-ajbhadqlvcajfnbqievdybmttsdl/Index.noindex/DataStore @/Users/byronquine/Library/Developer/Xcode/DerivedData/Ilumionate-ajbhadqlvcajfnbqievdybmttsdl/Build/Intermediates.noindex/yyjson.build/Debug-iphoneos/yyjson.build/Objects-normal/arm64/7187679823f38a2a940e0043cdf9d637-common-args.resp -MMD -MT dependencies -MF /Users/byronquine/Library/Developer/Xcode/DerivedData/Ilumionate-ajbhadqlvcajfnbqievdybmttsdl/Build/Intermediates.noindex/yyjson.build/Debug-iphoneos/yyjson.build/Objects-normal/arm64/yyjson.d --serialize-diagnostics /Users/byronquine/Library/Developer/Xcode/DerivedData/Ilumionate-ajbhadqlvcajfnbqievdybmttsdl/Build/Intermediates.noindex/yyjson.build/Debug-iphoneos/yyjson.build/Objects-normal/arm64/yyjson.dia -c /Users/byronquine/Library/Developer/Xcode/DerivedData/Ilumionate-ajbhadqlvcajfnbqievdybmttsdl/SourcePackages/checkouts/yyjson/src/yyjson.c -o /Users/byronquine/Library/Developer/Xcode/DerivedData/Ilumionate-ajbhadqlvcajfnbqievdybmttsdl/Build/Intermediates.noindex/yyjson.build/Debug-iphoneos/yyjson.build/Objects-normal/arm64/yyjson.o -index-unit-output-path /yyjson.build/Debug-iphoneos/yyjson.build/Objects-normal/arm64/yyjson.o

SwiftCompile normal arm64 Compiling\ _UnsafeBitSet.swift,\ _SortedCollection.swift /Users/byronquine/Library/Developer/Xcode/DerivedData/Ilumionate-ajbhadqlvcajfnbqievdybmttsdl/SourcePackages/checkouts/swift-collections/Sources/InternalCollectionsUtilities/UnsafeBitSet/autogenerated/_UnsafeBitSet.swift /Users/byronquine/Library/Developer/Xcode/DerivedData/Ilumionate-ajbhadqlvcajfnbqievdybmttsdl/SourcePackages/checkouts/swift-collections/Sources/InternalCollectionsUtilities/_SortedCollection.swift (in target 'InternalCollectionsUtilities' from project 'swift-collections')

SwiftCompile normal arm64 /Users/byronquine/Library/Developer/Xcode/DerivedData/Ilumionate-ajbhadqlvcajfnbqievdybmttsdl/SourcePackages/checkouts/swift-collections/Sources/InternalCollectionsUtilities/UnsafeBitSet/autogenerated/_UnsafeBitSet.swift (in target 'InternalCollectionsUtilities' from project 'swift-collections')
    cd /Users/byronquine/Documents/Programing/Swift/Practice/Ilumionate/Ilumionate.xcodeproj
    

SwiftCompile normal arm64 /Users/byronquine/Library/Developer/Xcode/DerivedData/Ilumionate-ajbhadqlvcajfnbqievdybmttsdl/SourcePackages/checkouts/swift-collections/Sources/InternalCollectionsUtilities/_SortedCollection.swift (in target 'InternalCollectionsUtilities' from project 'swift-collections')
    cd /Users/byronquine/Documents/Programing/Swift/Practice/Ilumionate/Ilumionate.xcodeproj
    

SwiftCompile normal arm64 Compiling\ UnsafeMutableRawBufferPointer+Extras.swift /Users/byronquine/Library/Developer/Xcode/DerivedData/Ilumionate-ajbhadqlvcajfnbqievdybmttsdl/SourcePackages/checkouts/swift-collections/Sources/InternalCollectionsUtilities/autogenerated/UnsafeMutableRawBufferPointer+Extras.swift (in target 'InternalCollectionsUtilities' from project 'swift-collections')

SwiftCompile normal arm64 /Users/byronquine/Library/Developer/Xcode/DerivedData/Ilumionate-ajbhadqlvcajfnbqievdybmttsdl/SourcePackages/checkouts/swift-collections/Sources/InternalCollectionsUtilities/autogenerated/UnsafeMutableRawBufferPointer+Extras.swift (in target 'InternalCollectionsUtilities' from project 'swift-collections')
    cd /Users/byronquine/Documents/Programing/Swift/Practice/Ilumionate/Ilumionate.xcodeproj
    

SwiftEmitModule normal arm64 Emitting\ module\ for\ InternalCollectionsUtilities (in target 'InternalCollectionsUtilities' from project 'swift-collections')

EmitSwiftModule normal arm64 (in target 'InternalCollectionsUtilities' from project 'swift-collections')
    cd /Users/byronquine/Documents/Programing/Swift/Practice/Ilumionate/Ilumionate.xcodeproj
    

SwiftCompile normal arm64 Compiling\ UnsafeMutableBufferPointer+Extras.swift /Users/byronquine/Library/Developer/Xcode/DerivedData/Ilumionate-ajbhadqlvcajfnbqievdybmttsdl/SourcePackages/checkouts/swift-collections/Sources/InternalCollectionsUtilities/autogenerated/UnsafeMutableBufferPointer+Extras.swift (in target 'InternalCollectionsUtilities' from project 'swift-collections')

SwiftCompile normal arm64 /Users/byronquine/Library/Developer/Xcode/DerivedData/Ilumionate-ajbhadqlvcajfnbqievdybmttsdl/SourcePackages/checkouts/swift-collections/Sources/InternalCollectionsUtilities/autogenerated/UnsafeMutableBufferPointer+Extras.swift (in target 'InternalCollectionsUtilities' from project 'swift-collections')
    cd /Users/byronquine/Documents/Programing/Swift/Practice/Ilumionate/Ilumionate.xcodeproj
    

SwiftCompile normal arm64 Compiling\ RandomAccessCollection+Offsets.swift,\ UnsafeBufferPointer+Extras.swift /Users/byronquine/Library/Developer/Xcode/DerivedData/Ilumionate-ajbhadqlvcajfnbqievdybmttsdl/SourcePackages/checkouts/swift-collections/Sources/InternalCollectionsUtilities/autogenerated/RandomAccessCollection+Offsets.swift /Users/byronquine/Library/Developer/Xcode/DerivedData/Ilumionate-ajbhadqlvcajfnbqievdybmttsdl/SourcePackages/checkouts/swift-collections/Sources/InternalCollectionsUtilities/autogenerated/UnsafeBufferPointer+Extras.swift (in target 'InternalCollectionsUtilities' from project 'swift-collections')

SwiftCompile normal arm64 /Users/byronquine/Library/Developer/Xcode/DerivedData/Ilumionate-ajbhadqlvcajfnbqievdybmttsdl/SourcePackages/checkouts/swift-collections/Sources/InternalCollectionsUtilities/autogenerated/RandomAccessCollection+Offsets.swift (in target 'InternalCollectionsUtilities' from project 'swift-collections')
    cd /Users/byronquine/Documents/Programing/Swift/Practice/Ilumionate/Ilumionate.xcodeproj
    

SwiftCompile normal arm64 /Users/byronquine/Library/Developer/Xcode/DerivedData/Ilumionate-ajbhadqlvcajfnbqievdybmttsdl/SourcePackages/checkouts/swift-collections/Sources/InternalCollectionsUtilities/autogenerated/UnsafeBufferPointer+Extras.swift (in target 'InternalCollectionsUtilities' from project 'swift-collections')
    cd /Users/byronquine/Documents/Programing/Swift/Practice/Ilumionate/Ilumionate.xcodeproj
    

SwiftCompile normal arm64 Compiling\ UInt+first\ and\ last\ set\ bit.swift,\ UInt+reversed.swift /Users/byronquine/Library/Developer/Xcode/DerivedData/Ilumionate-ajbhadqlvcajfnbqievdybmttsdl/SourcePackages/checkouts/swift-collections/Sources/InternalCollectionsUtilities/IntegerTricks/autogenerated/UInt+first\ and\ last\ set\ bit.swift /Users/byronquine/Library/Developer/Xcode/DerivedData/Ilumionate-ajbhadqlvcajfnbqievdybmttsdl/SourcePackages/checkouts/swift-collections/Sources/InternalCollectionsUtilities/IntegerTricks/autogenerated/UInt+reversed.swift (in target 'InternalCollectionsUtilities' from project 'swift-collections')

SwiftCompile normal arm64 /Users/byronquine/Library/Developer/Xcode/DerivedData/Ilumionate-ajbhadqlvcajfnbqievdybmttsdl/SourcePackages/checkouts/swift-collections/Sources/InternalCollectionsUtilities/IntegerTricks/autogenerated/UInt+first\ and\ last\ set\ bit.swift (in target 'InternalCollectionsUtilities' from project 'swift-collections')
    cd /Users/byronquine/Documents/Programing/Swift/Practice/Ilumionate/Ilumionate.xcodeproj
    

SwiftCompile normal arm64 /Users/byronquine/Library/Developer/Xcode/DerivedData/Ilumionate-ajbhadqlvcajfnbqievdybmttsdl/SourcePackages/checkouts/swift-collections/Sources/InternalCollectionsUtilities/IntegerTricks/autogenerated/UInt+reversed.swift (in target 'InternalCollectionsUtilities' from project 'swift-collections')
    cd /Users/byronquine/Documents/Programing/Swift/Practice/Ilumionate/Ilumionate.xcodeproj
    

SwiftCompile normal arm64 Compiling\ _UniqueCollection.swift,\ Debugging.swift /Users/byronquine/Library/Developer/Xcode/DerivedData/Ilumionate-ajbhadqlvcajfnbqievdybmttsdl/SourcePackages/checkouts/swift-collections/Sources/InternalCollectionsUtilities/_UniqueCollection.swift /Users/byronquine/Library/Developer/Xcode/DerivedData/Ilumionate-ajbhadqlvcajfnbqievdybmttsdl/SourcePackages/checkouts/swift-collections/Sources/InternalCollectionsUtilities/autogenerated/Debugging.swift (in target 'InternalCollectionsUtilities' from project 'swift-collections')

SwiftCompile normal arm64 /Users/byronquine/Library/Developer/Xcode/DerivedData/Ilumionate-ajbhadqlvcajfnbqievdybmttsdl/SourcePackages/checkouts/swift-collections/Sources/InternalCollectionsUtilities/_UniqueCollection.swift (in target 'InternalCollectionsUtilities' from project 'swift-collections')
    cd /Users/byronquine/Documents/Programing/Swift/Practice/Ilumionate/Ilumionate.xcodeproj
    

SwiftCompile normal arm64 /Users/byronquine/Library/Developer/Xcode/DerivedData/Ilumionate-ajbhadqlvcajfnbqievdybmttsdl/SourcePackages/checkouts/swift-collections/Sources/InternalCollectionsUtilities/autogenerated/Debugging.swift (in target 'InternalCollectionsUtilities' from project 'swift-collections')
    cd /Users/byronquine/Documents/Programing/Swift/Practice/Ilumionate/Ilumionate.xcodeproj
    

SwiftCompile normal arm64 Compiling\ Descriptions.swift,\ LifetimeOverride.swift /Users/byronquine/Library/Developer/Xcode/DerivedData/Ilumionate-ajbhadqlvcajfnbqievdybmttsdl/SourcePackages/checkouts/swift-collections/Sources/InternalCollectionsUtilities/autogenerated/Descriptions.swift /Users/byronquine/Library/Developer/Xcode/DerivedData/Ilumionate-ajbhadqlvcajfnbqievdybmttsdl/SourcePackages/checkouts/swift-collections/Sources/InternalCollectionsUtilities/autogenerated/LifetimeOverride.swift (in target 'InternalCollectionsUtilities' from project 'swift-collections')

SwiftCompile normal arm64 /Users/byronquine/Library/Developer/Xcode/DerivedData/Ilumionate-ajbhadqlvcajfnbqievdybmttsdl/SourcePackages/checkouts/swift-collections/Sources/InternalCollectionsUtilities/autogenerated/Descriptions.swift (in target 'InternalCollectionsUtilities' from project 'swift-collections')
    cd /Users/byronquine/Documents/Programing/Swift/Practice/Ilumionate/Ilumionate.xcodeproj
    

SwiftCompile normal arm64 /Users/byronquine/Library/Developer/Xcode/DerivedData/Ilumionate-ajbhadqlvcajfnbqievdybmttsdl/SourcePackages/checkouts/swift-collections/Sources/InternalCollectionsUtilities/autogenerated/LifetimeOverride.swift (in target 'InternalCollectionsUtilities' from project 'swift-collections')
    cd /Users/byronquine/Documents/Programing/Swift/Practice/Ilumionate/Ilumionate.xcodeproj
    

SwiftCompile normal arm64 Compiling\ FixedWidthInteger+roundUpToPowerOfTwo.swift,\ Integer\ rank.swift /Users/byronquine/Library/Developer/Xcode/DerivedData/Ilumionate-ajbhadqlvcajfnbqievdybmttsdl/SourcePackages/checkouts/swift-collections/Sources/InternalCollectionsUtilities/IntegerTricks/autogenerated/FixedWidthInteger+roundUpToPowerOfTwo.swift /Users/byronquine/Library/Developer/Xcode/DerivedData/Ilumionate-ajbhadqlvcajfnbqievdybmttsdl/SourcePackages/checkouts/swift-collections/Sources/InternalCollectionsUtilities/IntegerTricks/autogenerated/Integer\ rank.swift (in target 'InternalCollectionsUtilities' from project 'swift-collections')

SwiftCompile normal arm64 /Users/byronquine/Library/Developer/Xcode/DerivedData/Ilumionate-ajbhadqlvcajfnbqievdybmttsdl/SourcePackages/checkouts/swift-collections/Sources/InternalCollectionsUtilities/IntegerTricks/autogenerated/FixedWidthInteger+roundUpToPowerOfTwo.swift (in target 'InternalCollectionsUtilities' from project 'swift-collections')
    cd /Users/byronquine/Documents/Programing/Swift/Practice/Ilumionate/Ilumionate.xcodeproj
    

SwiftCompile normal arm64 /Users/byronquine/Library/Developer/Xcode/DerivedData/Ilumionate-ajbhadqlvcajfnbqievdybmttsdl/SourcePackages/checkouts/swift-collections/Sources/InternalCollectionsUtilities/IntegerTricks/autogenerated/Integer\ rank.swift (in target 'InternalCollectionsUtilities' from project 'swift-collections')
    cd /Users/byronquine/Documents/Programing/Swift/Practice/Ilumionate/Ilumionate.xcodeproj
    

SwiftDriverJobDiscovery normal arm64 Compiling _UniqueCollection.swift, Debugging.swift (in target 'InternalCollectionsUtilities' from project 'swift-collections')

SwiftCompile normal arm64 Compiling\ _UnsafeBitSet+Index.swift,\ _UnsafeBitSet+_Word.swift /Users/byronquine/Library/Developer/Xcode/DerivedData/Ilumionate-ajbhadqlvcajfnbqievdybmttsdl/SourcePackages/checkouts/swift-collections/Sources/InternalCollectionsUtilities/UnsafeBitSet/autogenerated/_UnsafeBitSet+Index.swift /Users/byronquine/Library/Developer/Xcode/DerivedData/Ilumionate-ajbhadqlvcajfnbqievdybmttsdl/SourcePackages/checkouts/swift-collections/Sources/InternalCollectionsUtilities/UnsafeBitSet/autogenerated/_UnsafeBitSet+_Word.swift (in target 'InternalCollectionsUtilities' from project 'swift-collections')

SwiftCompile normal arm64 /Users/byronquine/Library/Developer/Xcode/DerivedData/Ilumionate-ajbhadqlvcajfnbqievdybmttsdl/SourcePackages/checkouts/swift-collections/Sources/InternalCollectionsUtilities/UnsafeBitSet/autogenerated/_UnsafeBitSet+Index.swift (in target 'InternalCollectionsUtilities' from project 'swift-collections')
    cd /Users/byronquine/Documents/Programing/Swift/Practice/Ilumionate/Ilumionate.xcodeproj
    

SwiftCompile normal arm64 /Users/byronquine/Library/Developer/Xcode/DerivedData/Ilumionate-ajbhadqlvcajfnbqievdybmttsdl/SourcePackages/checkouts/swift-collections/Sources/InternalCollectionsUtilities/UnsafeBitSet/autogenerated/_UnsafeBitSet+_Word.swift (in target 'InternalCollectionsUtilities' from project 'swift-collections')
    cd /Users/byronquine/Documents/Programing/Swift/Practice/Ilumionate/Ilumionate.xcodeproj
    

SwiftDriverJobDiscovery normal arm64 Compiling UnsafeMutableRawBufferPointer+Extras.swift (in target 'InternalCollectionsUtilities' from project 'swift-collections')

SwiftCompile normal arm64 Compiling\ UnsafeRawBufferPointer+Extras.swift /Users/byronquine/Library/Developer/Xcode/DerivedData/Ilumionate-ajbhadqlvcajfnbqievdybmttsdl/SourcePackages/checkouts/swift-collections/Sources/InternalCollectionsUtilities/autogenerated/UnsafeRawBufferPointer+Extras.swift (in target 'InternalCollectionsUtilities' from project 'swift-collections')

SwiftCompile normal arm64 /Users/byronquine/Library/Developer/Xcode/DerivedData/Ilumionate-ajbhadqlvcajfnbqievdybmttsdl/SourcePackages/checkouts/swift-collections/Sources/InternalCollectionsUtilities/autogenerated/UnsafeRawBufferPointer+Extras.swift (in target 'InternalCollectionsUtilities' from project 'swift-collections')
    cd /Users/byronquine/Documents/Programing/Swift/Practice/Ilumionate/Ilumionate.xcodeproj
    

SwiftDriverJobDiscovery normal arm64 Compiling Descriptions.swift, LifetimeOverride.swift (in target 'InternalCollectionsUtilities' from project 'swift-collections')

SwiftDriverJobDiscovery normal arm64 Compiling RandomAccessCollection+Offsets.swift, UnsafeBufferPointer+Extras.swift (in target 'InternalCollectionsUtilities' from project 'swift-collections')

SwiftDriverJobDiscovery normal arm64 Compiling UInt+first and last set bit.swift, UInt+reversed.swift (in target 'InternalCollectionsUtilities' from project 'swift-collections')

SwiftCompile normal arm64 Compiling\ ECDSASignature_boring.swift,\ ECDSA_boring.swift,\ EdDSA_boring.swift,\ MLDSA_boring.swift,\ MLDSA_wrapper.swift,\ ECDSA.swift,\ Ed25519.swift,\ MLDSA.swift,\ Signature.swift /Users/byronquine/Library/Developer/Xcode/DerivedData/Ilumionate-ajbhadqlvcajfnbqievdybmttsdl/SourcePackages/checkouts/swift-crypto/Sources/Crypto/Signatures/BoringSSL/ECDSASignature_boring.swift /Users/byronquine/Library/Developer/Xcode/DerivedData/Ilumionate-ajbhadqlvcajfnbqievdybmttsdl/SourcePackages/checkouts/swift-crypto/Sources/Crypto/Signatures/BoringSSL/ECDSA_boring.swift /Users/byronquine/Library/Developer/Xcode/DerivedData/Ilumionate-ajbhadqlvcajfnbqievdybmttsdl/SourcePackages/checkouts/swift-crypto/Sources/Crypto/Signatures/BoringSSL/EdDSA_boring.swift /Users/byronquine/Library/Developer/Xcode/DerivedData/Ilumionate-ajbhadqlvcajfnbqievdybmttsdl/SourcePackages/checkouts/swift-crypto/Sources/Crypto/Signatures/BoringSSL/MLDSA_boring.swift /Users/byronquine/Library/Developer/Xcode/DerivedData/Ilumionate-ajbhadqlvcajfnbqievdybmttsdl/SourcePackages/checkouts/swift-crypto/Sources/Crypto/Signatures/BoringSSL/MLDSA_wrapper.swift /Users/byronquine/Library/Developer/Xcode/DerivedData/Ilumionate-ajbhadqlvcajfnbqievdybmttsdl/SourcePackages/checkouts/swift-crypto/Sources/Crypto/Signatures/ECDSA.swift /Users/byronquine/Library/Developer/Xcode/DerivedData/Ilumionate-ajbhadqlvcajfnbqievdybmttsdl/SourcePackages/checkouts/swift-crypto/Sources/Crypto/Signatures/Ed25519.swift /Users/byronquine/Library/Developer/Xcode/DerivedData/Ilumionate-ajbhadqlvcajfnbqievdybmttsdl/SourcePackages/checkouts/swift-crypto/Sources/Crypto/Signatures/MLDSA.swift /Users/byronquine/Library/Developer/Xcode/DerivedData/Ilumionate-ajbhadqlvcajfnbqievdybmttsdl/SourcePackages/checkouts/swift-crypto/Sources/Crypto/Signatures/Signature.swift (in target 'Crypto' from project 'swift-crypto')

SwiftCompile normal arm64 /Users/byronquine/Library/Developer/Xcode/DerivedData/Ilumionate-ajbhadqlvcajfnbqievdybmttsdl/SourcePackages/checkouts/swift-crypto/Sources/Crypto/Signatures/BoringSSL/ECDSASignature_boring.swift (in target 'Crypto' from project 'swift-crypto')
    cd /Users/byronquine/Documents/Programing/Swift/Practice/Ilumionate/Ilumionate.xcodeproj
    

SwiftCompile normal arm64 /Users/byronquine/Library/Developer/Xcode/DerivedData/Ilumionate-ajbhadqlvcajfnbqievdybmttsdl/SourcePackages/checkouts/swift-crypto/Sources/Crypto/Signatures/BoringSSL/ECDSA_boring.swift (in target 'Crypto' from project 'swift-crypto')
    cd /Users/byronquine/Documents/Programing/Swift/Practice/Ilumionate/Ilumionate.xcodeproj
    

SwiftCompile normal arm64 /Users/byronquine/Library/Developer/Xcode/DerivedData/Ilumionate-ajbhadqlvcajfnbqievdybmttsdl/SourcePackages/checkouts/swift-crypto/Sources/Crypto/Signatures/BoringSSL/EdDSA_boring.swift (in target 'Crypto' from project 'swift-crypto')
    cd /Users/byronquine/Documents/Programing/Swift/Practice/Ilumionate/Ilumionate.xcodeproj
    

SwiftCompile normal arm64 /Users/byronquine/Library/Developer/Xcode/DerivedData/Ilumionate-ajbhadqlvcajfnbqievdybmttsdl/SourcePackages/checkouts/swift-crypto/Sources/Crypto/Signatures/BoringSSL/MLDSA_boring.swift (in target 'Crypto' from project 'swift-crypto')
    cd /Users/byronquine/Documents/Programing/Swift/Practice/Ilumionate/Ilumionate.xcodeproj
    

SwiftCompile normal arm64 /Users/byronquine/Library/Developer/Xcode/DerivedData/Ilumionate-ajbhadqlvcajfnbqievdybmttsdl/SourcePackages/checkouts/swift-crypto/Sources/Crypto/Signatures/BoringSSL/MLDSA_wrapper.swift (in target 'Crypto' from project 'swift-crypto')
    cd /Users/byronquine/Documents/Programing/Swift/Practice/Ilumionate/Ilumionate.xcodeproj
    

SwiftCompile normal arm64 /Users/byronquine/Library/Developer/Xcode/DerivedData/Ilumionate-ajbhadqlvcajfnbqievdybmttsdl/SourcePackages/checkouts/swift-crypto/Sources/Crypto/Signatures/ECDSA.swift (in target 'Crypto' from project 'swift-crypto')
    cd /Users/byronquine/Documents/Programing/Swift/Practice/Ilumionate/Ilumionate.xcodeproj
    

SwiftCompile normal arm64 /Users/byronquine/Library/Developer/Xcode/DerivedData/Ilumionate-ajbhadqlvcajfnbqievdybmttsdl/SourcePackages/checkouts/swift-crypto/Sources/Crypto/Signatures/Ed25519.swift (in target 'Crypto' from project 'swift-crypto')
    cd /Users/byronquine/Documents/Programing/Swift/Practice/Ilumionate/Ilumionate.xcodeproj
    

SwiftCompile normal arm64 /Users/byronquine/Library/Developer/Xcode/DerivedData/Ilumionate-ajbhadqlvcajfnbqievdybmttsdl/SourcePackages/checkouts/swift-crypto/Sources/Crypto/Signatures/MLDSA.swift (in target 'Crypto' from project 'swift-crypto')
    cd /Users/byronquine/Documents/Programing/Swift/Practice/Ilumionate/Ilumionate.xcodeproj
    

SwiftCompile normal arm64 /Users/byronquine/Library/Developer/Xcode/DerivedData/Ilumionate-ajbhadqlvcajfnbqievdybmttsdl/SourcePackages/checkouts/swift-crypto/Sources/Crypto/Signatures/Signature.swift (in target 'Crypto' from project 'swift-crypto')
    cd /Users/byronquine/Documents/Programing/Swift/Practice/Ilumionate/Ilumionate.xcodeproj
    

SwiftCompile normal arm64 Compiling\ Insecure_HashFunctions.swift,\ MLKEM_boring.swift,\ MLKEM_wrapper.swift,\ XWing_boring.swift,\ KEM-Errors.swift,\ KEM.swift,\ MLKEM.swift,\ XWing.swift,\ ECDH_boring.swift /Users/byronquine/Library/Developer/Xcode/DerivedData/Ilumionate-ajbhadqlvcajfnbqievdybmttsdl/SourcePackages/checkouts/swift-crypto/Sources/Crypto/Insecure/Insecure_HashFunctions.swift /Users/byronquine/Library/Developer/Xcode/DerivedData/Ilumionate-ajbhadqlvcajfnbqievdybmttsdl/SourcePackages/checkouts/swift-crypto/Sources/Crypto/KEM/BoringSSL/MLKEM_boring.swift /Users/byronquine/Library/Developer/Xcode/DerivedData/Ilumionate-ajbhadqlvcajfnbqievdybmttsdl/SourcePackages/checkouts/swift-crypto/Sources/Crypto/KEM/BoringSSL/MLKEM_wrapper.swift /Users/byronquine/Library/Developer/Xcode/DerivedData/Ilumionate-ajbhadqlvcajfnbqievdybmttsdl/SourcePackages/checkouts/swift-crypto/Sources/Crypto/KEM/BoringSSL/XWing_boring.swift /Users/byronquine/Library/Developer/Xcode/DerivedData/Ilumionate-ajbhadqlvcajfnbqievdybmttsdl/SourcePackages/checkouts/swift-crypto/Sources/Crypto/KEM/KEM-Errors.swift /Users/byronquine/Library/Developer/Xcode/DerivedData/Ilumionate-ajbhadqlvcajfnbqievdybmttsdl/SourcePackages/checkouts/swift-crypto/Sources/Crypto/KEM/KEM.swift /Users/byronquine/Library/Developer/Xcode/DerivedData/Ilumionate-ajbhadqlvcajfnbqievdybmttsdl/SourcePackages/checkouts/swift-crypto/Sources/Crypto/KEM/MLKEM.swift /Users/byronquine/Library/Developer/Xcode/DerivedData/Ilumionate-ajbhadqlvcajfnbqievdybmttsdl/SourcePackages/checkouts/swift-crypto/Sources/Crypto/KEM/XWing.swift /Users/byronquine/Library/Developer/Xcode/DerivedData/Ilumionate-ajbhadqlvcajfnbqievdybmttsdl/SourcePackages/checkouts/swift-crypto/Sources/Crypto/Key\ Agreement/BoringSSL/ECDH_boring.swift (in target 'Crypto' from project 'swift-crypto')

SwiftCompile normal arm64 /Users/byronquine/Library/Developer/Xcode/DerivedData/Ilumionate-ajbhadqlvcajfnbqievdybmttsdl/SourcePackages/checkouts/swift-crypto/Sources/Crypto/Insecure/Insecure_HashFunctions.swift (in target 'Crypto' from project 'swift-crypto')
    cd /Users/byronquine/Documents/Programing/Swift/Practice/Ilumionate/Ilumionate.xcodeproj
    

SwiftCompile normal arm64 /Users/byronquine/Library/Developer/Xcode/DerivedData/Ilumionate-ajbhadqlvcajfnbqievdybmttsdl/SourcePackages/checkouts/swift-crypto/Sources/Crypto/KEM/BoringSSL/MLKEM_boring.swift (in target 'Crypto' from project 'swift-crypto')
    cd /Users/byronquine/Documents/Programing/Swift/Practice/Ilumionate/Ilumionate.xcodeproj
    

SwiftCompile normal arm64 /Users/byronquine/Library/Developer/Xcode/DerivedData/Ilumionate-ajbhadqlvcajfnbqievdybmttsdl/SourcePackages/checkouts/swift-crypto/Sources/Crypto/KEM/BoringSSL/MLKEM_wrapper.swift (in target 'Crypto' from project 'swift-crypto')
    cd /Users/byronquine/Documents/Programing/Swift/Practice/Ilumionate/Ilumionate.xcodeproj
    

SwiftCompile normal arm64 /Users/byronquine/Library/Developer/Xcode/DerivedData/Ilumionate-ajbhadqlvcajfnbqievdybmttsdl/SourcePackages/checkouts/swift-crypto/Sources/Crypto/KEM/BoringSSL/XWing_boring.swift (in target 'Crypto' from project 'swift-crypto')
    cd /Users/byronquine/Documents/Programing/Swift/Practice/Ilumionate/Ilumionate.xcodeproj
    

SwiftCompile normal arm64 /Users/byronquine/Library/Developer/Xcode/DerivedData/Ilumionate-ajbhadqlvcajfnbqievdybmttsdl/SourcePackages/checkouts/swift-crypto/Sources/Crypto/KEM/KEM-Errors.swift (in target 'Crypto' from project 'swift-crypto')
    cd /Users/byronquine/Documents/Programing/Swift/Practice/Ilumionate/Ilumionate.xcodeproj
    

SwiftCompile normal arm64 /Users/byronquine/Library/Developer/Xcode/DerivedData/Ilumionate-ajbhadqlvcajfnbqievdybmttsdl/SourcePackages/checkouts/swift-crypto/Sources/Crypto/KEM/KEM.swift (in target 'Crypto' from project 'swift-crypto')
    cd /Users/byronquine/Documents/Programing/Swift/Practice/Ilumionate/Ilumionate.xcodeproj
    

SwiftCompile normal arm64 /Users/byronquine/Library/Developer/Xcode/DerivedData/Ilumionate-ajbhadqlvcajfnbqievdybmttsdl/SourcePackages/checkouts/swift-crypto/Sources/Crypto/KEM/MLKEM.swift (in target 'Crypto' from project 'swift-crypto')
    cd /Users/byronquine/Documents/Programing/Swift/Practice/Ilumionate/Ilumionate.xcodeproj
    

SwiftCompile normal arm64 /Users/byronquine/Library/Developer/Xcode/DerivedData/Ilumionate-ajbhadqlvcajfnbqievdybmttsdl/SourcePackages/checkouts/swift-crypto/Sources/Crypto/KEM/XWing.swift (in target 'Crypto' from project 'swift-crypto')
    cd /Users/byronquine/Documents/Programing/Swift/Practice/Ilumionate/Ilumionate.xcodeproj
    

SwiftCompile normal arm64 /Users/byronquine/Library/Developer/Xcode/DerivedData/Ilumionate-ajbhadqlvcajfnbqievdybmttsdl/SourcePackages/checkouts/swift-crypto/Sources/Crypto/Key\ Agreement/BoringSSL/ECDH_boring.swift (in target 'Crypto' from project 'swift-crypto')
    cd /Users/byronquine/Documents/Programing/Swift/Practice/Ilumionate/Ilumionate.xcodeproj
    

SwiftEmitModule normal arm64 Emitting\ module\ for\ Crypto (in target 'Crypto' from project 'swift-crypto')

EmitSwiftModule normal arm64 (in target 'Crypto' from project 'swift-crypto')
    cd /Users/byronquine/Documents/Programing/Swift/Practice/Ilumionate/Ilumionate.xcodeproj
    

SwiftCompile normal arm64 Compiling\ DH.swift,\ ECDH.swift,\ ANSIx963.swift,\ HKDF.swift,\ AESWrap.swift,\ AESWrap_boring.swift,\ Ed25519_boring.swift,\ NISTCurvesKeys_boring.swift,\ X25519Keys_boring.swift /Users/byronquine/Library/Developer/Xcode/DerivedData/Ilumionate-ajbhadqlvcajfnbqievdybmttsdl/SourcePackages/checkouts/swift-crypto/Sources/Crypto/Key\ Agreement/DH.swift /Users/byronquine/Library/Developer/Xcode/DerivedData/Ilumionate-ajbhadqlvcajfnbqievdybmttsdl/SourcePackages/checkouts/swift-crypto/Sources/Crypto/Key\ Agreement/ECDH.swift /Users/byronquine/Library/Developer/Xcode/DerivedData/Ilumionate-ajbhadqlvcajfnbqievdybmttsdl/SourcePackages/checkouts/swift-crypto/Sources/Crypto/Key\ Derivation/ANSIx963.swift /Users/byronquine/Library/Developer/Xcode/DerivedData/Ilumionate-ajbhadqlvcajfnbqievdybmttsdl/SourcePackages/checkouts/swift-crypto/Sources/Crypto/Key\ Derivation/HKDF.swift /Users/byronquine/Library/Developer/Xcode/DerivedData/Ilumionate-ajbhadqlvcajfnbqievdybmttsdl/SourcePackages/checkouts/swift-crypto/Sources/Crypto/Key\ Wrapping/AESWrap.swift /Users/byronquine/Library/Developer/Xcode/DerivedData/Ilumionate-ajbhadqlvcajfnbqievdybmttsdl/SourcePackages/checkouts/swift-crypto/Sources/Crypto/Key\ Wrapping/BoringSSL/AESWrap_boring.swift /Users/byronquine/Library/Developer/Xcode/DerivedData/Ilumionate-ajbhadqlvcajfnbqievdybmttsdl/SourcePackages/checkouts/swift-crypto/Sources/Crypto/Keys/EC/BoringSSL/Ed25519_boring.swift /Users/byronquine/Library/Developer/Xcode/DerivedData/Ilumionate-ajbhadqlvcajfnbqievdybmttsdl/SourcePackages/checkouts/swift-crypto/Sources/Crypto/Keys/EC/BoringSSL/NISTCurvesKeys_boring.swift /Users/byronquine/Library/Developer/Xcode/DerivedData/Ilumionate-ajbhadqlvcajfnbqievdybmttsdl/SourcePackages/checkouts/swift-crypto/Sources/Crypto/Keys/EC/BoringSSL/X25519Keys_boring.swift (in target 'Crypto' from project 'swift-crypto')

SwiftCompile normal arm64 /Users/byronquine/Library/Developer/Xcode/DerivedData/Ilumionate-ajbhadqlvcajfnbqievdybmttsdl/SourcePackages/checkouts/swift-crypto/Sources/Crypto/Key\ Agreement/DH.swift (in target 'Crypto' from project 'swift-crypto')
    cd /Users/byronquine/Documents/Programing/Swift/Practice/Ilumionate/Ilumionate.xcodeproj
    

SwiftCompile normal arm64 /Users/byronquine/Library/Developer/Xcode/DerivedData/Ilumionate-ajbhadqlvcajfnbqievdybmttsdl/SourcePackages/checkouts/swift-crypto/Sources/Crypto/Key\ Agreement/ECDH.swift (in target 'Crypto' from project 'swift-crypto')
    cd /Users/byronquine/Documents/Programing/Swift/Practice/Ilumionate/Ilumionate.xcodeproj
    

SwiftCompile normal arm64 /Users/byronquine/Library/Developer/Xcode/DerivedData/Ilumionate-ajbhadqlvcajfnbqievdybmttsdl/SourcePackages/checkouts/swift-crypto/Sources/Crypto/Key\ Derivation/ANSIx963.swift (in target 'Crypto' from project 'swift-crypto')
    cd /Users/byronquine/Documents/Programing/Swift/Practice/Ilumionate/Ilumionate.xcodeproj
    

SwiftCompile normal arm64 /Users/byronquine/Library/Developer/Xcode/DerivedData/Ilumionate-ajbhadqlvcajfnbqievdybmttsdl/SourcePackages/checkouts/swift-crypto/Sources/Crypto/Key\ Derivation/HKDF.swift (in target 'Crypto' from project 'swift-crypto')
    cd /Users/byronquine/Documents/Programing/Swift/Practice/Ilumionate/Ilumionate.xcodeproj
    

SwiftCompile normal arm64 /Users/byronquine/Library/Developer/Xcode/DerivedData/Ilumionate-ajbhadqlvcajfnbqievdybmttsdl/SourcePackages/checkouts/swift-crypto/Sources/Crypto/Key\ Wrapping/AESWrap.swift (in target 'Crypto' from project 'swift-crypto')
    cd /Users/byronquine/Documents/Programing/Swift/Practice/Ilumionate/Ilumionate.xcodeproj
    

SwiftCompile normal arm64 /Users/byronquine/Library/Developer/Xcode/DerivedData/Ilumionate-ajbhadqlvcajfnbqievdybmttsdl/SourcePackages/checkouts/swift-crypto/Sources/Crypto/Key\ Wrapping/BoringSSL/AESWrap_boring.swift (in target 'Crypto' from project 'swift-crypto')
    cd /Users/byronquine/Documents/Programing/Swift/Practice/Ilumionate/Ilumionate.xcodeproj
    

SwiftCompile normal arm64 /Users/byronquine/Library/Developer/Xcode/DerivedData/Ilumionate-ajbhadqlvcajfnbqievdybmttsdl/SourcePackages/checkouts/swift-crypto/Sources/Crypto/Keys/EC/BoringSSL/Ed25519_boring.swift (in target 'Crypto' from project 'swift-crypto')
    cd /Users/byronquine/Documents/Programing/Swift/Practice/Ilumionate/Ilumionate.xcodeproj
    

SwiftCompile normal arm64 /Users/byronquine/Library/Developer/Xcode/DerivedData/Ilumionate-ajbhadqlvcajfnbqievdybmttsdl/SourcePackages/checkouts/swift-crypto/Sources/Crypto/Keys/EC/BoringSSL/NISTCurvesKeys_boring.swift (in target 'Crypto' from project 'swift-crypto')
    cd /Users/byronquine/Documents/Programing/Swift/Practice/Ilumionate/Ilumionate.xcodeproj
    

SwiftCompile normal arm64 /Users/byronquine/Library/Developer/Xcode/DerivedData/Ilumionate-ajbhadqlvcajfnbqievdybmttsdl/SourcePackages/checkouts/swift-crypto/Sources/Crypto/Keys/EC/BoringSSL/X25519Keys_boring.swift (in target 'Crypto' from project 'swift-crypto')
    cd /Users/byronquine/Documents/Programing/Swift/Practice/Ilumionate/Ilumionate.xcodeproj
    

SwiftDriverJobDiscovery normal arm64 Compiling UnsafeMutableBufferPointer+Extras.swift (in target 'InternalCollectionsUtilities' from project 'swift-collections')

SwiftCompile normal arm64 Compiling\ HPKE-KEM-Curve25519.swift,\ HPKE-NIST-EC-KEMs.swift,\ HPKE-KEM.swift,\ HPKE-Errors.swift,\ HPKE.swift,\ HPKE-Context.swift,\ HPKE-KeySchedule.swift,\ HPKE-Modes.swift,\ Insecure.swift /Users/byronquine/Library/Developer/Xcode/DerivedData/Ilumionate-ajbhadqlvcajfnbqievdybmttsdl/SourcePackages/checkouts/swift-crypto/Sources/Crypto/HPKE/Ciphersuite/KEM/Conformances/HPKE-KEM-Curve25519.swift /Users/byronquine/Library/Developer/Xcode/DerivedData/Ilumionate-ajbhadqlvcajfnbqievdybmttsdl/SourcePackages/checkouts/swift-crypto/Sources/Crypto/HPKE/Ciphersuite/KEM/Conformances/HPKE-NIST-EC-KEMs.swift /Users/byronquine/Library/Developer/Xcode/DerivedData/Ilumionate-ajbhadqlvcajfnbqievdybmttsdl/SourcePackages/checkouts/swift-crypto/Sources/Crypto/HPKE/Ciphersuite/KEM/HPKE-KEM.swift /Users/byronquine/Library/Developer/Xcode/DerivedData/Ilumionate-ajbhadqlvcajfnbqievdybmttsdl/SourcePackages/checkouts/swift-crypto/Sources/Crypto/HPKE/HPKE-Errors.swift /Users/byronquine/Library/Developer/Xcode/DerivedData/Ilumionate-ajbhadqlvcajfnbqievdybmttsdl/SourcePackages/checkouts/swift-crypto/Sources/Crypto/HPKE/HPKE.swift /Users/byronquine/Library/Developer/Xcode/DerivedData/Ilumionate-ajbhadqlvcajfnbqievdybmttsdl/SourcePackages/checkouts/swift-crypto/Sources/Crypto/HPKE/Key\ Schedule/HPKE-Context.swift /Users/byronquine/Library/Developer/Xcode/DerivedData/Ilumionate-ajbhadqlvcajfnbqievdybmttsdl/SourcePackages/checkouts/swift-crypto/Sources/Crypto/HPKE/Key\ Schedule/HPKE-KeySchedule.swift /Users/byronquine/Library/Developer/Xcode/DerivedData/Ilumionate-ajbhadqlvcajfnbqievdybmttsdl/SourcePackages/checkouts/swift-crypto/Sources/Crypto/HPKE/Modes/HPKE-Modes.swift /Users/byronquine/Library/Developer/Xcode/DerivedData/Ilumionate-ajbhadqlvcajfnbqievdybmttsdl/SourcePackages/checkouts/swift-crypto/Sources/Crypto/Insecure/Insecure.swift (in target 'Crypto' from project 'swift-crypto')

SwiftCompile normal arm64 /Users/byronquine/Library/Developer/Xcode/DerivedData/Ilumionate-ajbhadqlvcajfnbqievdybmttsdl/SourcePackages/checkouts/swift-crypto/Sources/Crypto/HPKE/Ciphersuite/KEM/Conformances/HPKE-KEM-Curve25519.swift (in target 'Crypto' from project 'swift-crypto')
    cd /Users/byronquine/Documents/Programing/Swift/Practice/Ilumionate/Ilumionate.xcodeproj
    

SwiftCompile normal arm64 /Users/byronquine/Library/Developer/Xcode/DerivedData/Ilumionate-ajbhadqlvcajfnbqievdybmttsdl/SourcePackages/checkouts/swift-crypto/Sources/Crypto/HPKE/Ciphersuite/KEM/Conformances/HPKE-NIST-EC-KEMs.swift (in target 'Crypto' from project 'swift-crypto')
    cd /Users/byronquine/Documents/Programing/Swift/Practice/Ilumionate/Ilumionate.xcodeproj
    

SwiftCompile normal arm64 /Users/byronquine/Library/Developer/Xcode/DerivedData/Ilumionate-ajbhadqlvcajfnbqievdybmttsdl/SourcePackages/checkouts/swift-crypto/Sources/Crypto/HPKE/Ciphersuite/KEM/HPKE-KEM.swift (in target 'Crypto' from project 'swift-crypto')
    cd /Users/byronquine/Documents/Programing/Swift/Practice/Ilumionate/Ilumionate.xcodeproj
    

SwiftCompile normal arm64 /Users/byronquine/Library/Developer/Xcode/DerivedData/Ilumionate-ajbhadqlvcajfnbqievdybmttsdl/SourcePackages/checkouts/swift-crypto/Sources/Crypto/HPKE/HPKE-Errors.swift (in target 'Crypto' from project 'swift-crypto')
    cd /Users/byronquine/Documents/Programing/Swift/Practice/Ilumionate/Ilumionate.xcodeproj
    

SwiftCompile normal arm64 /Users/byronquine/Library/Developer/Xcode/DerivedData/Ilumionate-ajbhadqlvcajfnbqievdybmttsdl/SourcePackages/checkouts/swift-crypto/Sources/Crypto/HPKE/HPKE.swift (in target 'Crypto' from project 'swift-crypto')
    cd /Users/byronquine/Documents/Programing/Swift/Practice/Ilumionate/Ilumionate.xcodeproj
    

SwiftCompile normal arm64 /Users/byronquine/Library/Developer/Xcode/DerivedData/Ilumionate-ajbhadqlvcajfnbqievdybmttsdl/SourcePackages/checkouts/swift-crypto/Sources/Crypto/HPKE/Key\ Schedule/HPKE-Context.swift (in target 'Crypto' from project 'swift-crypto')
    cd /Users/byronquine/Documents/Programing/Swift/Practice/Ilumionate/Ilumionate.xcodeproj
    

SwiftCompile normal arm64 /Users/byronquine/Library/Developer/Xcode/DerivedData/Ilumionate-ajbhadqlvcajfnbqievdybmttsdl/SourcePackages/checkouts/swift-crypto/Sources/Crypto/HPKE/Key\ Schedule/HPKE-KeySchedule.swift (in target 'Crypto' from project 'swift-crypto')
    cd /Users/byronquine/Documents/Programing/Swift/Practice/Ilumionate/Ilumionate.xcodeproj
    

SwiftCompile normal arm64 /Users/byronquine/Library/Developer/Xcode/DerivedData/Ilumionate-ajbhadqlvcajfnbqievdybmttsdl/SourcePackages/checkouts/swift-crypto/Sources/Crypto/HPKE/Modes/HPKE-Modes.swift (in target 'Crypto' from project 'swift-crypto')
    cd /Users/byronquine/Documents/Programing/Swift/Practice/Ilumionate/Ilumionate.xcodeproj
    

SwiftCompile normal arm64 /Users/byronquine/Library/Developer/Xcode/DerivedData/Ilumionate-ajbhadqlvcajfnbqievdybmttsdl/SourcePackages/checkouts/swift-crypto/Sources/Crypto/Insecure/Insecure.swift (in target 'Crypto' from project 'swift-crypto')
    cd /Users/byronquine/Documents/Programing/Swift/Practice/Ilumionate/Ilumionate.xcodeproj
    

SwiftDriverJobDiscovery normal arm64 Compiling UnsafeRawBufferPointer+Extras.swift (in target 'InternalCollectionsUtilities' from project 'swift-collections')

SwiftCompile normal arm64 Compiling\ Curve25519.swift,\ Ed25519Keys.swift,\ NISTCurvesKeys.swift,\ X25519Keys.swift,\ SymmetricKeys.swift,\ HMAC.swift,\ MACFunctions.swift,\ MessageAuthenticationCode.swift,\ AES.swift /Users/byronquine/Library/Developer/Xcode/DerivedData/Ilumionate-ajbhadqlvcajfnbqievdybmttsdl/SourcePackages/checkouts/swift-crypto/Sources/Crypto/Keys/EC/Curve25519.swift /Users/byronquine/Library/Developer/Xcode/DerivedData/Ilumionate-ajbhadqlvcajfnbqievdybmttsdl/SourcePackages/checkouts/swift-crypto/Sources/Crypto/Keys/EC/Ed25519Keys.swift /Users/byronquine/Library/Developer/Xcode/DerivedData/Ilumionate-ajbhadqlvcajfnbqievdybmttsdl/SourcePackages/checkouts/swift-crypto/Sources/Crypto/Keys/EC/NISTCurvesKeys.swift /Users/byronquine/Library/Developer/Xcode/DerivedData/Ilumionate-ajbhadqlvcajfnbqievdybmttsdl/SourcePackages/checkouts/swift-crypto/Sources/Crypto/Keys/EC/X25519Keys.swift /Users/byronquine/Library/Developer/Xcode/DerivedData/Ilumionate-ajbhadqlvcajfnbqievdybmttsdl/SourcePackages/checkouts/swift-crypto/Sources/Crypto/Keys/Symmetric/SymmetricKeys.swift /Users/byronquine/Library/Developer/Xcode/DerivedData/Ilumionate-ajbhadqlvcajfnbqievdybmttsdl/SourcePackages/checkouts/swift-crypto/Sources/Crypto/Message\ Authentication\ Codes/HMAC/HMAC.swift /Users/byronquine/Library/Developer/Xcode/DerivedData/Ilumionate-ajbhadqlvcajfnbqievdybmttsdl/SourcePackages/checkouts/swift-crypto/Sources/Crypto/Message\ Authentication\ Codes/MACFunctions.swift /Users/byronquine/Library/Developer/Xcode/DerivedData/Ilumionate-ajbhadqlvcajfnbqievdybmttsdl/SourcePackages/checkouts/swift-crypto/Sources/Crypto/Message\ Authentication\ Codes/MessageAuthenticationCode.swift /Users/byronquine/Library/Developer/Xcode/DerivedData/Ilumionate-ajbhadqlvcajfnbqievdybmttsdl/SourcePackages/checkouts/swift-crypto/Sources/Crypto/PRF/AES.swift (in target 'Crypto' from project 'swift-crypto')

SwiftCompile normal arm64 /Users/byronquine/Library/Developer/Xcode/DerivedData/Ilumionate-ajbhadqlvcajfnbqievdybmttsdl/SourcePackages/checkouts/swift-crypto/Sources/Crypto/Keys/EC/Curve25519.swift (in target 'Crypto' from project 'swift-crypto')
    cd /Users/byronquine/Documents/Programing/Swift/Practice/Ilumionate/Ilumionate.xcodeproj
    

SwiftCompile normal arm64 /Users/byronquine/Library/Developer/Xcode/DerivedData/Ilumionate-ajbhadqlvcajfnbqievdybmttsdl/SourcePackages/checkouts/swift-crypto/Sources/Crypto/Keys/EC/Ed25519Keys.swift (in target 'Crypto' from project 'swift-crypto')
    cd /Users/byronquine/Documents/Programing/Swift/Practice/Ilumionate/Ilumionate.xcodeproj
    

SwiftCompile normal arm64 /Users/byronquine/Library/Developer/Xcode/DerivedData/Ilumionate-ajbhadqlvcajfnbqievdybmttsdl/SourcePackages/checkouts/swift-crypto/Sources/Crypto/Keys/EC/NISTCurvesKeys.swift (in target 'Crypto' from project 'swift-crypto')
    cd /Users/byronquine/Documents/Programing/Swift/Practice/Ilumionate/Ilumionate.xcodeproj
    

SwiftCompile normal arm64 /Users/byronquine/Library/Developer/Xcode/DerivedData/Ilumionate-ajbhadqlvcajfnbqievdybmttsdl/SourcePackages/checkouts/swift-crypto/Sources/Crypto/Keys/EC/X25519Keys.swift (in target 'Crypto' from project 'swift-crypto')
    cd /Users/byronquine/Documents/Programing/Swift/Practice/Ilumionate/Ilumionate.xcodeproj
    

SwiftCompile normal arm64 /Users/byronquine/Library/Developer/Xcode/DerivedData/Ilumionate-ajbhadqlvcajfnbqievdybmttsdl/SourcePackages/checkouts/swift-crypto/Sources/Crypto/Keys/Symmetric/SymmetricKeys.swift (in target 'Crypto' from project 'swift-crypto')
    cd /Users/byronquine/Documents/Programing/Swift/Practice/Ilumionate/Ilumionate.xcodeproj
    

SwiftCompile normal arm64 /Users/byronquine/Library/Developer/Xcode/DerivedData/Ilumionate-ajbhadqlvcajfnbqievdybmttsdl/SourcePackages/checkouts/swift-crypto/Sources/Crypto/Message\ Authentication\ Codes/HMAC/HMAC.swift (in target 'Crypto' from project 'swift-crypto')
    cd /Users/byronquine/Documents/Programing/Swift/Practice/Ilumionate/Ilumionate.xcodeproj
    

SwiftCompile normal arm64 /Users/byronquine/Library/Developer/Xcode/DerivedData/Ilumionate-ajbhadqlvcajfnbqievdybmttsdl/SourcePackages/checkouts/swift-crypto/Sources/Crypto/Message\ Authentication\ Codes/MACFunctions.swift (in target 'Crypto' from project 'swift-crypto')
    cd /Users/byronquine/Documents/Programing/Swift/Practice/Ilumionate/Ilumionate.xcodeproj
    

SwiftCompile normal arm64 /Users/byronquine/Library/Developer/Xcode/DerivedData/Ilumionate-ajbhadqlvcajfnbqievdybmttsdl/SourcePackages/checkouts/swift-crypto/Sources/Crypto/Message\ Authentication\ Codes/MessageAuthenticationCode.swift (in target 'Crypto' from project 'swift-crypto')
    cd /Users/byronquine/Documents/Programing/Swift/Practice/Ilumionate/Ilumionate.xcodeproj
    

SwiftCompile normal arm64 /Users/byronquine/Library/Developer/Xcode/DerivedData/Ilumionate-ajbhadqlvcajfnbqievdybmttsdl/SourcePackages/checkouts/swift-crypto/Sources/Crypto/PRF/AES.swift (in target 'Crypto' from project 'swift-crypto')
    cd /Users/byronquine/Documents/Programing/Swift/Practice/Ilumionate/Ilumionate.xcodeproj
    

SwiftDriverJobDiscovery normal arm64 Compiling FixedWidthInteger+roundUpToPowerOfTwo.swift, Integer rank.swift (in target 'InternalCollectionsUtilities' from project 'swift-collections')

SwiftCompile normal arm64 Compiling\ HashFunctions_SHA2.swift,\ HashFunctions_SHA3.swift,\ Digest_xkcp.swift,\ HPKE-AEAD.swift,\ HPKE-Ciphersuite.swift,\ HPKE-KDF.swift,\ HPKE-KexKeyDerivation.swift,\ HPKE-LabeledExtract.swift,\ HPKE-Utils.swift,\ DHKEM.swift /Users/byronquine/Library/Developer/Xcode/DerivedData/Ilumionate-ajbhadqlvcajfnbqievdybmttsdl/SourcePackages/checkouts/swift-crypto/Sources/Crypto/Digests/HashFunctions_SHA2.swift /Users/byronquine/Library/Developer/Xcode/DerivedData/Ilumionate-ajbhadqlvcajfnbqievdybmttsdl/SourcePackages/checkouts/swift-crypto/Sources/Crypto/Digests/HashFunctions_SHA3.swift /Users/byronquine/Library/Developer/Xcode/DerivedData/Ilumionate-ajbhadqlvcajfnbqievdybmttsdl/SourcePackages/checkouts/swift-crypto/Sources/Crypto/Digests/XKCP/Digest_xkcp.swift /Users/byronquine/Library/Developer/Xcode/DerivedData/Ilumionate-ajbhadqlvcajfnbqievdybmttsdl/SourcePackages/checkouts/swift-crypto/Sources/Crypto/HPKE/Ciphersuite/HPKE-AEAD.swift /Users/byronquine/Library/Developer/Xcode/DerivedData/Ilumionate-ajbhadqlvcajfnbqievdybmttsdl/SourcePackages/checkouts/swift-crypto/Sources/Crypto/HPKE/Ciphersuite/HPKE-Ciphersuite.swift /Users/byronquine/Library/Developer/Xcode/DerivedData/Ilumionate-ajbhadqlvcajfnbqievdybmttsdl/SourcePackages/checkouts/swift-crypto/Sources/Crypto/HPKE/Ciphersuite/HPKE-KDF.swift /Users/byronquine/Library/Developer/Xcode/DerivedData/Ilumionate-ajbhadqlvcajfnbqievdybmttsdl/SourcePackages/checkouts/swift-crypto/Sources/Crypto/HPKE/Ciphersuite/HPKE-KexKeyDerivation.swift /Users/byronquine/Library/Developer/Xcode/DerivedData/Ilumionate-ajbhadqlvcajfnbqievdybmttsdl/SourcePackages/checkouts/swift-crypto/Sources/Crypto/HPKE/Ciphersuite/HPKE-LabeledExtract.swift /Users/byronquine/Library/Developer/Xcode/DerivedData/Ilumionate-ajbhadqlvcajfnbqievdybmttsdl/SourcePackages/checkouts/swift-crypto/Sources/Crypto/HPKE/Ciphersuite/HPKE-Utils.swift /Users/byronquine/Library/Developer/Xcode/DerivedData/Ilumionate-ajbhadqlvcajfnbqievdybmttsdl/SourcePackages/checkouts/swift-crypto/Sources/Crypto/HPKE/Ciphersuite/KEM/Conformances/DHKEM.swift (in target 'Crypto' from project 'swift-crypto')

SwiftCompile normal arm64 /Users/byronquine/Library/Developer/Xcode/DerivedData/Ilumionate-ajbhadqlvcajfnbqievdybmttsdl/SourcePackages/checkouts/swift-crypto/Sources/Crypto/Digests/HashFunctions_SHA2.swift (in target 'Crypto' from project 'swift-crypto')
    cd /Users/byronquine/Documents/Programing/Swift/Practice/Ilumionate/Ilumionate.xcodeproj
    

SwiftCompile normal arm64 /Users/byronquine/Library/Developer/Xcode/DerivedData/Ilumionate-ajbhadqlvcajfnbqievdybmttsdl/SourcePackages/checkouts/swift-crypto/Sources/Crypto/Digests/HashFunctions_SHA3.swift (in target 'Crypto' from project 'swift-crypto')
    cd /Users/byronquine/Documents/Programing/Swift/Practice/Ilumionate/Ilumionate.xcodeproj
    

SwiftCompile normal arm64 /Users/byronquine/Library/Developer/Xcode/DerivedData/Ilumionate-ajbhadqlvcajfnbqievdybmttsdl/SourcePackages/checkouts/swift-crypto/Sources/Crypto/Digests/XKCP/Digest_xkcp.swift (in target 'Crypto' from project 'swift-crypto')
    cd /Users/byronquine/Documents/Programing/Swift/Practice/Ilumionate/Ilumionate.xcodeproj
    

SwiftCompile normal arm64 /Users/byronquine/Library/Developer/Xcode/DerivedData/Ilumionate-ajbhadqlvcajfnbqievdybmttsdl/SourcePackages/checkouts/swift-crypto/Sources/Crypto/HPKE/Ciphersuite/HPKE-AEAD.swift (in target 'Crypto' from project 'swift-crypto')
    cd /Users/byronquine/Documents/Programing/Swift/Practice/Ilumionate/Ilumionate.xcodeproj
    

SwiftCompile normal arm64 /Users/byronquine/Library/Developer/Xcode/DerivedData/Ilumionate-ajbhadqlvcajfnbqievdybmttsdl/SourcePackages/checkouts/swift-crypto/Sources/Crypto/HPKE/Ciphersuite/HPKE-Ciphersuite.swift (in target 'Crypto' from project 'swift-crypto')
    cd /Users/byronquine/Documents/Programing/Swift/Practice/Ilumionate/Ilumionate.xcodeproj
    

SwiftCompile normal arm64 /Users/byronquine/Library/Developer/Xcode/DerivedData/Ilumionate-ajbhadqlvcajfnbqievdybmttsdl/SourcePackages/checkouts/swift-crypto/Sources/Crypto/HPKE/Ciphersuite/HPKE-KDF.swift (in target 'Crypto' from project 'swift-crypto')
    cd /Users/byronquine/Documents/Programing/Swift/Practice/Ilumionate/Ilumionate.xcodeproj
    

SwiftCompile normal arm64 /Users/byronquine/Library/Developer/Xcode/DerivedData/Ilumionate-ajbhadqlvcajfnbqievdybmttsdl/SourcePackages/checkouts/swift-crypto/Sources/Crypto/HPKE/Ciphersuite/HPKE-KexKeyDerivation.swift (in target 'Crypto' from project 'swift-crypto')
    cd /Users/byronquine/Documents/Programing/Swift/Practice/Ilumionate/Ilumionate.xcodeproj
    

SwiftCompile normal arm64 /Users/byronquine/Library/Developer/Xcode/DerivedData/Ilumionate-ajbhadqlvcajfnbqievdybmttsdl/SourcePackages/checkouts/swift-crypto/Sources/Crypto/HPKE/Ciphersuite/HPKE-LabeledExtract.swift (in target 'Crypto' from project 'swift-crypto')
    cd /Users/byronquine/Documents/Programing/Swift/Practice/Ilumionate/Ilumionate.xcodeproj
    

SwiftCompile normal arm64 /Users/byronquine/Library/Developer/Xcode/DerivedData/Ilumionate-ajbhadqlvcajfnbqievdybmttsdl/SourcePackages/checkouts/swift-crypto/Sources/Crypto/HPKE/Ciphersuite/HPKE-Utils.swift (in target 'Crypto' from project 'swift-crypto')
    cd /Users/byronquine/Documents/Programing/Swift/Practice/Ilumionate/Ilumionate.xcodeproj
    

SwiftCompile normal arm64 /Users/byronquine/Library/Developer/Xcode/DerivedData/Ilumionate-ajbhadqlvcajfnbqievdybmttsdl/SourcePackages/checkouts/swift-crypto/Sources/Crypto/HPKE/Ciphersuite/KEM/Conformances/DHKEM.swift (in target 'Crypto' from project 'swift-crypto')
    cd /Users/byronquine/Documents/Programing/Swift/Practice/Ilumionate/Ilumionate.xcodeproj
    

SwiftDriverJobDiscovery normal arm64 Compiling _UnsafeBitSet.swift, _SortedCollection.swift (in target 'InternalCollectionsUtilities' from project 'swift-collections')

SwiftCompile normal arm64 Compiling\ ASN1Boolean.swift,\ ASN1Identifier.swift,\ ASN1Integer.swift,\ ASN1Null.swift,\ ASN1OctetString.swift,\ ASN1Strings.swift,\ ArraySliceBigint.swift,\ GeneralizedTime.swift,\ ObjectIdentifier.swift,\ ECDSASignature.swift /Users/byronquine/Library/Developer/Xcode/DerivedData/Ilumionate-ajbhadqlvcajfnbqievdybmttsdl/SourcePackages/checkouts/swift-crypto/Sources/Crypto/ASN1/Basic\ ASN1\ Types/ASN1Boolean.swift /Users/byronquine/Library/Developer/Xcode/DerivedData/Ilumionate-ajbhadqlvcajfnbqievdybmttsdl/SourcePackages/checkouts/swift-crypto/Sources/Crypto/ASN1/Basic\ ASN1\ Types/ASN1Identifier.swift /Users/byronquine/Library/Developer/Xcode/DerivedData/Ilumionate-ajbhadqlvcajfnbqievdybmttsdl/SourcePackages/checkouts/swift-crypto/Sources/Crypto/ASN1/Basic\ ASN1\ Types/ASN1Integer.swift /Users/byronquine/Library/Developer/Xcode/DerivedData/Ilumionate-ajbhadqlvcajfnbqievdybmttsdl/SourcePackages/checkouts/swift-crypto/Sources/Crypto/ASN1/Basic\ ASN1\ Types/ASN1Null.swift /Users/byronquine/Library/Developer/Xcode/DerivedData/Ilumionate-ajbhadqlvcajfnbqievdybmttsdl/SourcePackages/checkouts/swift-crypto/Sources/Crypto/ASN1/Basic\ ASN1\ Types/ASN1OctetString.swift /Users/byronquine/Library/Developer/Xcode/DerivedData/Ilumionate-ajbhadqlvcajfnbqievdybmttsdl/SourcePackages/checkouts/swift-crypto/Sources/Crypto/ASN1/Basic\ ASN1\ Types/ASN1Strings.swift /Users/byronquine/Library/Developer/Xcode/DerivedData/Ilumionate-ajbhadqlvcajfnbqievdybmttsdl/SourcePackages/checkouts/swift-crypto/Sources/Crypto/ASN1/Basic\ ASN1\ Types/ArraySliceBigint.swift /Users/byronquine/Library/Developer/Xcode/DerivedData/Ilumionate-ajbhadqlvcajfnbqievdybmttsdl/SourcePackages/checkouts/swift-crypto/Sources/Crypto/ASN1/Basic\ ASN1\ Types/GeneralizedTime.swift /Users/byronquine/Library/Developer/Xcode/DerivedData/Ilumionate-ajbhadqlvcajfnbqievdybmttsdl/SourcePackages/checkouts/swift-crypto/Sources/Crypto/ASN1/Basic\ ASN1\ Types/ObjectIdentifier.swift /Users/byronquine/Library/Developer/Xcode/DerivedData/Ilumionate-ajbhadqlvcajfnbqievdybmttsdl/SourcePackages/checkouts/swift-crypto/Sources/Crypto/ASN1/ECDSASignature.swift (in target 'Crypto' from project 'swift-crypto')

SwiftCompile normal arm64 /Users/byronquine/Library/Developer/Xcode/DerivedData/Ilumionate-ajbhadqlvcajfnbqievdybmttsdl/SourcePackages/checkouts/swift-crypto/Sources/Crypto/ASN1/Basic\ ASN1\ Types/ASN1Boolean.swift (in target 'Crypto' from project 'swift-crypto')
    cd /Users/byronquine/Documents/Programing/Swift/Practice/Ilumionate/Ilumionate.xcodeproj
    

SwiftCompile normal arm64 /Users/byronquine/Library/Developer/Xcode/DerivedData/Ilumionate-ajbhadqlvcajfnbqievdybmttsdl/SourcePackages/checkouts/swift-crypto/Sources/Crypto/ASN1/Basic\ ASN1\ Types/ASN1Identifier.swift (in target 'Crypto' from project 'swift-crypto')
    cd /Users/byronquine/Documents/Programing/Swift/Practice/Ilumionate/Ilumionate.xcodeproj
    

SwiftCompile normal arm64 /Users/byronquine/Library/Developer/Xcode/DerivedData/Ilumionate-ajbhadqlvcajfnbqievdybmttsdl/SourcePackages/checkouts/swift-crypto/Sources/Crypto/ASN1/Basic\ ASN1\ Types/ASN1Integer.swift (in target 'Crypto' from project 'swift-crypto')
    cd /Users/byronquine/Documents/Programing/Swift/Practice/Ilumionate/Ilumionate.xcodeproj
    

SwiftCompile normal arm64 /Users/byronquine/Library/Developer/Xcode/DerivedData/Ilumionate-ajbhadqlvcajfnbqievdybmttsdl/SourcePackages/checkouts/swift-crypto/Sources/Crypto/ASN1/Basic\ ASN1\ Types/ASN1Null.swift (in target 'Crypto' from project 'swift-crypto')
    cd /Users/byronquine/Documents/Programing/Swift/Practice/Ilumionate/Ilumionate.xcodeproj
    

SwiftCompile normal arm64 /Users/byronquine/Library/Developer/Xcode/DerivedData/Ilumionate-ajbhadqlvcajfnbqievdybmttsdl/SourcePackages/checkouts/swift-crypto/Sources/Crypto/ASN1/Basic\ ASN1\ Types/ASN1OctetString.swift (in target 'Crypto' from project 'swift-crypto')
    cd /Users/byronquine/Documents/Programing/Swift/Practice/Ilumionate/Ilumionate.xcodeproj
    

SwiftCompile normal arm64 /Users/byronquine/Library/Developer/Xcode/DerivedData/Ilumionate-ajbhadqlvcajfnbqievdybmttsdl/SourcePackages/checkouts/swift-crypto/Sources/Crypto/ASN1/Basic\ ASN1\ Types/ASN1Strings.swift (in target 'Crypto' from project 'swift-crypto')
    cd /Users/byronquine/Documents/Programing/Swift/Practice/Ilumionate/Ilumionate.xcodeproj
    

SwiftCompile normal arm64 /Users/byronquine/Library/Developer/Xcode/DerivedData/Ilumionate-ajbhadqlvcajfnbqievdybmttsdl/SourcePackages/checkouts/swift-crypto/Sources/Crypto/ASN1/Basic\ ASN1\ Types/ArraySliceBigint.swift (in target 'Crypto' from project 'swift-crypto')
    cd /Users/byronquine/Documents/Programing/Swift/Practice/Ilumionate/Ilumionate.xcodeproj
    

SwiftCompile normal arm64 /Users/byronquine/Library/Developer/Xcode/DerivedData/Ilumionate-ajbhadqlvcajfnbqievdybmttsdl/SourcePackages/checkouts/swift-crypto/Sources/Crypto/ASN1/Basic\ ASN1\ Types/GeneralizedTime.swift (in target 'Crypto' from project 'swift-crypto')
    cd /Users/byronquine/Documents/Programing/Swift/Practice/Ilumionate/Ilumionate.xcodeproj
    

SwiftCompile normal arm64 /Users/byronquine/Library/Developer/Xcode/DerivedData/Ilumionate-ajbhadqlvcajfnbqievdybmttsdl/SourcePackages/checkouts/swift-crypto/Sources/Crypto/ASN1/Basic\ ASN1\ Types/ObjectIdentifier.swift (in target 'Crypto' from project 'swift-crypto')
    cd /Users/byronquine/Documents/Programing/Swift/Practice/Ilumionate/Ilumionate.xcodeproj
    

SwiftCompile normal arm64 /Users/byronquine/Library/Developer/Xcode/DerivedData/Ilumionate-ajbhadqlvcajfnbqievdybmttsdl/SourcePackages/checkouts/swift-crypto/Sources/Crypto/ASN1/ECDSASignature.swift (in target 'Crypto' from project 'swift-crypto')
    cd /Users/byronquine/Documents/Programing/Swift/Practice/Ilumionate/Ilumionate.xcodeproj
    

SwiftDriverJobDiscovery normal arm64 Emitting module for InternalCollectionsUtilities (in target 'InternalCollectionsUtilities' from project 'swift-collections')

SwiftDriver\ Compilation\ Requirements InternalCollectionsUtilities normal arm64 com.apple.xcode.tools.swift.compiler (in target 'InternalCollectionsUtilities' from project 'swift-collections')
    cd /Users/byronquine/Documents/Programing/Swift/Practice/Ilumionate/Ilumionate.xcodeproj
    builtin-Swift-Compilation-Requirements -- /Applications/Xcode\ 26.3\ Beta.app/Contents/Developer/Toolchains/XcodeDefault.xctoolchain/usr/bin/swiftc -module-name InternalCollectionsUtilities -Onone -enforce-exclusivity\=checked @/Users/byronquine/Library/Developer/Xcode/DerivedData/Ilumionate-ajbhadqlvcajfnbqievdybmttsdl/Build/Intermediates.noindex/swift-collections.build/Debug-iphoneos/InternalCollectionsUtilities.build/Objects-normal/arm64/InternalCollectionsUtilities.SwiftFileList -DSWIFT_PACKAGE -DDEBUG -DSWIFT_MODULE_RESOURCE_BUNDLE_UNAVAILABLE -DCOLLECTIONS_RANDOMIZED_TESTING -DXcode -enable-experimental-feature AvailabilityMacro\=SwiftStdlib\ 5.0:\ macOS\ 10.14.4,\ iOS\ 12.2,\ watchOS\ 5.2,\ tvOS\ 12.2 -enable-experimental-feature AvailabilityMacro\=SwiftStdlib\ 5.1:\ macOS\ 10.15,\ iOS\ 13.0,\ watchOS\ 6.0,\ tvOS\ 13.0 -enable-experimental-feature AvailabilityMacro\=SwiftStdlib\ 5.6:\ macOS\ 12.3,\ iOS\ 15.4,\ watchOS\ 8.5,\ tvOS\ 15.4 -enable-experimental-feature AvailabilityMacro\=SwiftStdlib\ 5.8:\ macOS\ 13.3,\ iOS\ 16.4,\ watchOS\ 9.4,\ tvOS\ 16.4 -enable-experimental-feature AvailabilityMacro\=SwiftStdlib\ 5.9:\ macOS\ 14.0,\ iOS\ 17.0,\ watchOS\ 10.0,\ tvOS\ 17.0 -enable-experimental-feature AvailabilityMacro\=SwiftStdlib\ 5.10:\ macOS\ 14.4,\ iOS\ 17.4,\ watchOS\ 10.4,\ tvOS\ 17.4,\ visionOS\ 1.1 -enable-experimental-feature AvailabilityMacro\=SwiftStdlib\ 6.0:\ macOS\ 15.0,\ iOS\ 18.0,\ watchOS\ 11.0,\ tvOS\ 18.0,\ visionOS\ 2.0 -enable-experimental-feature AvailabilityMacro\=SwiftStdlib\ 6.1:\ macOS\ 15.4,\ iOS\ 18.4,\ watchOS\ 11.4,\ tvOS\ 18.4,\ visionOS\ 2.4 -enable-experimental-feature AvailabilityMacro\=SwiftStdlib\ 6.2:\ macOS\ 26.0,\ iOS\ 26.0,\ watchOS\ 26.0,\ tvOS\ 26.0,\ visionOS\ 26.0 -enable-upcoming-feature MemberImportVisibility -enable-experimental-feature BuiltinModule -enable-experimental-feature Lifetimes -enable-experimental-feature InoutLifetimeDependence -enable-experimental-feature SuppressedAssociatedTypes -plugin-path /Applications/Xcode\ 26.3\ Beta.app/Contents/Developer/Toolchains/XcodeDefault.xctoolchain/usr/lib/swift/host/plugins/testing -enable-experimental-feature DebugDescriptionMacro -sdk /Applications/Xcode\ 26.3\ Beta.app/Contents/Developer/Platforms/iPhoneOS.platform/Developer/SDKs/iPhoneOS26.2.sdk -target arm64-apple-ios12.0 -g -module-cache-path /Users/byronquine/Library/Developer/Xcode/DerivedData/ModuleCache.noindex -Xfrontend -serialize-debugging-options -profile-coverage-mapping -profile-generate -enable-testing -suppress-warnings -index-store-path /Users/byronquine/Library/Developer/Xcode/DerivedData/Ilumionate-ajbhadqlvcajfnbqievdybmttsdl/Index.noindex/DataStore -Xcc -D_LIBCPP_HARDENING_MODE\=_LIBCPP_HARDENING_MODE_DEBUG -swift-version 6 -I /Users/byronquine/Library/Developer/Xcode/DerivedData/Ilumionate-ajbhadqlvcajfnbqievdybmttsdl/Build/Products/Debug-iphoneos -Isystem /Applications/Xcode\ 26.3\ Beta.app/Contents/Developer/Platforms/iPhoneOS.platform/Developer/usr/lib -F /Users/byronquine/Library/Developer/Xcode/DerivedData/Ilumionate-ajbhadqlvcajfnbqievdybmttsdl/Build/Products/Debug-iphoneos -F /Applications/Xcode\ 26.3\ Beta.app/Contents/Developer/Platforms/iPhoneOS.platform/Developer/Library/Frameworks -F /Applications/Xcode\ 26.3\ Beta.app/Contents/Developer/Platforms/iPhoneOS.platform/Developer/SDKs/iPhoneOS26.2.sdk/Developer/Library/Frameworks -c -j10 -enable-batch-mode -incremental -Xcc -ivfsstatcache -Xcc /Users/byronquine/Library/Developer/Xcode/DerivedData/SDKStatCaches.noindex/iphoneos26.2-23C57-e8867d0c40613ffc63e0238af232dc50d4d6ee3f8374c9c9b8dccfd0b4476fca.sdkstatcache -output-file-map /Users/byronquine/Library/Developer/Xcode/DerivedData/Ilumionate-ajbhadqlvcajfnbqievdybmttsdl/Build/Intermediates.noindex/swift-collections.build/Debug-iphoneos/InternalCollectionsUtilities.build/Objects-normal/arm64/InternalCollectionsUtilities-OutputFileMap.json -use-frontend-parseable-output -save-temps -no-color-diagnostics -explicit-module-build -module-cache-path /Users/byronquine/Library/Developer/Xcode/DerivedData/Ilumionate-ajbhadqlvcajfnbqievdybmttsdl/Build/Intermediates.noindex/SwiftExplicitPrecompiledModules -clang-scanner-module-cache-path /Users/byronquine/Library/Developer/Xcode/DerivedData/ModuleCache.noindex -sdk-module-cache-path /Users/byronquine/Library/Developer/Xcode/DerivedData/ModuleCache.noindex -serialize-diagnostics -emit-dependencies -emit-module -emit-module-path /Users/byronquine/Library/Developer/Xcode/DerivedData/Ilumionate-ajbhadqlvcajfnbqievdybmttsdl/Build/Intermediates.noindex/swift-collections.build/Debug-iphoneos/InternalCollectionsUtilities.build/Objects-normal/arm64/InternalCollectionsUtilities.swiftmodule -user-module-version 1.3.0 -validate-clang-modules-once -clang-build-session-file /Users/byronquine/Library/Developer/Xcode/DerivedData/ModuleCache.noindex/Session.modulevalidation -package-name swift_collections -Xcc -I/Users/byronquine/Library/Developer/Xcode/DerivedData/Ilumionate-ajbhadqlvcajfnbqievdybmttsdl/Build/Intermediates.noindex/swift-collections.build/Debug-iphoneos/InternalCollectionsUtilities.build/swift-overrides.hmap -emit-const-values -Xfrontend -const-gather-protocols-file -Xfrontend /Users/byronquine/Library/Developer/Xcode/DerivedData/Ilumionate-ajbhadqlvcajfnbqievdybmttsdl/Build/Intermediates.noindex/swift-collections.build/Debug-iphoneos/InternalCollectionsUtilities.build/Objects-normal/arm64/InternalCollectionsUtilities_const_extract_protocols.json -Xcc -I/Users/byronquine/Library/Developer/Xcode/DerivedData/Ilumionate-ajbhadqlvcajfnbqievdybmttsdl/Build/Products/Debug-iphoneos/include -Xcc -I/Users/byronquine/Library/Developer/Xcode/DerivedData/Ilumionate-ajbhadqlvcajfnbqievdybmttsdl/Build/Intermediates.noindex/swift-collections.build/Debug-iphoneos/InternalCollectionsUtilities.build/DerivedSources-normal/arm64 -Xcc -I/Users/byronquine/Library/Developer/Xcode/DerivedData/Ilumionate-ajbhadqlvcajfnbqievdybmttsdl/Build/Intermediates.noindex/swift-collections.build/Debug-iphoneos/InternalCollectionsUtilities.build/DerivedSources/arm64 -Xcc -I/Users/byronquine/Library/Developer/Xcode/DerivedData/Ilumionate-ajbhadqlvcajfnbqievdybmttsdl/Build/Intermediates.noindex/swift-collections.build/Debug-iphoneos/InternalCollectionsUtilities.build/DerivedSources -Xcc -DSWIFT_PACKAGE -Xcc -DDEBUG\=1 -emit-objc-header -emit-objc-header-path /Users/byronquine/Library/Developer/Xcode/DerivedData/Ilumionate-ajbhadqlvcajfnbqievdybmttsdl/Build/Intermediates.noindex/swift-collections.build/Debug-iphoneos/InternalCollectionsUtilities.build/Objects-normal/arm64/InternalCollectionsUtilities-Swift.h -working-directory /Users/byronquine/Documents/Programing/Swift/Practice/Ilumionate/Ilumionate.xcodeproj -experimental-emit-module-separately -disable-cmo

SwiftDriverJobDiscovery normal arm64 Compiling ECDSASignature_boring.swift, ECDSA_boring.swift, EdDSA_boring.swift, MLDSA_boring.swift, MLDSA_wrapper.swift, ECDSA.swift, Ed25519.swift, MLDSA.swift, Signature.swift (in target 'Crypto' from project 'swift-crypto')

SwiftCompile normal arm64 Compiling\ PEMDocument.swift,\ PKCS8PrivateKey.swift,\ SEC1PrivateKey.swift,\ SubjectPublicKeyInfo.swift,\ CryptoError_boring.swift,\ CryptoKitErrors.swift,\ Digest_boring.swift,\ Digest.swift,\ Digests.swift,\ HashFunctions.swift /Users/byronquine/Library/Developer/Xcode/DerivedData/Ilumionate-ajbhadqlvcajfnbqievdybmttsdl/SourcePackages/checkouts/swift-crypto/Sources/Crypto/ASN1/PEMDocument.swift /Users/byronquine/Library/Developer/Xcode/DerivedData/Ilumionate-ajbhadqlvcajfnbqievdybmttsdl/SourcePackages/checkouts/swift-crypto/Sources/Crypto/ASN1/PKCS8PrivateKey.swift /Users/byronquine/Library/Developer/Xcode/DerivedData/Ilumionate-ajbhadqlvcajfnbqievdybmttsdl/SourcePackages/checkouts/swift-crypto/Sources/Crypto/ASN1/SEC1PrivateKey.swift /Users/byronquine/Library/Developer/Xcode/DerivedData/Ilumionate-ajbhadqlvcajfnbqievdybmttsdl/SourcePackages/checkouts/swift-crypto/Sources/Crypto/ASN1/SubjectPublicKeyInfo.swift /Users/byronquine/Library/Developer/Xcode/DerivedData/Ilumionate-ajbhadqlvcajfnbqievdybmttsdl/SourcePackages/checkouts/swift-crypto/Sources/Crypto/CryptoError_boring.swift /Users/byronquine/Library/Developer/Xcode/DerivedData/Ilumionate-ajbhadqlvcajfnbqievdybmttsdl/SourcePackages/checkouts/swift-crypto/Sources/Crypto/CryptoKitErrors.swift /Users/byronquine/Library/Developer/Xcode/DerivedData/Ilumionate-ajbhadqlvcajfnbqievdybmttsdl/SourcePackages/checkouts/swift-crypto/Sources/Crypto/Digests/BoringSSL/Digest_boring.swift /Users/byronquine/Library/Developer/Xcode/DerivedData/Ilumionate-ajbhadqlvcajfnbqievdybmttsdl/SourcePackages/checkouts/swift-crypto/Sources/Crypto/Digests/Digest.swift /Users/byronquine/Library/Developer/Xcode/DerivedData/Ilumionate-ajbhadqlvcajfnbqievdybmttsdl/SourcePackages/checkouts/swift-crypto/Sources/Crypto/Digests/Digests.swift /Users/byronquine/Library/Developer/Xcode/DerivedData/Ilumionate-ajbhadqlvcajfnbqievdybmttsdl/SourcePackages/checkouts/swift-crypto/Sources/Crypto/Digests/HashFunctions.swift (in target 'Crypto' from project 'swift-crypto')

SwiftCompile normal arm64 /Users/byronquine/Library/Developer/Xcode/DerivedData/Ilumionate-ajbhadqlvcajfnbqievdybmttsdl/SourcePackages/checkouts/swift-crypto/Sources/Crypto/ASN1/PEMDocument.swift (in target 'Crypto' from project 'swift-crypto')
    cd /Users/byronquine/Documents/Programing/Swift/Practice/Ilumionate/Ilumionate.xcodeproj
    

SwiftCompile normal arm64 /Users/byronquine/Library/Developer/Xcode/DerivedData/Ilumionate-ajbhadqlvcajfnbqievdybmttsdl/SourcePackages/checkouts/swift-crypto/Sources/Crypto/ASN1/PKCS8PrivateKey.swift (in target 'Crypto' from project 'swift-crypto')
    cd /Users/byronquine/Documents/Programing/Swift/Practice/Ilumionate/Ilumionate.xcodeproj
    

SwiftCompile normal arm64 /Users/byronquine/Library/Developer/Xcode/DerivedData/Ilumionate-ajbhadqlvcajfnbqievdybmttsdl/SourcePackages/checkouts/swift-crypto/Sources/Crypto/ASN1/SEC1PrivateKey.swift (in target 'Crypto' from project 'swift-crypto')
    cd /Users/byronquine/Documents/Programing/Swift/Practice/Ilumionate/Ilumionate.xcodeproj
    

SwiftCompile normal arm64 /Users/byronquine/Library/Developer/Xcode/DerivedData/Ilumionate-ajbhadqlvcajfnbqievdybmttsdl/SourcePackages/checkouts/swift-crypto/Sources/Crypto/ASN1/SubjectPublicKeyInfo.swift (in target 'Crypto' from project 'swift-crypto')
    cd /Users/byronquine/Documents/Programing/Swift/Practice/Ilumionate/Ilumionate.xcodeproj
    

SwiftCompile normal arm64 /Users/byronquine/Library/Developer/Xcode/DerivedData/Ilumionate-ajbhadqlvcajfnbqievdybmttsdl/SourcePackages/checkouts/swift-crypto/Sources/Crypto/CryptoError_boring.swift (in target 'Crypto' from project 'swift-crypto')
    cd /Users/byronquine/Documents/Programing/Swift/Practice/Ilumionate/Ilumionate.xcodeproj
    

SwiftCompile normal arm64 /Users/byronquine/Library/Developer/Xcode/DerivedData/Ilumionate-ajbhadqlvcajfnbqievdybmttsdl/SourcePackages/checkouts/swift-crypto/Sources/Crypto/CryptoKitErrors.swift (in target 'Crypto' from project 'swift-crypto')
    cd /Users/byronquine/Documents/Programing/Swift/Practice/Ilumionate/Ilumionate.xcodeproj
    

SwiftCompile normal arm64 /Users/byronquine/Library/Developer/Xcode/DerivedData/Ilumionate-ajbhadqlvcajfnbqievdybmttsdl/SourcePackages/checkouts/swift-crypto/Sources/Crypto/Digests/BoringSSL/Digest_boring.swift (in target 'Crypto' from project 'swift-crypto')
    cd /Users/byronquine/Documents/Programing/Swift/Practice/Ilumionate/Ilumionate.xcodeproj
    

SwiftCompile normal arm64 /Users/byronquine/Library/Developer/Xcode/DerivedData/Ilumionate-ajbhadqlvcajfnbqievdybmttsdl/SourcePackages/checkouts/swift-crypto/Sources/Crypto/Digests/Digest.swift (in target 'Crypto' from project 'swift-crypto')
    cd /Users/byronquine/Documents/Programing/Swift/Practice/Ilumionate/Ilumionate.xcodeproj
    

SwiftCompile normal arm64 /Users/byronquine/Library/Developer/Xcode/DerivedData/Ilumionate-ajbhadqlvcajfnbqievdybmttsdl/SourcePackages/checkouts/swift-crypto/Sources/Crypto/Digests/Digests.swift (in target 'Crypto' from project 'swift-crypto')
    cd /Users/byronquine/Documents/Programing/Swift/Practice/Ilumionate/Ilumionate.xcodeproj
    

SwiftCompile normal arm64 /Users/byronquine/Library/Developer/Xcode/DerivedData/Ilumionate-ajbhadqlvcajfnbqievdybmttsdl/SourcePackages/checkouts/swift-crypto/Sources/Crypto/Digests/HashFunctions.swift (in target 'Crypto' from project 'swift-crypto')
    cd /Users/byronquine/Documents/Programing/Swift/Practice/Ilumionate/Ilumionate.xcodeproj
    

SwiftCompile normal arm64 Compiling\ resource_bundle_accessor.swift,\ AES-GCM.swift,\ AES-GCM_boring.swift,\ ChaChaPoly_boring.swift,\ ChaChaPoly.swift,\ Cipher.swift,\ Nonces.swift,\ ASN1.swift,\ ASN1Any.swift,\ ASN1BitString.swift /Users/byronquine/Library/Developer/Xcode/DerivedData/Ilumionate-ajbhadqlvcajfnbqievdybmttsdl/Build/Intermediates.noindex/swift-crypto.build/Debug-iphoneos/Crypto.build/DerivedSources/resource_bundle_accessor.swift /Users/byronquine/Library/Developer/Xcode/DerivedData/Ilumionate-ajbhadqlvcajfnbqievdybmttsdl/SourcePackages/checkouts/swift-crypto/Sources/Crypto/AEADs/AES/GCM/AES-GCM.swift /Users/byronquine/Library/Developer/Xcode/DerivedData/Ilumionate-ajbhadqlvcajfnbqievdybmttsdl/SourcePackages/checkouts/swift-crypto/Sources/Crypto/AEADs/AES/GCM/BoringSSL/AES-GCM_boring.swift /Users/byronquine/Library/Developer/Xcode/DerivedData/Ilumionate-ajbhadqlvcajfnbqievdybmttsdl/SourcePackages/checkouts/swift-crypto/Sources/Crypto/AEADs/ChachaPoly/BoringSSL/ChaChaPoly_boring.swift /Users/byronquine/Library/Developer/Xcode/DerivedData/Ilumionate-ajbhadqlvcajfnbqievdybmttsdl/SourcePackages/checkouts/swift-crypto/Sources/Crypto/AEADs/ChachaPoly/ChaChaPoly.swift /Users/byronquine/Library/Developer/Xcode/DerivedData/Ilumionate-ajbhadqlvcajfnbqievdybmttsdl/SourcePackages/checkouts/swift-crypto/Sources/Crypto/AEADs/Cipher.swift /Users/byronquine/Library/Developer/Xcode/DerivedData/Ilumionate-ajbhadqlvcajfnbqievdybmttsdl/SourcePackages/checkouts/swift-crypto/Sources/Crypto/AEADs/Nonces.swift /Users/byronquine/Library/Developer/Xcode/DerivedData/Ilumionate-ajbhadqlvcajfnbqievdybmttsdl/SourcePackages/checkouts/swift-crypto/Sources/Crypto/ASN1/ASN1.swift /Users/byronquine/Library/Developer/Xcode/DerivedData/Ilumionate-ajbhadqlvcajfnbqievdybmttsdl/SourcePackages/checkouts/swift-crypto/Sources/Crypto/ASN1/Basic\ ASN1\ Types/ASN1Any.swift /Users/byronquine/Library/Developer/Xcode/DerivedData/Ilumionate-ajbhadqlvcajfnbqievdybmttsdl/SourcePackages/checkouts/swift-crypto/Sources/Crypto/ASN1/Basic\ ASN1\ Types/ASN1BitString.swift (in target 'Crypto' from project 'swift-crypto')

SwiftCompile normal arm64 /Users/byronquine/Library/Developer/Xcode/DerivedData/Ilumionate-ajbhadqlvcajfnbqievdybmttsdl/Build/Intermediates.noindex/swift-crypto.build/Debug-iphoneos/Crypto.build/DerivedSources/resource_bundle_accessor.swift (in target 'Crypto' from project 'swift-crypto')
    cd /Users/byronquine/Documents/Programing/Swift/Practice/Ilumionate/Ilumionate.xcodeproj
    

SwiftCompile normal arm64 /Users/byronquine/Library/Developer/Xcode/DerivedData/Ilumionate-ajbhadqlvcajfnbqievdybmttsdl/SourcePackages/checkouts/swift-crypto/Sources/Crypto/AEADs/AES/GCM/AES-GCM.swift (in target 'Crypto' from project 'swift-crypto')
    cd /Users/byronquine/Documents/Programing/Swift/Practice/Ilumionate/Ilumionate.xcodeproj
    

SwiftCompile normal arm64 /Users/byronquine/Library/Developer/Xcode/DerivedData/Ilumionate-ajbhadqlvcajfnbqievdybmttsdl/SourcePackages/checkouts/swift-crypto/Sources/Crypto/AEADs/AES/GCM/BoringSSL/AES-GCM_boring.swift (in target 'Crypto' from project 'swift-crypto')
    cd /Users/byronquine/Documents/Programing/Swift/Practice/Ilumionate/Ilumionate.xcodeproj
    

SwiftCompile normal arm64 /Users/byronquine/Library/Developer/Xcode/DerivedData/Ilumionate-ajbhadqlvcajfnbqievdybmttsdl/SourcePackages/checkouts/swift-crypto/Sources/Crypto/AEADs/ChachaPoly/BoringSSL/ChaChaPoly_boring.swift (in target 'Crypto' from project 'swift-crypto')
    cd /Users/byronquine/Documents/Programing/Swift/Practice/Ilumionate/Ilumionate.xcodeproj
    

SwiftCompile normal arm64 /Users/byronquine/Library/Developer/Xcode/DerivedData/Ilumionate-ajbhadqlvcajfnbqievdybmttsdl/SourcePackages/checkouts/swift-crypto/Sources/Crypto/AEADs/ChachaPoly/ChaChaPoly.swift (in target 'Crypto' from project 'swift-crypto')
    cd /Users/byronquine/Documents/Programing/Swift/Practice/Ilumionate/Ilumionate.xcodeproj
    

SwiftCompile normal arm64 /Users/byronquine/Library/Developer/Xcode/DerivedData/Ilumionate-ajbhadqlvcajfnbqievdybmttsdl/SourcePackages/checkouts/swift-crypto/Sources/Crypto/AEADs/Cipher.swift (in target 'Crypto' from project 'swift-crypto')
    cd /Users/byronquine/Documents/Programing/Swift/Practice/Ilumionate/Ilumionate.xcodeproj
    

SwiftCompile normal arm64 /Users/byronquine/Library/Developer/Xcode/DerivedData/Ilumionate-ajbhadqlvcajfnbqievdybmttsdl/SourcePackages/checkouts/swift-crypto/Sources/Crypto/AEADs/Nonces.swift (in target 'Crypto' from project 'swift-crypto')
    cd /Users/byronquine/Documents/Programing/Swift/Practice/Ilumionate/Ilumionate.xcodeproj
    

SwiftCompile normal arm64 /Users/byronquine/Library/Developer/Xcode/DerivedData/Ilumionate-ajbhadqlvcajfnbqievdybmttsdl/SourcePackages/checkouts/swift-crypto/Sources/Crypto/ASN1/ASN1.swift (in target 'Crypto' from project 'swift-crypto')
    cd /Users/byronquine/Documents/Programing/Swift/Practice/Ilumionate/Ilumionate.xcodeproj
    

SwiftCompile normal arm64 /Users/byronquine/Library/Developer/Xcode/DerivedData/Ilumionate-ajbhadqlvcajfnbqievdybmttsdl/SourcePackages/checkouts/swift-crypto/Sources/Crypto/ASN1/Basic\ ASN1\ Types/ASN1Any.swift (in target 'Crypto' from project 'swift-crypto')
    cd /Users/byronquine/Documents/Programing/Swift/Practice/Ilumionate/Ilumionate.xcodeproj
    

SwiftCompile normal arm64 /Users/byronquine/Library/Developer/Xcode/DerivedData/Ilumionate-ajbhadqlvcajfnbqievdybmttsdl/SourcePackages/checkouts/swift-crypto/Sources/Crypto/ASN1/Basic\ ASN1\ Types/ASN1BitString.swift (in target 'Crypto' from project 'swift-crypto')
    cd /Users/byronquine/Documents/Programing/Swift/Practice/Ilumionate/Ilumionate.xcodeproj
    

SwiftDriverJobDiscovery normal arm64 Compiling Insecure_HashFunctions.swift, MLKEM_boring.swift, MLKEM_wrapper.swift, XWing_boring.swift, KEM-Errors.swift, KEM.swift, MLKEM.swift, XWing.swift, ECDH_boring.swift (in target 'Crypto' from project 'swift-crypto')

SwiftMergeGeneratedHeaders /Users/byronquine/Library/Developer/Xcode/DerivedData/Ilumionate-ajbhadqlvcajfnbqievdybmttsdl/Build/Intermediates.noindex/GeneratedModuleMaps-iphoneos/InternalCollectionsUtilities-Swift.h /Users/byronquine/Library/Developer/Xcode/DerivedData/Ilumionate-ajbhadqlvcajfnbqievdybmttsdl/Build/Intermediates.noindex/swift-collections.build/Debug-iphoneos/InternalCollectionsUtilities.build/Objects-normal/arm64/InternalCollectionsUtilities-Swift.h (in target 'InternalCollectionsUtilities' from project 'swift-collections')
    cd /Users/byronquine/Library/Developer/Xcode/DerivedData/Ilumionate-ajbhadqlvcajfnbqievdybmttsdl/SourcePackages/checkouts/swift-collections
    builtin-swiftHeaderTool -arch arm64 /Users/byronquine/Library/Developer/Xcode/DerivedData/Ilumionate-ajbhadqlvcajfnbqievdybmttsdl/Build/Intermediates.noindex/swift-collections.build/Debug-iphoneos/InternalCollectionsUtilities.build/Objects-normal/arm64/InternalCollectionsUtilities-Swift.h -o /Users/byronquine/Library/Developer/Xcode/DerivedData/Ilumionate-ajbhadqlvcajfnbqievdybmttsdl/Build/Intermediates.noindex/GeneratedModuleMaps-iphoneos/InternalCollectionsUtilities-Swift.h

SwiftDriverJobDiscovery normal arm64 Compiling DH.swift, ECDH.swift, ANSIx963.swift, HKDF.swift, AESWrap.swift, AESWrap_boring.swift, Ed25519_boring.swift, NISTCurvesKeys_boring.swift, X25519Keys_boring.swift (in target 'Crypto' from project 'swift-crypto')

Copy /Users/byronquine/Library/Developer/Xcode/DerivedData/Ilumionate-ajbhadqlvcajfnbqievdybmttsdl/Build/Products/Debug-iphoneos/InternalCollectionsUtilities.swiftmodule/arm64-apple-ios.swiftmodule /Users/byronquine/Library/Developer/Xcode/DerivedData/Ilumionate-ajbhadqlvcajfnbqievdybmttsdl/Build/Intermediates.noindex/swift-collections.build/Debug-iphoneos/InternalCollectionsUtilities.build/Objects-normal/arm64/InternalCollectionsUtilities.swiftmodule (in target 'InternalCollectionsUtilities' from project 'swift-collections')
    cd /Users/byronquine/Library/Developer/Xcode/DerivedData/Ilumionate-ajbhadqlvcajfnbqievdybmttsdl/SourcePackages/checkouts/swift-collections
    builtin-copy -exclude .DS_Store -exclude CVS -exclude .svn -exclude .git -exclude .hg -resolve-src-symlinks -rename /Users/byronquine/Library/Developer/Xcode/DerivedData/Ilumionate-ajbhadqlvcajfnbqievdybmttsdl/Build/Intermediates.noindex/swift-collections.build/Debug-iphoneos/InternalCollectionsUtilities.build/Objects-normal/arm64/InternalCollectionsUtilities.swiftmodule /Users/byronquine/Library/Developer/Xcode/DerivedData/Ilumionate-ajbhadqlvcajfnbqievdybmttsdl/Build/Products/Debug-iphoneos/InternalCollectionsUtilities.swiftmodule/arm64-apple-ios.swiftmodule

Copy /Users/byronquine/Library/Developer/Xcode/DerivedData/Ilumionate-ajbhadqlvcajfnbqievdybmttsdl/Build/Products/Debug-iphoneos/InternalCollectionsUtilities.swiftmodule/arm64-apple-ios.swiftdoc /Users/byronquine/Library/Developer/Xcode/DerivedData/Ilumionate-ajbhadqlvcajfnbqievdybmttsdl/Build/Intermediates.noindex/swift-collections.build/Debug-iphoneos/InternalCollectionsUtilities.build/Objects-normal/arm64/InternalCollectionsUtilities.swiftdoc (in target 'InternalCollectionsUtilities' from project 'swift-collections')
    cd /Users/byronquine/Library/Developer/Xcode/DerivedData/Ilumionate-ajbhadqlvcajfnbqievdybmttsdl/SourcePackages/checkouts/swift-collections
    builtin-copy -exclude .DS_Store -exclude CVS -exclude .svn -exclude .git -exclude .hg -resolve-src-symlinks -rename /Users/byronquine/Library/Developer/Xcode/DerivedData/Ilumionate-ajbhadqlvcajfnbqievdybmttsdl/Build/Intermediates.noindex/swift-collections.build/Debug-iphoneos/InternalCollectionsUtilities.build/Objects-normal/arm64/InternalCollectionsUtilities.swiftdoc /Users/byronquine/Library/Developer/Xcode/DerivedData/Ilumionate-ajbhadqlvcajfnbqievdybmttsdl/Build/Products/Debug-iphoneos/InternalCollectionsUtilities.swiftmodule/arm64-apple-ios.swiftdoc

Copy /Users/byronquine/Library/Developer/Xcode/DerivedData/Ilumionate-ajbhadqlvcajfnbqievdybmttsdl/Build/Products/Debug-iphoneos/InternalCollectionsUtilities.swiftmodule/arm64-apple-ios.abi.json /Users/byronquine/Library/Developer/Xcode/DerivedData/Ilumionate-ajbhadqlvcajfnbqievdybmttsdl/Build/Intermediates.noindex/swift-collections.build/Debug-iphoneos/InternalCollectionsUtilities.build/Objects-normal/arm64/InternalCollectionsUtilities.abi.json (in target 'InternalCollectionsUtilities' from project 'swift-collections')
    cd /Users/byronquine/Library/Developer/Xcode/DerivedData/Ilumionate-ajbhadqlvcajfnbqievdybmttsdl/SourcePackages/checkouts/swift-collections
    builtin-copy -exclude .DS_Store -exclude CVS -exclude .svn -exclude .git -exclude .hg -resolve-src-symlinks -rename /Users/byronquine/Library/Developer/Xcode/DerivedData/Ilumionate-ajbhadqlvcajfnbqievdybmttsdl/Build/Intermediates.noindex/swift-collections.build/Debug-iphoneos/InternalCollectionsUtilities.build/Objects-normal/arm64/InternalCollectionsUtilities.abi.json /Users/byronquine/Library/Developer/Xcode/DerivedData/Ilumionate-ajbhadqlvcajfnbqievdybmttsdl/Build/Products/Debug-iphoneos/InternalCollectionsUtilities.swiftmodule/arm64-apple-ios.abi.json

SwiftDriverJobDiscovery normal arm64 Compiling HPKE-KEM-Curve25519.swift, HPKE-NIST-EC-KEMs.swift, HPKE-KEM.swift, HPKE-Errors.swift, HPKE.swift, HPKE-Context.swift, HPKE-KeySchedule.swift, HPKE-Modes.swift, Insecure.swift (in target 'Crypto' from project 'swift-crypto')

Copy /Users/byronquine/Library/Developer/Xcode/DerivedData/Ilumionate-ajbhadqlvcajfnbqievdybmttsdl/Build/Products/Debug-iphoneos/InternalCollectionsUtilities.swiftmodule/Project/arm64-apple-ios.swiftsourceinfo /Users/byronquine/Library/Developer/Xcode/DerivedData/Ilumionate-ajbhadqlvcajfnbqievdybmttsdl/Build/Intermediates.noindex/swift-collections.build/Debug-iphoneos/InternalCollectionsUtilities.build/Objects-normal/arm64/InternalCollectionsUtilities.swiftsourceinfo (in target 'InternalCollectionsUtilities' from project 'swift-collections')
    cd /Users/byronquine/Library/Developer/Xcode/DerivedData/Ilumionate-ajbhadqlvcajfnbqievdybmttsdl/SourcePackages/checkouts/swift-collections
    builtin-copy -exclude .DS_Store -exclude CVS -exclude .svn -exclude .git -exclude .hg -resolve-src-symlinks -rename /Users/byronquine/Library/Developer/Xcode/DerivedData/Ilumionate-ajbhadqlvcajfnbqievdybmttsdl/Build/Intermediates.noindex/swift-collections.build/Debug-iphoneos/InternalCollectionsUtilities.build/Objects-normal/arm64/InternalCollectionsUtilities.swiftsourceinfo /Users/byronquine/Library/Developer/Xcode/DerivedData/Ilumionate-ajbhadqlvcajfnbqievdybmttsdl/Build/Products/Debug-iphoneos/InternalCollectionsUtilities.swiftmodule/Project/arm64-apple-ios.swiftsourceinfo

SwiftCompile normal arm64 Compiling\ CryptoKitErrors_boring.swift,\ Optional+withUnsafeBytes_boring.swift,\ RNG_boring.swift,\ SafeCompare_boring.swift,\ Zeroization_boring.swift,\ PrettyBytes.swift,\ SafeCompare.swift,\ SecureBytes.swift,\ Zeroization.swift /Users/byronquine/Library/Developer/Xcode/DerivedData/Ilumionate-ajbhadqlvcajfnbqievdybmttsdl/SourcePackages/checkouts/swift-crypto/Sources/Crypto/Util/BoringSSL/CryptoKitErrors_boring.swift /Users/byronquine/Library/Developer/Xcode/DerivedData/Ilumionate-ajbhadqlvcajfnbqievdybmttsdl/SourcePackages/checkouts/swift-crypto/Sources/Crypto/Util/BoringSSL/Optional+withUnsafeBytes_boring.swift /Users/byronquine/Library/Developer/Xcode/DerivedData/Ilumionate-ajbhadqlvcajfnbqievdybmttsdl/SourcePackages/checkouts/swift-crypto/Sources/Crypto/Util/BoringSSL/RNG_boring.swift /Users/byronquine/Library/Developer/Xcode/DerivedData/Ilumionate-ajbhadqlvcajfnbqievdybmttsdl/SourcePackages/checkouts/swift-crypto/Sources/Crypto/Util/BoringSSL/SafeCompare_boring.swift /Users/byronquine/Library/Developer/Xcode/DerivedData/Ilumionate-ajbhadqlvcajfnbqievdybmttsdl/SourcePackages/checkouts/swift-crypto/Sources/Crypto/Util/BoringSSL/Zeroization_boring.swift /Users/byronquine/Library/Developer/Xcode/DerivedData/Ilumionate-ajbhadqlvcajfnbqievdybmttsdl/SourcePackages/checkouts/swift-crypto/Sources/Crypto/Util/PrettyBytes.swift /Users/byronquine/Library/Developer/Xcode/DerivedData/Ilumionate-ajbhadqlvcajfnbqievdybmttsdl/SourcePackages/checkouts/swift-crypto/Sources/Crypto/Util/SafeCompare.swift /Users/byronquine/Library/Developer/Xcode/DerivedData/Ilumionate-ajbhadqlvcajfnbqievdybmttsdl/SourcePackages/checkouts/swift-crypto/Sources/Crypto/Util/SecureBytes.swift /Users/byronquine/Library/Developer/Xcode/DerivedData/Ilumionate-ajbhadqlvcajfnbqievdybmttsdl/SourcePackages/checkouts/swift-crypto/Sources/Crypto/Util/Zeroization.swift (in target 'Crypto' from project 'swift-crypto')

SwiftCompile normal arm64 /Users/byronquine/Library/Developer/Xcode/DerivedData/Ilumionate-ajbhadqlvcajfnbqievdybmttsdl/SourcePackages/checkouts/swift-crypto/Sources/Crypto/Util/BoringSSL/CryptoKitErrors_boring.swift (in target 'Crypto' from project 'swift-crypto')
    cd /Users/byronquine/Documents/Programing/Swift/Practice/Ilumionate/Ilumionate.xcodeproj
    

SwiftCompile normal arm64 /Users/byronquine/Library/Developer/Xcode/DerivedData/Ilumionate-ajbhadqlvcajfnbqievdybmttsdl/SourcePackages/checkouts/swift-crypto/Sources/Crypto/Util/BoringSSL/Optional+withUnsafeBytes_boring.swift (in target 'Crypto' from project 'swift-crypto')
    cd /Users/byronquine/Documents/Programing/Swift/Practice/Ilumionate/Ilumionate.xcodeproj
    

SwiftCompile normal arm64 /Users/byronquine/Library/Developer/Xcode/DerivedData/Ilumionate-ajbhadqlvcajfnbqievdybmttsdl/SourcePackages/checkouts/swift-crypto/Sources/Crypto/Util/BoringSSL/RNG_boring.swift (in target 'Crypto' from project 'swift-crypto')
    cd /Users/byronquine/Documents/Programing/Swift/Practice/Ilumionate/Ilumionate.xcodeproj
    

SwiftCompile normal arm64 /Users/byronquine/Library/Developer/Xcode/DerivedData/Ilumionate-ajbhadqlvcajfnbqievdybmttsdl/SourcePackages/checkouts/swift-crypto/Sources/Crypto/Util/BoringSSL/SafeCompare_boring.swift (in target 'Crypto' from project 'swift-crypto')
    cd /Users/byronquine/Documents/Programing/Swift/Practice/Ilumionate/Ilumionate.xcodeproj
    

SwiftCompile normal arm64 /Users/byronquine/Library/Developer/Xcode/DerivedData/Ilumionate-ajbhadqlvcajfnbqievdybmttsdl/SourcePackages/checkouts/swift-crypto/Sources/Crypto/Util/BoringSSL/Zeroization_boring.swift (in target 'Crypto' from project 'swift-crypto')
    cd /Users/byronquine/Documents/Programing/Swift/Practice/Ilumionate/Ilumionate.xcodeproj
    

SwiftCompile normal arm64 /Users/byronquine/Library/Developer/Xcode/DerivedData/Ilumionate-ajbhadqlvcajfnbqievdybmttsdl/SourcePackages/checkouts/swift-crypto/Sources/Crypto/Util/PrettyBytes.swift (in target 'Crypto' from project 'swift-crypto')
    cd /Users/byronquine/Documents/Programing/Swift/Practice/Ilumionate/Ilumionate.xcodeproj
    

SwiftCompile normal arm64 /Users/byronquine/Library/Developer/Xcode/DerivedData/Ilumionate-ajbhadqlvcajfnbqievdybmttsdl/SourcePackages/checkouts/swift-crypto/Sources/Crypto/Util/SafeCompare.swift (in target 'Crypto' from project 'swift-crypto')
    cd /Users/byronquine/Documents/Programing/Swift/Practice/Ilumionate/Ilumionate.xcodeproj
    

SwiftCompile normal arm64 /Users/byronquine/Library/Developer/Xcode/DerivedData/Ilumionate-ajbhadqlvcajfnbqievdybmttsdl/SourcePackages/checkouts/swift-crypto/Sources/Crypto/Util/SecureBytes.swift (in target 'Crypto' from project 'swift-crypto')
    cd /Users/byronquine/Documents/Programing/Swift/Practice/Ilumionate/Ilumionate.xcodeproj
    

SwiftCompile normal arm64 /Users/byronquine/Library/Developer/Xcode/DerivedData/Ilumionate-ajbhadqlvcajfnbqievdybmttsdl/SourcePackages/checkouts/swift-crypto/Sources/Crypto/Util/Zeroization.swift (in target 'Crypto' from project 'swift-crypto')
    cd /Users/byronquine/Documents/Programing/Swift/Practice/Ilumionate/Ilumionate.xcodeproj
    

SwiftDriverJobDiscovery normal arm64 Compiling _UnsafeBitSet+Index.swift, _UnsafeBitSet+_Word.swift (in target 'InternalCollectionsUtilities' from project 'swift-collections')

SwiftDriver\ Compilation InternalCollectionsUtilities normal arm64 com.apple.xcode.tools.swift.compiler (in target 'InternalCollectionsUtilities' from project 'swift-collections')
    cd /Users/byronquine/Documents/Programing/Swift/Practice/Ilumionate/Ilumionate.xcodeproj
    builtin-Swift-Compilation -- /Applications/Xcode\ 26.3\ Beta.app/Contents/Developer/Toolchains/XcodeDefault.xctoolchain/usr/bin/swiftc -module-name InternalCollectionsUtilities -Onone -enforce-exclusivity\=checked @/Users/byronquine/Library/Developer/Xcode/DerivedData/Ilumionate-ajbhadqlvcajfnbqievdybmttsdl/Build/Intermediates.noindex/swift-collections.build/Debug-iphoneos/InternalCollectionsUtilities.build/Objects-normal/arm64/InternalCollectionsUtilities.SwiftFileList -DSWIFT_PACKAGE -DDEBUG -DSWIFT_MODULE_RESOURCE_BUNDLE_UNAVAILABLE -DCOLLECTIONS_RANDOMIZED_TESTING -DXcode -enable-experimental-feature AvailabilityMacro\=SwiftStdlib\ 5.0:\ macOS\ 10.14.4,\ iOS\ 12.2,\ watchOS\ 5.2,\ tvOS\ 12.2 -enable-experimental-feature AvailabilityMacro\=SwiftStdlib\ 5.1:\ macOS\ 10.15,\ iOS\ 13.0,\ watchOS\ 6.0,\ tvOS\ 13.0 -enable-experimental-feature AvailabilityMacro\=SwiftStdlib\ 5.6:\ macOS\ 12.3,\ iOS\ 15.4,\ watchOS\ 8.5,\ tvOS\ 15.4 -enable-experimental-feature AvailabilityMacro\=SwiftStdlib\ 5.8:\ macOS\ 13.3,\ iOS\ 16.4,\ watchOS\ 9.4,\ tvOS\ 16.4 -enable-experimental-feature AvailabilityMacro\=SwiftStdlib\ 5.9:\ macOS\ 14.0,\ iOS\ 17.0,\ watchOS\ 10.0,\ tvOS\ 17.0 -enable-experimental-feature AvailabilityMacro\=SwiftStdlib\ 5.10:\ macOS\ 14.4,\ iOS\ 17.4,\ watchOS\ 10.4,\ tvOS\ 17.4,\ visionOS\ 1.1 -enable-experimental-feature AvailabilityMacro\=SwiftStdlib\ 6.0:\ macOS\ 15.0,\ iOS\ 18.0,\ watchOS\ 11.0,\ tvOS\ 18.0,\ visionOS\ 2.0 -enable-experimental-feature AvailabilityMacro\=SwiftStdlib\ 6.1:\ macOS\ 15.4,\ iOS\ 18.4,\ watchOS\ 11.4,\ tvOS\ 18.4,\ visionOS\ 2.4 -enable-experimental-feature AvailabilityMacro\=SwiftStdlib\ 6.2:\ macOS\ 26.0,\ iOS\ 26.0,\ watchOS\ 26.0,\ tvOS\ 26.0,\ visionOS\ 26.0 -enable-upcoming-feature MemberImportVisibility -enable-experimental-feature BuiltinModule -enable-experimental-feature Lifetimes -enable-experimental-feature InoutLifetimeDependence -enable-experimental-feature SuppressedAssociatedTypes -plugin-path /Applications/Xcode\ 26.3\ Beta.app/Contents/Developer/Toolchains/XcodeDefault.xctoolchain/usr/lib/swift/host/plugins/testing -enable-experimental-feature DebugDescriptionMacro -sdk /Applications/Xcode\ 26.3\ Beta.app/Contents/Developer/Platforms/iPhoneOS.platform/Developer/SDKs/iPhoneOS26.2.sdk -target arm64-apple-ios12.0 -g -module-cache-path /Users/byronquine/Library/Developer/Xcode/DerivedData/ModuleCache.noindex -Xfrontend -serialize-debugging-options -profile-coverage-mapping -profile-generate -enable-testing -suppress-warnings -index-store-path /Users/byronquine/Library/Developer/Xcode/DerivedData/Ilumionate-ajbhadqlvcajfnbqievdybmttsdl/Index.noindex/DataStore -Xcc -D_LIBCPP_HARDENING_MODE\=_LIBCPP_HARDENING_MODE_DEBUG -swift-version 6 -I /Users/byronquine/Library/Developer/Xcode/DerivedData/Ilumionate-ajbhadqlvcajfnbqievdybmttsdl/Build/Products/Debug-iphoneos -Isystem /Applications/Xcode\ 26.3\ Beta.app/Contents/Developer/Platforms/iPhoneOS.platform/Developer/usr/lib -F /Users/byronquine/Library/Developer/Xcode/DerivedData/Ilumionate-ajbhadqlvcajfnbqievdybmttsdl/Build/Products/Debug-iphoneos -F /Applications/Xcode\ 26.3\ Beta.app/Contents/Developer/Platforms/iPhoneOS.platform/Developer/Library/Frameworks -F /Applications/Xcode\ 26.3\ Beta.app/Contents/Developer/Platforms/iPhoneOS.platform/Developer/SDKs/iPhoneOS26.2.sdk/Developer/Library/Frameworks -c -j10 -enable-batch-mode -incremental -Xcc -ivfsstatcache -Xcc /Users/byronquine/Library/Developer/Xcode/DerivedData/SDKStatCaches.noindex/iphoneos26.2-23C57-e8867d0c40613ffc63e0238af232dc50d4d6ee3f8374c9c9b8dccfd0b4476fca.sdkstatcache -output-file-map /Users/byronquine/Library/Developer/Xcode/DerivedData/Ilumionate-ajbhadqlvcajfnbqievdybmttsdl/Build/Intermediates.noindex/swift-collections.build/Debug-iphoneos/InternalCollectionsUtilities.build/Objects-normal/arm64/InternalCollectionsUtilities-OutputFileMap.json -use-frontend-parseable-output -save-temps -no-color-diagnostics -explicit-module-build -module-cache-path /Users/byronquine/Library/Developer/Xcode/DerivedData/Ilumionate-ajbhadqlvcajfnbqievdybmttsdl/Build/Intermediates.noindex/SwiftExplicitPrecompiledModules -clang-scanner-module-cache-path /Users/byronquine/Library/Developer/Xcode/DerivedData/ModuleCache.noindex -sdk-module-cache-path /Users/byronquine/Library/Developer/Xcode/DerivedData/ModuleCache.noindex -serialize-diagnostics -emit-dependencies -emit-module -emit-module-path /Users/byronquine/Library/Developer/Xcode/DerivedData/Ilumionate-ajbhadqlvcajfnbqievdybmttsdl/Build/Intermediates.noindex/swift-collections.build/Debug-iphoneos/InternalCollectionsUtilities.build/Objects-normal/arm64/InternalCollectionsUtilities.swiftmodule -user-module-version 1.3.0 -validate-clang-modules-once -clang-build-session-file /Users/byronquine/Library/Developer/Xcode/DerivedData/ModuleCache.noindex/Session.modulevalidation -package-name swift_collections -Xcc -I/Users/byronquine/Library/Developer/Xcode/DerivedData/Ilumionate-ajbhadqlvcajfnbqievdybmttsdl/Build/Intermediates.noindex/swift-collections.build/Debug-iphoneos/InternalCollectionsUtilities.build/swift-overrides.hmap -emit-const-values -Xfrontend -const-gather-protocols-file -Xfrontend /Users/byronquine/Library/Developer/Xcode/DerivedData/Ilumionate-ajbhadqlvcajfnbqievdybmttsdl/Build/Intermediates.noindex/swift-collections.build/Debug-iphoneos/InternalCollectionsUtilities.build/Objects-normal/arm64/InternalCollectionsUtilities_const_extract_protocols.json -Xcc -I/Users/byronquine/Library/Developer/Xcode/DerivedData/Ilumionate-ajbhadqlvcajfnbqievdybmttsdl/Build/Products/Debug-iphoneos/include -Xcc -I/Users/byronquine/Library/Developer/Xcode/DerivedData/Ilumionate-ajbhadqlvcajfnbqievdybmttsdl/Build/Intermediates.noindex/swift-collections.build/Debug-iphoneos/InternalCollectionsUtilities.build/DerivedSources-normal/arm64 -Xcc -I/Users/byronquine/Library/Developer/Xcode/DerivedData/Ilumionate-ajbhadqlvcajfnbqievdybmttsdl/Build/Intermediates.noindex/swift-collections.build/Debug-iphoneos/InternalCollectionsUtilities.build/DerivedSources/arm64 -Xcc -I/Users/byronquine/Library/Developer/Xcode/DerivedData/Ilumionate-ajbhadqlvcajfnbqievdybmttsdl/Build/Intermediates.noindex/swift-collections.build/Debug-iphoneos/InternalCollectionsUtilities.build/DerivedSources -Xcc -DSWIFT_PACKAGE -Xcc -DDEBUG\=1 -emit-objc-header -emit-objc-header-path /Users/byronquine/Library/Developer/Xcode/DerivedData/Ilumionate-ajbhadqlvcajfnbqievdybmttsdl/Build/Intermediates.noindex/swift-collections.build/Debug-iphoneos/InternalCollectionsUtilities.build/Objects-normal/arm64/InternalCollectionsUtilities-Swift.h -working-directory /Users/byronquine/Documents/Programing/Swift/Practice/Ilumionate/Ilumionate.xcodeproj -experimental-emit-module-separately -disable-cmo

SwiftDriver OrderedCollections normal arm64 com.apple.xcode.tools.swift.compiler (in target 'OrderedCollections' from project 'swift-collections')
    cd /Users/byronquine/Documents/Programing/Swift/Practice/Ilumionate/Ilumionate.xcodeproj
    builtin-SwiftDriver -- /Applications/Xcode\ 26.3\ Beta.app/Contents/Developer/Toolchains/XcodeDefault.xctoolchain/usr/bin/swiftc -module-name OrderedCollections -Onone -enforce-exclusivity\=checked @/Users/byronquine/Library/Developer/Xcode/DerivedData/Ilumionate-ajbhadqlvcajfnbqievdybmttsdl/Build/Intermediates.noindex/swift-collections.build/Debug-iphoneos/OrderedCollections.build/Objects-normal/arm64/OrderedCollections.SwiftFileList -DSWIFT_PACKAGE -DDEBUG -DSWIFT_MODULE_RESOURCE_BUNDLE_UNAVAILABLE -DCOLLECTIONS_RANDOMIZED_TESTING -DXcode -enable-experimental-feature AvailabilityMacro\=SwiftStdlib\ 5.0:\ macOS\ 10.14.4,\ iOS\ 12.2,\ watchOS\ 5.2,\ tvOS\ 12.2 -enable-experimental-feature AvailabilityMacro\=SwiftStdlib\ 5.1:\ macOS\ 10.15,\ iOS\ 13.0,\ watchOS\ 6.0,\ tvOS\ 13.0 -enable-experimental-feature AvailabilityMacro\=SwiftStdlib\ 5.6:\ macOS\ 12.3,\ iOS\ 15.4,\ watchOS\ 8.5,\ tvOS\ 15.4 -enable-experimental-feature AvailabilityMacro\=SwiftStdlib\ 5.8:\ macOS\ 13.3,\ iOS\ 16.4,\ watchOS\ 9.4,\ tvOS\ 16.4 -enable-experimental-feature AvailabilityMacro\=SwiftStdlib\ 5.9:\ macOS\ 14.0,\ iOS\ 17.0,\ watchOS\ 10.0,\ tvOS\ 17.0 -enable-experimental-feature AvailabilityMacro\=SwiftStdlib\ 5.10:\ macOS\ 14.4,\ iOS\ 17.4,\ watchOS\ 10.4,\ tvOS\ 17.4,\ visionOS\ 1.1 -enable-experimental-feature AvailabilityMacro\=SwiftStdlib\ 6.0:\ macOS\ 15.0,\ iOS\ 18.0,\ watchOS\ 11.0,\ tvOS\ 18.0,\ visionOS\ 2.0 -enable-experimental-feature AvailabilityMacro\=SwiftStdlib\ 6.1:\ macOS\ 15.4,\ iOS\ 18.4,\ watchOS\ 11.4,\ tvOS\ 18.4,\ visionOS\ 2.4 -enable-experimental-feature AvailabilityMacro\=SwiftStdlib\ 6.2:\ macOS\ 26.0,\ iOS\ 26.0,\ watchOS\ 26.0,\ tvOS\ 26.0,\ visionOS\ 26.0 -enable-upcoming-feature MemberImportVisibility -enable-experimental-feature BuiltinModule -enable-experimental-feature Lifetimes -enable-experimental-feature InoutLifetimeDependence -enable-experimental-feature SuppressedAssociatedTypes -plugin-path /Applications/Xcode\ 26.3\ Beta.app/Contents/Developer/Toolchains/XcodeDefault.xctoolchain/usr/lib/swift/host/plugins/testing -enable-experimental-feature DebugDescriptionMacro -sdk /Applications/Xcode\ 26.3\ Beta.app/Contents/Developer/Platforms/iPhoneOS.platform/Developer/SDKs/iPhoneOS26.2.sdk -target arm64-apple-ios12.0 -g -module-cache-path /Users/byronquine/Library/Developer/Xcode/DerivedData/ModuleCache.noindex -Xfrontend -serialize-debugging-options -profile-coverage-mapping -profile-generate -enable-testing -suppress-warnings -index-store-path /Users/byronquine/Library/Developer/Xcode/DerivedData/Ilumionate-ajbhadqlvcajfnbqievdybmttsdl/Index.noindex/DataStore -Xcc -D_LIBCPP_HARDENING_MODE\=_LIBCPP_HARDENING_MODE_DEBUG -swift-version 6 -I /Users/byronquine/Library/Developer/Xcode/DerivedData/Ilumionate-ajbhadqlvcajfnbqievdybmttsdl/Build/Products/Debug-iphoneos -Isystem /Applications/Xcode\ 26.3\ Beta.app/Contents/Developer/Platforms/iPhoneOS.platform/Developer/usr/lib -F /Users/byronquine/Library/Developer/Xcode/DerivedData/Ilumionate-ajbhadqlvcajfnbqievdybmttsdl/Build/Products/Debug-iphoneos/PackageFrameworks -F /Users/byronquine/Library/Developer/Xcode/DerivedData/Ilumionate-ajbhadqlvcajfnbqievdybmttsdl/Build/Products/Debug-iphoneos -F /Applications/Xcode\ 26.3\ Beta.app/Contents/Developer/Platforms/iPhoneOS.platform/Developer/Library/Frameworks -F /Applications/Xcode\ 26.3\ Beta.app/Contents/Developer/Platforms/iPhoneOS.platform/Developer/SDKs/iPhoneOS26.2.sdk/Developer/Library/Frameworks -c -j10 -enable-batch-mode -incremental -Xcc -ivfsstatcache -Xcc /Users/byronquine/Library/Developer/Xcode/DerivedData/SDKStatCaches.noindex/iphoneos26.2-23C57-e8867d0c40613ffc63e0238af232dc50d4d6ee3f8374c9c9b8dccfd0b4476fca.sdkstatcache -output-file-map /Users/byronquine/Library/Developer/Xcode/DerivedData/Ilumionate-ajbhadqlvcajfnbqievdybmttsdl/Build/Intermediates.noindex/swift-collections.build/Debug-iphoneos/OrderedCollections.build/Objects-normal/arm64/OrderedCollections-OutputFileMap.json -use-frontend-parseable-output -save-temps -no-color-diagnostics -explicit-module-build -module-cache-path /Users/byronquine/Library/Developer/Xcode/DerivedData/Ilumionate-ajbhadqlvcajfnbqievdybmttsdl/Build/Intermediates.noindex/SwiftExplicitPrecompiledModules -clang-scanner-module-cache-path /Users/byronquine/Library/Developer/Xcode/DerivedData/ModuleCache.noindex -sdk-module-cache-path /Users/byronquine/Library/Developer/Xcode/DerivedData/ModuleCache.noindex -serialize-diagnostics -emit-dependencies -emit-module -emit-module-path /Users/byronquine/Library/Developer/Xcode/DerivedData/Ilumionate-ajbhadqlvcajfnbqievdybmttsdl/Build/Intermediates.noindex/swift-collections.build/Debug-iphoneos/OrderedCollections.build/Objects-normal/arm64/OrderedCollections.swiftmodule -user-module-version 1.3.0 -validate-clang-modules-once -clang-build-session-file /Users/byronquine/Library/Developer/Xcode/DerivedData/ModuleCache.noindex/Session.modulevalidation -package-name swift_collections -Xcc -I/Users/byronquine/Library/Developer/Xcode/DerivedData/Ilumionate-ajbhadqlvcajfnbqievdybmttsdl/Build/Intermediates.noindex/swift-collections.build/Debug-iphoneos/OrderedCollections.build/swift-overrides.hmap -emit-const-values -Xfrontend -const-gather-protocols-file -Xfrontend /Users/byronquine/Library/Developer/Xcode/DerivedData/Ilumionate-ajbhadqlvcajfnbqievdybmttsdl/Build/Intermediates.noindex/swift-collections.build/Debug-iphoneos/OrderedCollections.build/Objects-normal/arm64/OrderedCollections_const_extract_protocols.json -Xcc -I/Users/byronquine/Library/Developer/Xcode/DerivedData/Ilumionate-ajbhadqlvcajfnbqievdybmttsdl/Build/Products/Debug-iphoneos/include -Xcc -I/Users/byronquine/Library/Developer/Xcode/DerivedData/Ilumionate-ajbhadqlvcajfnbqievdybmttsdl/Build/Intermediates.noindex/swift-collections.build/Debug-iphoneos/OrderedCollections.build/DerivedSources-normal/arm64 -Xcc -I/Users/byronquine/Library/Developer/Xcode/DerivedData/Ilumionate-ajbhadqlvcajfnbqievdybmttsdl/Build/Intermediates.noindex/swift-collections.build/Debug-iphoneos/OrderedCollections.build/DerivedSources/arm64 -Xcc -I/Users/byronquine/Library/Developer/Xcode/DerivedData/Ilumionate-ajbhadqlvcajfnbqievdybmttsdl/Build/Intermediates.noindex/swift-collections.build/Debug-iphoneos/OrderedCollections.build/DerivedSources -Xcc -DSWIFT_PACKAGE -Xcc -DDEBUG\=1 -emit-objc-header -emit-objc-header-path /Users/byronquine/Library/Developer/Xcode/DerivedData/Ilumionate-ajbhadqlvcajfnbqievdybmttsdl/Build/Intermediates.noindex/swift-collections.build/Debug-iphoneos/OrderedCollections.build/Objects-normal/arm64/OrderedCollections-Swift.h -working-directory /Users/byronquine/Documents/Programing/Swift/Practice/Ilumionate/Ilumionate.xcodeproj -experimental-emit-module-separately -disable-cmo

Ld /Users/byronquine/Library/Developer/Xcode/DerivedData/Ilumionate-ajbhadqlvcajfnbqievdybmttsdl/Build/Products/Debug-iphoneos/InternalCollectionsUtilities.o normal (in target 'InternalCollectionsUtilities' from project 'swift-collections')
    cd /Users/byronquine/Library/Developer/Xcode/DerivedData/Ilumionate-ajbhadqlvcajfnbqievdybmttsdl/SourcePackages/checkouts/swift-collections
    /Applications/Xcode\ 26.3\ Beta.app/Contents/Developer/Toolchains/XcodeDefault.xctoolchain/usr/bin/clang -Xlinker -reproducible -target arm64-apple-ios12.0 -r -isysroot /Applications/Xcode\ 26.3\ Beta.app/Contents/Developer/Platforms/iPhoneOS.platform/Developer/SDKs/iPhoneOS26.2.sdk -O0 -w -L/Users/byronquine/Library/Developer/Xcode/DerivedData/Ilumionate-ajbhadqlvcajfnbqievdybmttsdl/Build/Intermediates.noindex/EagerLinkingTBDs/Debug-iphoneos -L/Users/byronquine/Library/Developer/Xcode/DerivedData/Ilumionate-ajbhadqlvcajfnbqievdybmttsdl/Build/Products/Debug-iphoneos -L/Applications/Xcode\ 26.3\ Beta.app/Contents/Developer/Platforms/iPhoneOS.platform/Developer/usr/lib -F/Users/byronquine/Library/Developer/Xcode/DerivedData/Ilumionate-ajbhadqlvcajfnbqievdybmttsdl/Build/Intermediates.noindex/EagerLinkingTBDs/Debug-iphoneos -F/Users/byronquine/Library/Developer/Xcode/DerivedData/Ilumionate-ajbhadqlvcajfnbqievdybmttsdl/Build/Products/Debug-iphoneos -iframework /Applications/Xcode\ 26.3\ Beta.app/Contents/Developer/Platforms/iPhoneOS.platform/Developer/Library/Frameworks -iframework /Applications/Xcode\ 26.3\ Beta.app/Contents/Developer/Platforms/iPhoneOS.platform/Developer/SDKs/iPhoneOS26.2.sdk/Developer/Library/Frameworks -filelist /Users/byronquine/Library/Developer/Xcode/DerivedData/Ilumionate-ajbhadqlvcajfnbqievdybmttsdl/Build/Intermediates.noindex/swift-collections.build/Debug-iphoneos/InternalCollectionsUtilities.build/Objects-normal/arm64/InternalCollectionsUtilities.LinkFileList -nostdlib -Xlinker -object_path_lto -Xlinker /Users/byronquine/Library/Developer/Xcode/DerivedData/Ilumionate-ajbhadqlvcajfnbqievdybmttsdl/Build/Intermediates.noindex/swift-collections.build/Debug-iphoneos/InternalCollectionsUtilities.build/Objects-normal/arm64/InternalCollectionsUtilities_lto.o -rdynamic -Xlinker -no_deduplicate -Xlinker -debug_variant -Xlinker -dependency_info -Xlinker /Users/byronquine/Library/Developer/Xcode/DerivedData/Ilumionate-ajbhadqlvcajfnbqievdybmttsdl/Build/Intermediates.noindex/swift-collections.build/Debug-iphoneos/InternalCollectionsUtilities.build/Objects-normal/arm64/InternalCollectionsUtilities_dependency_info.dat -fobjc-link-runtime -L/Applications/Xcode\ 26.3\ Beta.app/Contents/Developer/Toolchains/XcodeDefault.xctoolchain/usr/lib/swift/iphoneos -L/usr/lib/swift -Xlinker -add_ast_path -Xlinker /Users/byronquine/Library/Developer/Xcode/DerivedData/Ilumionate-ajbhadqlvcajfnbqievdybmttsdl/Build/Intermediates.noindex/swift-collections.build/Debug-iphoneos/InternalCollectionsUtilities.build/Objects-normal/arm64/InternalCollectionsUtilities.swiftmodule @/Users/byronquine/Library/Developer/Xcode/DerivedData/Ilumionate-ajbhadqlvcajfnbqievdybmttsdl/Build/Intermediates.noindex/swift-collections.build/Debug-iphoneos/InternalCollectionsUtilities.build/Objects-normal/arm64/InternalCollectionsUtilities-linker-args.resp -o /Users/byronquine/Library/Developer/Xcode/DerivedData/Ilumionate-ajbhadqlvcajfnbqievdybmttsdl/Build/Products/Debug-iphoneos/InternalCollectionsUtilities.o

SwiftDriverJobDiscovery normal arm64 Emitting module for Crypto (in target 'Crypto' from project 'swift-crypto')

SwiftDriver\ Compilation\ Requirements Crypto normal arm64 com.apple.xcode.tools.swift.compiler (in target 'Crypto' from project 'swift-crypto')
    cd /Users/byronquine/Documents/Programing/Swift/Practice/Ilumionate/Ilumionate.xcodeproj
    builtin-Swift-Compilation-Requirements -- /Applications/Xcode\ 26.3\ Beta.app/Contents/Developer/Toolchains/XcodeDefault.xctoolchain/usr/bin/swiftc -module-name Crypto -Onone -enforce-exclusivity\=checked @/Users/byronquine/Library/Developer/Xcode/DerivedData/Ilumionate-ajbhadqlvcajfnbqievdybmttsdl/Build/Intermediates.noindex/swift-crypto.build/Debug-iphoneos/Crypto.build/Objects-normal/arm64/Crypto.SwiftFileList -DSWIFT_PACKAGE -DDEBUG -DSWIFT_MODULE_RESOURCE_BUNDLE_AVAILABLE -DCRYPTO_IN_SWIFTPM -DXcode -enable-upcoming-feature MemberImportVisibility -plugin-path /Applications/Xcode\ 26.3\ Beta.app/Contents/Developer/Toolchains/XcodeDefault.xctoolchain/usr/lib/swift/host/plugins/testing -enable-experimental-feature DebugDescriptionMacro -sdk /Applications/Xcode\ 26.3\ Beta.app/Contents/Developer/Platforms/iPhoneOS.platform/Developer/SDKs/iPhoneOS26.2.sdk -target arm64-apple-ios12.0 -g -module-cache-path /Users/byronquine/Library/Developer/Xcode/DerivedData/ModuleCache.noindex -Xfrontend -serialize-debugging-options -profile-coverage-mapping -profile-generate -enable-testing -suppress-warnings -index-store-path /Users/byronquine/Library/Developer/Xcode/DerivedData/Ilumionate-ajbhadqlvcajfnbqievdybmttsdl/Index.noindex/DataStore -Xcc -D_LIBCPP_HARDENING_MODE\=_LIBCPP_HARDENING_MODE_DEBUG -swift-version 6 -I /Users/byronquine/Library/Developer/Xcode/DerivedData/Ilumionate-ajbhadqlvcajfnbqievdybmttsdl/Build/Products/Debug-iphoneos -Isystem /Applications/Xcode\ 26.3\ Beta.app/Contents/Developer/Platforms/iPhoneOS.platform/Developer/usr/lib -F /Users/byronquine/Library/Developer/Xcode/DerivedData/Ilumionate-ajbhadqlvcajfnbqievdybmttsdl/Build/Products/Debug-iphoneos -F /Applications/Xcode\ 26.3\ Beta.app/Contents/Developer/Platforms/iPhoneOS.platform/Developer/Library/Frameworks -F /Applications/Xcode\ 26.3\ Beta.app/Contents/Developer/Platforms/iPhoneOS.platform/Developer/SDKs/iPhoneOS26.2.sdk/Developer/Library/Frameworks -c -j10 -enable-batch-mode -incremental -Xcc -ivfsstatcache -Xcc /Users/byronquine/Library/Developer/Xcode/DerivedData/SDKStatCaches.noindex/iphoneos26.2-23C57-e8867d0c40613ffc63e0238af232dc50d4d6ee3f8374c9c9b8dccfd0b4476fca.sdkstatcache -output-file-map /Users/byronquine/Library/Developer/Xcode/DerivedData/Ilumionate-ajbhadqlvcajfnbqievdybmttsdl/Build/Intermediates.noindex/swift-crypto.build/Debug-iphoneos/Crypto.build/Objects-normal/arm64/Crypto-OutputFileMap.json -use-frontend-parseable-output -save-temps -no-color-diagnostics -explicit-module-build -module-cache-path /Users/byronquine/Library/Developer/Xcode/DerivedData/Ilumionate-ajbhadqlvcajfnbqievdybmttsdl/Build/Intermediates.noindex/SwiftExplicitPrecompiledModules -clang-scanner-module-cache-path /Users/byronquine/Library/Developer/Xcode/DerivedData/ModuleCache.noindex -sdk-module-cache-path /Users/byronquine/Library/Developer/Xcode/DerivedData/ModuleCache.noindex -serialize-diagnostics -emit-dependencies -emit-module -emit-module-path /Users/byronquine/Library/Developer/Xcode/DerivedData/Ilumionate-ajbhadqlvcajfnbqievdybmttsdl/Build/Intermediates.noindex/swift-crypto.build/Debug-iphoneos/Crypto.build/Objects-normal/arm64/Crypto.swiftmodule -user-module-version 4.2.0 -validate-clang-modules-once -clang-build-session-file /Users/byronquine/Library/Developer/Xcode/DerivedData/ModuleCache.noindex/Session.modulevalidation -package-name swift_crypto -Xcc -I/Users/byronquine/Library/Developer/Xcode/DerivedData/Ilumionate-ajbhadqlvcajfnbqievdybmttsdl/Build/Intermediates.noindex/swift-crypto.build/Debug-iphoneos/Crypto.build/swift-overrides.hmap -emit-const-values -Xfrontend -const-gather-protocols-file -Xfrontend /Users/byronquine/Library/Developer/Xcode/DerivedData/Ilumionate-ajbhadqlvcajfnbqievdybmttsdl/Build/Intermediates.noindex/swift-crypto.build/Debug-iphoneos/Crypto.build/Objects-normal/arm64/Crypto_const_extract_protocols.json -Xcc -I/Users/byronquine/Library/Developer/Xcode/DerivedData/Ilumionate-ajbhadqlvcajfnbqievdybmttsdl/Build/Products/Debug-iphoneos/include -Xcc -I/Users/byronquine/Library/Developer/Xcode/DerivedData/Ilumionate-ajbhadqlvcajfnbqievdybmttsdl/Build/Intermediates.noindex/swift-crypto.build/Debug-iphoneos/Crypto.build/DerivedSources-normal/arm64 -Xcc -I/Users/byronquine/Library/Developer/Xcode/DerivedData/Ilumionate-ajbhadqlvcajfnbqievdybmttsdl/Build/Intermediates.noindex/swift-crypto.build/Debug-iphoneos/Crypto.build/DerivedSources/arm64 -Xcc -I/Users/byronquine/Library/Developer/Xcode/DerivedData/Ilumionate-ajbhadqlvcajfnbqievdybmttsdl/Build/Intermediates.noindex/swift-crypto.build/Debug-iphoneos/Crypto.build/DerivedSources -Xcc -DSWIFT_PACKAGE -Xcc -DDEBUG\=1 -emit-objc-header -emit-objc-header-path /Users/byronquine/Library/Developer/Xcode/DerivedData/Ilumionate-ajbhadqlvcajfnbqievdybmttsdl/Build/Intermediates.noindex/swift-crypto.build/Debug-iphoneos/Crypto.build/Objects-normal/arm64/Crypto-Swift.h -working-directory /Users/byronquine/Documents/Programing/Swift/Practice/Ilumionate/Ilumionate.xcodeproj -experimental-emit-module-separately -disable-cmo

SwiftMergeGeneratedHeaders /Users/byronquine/Library/Developer/Xcode/DerivedData/Ilumionate-ajbhadqlvcajfnbqievdybmttsdl/Build/Intermediates.noindex/GeneratedModuleMaps-iphoneos/Crypto-Swift.h /Users/byronquine/Library/Developer/Xcode/DerivedData/Ilumionate-ajbhadqlvcajfnbqievdybmttsdl/Build/Intermediates.noindex/swift-crypto.build/Debug-iphoneos/Crypto.build/Objects-normal/arm64/Crypto-Swift.h (in target 'Crypto' from project 'swift-crypto')
    cd /Users/byronquine/Library/Developer/Xcode/DerivedData/Ilumionate-ajbhadqlvcajfnbqievdybmttsdl/SourcePackages/checkouts/swift-crypto
    builtin-swiftHeaderTool -arch arm64 /Users/byronquine/Library/Developer/Xcode/DerivedData/Ilumionate-ajbhadqlvcajfnbqievdybmttsdl/Build/Intermediates.noindex/swift-crypto.build/Debug-iphoneos/Crypto.build/Objects-normal/arm64/Crypto-Swift.h -o /Users/byronquine/Library/Developer/Xcode/DerivedData/Ilumionate-ajbhadqlvcajfnbqievdybmttsdl/Build/Intermediates.noindex/GeneratedModuleMaps-iphoneos/Crypto-Swift.h

Copy /Users/byronquine/Library/Developer/Xcode/DerivedData/Ilumionate-ajbhadqlvcajfnbqievdybmttsdl/Build/Products/Debug-iphoneos/Crypto.swiftmodule/arm64-apple-ios.swiftmodule /Users/byronquine/Library/Developer/Xcode/DerivedData/Ilumionate-ajbhadqlvcajfnbqievdybmttsdl/Build/Intermediates.noindex/swift-crypto.build/Debug-iphoneos/Crypto.build/Objects-normal/arm64/Crypto.swiftmodule (in target 'Crypto' from project 'swift-crypto')
    cd /Users/byronquine/Library/Developer/Xcode/DerivedData/Ilumionate-ajbhadqlvcajfnbqievdybmttsdl/SourcePackages/checkouts/swift-crypto
    builtin-copy -exclude .DS_Store -exclude CVS -exclude .svn -exclude .git -exclude .hg -resolve-src-symlinks -rename /Users/byronquine/Library/Developer/Xcode/DerivedData/Ilumionate-ajbhadqlvcajfnbqievdybmttsdl/Build/Intermediates.noindex/swift-crypto.build/Debug-iphoneos/Crypto.build/Objects-normal/arm64/Crypto.swiftmodule /Users/byronquine/Library/Developer/Xcode/DerivedData/Ilumionate-ajbhadqlvcajfnbqievdybmttsdl/Build/Products/Debug-iphoneos/Crypto.swiftmodule/arm64-apple-ios.swiftmodule

Copy /Users/byronquine/Library/Developer/Xcode/DerivedData/Ilumionate-ajbhadqlvcajfnbqievdybmttsdl/Build/Products/Debug-iphoneos/Crypto.swiftmodule/arm64-apple-ios.swiftdoc /Users/byronquine/Library/Developer/Xcode/DerivedData/Ilumionate-ajbhadqlvcajfnbqievdybmttsdl/Build/Intermediates.noindex/swift-crypto.build/Debug-iphoneos/Crypto.build/Objects-normal/arm64/Crypto.swiftdoc (in target 'Crypto' from project 'swift-crypto')
    cd /Users/byronquine/Library/Developer/Xcode/DerivedData/Ilumionate-ajbhadqlvcajfnbqievdybmttsdl/SourcePackages/checkouts/swift-crypto
    builtin-copy -exclude .DS_Store -exclude CVS -exclude .svn -exclude .git -exclude .hg -resolve-src-symlinks -rename /Users/byronquine/Library/Developer/Xcode/DerivedData/Ilumionate-ajbhadqlvcajfnbqievdybmttsdl/Build/Intermediates.noindex/swift-crypto.build/Debug-iphoneos/Crypto.build/Objects-normal/arm64/Crypto.swiftdoc /Users/byronquine/Library/Developer/Xcode/DerivedData/Ilumionate-ajbhadqlvcajfnbqievdybmttsdl/Build/Products/Debug-iphoneos/Crypto.swiftmodule/arm64-apple-ios.swiftdoc

Copy /Users/byronquine/Library/Developer/Xcode/DerivedData/Ilumionate-ajbhadqlvcajfnbqievdybmttsdl/Build/Products/Debug-iphoneos/Crypto.swiftmodule/arm64-apple-ios.abi.json /Users/byronquine/Library/Developer/Xcode/DerivedData/Ilumionate-ajbhadqlvcajfnbqievdybmttsdl/Build/Intermediates.noindex/swift-crypto.build/Debug-iphoneos/Crypto.build/Objects-normal/arm64/Crypto.abi.json (in target 'Crypto' from project 'swift-crypto')
    cd /Users/byronquine/Library/Developer/Xcode/DerivedData/Ilumionate-ajbhadqlvcajfnbqievdybmttsdl/SourcePackages/checkouts/swift-crypto
    builtin-copy -exclude .DS_Store -exclude CVS -exclude .svn -exclude .git -exclude .hg -resolve-src-symlinks -rename /Users/byronquine/Library/Developer/Xcode/DerivedData/Ilumionate-ajbhadqlvcajfnbqievdybmttsdl/Build/Intermediates.noindex/swift-crypto.build/Debug-iphoneos/Crypto.build/Objects-normal/arm64/Crypto.abi.json /Users/byronquine/Library/Developer/Xcode/DerivedData/Ilumionate-ajbhadqlvcajfnbqievdybmttsdl/Build/Products/Debug-iphoneos/Crypto.swiftmodule/arm64-apple-ios.abi.json

Copy /Users/byronquine/Library/Developer/Xcode/DerivedData/Ilumionate-ajbhadqlvcajfnbqievdybmttsdl/Build/Products/Debug-iphoneos/Crypto.swiftmodule/Project/arm64-apple-ios.swiftsourceinfo /Users/byronquine/Library/Developer/Xcode/DerivedData/Ilumionate-ajbhadqlvcajfnbqievdybmttsdl/Build/Intermediates.noindex/swift-crypto.build/Debug-iphoneos/Crypto.build/Objects-normal/arm64/Crypto.swiftsourceinfo (in target 'Crypto' from project 'swift-crypto')
    cd /Users/byronquine/Library/Developer/Xcode/DerivedData/Ilumionate-ajbhadqlvcajfnbqievdybmttsdl/SourcePackages/checkouts/swift-crypto
    builtin-copy -exclude .DS_Store -exclude CVS -exclude .svn -exclude .git -exclude .hg -resolve-src-symlinks -rename /Users/byronquine/Library/Developer/Xcode/DerivedData/Ilumionate-ajbhadqlvcajfnbqievdybmttsdl/Build/Intermediates.noindex/swift-crypto.build/Debug-iphoneos/Crypto.build/Objects-normal/arm64/Crypto.swiftsourceinfo /Users/byronquine/Library/Developer/Xcode/DerivedData/Ilumionate-ajbhadqlvcajfnbqievdybmttsdl/Build/Products/Debug-iphoneos/Crypto.swiftmodule/Project/arm64-apple-ios.swiftsourceinfo

ExtractAppIntentsMetadata (in target 'InternalCollectionsUtilities' from project 'swift-collections')
    cd /Users/byronquine/Library/Developer/Xcode/DerivedData/Ilumionate-ajbhadqlvcajfnbqievdybmttsdl/SourcePackages/checkouts/swift-collections
    /Applications/Xcode\ 26.3\ Beta.app/Contents/Developer/Toolchains/XcodeDefault.xctoolchain/usr/bin/appintentsmetadataprocessor --toolchain-dir /var/run/com.apple.security.cryptexd/mnt/com.apple.MobileAsset.MetalToolchain-v17.3.519.0.qBttFW/Metal.xctoolchain --module-name InternalCollectionsUtilities --sdk-root /Applications/Xcode\ 26.3\ Beta.app/Contents/Developer/Platforms/iPhoneOS.platform/Developer/SDKs/iPhoneOS26.2.sdk --xcode-version 17C528 --platform-family iOS --deployment-target 12.0 --bundle-identifier swift-collections.InternalCollectionsUtilities --output /Users/byronquine/Library/Developer/Xcode/DerivedData/Ilumionate-ajbhadqlvcajfnbqievdybmttsdl/Build/Products/Debug-iphoneos/InternalCollectionsUtilities.appintents --target-triple arm64-apple-ios12.0 --binary-file /Users/byronquine/Library/Developer/Xcode/DerivedData/Ilumionate-ajbhadqlvcajfnbqievdybmttsdl/Build/Products/Debug-iphoneos/InternalCollectionsUtilities.o --dependency-file /Users/byronquine/Library/Developer/Xcode/DerivedData/Ilumionate-ajbhadqlvcajfnbqievdybmttsdl/Build/Intermediates.noindex/swift-collections.build/Debug-iphoneos/InternalCollectionsUtilities.build/Objects-normal/arm64/InternalCollectionsUtilities_dependency_info.dat --stringsdata-file /Users/byronquine/Library/Developer/Xcode/DerivedData/Ilumionate-ajbhadqlvcajfnbqievdybmttsdl/Build/Intermediates.noindex/swift-collections.build/Debug-iphoneos/InternalCollectionsUtilities.build/Objects-normal/arm64/ExtractedAppShortcutsMetadata.stringsdata --source-file-list /Users/byronquine/Library/Developer/Xcode/DerivedData/Ilumionate-ajbhadqlvcajfnbqievdybmttsdl/Build/Intermediates.noindex/swift-collections.build/Debug-iphoneos/InternalCollectionsUtilities.build/Objects-normal/arm64/InternalCollectionsUtilities.SwiftFileList --metadata-file-list /Users/byronquine/Library/Developer/Xcode/DerivedData/Ilumionate-ajbhadqlvcajfnbqievdybmttsdl/Build/Intermediates.noindex/swift-collections.build/Debug-iphoneos/InternalCollectionsUtilities.build/InternalCollectionsUtilities.DependencyMetadataFileList --static-metadata-file-list /Users/byronquine/Library/Developer/Xcode/DerivedData/Ilumionate-ajbhadqlvcajfnbqievdybmttsdl/Build/Intermediates.noindex/swift-collections.build/Debug-iphoneos/InternalCollectionsUtilities.build/InternalCollectionsUtilities.DependencyStaticMetadataFileList --swift-const-vals-list /Users/byronquine/Library/Developer/Xcode/DerivedData/Ilumionate-ajbhadqlvcajfnbqievdybmttsdl/Build/Intermediates.noindex/swift-collections.build/Debug-iphoneos/InternalCollectionsUtilities.build/Objects-normal/arm64/InternalCollectionsUtilities.SwiftConstValuesFileList --force --compile-time-extraction --deployment-aware-processing --validate-assistant-intents --no-app-shortcuts-localization
2026-03-12 20:04:10.161 appintentsmetadataprocessor[15660:2303530] Starting appintentsmetadataprocessor export
2026-03-12 20:04:10.314 appintentsmetadataprocessor[15660:2303530] Extracted no relevant App Intents symbols, skipping writing output

SwiftDriverJobDiscovery normal arm64 Compiling Curve25519.swift, Ed25519Keys.swift, NISTCurvesKeys.swift, X25519Keys.swift, SymmetricKeys.swift, HMAC.swift, MACFunctions.swift, MessageAuthenticationCode.swift, AES.swift (in target 'Crypto' from project 'swift-crypto')

SwiftDriverJobDiscovery normal arm64 Compiling HashFunctions_SHA2.swift, HashFunctions_SHA3.swift, Digest_xkcp.swift, HPKE-AEAD.swift, HPKE-Ciphersuite.swift, HPKE-KDF.swift, HPKE-KexKeyDerivation.swift, HPKE-LabeledExtract.swift, HPKE-Utils.swift, DHKEM.swift (in target 'Crypto' from project 'swift-crypto')

SwiftDriverJobDiscovery normal arm64 Compiling ASN1Boolean.swift, ASN1Identifier.swift, ASN1Integer.swift, ASN1Null.swift, ASN1OctetString.swift, ASN1Strings.swift, ArraySliceBigint.swift, GeneralizedTime.swift, ObjectIdentifier.swift, ECDSASignature.swift (in target 'Crypto' from project 'swift-crypto')

SwiftCompile normal arm64 Compiling\ OrderedSet+Codable.swift,\ OrderedSet+CustomReflectable.swift,\ OrderedSet+Descriptions.swift,\ OrderedSet+Diffing.swift,\ OrderedSet+Equatable.swift,\ OrderedSet+ExpressibleByArrayLiteral.swift /Users/byronquine/Library/Developer/Xcode/DerivedData/Ilumionate-ajbhadqlvcajfnbqievdybmttsdl/SourcePackages/checkouts/swift-collections/Sources/OrderedCollections/OrderedSet/OrderedSet+Codable.swift /Users/byronquine/Library/Developer/Xcode/DerivedData/Ilumionate-ajbhadqlvcajfnbqievdybmttsdl/SourcePackages/checkouts/swift-collections/Sources/OrderedCollections/OrderedSet/OrderedSet+CustomReflectable.swift /Users/byronquine/Library/Developer/Xcode/DerivedData/Ilumionate-ajbhadqlvcajfnbqievdybmttsdl/SourcePackages/checkouts/swift-collections/Sources/OrderedCollections/OrderedSet/OrderedSet+Descriptions.swift /Users/byronquine/Library/Developer/Xcode/DerivedData/Ilumionate-ajbhadqlvcajfnbqievdybmttsdl/SourcePackages/checkouts/swift-collections/Sources/OrderedCollections/OrderedSet/OrderedSet+Diffing.swift /Users/byronquine/Library/Developer/Xcode/DerivedData/Ilumionate-ajbhadqlvcajfnbqievdybmttsdl/SourcePackages/checkouts/swift-collections/Sources/OrderedCollections/OrderedSet/OrderedSet+Equatable.swift /Users/byronquine/Library/Developer/Xcode/DerivedData/Ilumionate-ajbhadqlvcajfnbqievdybmttsdl/SourcePackages/checkouts/swift-collections/Sources/OrderedCollections/OrderedSet/OrderedSet+ExpressibleByArrayLiteral.swift (in target 'OrderedCollections' from project 'swift-collections')

SwiftCompile normal arm64 /Users/byronquine/Library/Developer/Xcode/DerivedData/Ilumionate-ajbhadqlvcajfnbqievdybmttsdl/SourcePackages/checkouts/swift-collections/Sources/OrderedCollections/OrderedSet/OrderedSet+Codable.swift (in target 'OrderedCollections' from project 'swift-collections')
    cd /Users/byronquine/Documents/Programing/Swift/Practice/Ilumionate/Ilumionate.xcodeproj
    

SwiftCompile normal arm64 /Users/byronquine/Library/Developer/Xcode/DerivedData/Ilumionate-ajbhadqlvcajfnbqievdybmttsdl/SourcePackages/checkouts/swift-collections/Sources/OrderedCollections/OrderedSet/OrderedSet+CustomReflectable.swift (in target 'OrderedCollections' from project 'swift-collections')
    cd /Users/byronquine/Documents/Programing/Swift/Practice/Ilumionate/Ilumionate.xcodeproj
    

SwiftCompile normal arm64 /Users/byronquine/Library/Developer/Xcode/DerivedData/Ilumionate-ajbhadqlvcajfnbqievdybmttsdl/SourcePackages/checkouts/swift-collections/Sources/OrderedCollections/OrderedSet/OrderedSet+Descriptions.swift (in target 'OrderedCollections' from project 'swift-collections')
    cd /Users/byronquine/Documents/Programing/Swift/Practice/Ilumionate/Ilumionate.xcodeproj
    

SwiftCompile normal arm64 /Users/byronquine/Library/Developer/Xcode/DerivedData/Ilumionate-ajbhadqlvcajfnbqievdybmttsdl/SourcePackages/checkouts/swift-collections/Sources/OrderedCollections/OrderedSet/OrderedSet+Diffing.swift (in target 'OrderedCollections' from project 'swift-collections')
    cd /Users/byronquine/Documents/Programing/Swift/Practice/Ilumionate/Ilumionate.xcodeproj
    

SwiftCompile normal arm64 /Users/byronquine/Library/Developer/Xcode/DerivedData/Ilumionate-ajbhadqlvcajfnbqievdybmttsdl/SourcePackages/checkouts/swift-collections/Sources/OrderedCollections/OrderedSet/OrderedSet+Equatable.swift (in target 'OrderedCollections' from project 'swift-collections')
    cd /Users/byronquine/Documents/Programing/Swift/Practice/Ilumionate/Ilumionate.xcodeproj
    

SwiftCompile normal arm64 /Users/byronquine/Library/Developer/Xcode/DerivedData/Ilumionate-ajbhadqlvcajfnbqievdybmttsdl/SourcePackages/checkouts/swift-collections/Sources/OrderedCollections/OrderedSet/OrderedSet+ExpressibleByArrayLiteral.swift (in target 'OrderedCollections' from project 'swift-collections')
    cd /Users/byronquine/Documents/Programing/Swift/Practice/Ilumionate/Ilumionate.xcodeproj
    

SwiftCompile normal arm64 Compiling\ OrderedDictionary+Elements.swift,\ OrderedDictionary+Equatable.swift,\ OrderedDictionary+ExpressibleByDictionaryLiteral.swift,\ OrderedDictionary+Hashable.swift,\ OrderedDictionary+Initializers.swift,\ OrderedDictionary+Invariants.swift /Users/byronquine/Library/Developer/Xcode/DerivedData/Ilumionate-ajbhadqlvcajfnbqievdybmttsdl/SourcePackages/checkouts/swift-collections/Sources/OrderedCollections/OrderedDictionary/OrderedDictionary+Elements.swift /Users/byronquine/Library/Developer/Xcode/DerivedData/Ilumionate-ajbhadqlvcajfnbqievdybmttsdl/SourcePackages/checkouts/swift-collections/Sources/OrderedCollections/OrderedDictionary/OrderedDictionary+Equatable.swift /Users/byronquine/Library/Developer/Xcode/DerivedData/Ilumionate-ajbhadqlvcajfnbqievdybmttsdl/SourcePackages/checkouts/swift-collections/Sources/OrderedCollections/OrderedDictionary/OrderedDictionary+ExpressibleByDictionaryLiteral.swift /Users/byronquine/Library/Developer/Xcode/DerivedData/Ilumionate-ajbhadqlvcajfnbqievdybmttsdl/SourcePackages/checkouts/swift-collections/Sources/OrderedCollections/OrderedDictionary/OrderedDictionary+Hashable.swift /Users/byronquine/Library/Developer/Xcode/DerivedData/Ilumionate-ajbhadqlvcajfnbqievdybmttsdl/SourcePackages/checkouts/swift-collections/Sources/OrderedCollections/OrderedDictionary/OrderedDictionary+Initializers.swift /Users/byronquine/Library/Developer/Xcode/DerivedData/Ilumionate-ajbhadqlvcajfnbqievdybmttsdl/SourcePackages/checkouts/swift-collections/Sources/OrderedCollections/OrderedDictionary/OrderedDictionary+Invariants.swift (in target 'OrderedCollections' from project 'swift-collections')

SwiftCompile normal arm64 /Users/byronquine/Library/Developer/Xcode/DerivedData/Ilumionate-ajbhadqlvcajfnbqievdybmttsdl/SourcePackages/checkouts/swift-collections/Sources/OrderedCollections/OrderedDictionary/OrderedDictionary+Elements.swift (in target 'OrderedCollections' from project 'swift-collections')
    cd /Users/byronquine/Documents/Programing/Swift/Practice/Ilumionate/Ilumionate.xcodeproj
    

SwiftCompile normal arm64 /Users/byronquine/Library/Developer/Xcode/DerivedData/Ilumionate-ajbhadqlvcajfnbqievdybmttsdl/SourcePackages/checkouts/swift-collections/Sources/OrderedCollections/OrderedDictionary/OrderedDictionary+Equatable.swift (in target 'OrderedCollections' from project 'swift-collections')
    cd /Users/byronquine/Documents/Programing/Swift/Practice/Ilumionate/Ilumionate.xcodeproj
    

SwiftCompile normal arm64 /Users/byronquine/Library/Developer/Xcode/DerivedData/Ilumionate-ajbhadqlvcajfnbqievdybmttsdl/SourcePackages/checkouts/swift-collections/Sources/OrderedCollections/OrderedDictionary/OrderedDictionary+ExpressibleByDictionaryLiteral.swift (in target 'OrderedCollections' from project 'swift-collections')
    cd /Users/byronquine/Documents/Programing/Swift/Practice/Ilumionate/Ilumionate.xcodeproj
    

SwiftCompile normal arm64 /Users/byronquine/Library/Developer/Xcode/DerivedData/Ilumionate-ajbhadqlvcajfnbqievdybmttsdl/SourcePackages/checkouts/swift-collections/Sources/OrderedCollections/OrderedDictionary/OrderedDictionary+Hashable.swift (in target 'OrderedCollections' from project 'swift-collections')
    cd /Users/byronquine/Documents/Programing/Swift/Practice/Ilumionate/Ilumionate.xcodeproj
    

SwiftCompile normal arm64 /Users/byronquine/Library/Developer/Xcode/DerivedData/Ilumionate-ajbhadqlvcajfnbqievdybmttsdl/SourcePackages/checkouts/swift-collections/Sources/OrderedCollections/OrderedDictionary/OrderedDictionary+Initializers.swift (in target 'OrderedCollections' from project 'swift-collections')
    cd /Users/byronquine/Documents/Programing/Swift/Practice/Ilumionate/Ilumionate.xcodeproj
    

SwiftCompile normal arm64 /Users/byronquine/Library/Developer/Xcode/DerivedData/Ilumionate-ajbhadqlvcajfnbqievdybmttsdl/SourcePackages/checkouts/swift-collections/Sources/OrderedCollections/OrderedDictionary/OrderedDictionary+Invariants.swift (in target 'OrderedCollections' from project 'swift-collections')
    cd /Users/byronquine/Documents/Programing/Swift/Practice/Ilumionate/Ilumionate.xcodeproj
    

SwiftEmitModule normal arm64 Emitting\ module\ for\ OrderedCollections (in target 'OrderedCollections' from project 'swift-collections')

EmitSwiftModule normal arm64 (in target 'OrderedCollections' from project 'swift-collections')
    cd /Users/byronquine/Documents/Programing/Swift/Practice/Ilumionate/Ilumionate.xcodeproj
    

SwiftCompile normal arm64 Compiling\ _HashTable+Bucket.swift,\ _HashTable+BucketIterator.swift,\ _HashTable+Constants.swift,\ _HashTable+CustomStringConvertible.swift,\ _HashTable+Testing.swift,\ _HashTable+UnsafeHandle.swift,\ _HashTable.swift /Users/byronquine/Library/Developer/Xcode/DerivedData/Ilumionate-ajbhadqlvcajfnbqievdybmttsdl/SourcePackages/checkouts/swift-collections/Sources/OrderedCollections/HashTable/_HashTable+Bucket.swift /Users/byronquine/Library/Developer/Xcode/DerivedData/Ilumionate-ajbhadqlvcajfnbqievdybmttsdl/SourcePackages/checkouts/swift-collections/Sources/OrderedCollections/HashTable/_HashTable+BucketIterator.swift /Users/byronquine/Library/Developer/Xcode/DerivedData/Ilumionate-ajbhadqlvcajfnbqievdybmttsdl/SourcePackages/checkouts/swift-collections/Sources/OrderedCollections/HashTable/_HashTable+Constants.swift /Users/byronquine/Library/Developer/Xcode/DerivedData/Ilumionate-ajbhadqlvcajfnbqievdybmttsdl/SourcePackages/checkouts/swift-collections/Sources/OrderedCollections/HashTable/_HashTable+CustomStringConvertible.swift /Users/byronquine/Library/Developer/Xcode/DerivedData/Ilumionate-ajbhadqlvcajfnbqievdybmttsdl/SourcePackages/checkouts/swift-collections/Sources/OrderedCollections/HashTable/_HashTable+Testing.swift /Users/byronquine/Library/Developer/Xcode/DerivedData/Ilumionate-ajbhadqlvcajfnbqievdybmttsdl/SourcePackages/checkouts/swift-collections/Sources/OrderedCollections/HashTable/_HashTable+UnsafeHandle.swift /Users/byronquine/Library/Developer/Xcode/DerivedData/Ilumionate-ajbhadqlvcajfnbqievdybmttsdl/SourcePackages/checkouts/swift-collections/Sources/OrderedCollections/HashTable/_HashTable.swift (in target 'OrderedCollections' from project 'swift-collections')

SwiftCompile normal arm64 /Users/byronquine/Library/Developer/Xcode/DerivedData/Ilumionate-ajbhadqlvcajfnbqievdybmttsdl/SourcePackages/checkouts/swift-collections/Sources/OrderedCollections/HashTable/_HashTable+Bucket.swift (in target 'OrderedCollections' from project 'swift-collections')
    cd /Users/byronquine/Documents/Programing/Swift/Practice/Ilumionate/Ilumionate.xcodeproj
    

SwiftCompile normal arm64 /Users/byronquine/Library/Developer/Xcode/DerivedData/Ilumionate-ajbhadqlvcajfnbqievdybmttsdl/SourcePackages/checkouts/swift-collections/Sources/OrderedCollections/HashTable/_HashTable+BucketIterator.swift (in target 'OrderedCollections' from project 'swift-collections')
    cd /Users/byronquine/Documents/Programing/Swift/Practice/Ilumionate/Ilumionate.xcodeproj
    

SwiftCompile normal arm64 /Users/byronquine/Library/Developer/Xcode/DerivedData/Ilumionate-ajbhadqlvcajfnbqievdybmttsdl/SourcePackages/checkouts/swift-collections/Sources/OrderedCollections/HashTable/_HashTable+Constants.swift (in target 'OrderedCollections' from project 'swift-collections')
    cd /Users/byronquine/Documents/Programing/Swift/Practice/Ilumionate/Ilumionate.xcodeproj
    

SwiftCompile normal arm64 /Users/byronquine/Library/Developer/Xcode/DerivedData/Ilumionate-ajbhadqlvcajfnbqievdybmttsdl/SourcePackages/checkouts/swift-collections/Sources/OrderedCollections/HashTable/_HashTable+CustomStringConvertible.swift (in target 'OrderedCollections' from project 'swift-collections')
    cd /Users/byronquine/Documents/Programing/Swift/Practice/Ilumionate/Ilumionate.xcodeproj
    

SwiftCompile normal arm64 /Users/byronquine/Library/Developer/Xcode/DerivedData/Ilumionate-ajbhadqlvcajfnbqievdybmttsdl/SourcePackages/checkouts/swift-collections/Sources/OrderedCollections/HashTable/_HashTable+Testing.swift (in target 'OrderedCollections' from project 'swift-collections')
    cd /Users/byronquine/Documents/Programing/Swift/Practice/Ilumionate/Ilumionate.xcodeproj
    

SwiftCompile normal arm64 /Users/byronquine/Library/Developer/Xcode/DerivedData/Ilumionate-ajbhadqlvcajfnbqievdybmttsdl/SourcePackages/checkouts/swift-collections/Sources/OrderedCollections/HashTable/_HashTable+UnsafeHandle.swift (in target 'OrderedCollections' from project 'swift-collections')
    cd /Users/byronquine/Documents/Programing/Swift/Practice/Ilumionate/Ilumionate.xcodeproj
    

SwiftCompile normal arm64 /Users/byronquine/Library/Developer/Xcode/DerivedData/Ilumionate-ajbhadqlvcajfnbqievdybmttsdl/SourcePackages/checkouts/swift-collections/Sources/OrderedCollections/HashTable/_HashTable.swift (in target 'OrderedCollections' from project 'swift-collections')
    cd /Users/byronquine/Documents/Programing/Swift/Practice/Ilumionate/Ilumionate.xcodeproj
    

SwiftCompile normal arm64 Compiling\ _Hashtable+Header.swift,\ OrderedDictionary+Codable.swift,\ OrderedDictionary+CustomReflectable.swift,\ OrderedDictionary+Deprecations.swift,\ OrderedDictionary+Descriptions.swift,\ OrderedDictionary+Elements.SubSequence.swift /Users/byronquine/Library/Developer/Xcode/DerivedData/Ilumionate-ajbhadqlvcajfnbqievdybmttsdl/SourcePackages/checkouts/swift-collections/Sources/OrderedCollections/HashTable/_Hashtable+Header.swift /Users/byronquine/Library/Developer/Xcode/DerivedData/Ilumionate-ajbhadqlvcajfnbqievdybmttsdl/SourcePackages/checkouts/swift-collections/Sources/OrderedCollections/OrderedDictionary/OrderedDictionary+Codable.swift /Users/byronquine/Library/Developer/Xcode/DerivedData/Ilumionate-ajbhadqlvcajfnbqievdybmttsdl/SourcePackages/checkouts/swift-collections/Sources/OrderedCollections/OrderedDictionary/OrderedDictionary+CustomReflectable.swift /Users/byronquine/Library/Developer/Xcode/DerivedData/Ilumionate-ajbhadqlvcajfnbqievdybmttsdl/SourcePackages/checkouts/swift-collections/Sources/OrderedCollections/OrderedDictionary/OrderedDictionary+Deprecations.swift /Users/byronquine/Library/Developer/Xcode/DerivedData/Ilumionate-ajbhadqlvcajfnbqievdybmttsdl/SourcePackages/checkouts/swift-collections/Sources/OrderedCollections/OrderedDictionary/OrderedDictionary+Descriptions.swift /Users/byronquine/Library/Developer/Xcode/DerivedData/Ilumionate-ajbhadqlvcajfnbqievdybmttsdl/SourcePackages/checkouts/swift-collections/Sources/OrderedCollections/OrderedDictionary/OrderedDictionary+Elements.SubSequence.swift (in target 'OrderedCollections' from project 'swift-collections')

SwiftCompile normal arm64 /Users/byronquine/Library/Developer/Xcode/DerivedData/Ilumionate-ajbhadqlvcajfnbqievdybmttsdl/SourcePackages/checkouts/swift-collections/Sources/OrderedCollections/HashTable/_Hashtable+Header.swift (in target 'OrderedCollections' from project 'swift-collections')
    cd /Users/byronquine/Documents/Programing/Swift/Practice/Ilumionate/Ilumionate.xcodeproj
    

SwiftCompile normal arm64 /Users/byronquine/Library/Developer/Xcode/DerivedData/Ilumionate-ajbhadqlvcajfnbqievdybmttsdl/SourcePackages/checkouts/swift-collections/Sources/OrderedCollections/OrderedDictionary/OrderedDictionary+Codable.swift (in target 'OrderedCollections' from project 'swift-collections')
    cd /Users/byronquine/Documents/Programing/Swift/Practice/Ilumionate/Ilumionate.xcodeproj
    

SwiftCompile normal arm64 /Users/byronquine/Library/Developer/Xcode/DerivedData/Ilumionate-ajbhadqlvcajfnbqievdybmttsdl/SourcePackages/checkouts/swift-collections/Sources/OrderedCollections/OrderedDictionary/OrderedDictionary+CustomReflectable.swift (in target 'OrderedCollections' from project 'swift-collections')
    cd /Users/byronquine/Documents/Programing/Swift/Practice/Ilumionate/Ilumionate.xcodeproj
    

SwiftCompile normal arm64 /Users/byronquine/Library/Developer/Xcode/DerivedData/Ilumionate-ajbhadqlvcajfnbqievdybmttsdl/SourcePackages/checkouts/swift-collections/Sources/OrderedCollections/OrderedDictionary/OrderedDictionary+Deprecations.swift (in target 'OrderedCollections' from project 'swift-collections')
    cd /Users/byronquine/Documents/Programing/Swift/Practice/Ilumionate/Ilumionate.xcodeproj
    

SwiftCompile normal arm64 /Users/byronquine/Library/Developer/Xcode/DerivedData/Ilumionate-ajbhadqlvcajfnbqievdybmttsdl/SourcePackages/checkouts/swift-collections/Sources/OrderedCollections/OrderedDictionary/OrderedDictionary+Descriptions.swift (in target 'OrderedCollections' from project 'swift-collections')
    cd /Users/byronquine/Documents/Programing/Swift/Practice/Ilumionate/Ilumionate.xcodeproj
    

SwiftCompile normal arm64 /Users/byronquine/Library/Developer/Xcode/DerivedData/Ilumionate-ajbhadqlvcajfnbqievdybmttsdl/SourcePackages/checkouts/swift-collections/Sources/OrderedCollections/OrderedDictionary/OrderedDictionary+Elements.SubSequence.swift (in target 'OrderedCollections' from project 'swift-collections')
    cd /Users/byronquine/Documents/Programing/Swift/Practice/Ilumionate/Ilumionate.xcodeproj
    

SwiftCompile normal arm64 Compiling\ OrderedSet+Partial\ SetAlgebra\ formIntersection.swift,\ OrderedSet+Partial\ SetAlgebra\ formSymmetricDifference.swift,\ OrderedSet+Partial\ SetAlgebra\ formUnion.swift,\ OrderedSet+Partial\ SetAlgebra\ intersection.swift,\ OrderedSet+Partial\ SetAlgebra\ isDisjoint.swift,\ OrderedSet+Partial\ SetAlgebra\ isEqualSet.swift /Users/byronquine/Library/Developer/Xcode/DerivedData/Ilumionate-ajbhadqlvcajfnbqievdybmttsdl/SourcePackages/checkouts/swift-collections/Sources/OrderedCollections/OrderedSet/OrderedSet+Partial\ SetAlgebra\ formIntersection.swift /Users/byronquine/Library/Developer/Xcode/DerivedData/Ilumionate-ajbhadqlvcajfnbqievdybmttsdl/SourcePackages/checkouts/swift-collections/Sources/OrderedCollections/OrderedSet/OrderedSet+Partial\ SetAlgebra\ formSymmetricDifference.swift /Users/byronquine/Library/Developer/Xcode/DerivedData/Ilumionate-ajbhadqlvcajfnbqievdybmttsdl/SourcePackages/checkouts/swift-collections/Sources/OrderedCollections/OrderedSet/OrderedSet+Partial\ SetAlgebra\ formUnion.swift /Users/byronquine/Library/Developer/Xcode/DerivedData/Ilumionate-ajbhadqlvcajfnbqievdybmttsdl/SourcePackages/checkouts/swift-collections/Sources/OrderedCollections/OrderedSet/OrderedSet+Partial\ SetAlgebra\ intersection.swift /Users/byronquine/Library/Developer/Xcode/DerivedData/Ilumionate-ajbhadqlvcajfnbqievdybmttsdl/SourcePackages/checkouts/swift-collections/Sources/OrderedCollections/OrderedSet/OrderedSet+Partial\ SetAlgebra\ isDisjoint.swift /Users/byronquine/Library/Developer/Xcode/DerivedData/Ilumionate-ajbhadqlvcajfnbqievdybmttsdl/SourcePackages/checkouts/swift-collections/Sources/OrderedCollections/OrderedSet/OrderedSet+Partial\ SetAlgebra\ isEqualSet.swift (in target 'OrderedCollections' from project 'swift-collections')

SwiftCompile normal arm64 /Users/byronquine/Library/Developer/Xcode/DerivedData/Ilumionate-ajbhadqlvcajfnbqievdybmttsdl/SourcePackages/checkouts/swift-collections/Sources/OrderedCollections/OrderedSet/OrderedSet+Partial\ SetAlgebra\ formIntersection.swift (in target 'OrderedCollections' from project 'swift-collections')
    cd /Users/byronquine/Documents/Programing/Swift/Practice/Ilumionate/Ilumionate.xcodeproj
    

SwiftCompile normal arm64 /Users/byronquine/Library/Developer/Xcode/DerivedData/Ilumionate-ajbhadqlvcajfnbqievdybmttsdl/SourcePackages/checkouts/swift-collections/Sources/OrderedCollections/OrderedSet/OrderedSet+Partial\ SetAlgebra\ formSymmetricDifference.swift (in target 'OrderedCollections' from project 'swift-collections')
    cd /Users/byronquine/Documents/Programing/Swift/Practice/Ilumionate/Ilumionate.xcodeproj
    

SwiftCompile normal arm64 /Users/byronquine/Library/Developer/Xcode/DerivedData/Ilumionate-ajbhadqlvcajfnbqievdybmttsdl/SourcePackages/checkouts/swift-collections/Sources/OrderedCollections/OrderedSet/OrderedSet+Partial\ SetAlgebra\ formUnion.swift (in target 'OrderedCollections' from project 'swift-collections')
    cd /Users/byronquine/Documents/Programing/Swift/Practice/Ilumionate/Ilumionate.xcodeproj
    

SwiftCompile normal arm64 /Users/byronquine/Library/Developer/Xcode/DerivedData/Ilumionate-ajbhadqlvcajfnbqievdybmttsdl/SourcePackages/checkouts/swift-collections/Sources/OrderedCollections/OrderedSet/OrderedSet+Partial\ SetAlgebra\ intersection.swift (in target 'OrderedCollections' from project 'swift-collections')
    cd /Users/byronquine/Documents/Programing/Swift/Practice/Ilumionate/Ilumionate.xcodeproj
    

SwiftCompile normal arm64 /Users/byronquine/Library/Developer/Xcode/DerivedData/Ilumionate-ajbhadqlvcajfnbqievdybmttsdl/SourcePackages/checkouts/swift-collections/Sources/OrderedCollections/OrderedSet/OrderedSet+Partial\ SetAlgebra\ isDisjoint.swift (in target 'OrderedCollections' from project 'swift-collections')
    cd /Users/byronquine/Documents/Programing/Swift/Practice/Ilumionate/Ilumionate.xcodeproj
    

SwiftCompile normal arm64 /Users/byronquine/Library/Developer/Xcode/DerivedData/Ilumionate-ajbhadqlvcajfnbqievdybmttsdl/SourcePackages/checkouts/swift-collections/Sources/OrderedCollections/OrderedSet/OrderedSet+Partial\ SetAlgebra\ isEqualSet.swift (in target 'OrderedCollections' from project 'swift-collections')
    cd /Users/byronquine/Documents/Programing/Swift/Practice/Ilumionate/Ilumionate.xcodeproj
    

SwiftDriverJobDiscovery normal arm64 Compiling PEMDocument.swift, PKCS8PrivateKey.swift, SEC1PrivateKey.swift, SubjectPublicKeyInfo.swift, CryptoError_boring.swift, CryptoKitErrors.swift, Digest_boring.swift, Digest.swift, Digests.swift, HashFunctions.swift (in target 'Crypto' from project 'swift-crypto')

SwiftCompile normal arm64 Compiling\ OrderedSet+Partial\ SetAlgebra\ isStrictSubset.swift,\ OrderedSet+Partial\ SetAlgebra\ isStrictSuperset.swift,\ OrderedSet+Partial\ SetAlgebra\ isSubset.swift,\ OrderedSet+Partial\ SetAlgebra\ isSuperset.swift,\ OrderedSet+Partial\ SetAlgebra\ subtract.swift,\ OrderedSet+Partial\ SetAlgebra\ subtracting.swift /Users/byronquine/Library/Developer/Xcode/DerivedData/Ilumionate-ajbhadqlvcajfnbqievdybmttsdl/SourcePackages/checkouts/swift-collections/Sources/OrderedCollections/OrderedSet/OrderedSet+Partial\ SetAlgebra\ isStrictSubset.swift /Users/byronquine/Library/Developer/Xcode/DerivedData/Ilumionate-ajbhadqlvcajfnbqievdybmttsdl/SourcePackages/checkouts/swift-collections/Sources/OrderedCollections/OrderedSet/OrderedSet+Partial\ SetAlgebra\ isStrictSuperset.swift /Users/byronquine/Library/Developer/Xcode/DerivedData/Ilumionate-ajbhadqlvcajfnbqievdybmttsdl/SourcePackages/checkouts/swift-collections/Sources/OrderedCollections/OrderedSet/OrderedSet+Partial\ SetAlgebra\ isSubset.swift /Users/byronquine/Library/Developer/Xcode/DerivedData/Ilumionate-ajbhadqlvcajfnbqievdybmttsdl/SourcePackages/checkouts/swift-collections/Sources/OrderedCollections/OrderedSet/OrderedSet+Partial\ SetAlgebra\ isSuperset.swift /Users/byronquine/Library/Developer/Xcode/DerivedData/Ilumionate-ajbhadqlvcajfnbqievdybmttsdl/SourcePackages/checkouts/swift-collections/Sources/OrderedCollections/OrderedSet/OrderedSet+Partial\ SetAlgebra\ subtract.swift /Users/byronquine/Library/Developer/Xcode/DerivedData/Ilumionate-ajbhadqlvcajfnbqievdybmttsdl/SourcePackages/checkouts/swift-collections/Sources/OrderedCollections/OrderedSet/OrderedSet+Partial\ SetAlgebra\ subtracting.swift (in target 'OrderedCollections' from project 'swift-collections')

SwiftCompile normal arm64 /Users/byronquine/Library/Developer/Xcode/DerivedData/Ilumionate-ajbhadqlvcajfnbqievdybmttsdl/SourcePackages/checkouts/swift-collections/Sources/OrderedCollections/OrderedSet/OrderedSet+Partial\ SetAlgebra\ isStrictSubset.swift (in target 'OrderedCollections' from project 'swift-collections')
    cd /Users/byronquine/Documents/Programing/Swift/Practice/Ilumionate/Ilumionate.xcodeproj
    

SwiftCompile normal arm64 /Users/byronquine/Library/Developer/Xcode/DerivedData/Ilumionate-ajbhadqlvcajfnbqievdybmttsdl/SourcePackages/checkouts/swift-collections/Sources/OrderedCollections/OrderedSet/OrderedSet+Partial\ SetAlgebra\ isStrictSuperset.swift (in target 'OrderedCollections' from project 'swift-collections')
    cd /Users/byronquine/Documents/Programing/Swift/Practice/Ilumionate/Ilumionate.xcodeproj
    

SwiftCompile normal arm64 /Users/byronquine/Library/Developer/Xcode/DerivedData/Ilumionate-ajbhadqlvcajfnbqievdybmttsdl/SourcePackages/checkouts/swift-collections/Sources/OrderedCollections/OrderedSet/OrderedSet+Partial\ SetAlgebra\ isSubset.swift (in target 'OrderedCollections' from project 'swift-collections')
    cd /Users/byronquine/Documents/Programing/Swift/Practice/Ilumionate/Ilumionate.xcodeproj
    

SwiftCompile normal arm64 /Users/byronquine/Library/Developer/Xcode/DerivedData/Ilumionate-ajbhadqlvcajfnbqievdybmttsdl/SourcePackages/checkouts/swift-collections/Sources/OrderedCollections/OrderedSet/OrderedSet+Partial\ SetAlgebra\ isSuperset.swift (in target 'OrderedCollections' from project 'swift-collections')
    cd /Users/byronquine/Documents/Programing/Swift/Practice/Ilumionate/Ilumionate.xcodeproj
    

SwiftCompile normal arm64 /Users/byronquine/Library/Developer/Xcode/DerivedData/Ilumionate-ajbhadqlvcajfnbqievdybmttsdl/SourcePackages/checkouts/swift-collections/Sources/OrderedCollections/OrderedSet/OrderedSet+Partial\ SetAlgebra\ subtract.swift (in target 'OrderedCollections' from project 'swift-collections')
    cd /Users/byronquine/Documents/Programing/Swift/Practice/Ilumionate/Ilumionate.xcodeproj
    

SwiftCompile normal arm64 /Users/byronquine/Library/Developer/Xcode/DerivedData/Ilumionate-ajbhadqlvcajfnbqievdybmttsdl/SourcePackages/checkouts/swift-collections/Sources/OrderedCollections/OrderedSet/OrderedSet+Partial\ SetAlgebra\ subtracting.swift (in target 'OrderedCollections' from project 'swift-collections')
    cd /Users/byronquine/Documents/Programing/Swift/Practice/Ilumionate/Ilumionate.xcodeproj
    

SwiftDriverJobDiscovery normal arm64 Compiling resource_bundle_accessor.swift, AES-GCM.swift, AES-GCM_boring.swift, ChaChaPoly_boring.swift, ChaChaPoly.swift, Cipher.swift, Nonces.swift, ASN1.swift, ASN1Any.swift, ASN1BitString.swift (in target 'Crypto' from project 'swift-crypto')

SwiftCompile normal arm64 Compiling\ OrderedSet+Hashable.swift,\ OrderedSet+Initializers.swift,\ OrderedSet+Insertions.swift,\ OrderedSet+Invariants.swift,\ OrderedSet+Partial\ MutableCollection.swift,\ OrderedSet+Partial\ RangeReplaceableCollection.swift /Users/byronquine/Library/Developer/Xcode/DerivedData/Ilumionate-ajbhadqlvcajfnbqievdybmttsdl/SourcePackages/checkouts/swift-collections/Sources/OrderedCollections/OrderedSet/OrderedSet+Hashable.swift /Users/byronquine/Library/Developer/Xcode/DerivedData/Ilumionate-ajbhadqlvcajfnbqievdybmttsdl/SourcePackages/checkouts/swift-collections/Sources/OrderedCollections/OrderedSet/OrderedSet+Initializers.swift /Users/byronquine/Library/Developer/Xcode/DerivedData/Ilumionate-ajbhadqlvcajfnbqievdybmttsdl/SourcePackages/checkouts/swift-collections/Sources/OrderedCollections/OrderedSet/OrderedSet+Insertions.swift /Users/byronquine/Library/Developer/Xcode/DerivedData/Ilumionate-ajbhadqlvcajfnbqievdybmttsdl/SourcePackages/checkouts/swift-collections/Sources/OrderedCollections/OrderedSet/OrderedSet+Invariants.swift /Users/byronquine/Library/Developer/Xcode/DerivedData/Ilumionate-ajbhadqlvcajfnbqievdybmttsdl/SourcePackages/checkouts/swift-collections/Sources/OrderedCollections/OrderedSet/OrderedSet+Partial\ MutableCollection.swift /Users/byronquine/Library/Developer/Xcode/DerivedData/Ilumionate-ajbhadqlvcajfnbqievdybmttsdl/SourcePackages/checkouts/swift-collections/Sources/OrderedCollections/OrderedSet/OrderedSet+Partial\ RangeReplaceableCollection.swift (in target 'OrderedCollections' from project 'swift-collections')

SwiftCompile normal arm64 /Users/byronquine/Library/Developer/Xcode/DerivedData/Ilumionate-ajbhadqlvcajfnbqievdybmttsdl/SourcePackages/checkouts/swift-collections/Sources/OrderedCollections/OrderedSet/OrderedSet+Hashable.swift (in target 'OrderedCollections' from project 'swift-collections')
    cd /Users/byronquine/Documents/Programing/Swift/Practice/Ilumionate/Ilumionate.xcodeproj
    

SwiftCompile normal arm64 /Users/byronquine/Library/Developer/Xcode/DerivedData/Ilumionate-ajbhadqlvcajfnbqievdybmttsdl/SourcePackages/checkouts/swift-collections/Sources/OrderedCollections/OrderedSet/OrderedSet+Initializers.swift (in target 'OrderedCollections' from project 'swift-collections')
    cd /Users/byronquine/Documents/Programing/Swift/Practice/Ilumionate/Ilumionate.xcodeproj
    

SwiftCompile normal arm64 /Users/byronquine/Library/Developer/Xcode/DerivedData/Ilumionate-ajbhadqlvcajfnbqievdybmttsdl/SourcePackages/checkouts/swift-collections/Sources/OrderedCollections/OrderedSet/OrderedSet+Insertions.swift (in target 'OrderedCollections' from project 'swift-collections')
    cd /Users/byronquine/Documents/Programing/Swift/Practice/Ilumionate/Ilumionate.xcodeproj
    

SwiftCompile normal arm64 /Users/byronquine/Library/Developer/Xcode/DerivedData/Ilumionate-ajbhadqlvcajfnbqievdybmttsdl/SourcePackages/checkouts/swift-collections/Sources/OrderedCollections/OrderedSet/OrderedSet+Invariants.swift (in target 'OrderedCollections' from project 'swift-collections')
    cd /Users/byronquine/Documents/Programing/Swift/Practice/Ilumionate/Ilumionate.xcodeproj
    

SwiftCompile normal arm64 /Users/byronquine/Library/Developer/Xcode/DerivedData/Ilumionate-ajbhadqlvcajfnbqievdybmttsdl/SourcePackages/checkouts/swift-collections/Sources/OrderedCollections/OrderedSet/OrderedSet+Partial\ MutableCollection.swift (in target 'OrderedCollections' from project 'swift-collections')
    cd /Users/byronquine/Documents/Programing/Swift/Practice/Ilumionate/Ilumionate.xcodeproj
    

SwiftCompile normal arm64 /Users/byronquine/Library/Developer/Xcode/DerivedData/Ilumionate-ajbhadqlvcajfnbqievdybmttsdl/SourcePackages/checkouts/swift-collections/Sources/OrderedCollections/OrderedSet/OrderedSet+Partial\ RangeReplaceableCollection.swift (in target 'OrderedCollections' from project 'swift-collections')
    cd /Users/byronquine/Documents/Programing/Swift/Practice/Ilumionate/Ilumionate.xcodeproj
    

SwiftCompile normal arm64 Compiling\ OrderedSet+Partial\ SetAlgebra\ symmetricDifference.swift,\ OrderedSet+Partial\ SetAlgebra\ union.swift,\ OrderedSet+Partial\ SetAlgebra+Basics.swift,\ OrderedSet+RandomAccessCollection.swift,\ OrderedSet+ReserveCapacity.swift,\ OrderedSet+Sendable.swift /Users/byronquine/Library/Developer/Xcode/DerivedData/Ilumionate-ajbhadqlvcajfnbqievdybmttsdl/SourcePackages/checkouts/swift-collections/Sources/OrderedCollections/OrderedSet/OrderedSet+Partial\ SetAlgebra\ symmetricDifference.swift /Users/byronquine/Library/Developer/Xcode/DerivedData/Ilumionate-ajbhadqlvcajfnbqievdybmttsdl/SourcePackages/checkouts/swift-collections/Sources/OrderedCollections/OrderedSet/OrderedSet+Partial\ SetAlgebra\ union.swift /Users/byronquine/Library/Developer/Xcode/DerivedData/Ilumionate-ajbhadqlvcajfnbqievdybmttsdl/SourcePackages/checkouts/swift-collections/Sources/OrderedCollections/OrderedSet/OrderedSet+Partial\ SetAlgebra+Basics.swift /Users/byronquine/Library/Developer/Xcode/DerivedData/Ilumionate-ajbhadqlvcajfnbqievdybmttsdl/SourcePackages/checkouts/swift-collections/Sources/OrderedCollections/OrderedSet/OrderedSet+RandomAccessCollection.swift /Users/byronquine/Library/Developer/Xcode/DerivedData/Ilumionate-ajbhadqlvcajfnbqievdybmttsdl/SourcePackages/checkouts/swift-collections/Sources/OrderedCollections/OrderedSet/OrderedSet+ReserveCapacity.swift /Users/byronquine/Library/Developer/Xcode/DerivedData/Ilumionate-ajbhadqlvcajfnbqievdybmttsdl/SourcePackages/checkouts/swift-collections/Sources/OrderedCollections/OrderedSet/OrderedSet+Sendable.swift (in target 'OrderedCollections' from project 'swift-collections')

SwiftCompile normal arm64 /Users/byronquine/Library/Developer/Xcode/DerivedData/Ilumionate-ajbhadqlvcajfnbqievdybmttsdl/SourcePackages/checkouts/swift-collections/Sources/OrderedCollections/OrderedSet/OrderedSet+Partial\ SetAlgebra\ symmetricDifference.swift (in target 'OrderedCollections' from project 'swift-collections')
    cd /Users/byronquine/Documents/Programing/Swift/Practice/Ilumionate/Ilumionate.xcodeproj
    

SwiftCompile normal arm64 /Users/byronquine/Library/Developer/Xcode/DerivedData/Ilumionate-ajbhadqlvcajfnbqievdybmttsdl/SourcePackages/checkouts/swift-collections/Sources/OrderedCollections/OrderedSet/OrderedSet+Partial\ SetAlgebra\ union.swift (in target 'OrderedCollections' from project 'swift-collections')
    cd /Users/byronquine/Documents/Programing/Swift/Practice/Ilumionate/Ilumionate.xcodeproj
    

SwiftCompile normal arm64 /Users/byronquine/Library/Developer/Xcode/DerivedData/Ilumionate-ajbhadqlvcajfnbqievdybmttsdl/SourcePackages/checkouts/swift-collections/Sources/OrderedCollections/OrderedSet/OrderedSet+Partial\ SetAlgebra+Basics.swift (in target 'OrderedCollections' from project 'swift-collections')
    cd /Users/byronquine/Documents/Programing/Swift/Practice/Ilumionate/Ilumionate.xcodeproj
    

SwiftCompile normal arm64 /Users/byronquine/Library/Developer/Xcode/DerivedData/Ilumionate-ajbhadqlvcajfnbqievdybmttsdl/SourcePackages/checkouts/swift-collections/Sources/OrderedCollections/OrderedSet/OrderedSet+RandomAccessCollection.swift (in target 'OrderedCollections' from project 'swift-collections')
    cd /Users/byronquine/Documents/Programing/Swift/Practice/Ilumionate/Ilumionate.xcodeproj
    

SwiftCompile normal arm64 /Users/byronquine/Library/Developer/Xcode/DerivedData/Ilumionate-ajbhadqlvcajfnbqievdybmttsdl/SourcePackages/checkouts/swift-collections/Sources/OrderedCollections/OrderedSet/OrderedSet+ReserveCapacity.swift (in target 'OrderedCollections' from project 'swift-collections')
    cd /Users/byronquine/Documents/Programing/Swift/Practice/Ilumionate/Ilumionate.xcodeproj
    

SwiftCompile normal arm64 /Users/byronquine/Library/Developer/Xcode/DerivedData/Ilumionate-ajbhadqlvcajfnbqievdybmttsdl/SourcePackages/checkouts/swift-collections/Sources/OrderedCollections/OrderedSet/OrderedSet+Sendable.swift (in target 'OrderedCollections' from project 'swift-collections')
    cd /Users/byronquine/Documents/Programing/Swift/Practice/Ilumionate/Ilumionate.xcodeproj
    

SwiftDriverJobDiscovery normal arm64 Compiling OrderedSet+Codable.swift, OrderedSet+CustomReflectable.swift, OrderedSet+Descriptions.swift, OrderedSet+Diffing.swift, OrderedSet+Equatable.swift, OrderedSet+ExpressibleByArrayLiteral.swift (in target 'OrderedCollections' from project 'swift-collections')

SwiftCompile normal arm64 Compiling\ OrderedSet+SubSequence.swift,\ OrderedSet+Testing.swift,\ OrderedSet+UnorderedView.swift,\ OrderedSet+UnstableInternals.swift,\ OrderedSet.swift,\ _UnsafeBitset.swift /Users/byronquine/Library/Developer/Xcode/DerivedData/Ilumionate-ajbhadqlvcajfnbqievdybmttsdl/SourcePackages/checkouts/swift-collections/Sources/OrderedCollections/OrderedSet/OrderedSet+SubSequence.swift /Users/byronquine/Library/Developer/Xcode/DerivedData/Ilumionate-ajbhadqlvcajfnbqievdybmttsdl/SourcePackages/checkouts/swift-collections/Sources/OrderedCollections/OrderedSet/OrderedSet+Testing.swift /Users/byronquine/Library/Developer/Xcode/DerivedData/Ilumionate-ajbhadqlvcajfnbqievdybmttsdl/SourcePackages/checkouts/swift-collections/Sources/OrderedCollections/OrderedSet/OrderedSet+UnorderedView.swift /Users/byronquine/Library/Developer/Xcode/DerivedData/Ilumionate-ajbhadqlvcajfnbqievdybmttsdl/SourcePackages/checkouts/swift-collections/Sources/OrderedCollections/OrderedSet/OrderedSet+UnstableInternals.swift /Users/byronquine/Library/Developer/Xcode/DerivedData/Ilumionate-ajbhadqlvcajfnbqievdybmttsdl/SourcePackages/checkouts/swift-collections/Sources/OrderedCollections/OrderedSet/OrderedSet.swift /Users/byronquine/Library/Developer/Xcode/DerivedData/Ilumionate-ajbhadqlvcajfnbqievdybmttsdl/SourcePackages/checkouts/swift-collections/Sources/OrderedCollections/Utilities/_UnsafeBitset.swift (in target 'OrderedCollections' from project 'swift-collections')

SwiftCompile normal arm64 /Users/byronquine/Library/Developer/Xcode/DerivedData/Ilumionate-ajbhadqlvcajfnbqievdybmttsdl/SourcePackages/checkouts/swift-collections/Sources/OrderedCollections/OrderedSet/OrderedSet+SubSequence.swift (in target 'OrderedCollections' from project 'swift-collections')
    cd /Users/byronquine/Documents/Programing/Swift/Practice/Ilumionate/Ilumionate.xcodeproj
    

SwiftCompile normal arm64 /Users/byronquine/Library/Developer/Xcode/DerivedData/Ilumionate-ajbhadqlvcajfnbqievdybmttsdl/SourcePackages/checkouts/swift-collections/Sources/OrderedCollections/OrderedSet/OrderedSet+Testing.swift (in target 'OrderedCollections' from project 'swift-collections')
    cd /Users/byronquine/Documents/Programing/Swift/Practice/Ilumionate/Ilumionate.xcodeproj
    

SwiftCompile normal arm64 /Users/byronquine/Library/Developer/Xcode/DerivedData/Ilumionate-ajbhadqlvcajfnbqievdybmttsdl/SourcePackages/checkouts/swift-collections/Sources/OrderedCollections/OrderedSet/OrderedSet+UnorderedView.swift (in target 'OrderedCollections' from project 'swift-collections')
    cd /Users/byronquine/Documents/Programing/Swift/Practice/Ilumionate/Ilumionate.xcodeproj
    

SwiftCompile normal arm64 /Users/byronquine/Library/Developer/Xcode/DerivedData/Ilumionate-ajbhadqlvcajfnbqievdybmttsdl/SourcePackages/checkouts/swift-collections/Sources/OrderedCollections/OrderedSet/OrderedSet+UnstableInternals.swift (in target 'OrderedCollections' from project 'swift-collections')
    cd /Users/byronquine/Documents/Programing/Swift/Practice/Ilumionate/Ilumionate.xcodeproj
    

SwiftCompile normal arm64 /Users/byronquine/Library/Developer/Xcode/DerivedData/Ilumionate-ajbhadqlvcajfnbqievdybmttsdl/SourcePackages/checkouts/swift-collections/Sources/OrderedCollections/OrderedSet/OrderedSet.swift (in target 'OrderedCollections' from project 'swift-collections')
    cd /Users/byronquine/Documents/Programing/Swift/Practice/Ilumionate/Ilumionate.xcodeproj
    

SwiftCompile normal arm64 /Users/byronquine/Library/Developer/Xcode/DerivedData/Ilumionate-ajbhadqlvcajfnbqievdybmttsdl/SourcePackages/checkouts/swift-collections/Sources/OrderedCollections/Utilities/_UnsafeBitset.swift (in target 'OrderedCollections' from project 'swift-collections')
    cd /Users/byronquine/Documents/Programing/Swift/Practice/Ilumionate/Ilumionate.xcodeproj
    

SwiftDriverJobDiscovery normal arm64 Compiling OrderedSet+Partial SetAlgebra formIntersection.swift, OrderedSet+Partial SetAlgebra formSymmetricDifference.swift, OrderedSet+Partial SetAlgebra formUnion.swift, OrderedSet+Partial SetAlgebra intersection.swift, OrderedSet+Partial SetAlgebra isDisjoint.swift, OrderedSet+Partial SetAlgebra isEqualSet.swift (in target 'OrderedCollections' from project 'swift-collections')

SwiftCompile normal arm64 Compiling\ OrderedDictionary+Partial\ MutableCollection.swift,\ OrderedDictionary+Partial\ RangeReplaceableCollection.swift,\ OrderedDictionary+Sendable.swift,\ OrderedDictionary+Sequence.swift,\ OrderedDictionary+Values.swift,\ OrderedDictionary.swift /Users/byronquine/Library/Developer/Xcode/DerivedData/Ilumionate-ajbhadqlvcajfnbqievdybmttsdl/SourcePackages/checkouts/swift-collections/Sources/OrderedCollections/OrderedDictionary/OrderedDictionary+Partial\ MutableCollection.swift /Users/byronquine/Library/Developer/Xcode/DerivedData/Ilumionate-ajbhadqlvcajfnbqievdybmttsdl/SourcePackages/checkouts/swift-collections/Sources/OrderedCollections/OrderedDictionary/OrderedDictionary+Partial\ RangeReplaceableCollection.swift /Users/byronquine/Library/Developer/Xcode/DerivedData/Ilumionate-ajbhadqlvcajfnbqievdybmttsdl/SourcePackages/checkouts/swift-collections/Sources/OrderedCollections/OrderedDictionary/OrderedDictionary+Sendable.swift /Users/byronquine/Library/Developer/Xcode/DerivedData/Ilumionate-ajbhadqlvcajfnbqievdybmttsdl/SourcePackages/checkouts/swift-collections/Sources/OrderedCollections/OrderedDictionary/OrderedDictionary+Sequence.swift /Users/byronquine/Library/Developer/Xcode/DerivedData/Ilumionate-ajbhadqlvcajfnbqievdybmttsdl/SourcePackages/checkouts/swift-collections/Sources/OrderedCollections/OrderedDictionary/OrderedDictionary+Values.swift /Users/byronquine/Library/Developer/Xcode/DerivedData/Ilumionate-ajbhadqlvcajfnbqievdybmttsdl/SourcePackages/checkouts/swift-collections/Sources/OrderedCollections/OrderedDictionary/OrderedDictionary.swift (in target 'OrderedCollections' from project 'swift-collections')

SwiftCompile normal arm64 /Users/byronquine/Library/Developer/Xcode/DerivedData/Ilumionate-ajbhadqlvcajfnbqievdybmttsdl/SourcePackages/checkouts/swift-collections/Sources/OrderedCollections/OrderedDictionary/OrderedDictionary+Partial\ MutableCollection.swift (in target 'OrderedCollections' from project 'swift-collections')
    cd /Users/byronquine/Documents/Programing/Swift/Practice/Ilumionate/Ilumionate.xcodeproj
    

SwiftCompile normal arm64 /Users/byronquine/Library/Developer/Xcode/DerivedData/Ilumionate-ajbhadqlvcajfnbqievdybmttsdl/SourcePackages/checkouts/swift-collections/Sources/OrderedCollections/OrderedDictionary/OrderedDictionary+Partial\ RangeReplaceableCollection.swift (in target 'OrderedCollections' from project 'swift-collections')
    cd /Users/byronquine/Documents/Programing/Swift/Practice/Ilumionate/Ilumionate.xcodeproj
    

SwiftCompile normal arm64 /Users/byronquine/Library/Developer/Xcode/DerivedData/Ilumionate-ajbhadqlvcajfnbqievdybmttsdl/SourcePackages/checkouts/swift-collections/Sources/OrderedCollections/OrderedDictionary/OrderedDictionary+Sendable.swift (in target 'OrderedCollections' from project 'swift-collections')
    cd /Users/byronquine/Documents/Programing/Swift/Practice/Ilumionate/Ilumionate.xcodeproj
    

SwiftCompile normal arm64 /Users/byronquine/Library/Developer/Xcode/DerivedData/Ilumionate-ajbhadqlvcajfnbqievdybmttsdl/SourcePackages/checkouts/swift-collections/Sources/OrderedCollections/OrderedDictionary/OrderedDictionary+Sequence.swift (in target 'OrderedCollections' from project 'swift-collections')
    cd /Users/byronquine/Documents/Programing/Swift/Practice/Ilumionate/Ilumionate.xcodeproj
    

SwiftCompile normal arm64 /Users/byronquine/Library/Developer/Xcode/DerivedData/Ilumionate-ajbhadqlvcajfnbqievdybmttsdl/SourcePackages/checkouts/swift-collections/Sources/OrderedCollections/OrderedDictionary/OrderedDictionary+Values.swift (in target 'OrderedCollections' from project 'swift-collections')
    cd /Users/byronquine/Documents/Programing/Swift/Practice/Ilumionate/Ilumionate.xcodeproj
    

SwiftCompile normal arm64 /Users/byronquine/Library/Developer/Xcode/DerivedData/Ilumionate-ajbhadqlvcajfnbqievdybmttsdl/SourcePackages/checkouts/swift-collections/Sources/OrderedCollections/OrderedDictionary/OrderedDictionary.swift (in target 'OrderedCollections' from project 'swift-collections')
    cd /Users/byronquine/Documents/Programing/Swift/Practice/Ilumionate/Ilumionate.xcodeproj
    

SwiftDriverJobDiscovery normal arm64 Compiling CryptoKitErrors_boring.swift, Optional+withUnsafeBytes_boring.swift, RNG_boring.swift, SafeCompare_boring.swift, Zeroization_boring.swift, PrettyBytes.swift, SafeCompare.swift, SecureBytes.swift, Zeroization.swift (in target 'Crypto' from project 'swift-crypto')

SwiftDriver\ Compilation Crypto normal arm64 com.apple.xcode.tools.swift.compiler (in target 'Crypto' from project 'swift-crypto')
    cd /Users/byronquine/Documents/Programing/Swift/Practice/Ilumionate/Ilumionate.xcodeproj
    builtin-Swift-Compilation -- /Applications/Xcode\ 26.3\ Beta.app/Contents/Developer/Toolchains/XcodeDefault.xctoolchain/usr/bin/swiftc -module-name Crypto -Onone -enforce-exclusivity\=checked @/Users/byronquine/Library/Developer/Xcode/DerivedData/Ilumionate-ajbhadqlvcajfnbqievdybmttsdl/Build/Intermediates.noindex/swift-crypto.build/Debug-iphoneos/Crypto.build/Objects-normal/arm64/Crypto.SwiftFileList -DSWIFT_PACKAGE -DDEBUG -DSWIFT_MODULE_RESOURCE_BUNDLE_AVAILABLE -DCRYPTO_IN_SWIFTPM -DXcode -enable-upcoming-feature MemberImportVisibility -plugin-path /Applications/Xcode\ 26.3\ Beta.app/Contents/Developer/Toolchains/XcodeDefault.xctoolchain/usr/lib/swift/host/plugins/testing -enable-experimental-feature DebugDescriptionMacro -sdk /Applications/Xcode\ 26.3\ Beta.app/Contents/Developer/Platforms/iPhoneOS.platform/Developer/SDKs/iPhoneOS26.2.sdk -target arm64-apple-ios12.0 -g -module-cache-path /Users/byronquine/Library/Developer/Xcode/DerivedData/ModuleCache.noindex -Xfrontend -serialize-debugging-options -profile-coverage-mapping -profile-generate -enable-testing -suppress-warnings -index-store-path /Users/byronquine/Library/Developer/Xcode/DerivedData/Ilumionate-ajbhadqlvcajfnbqievdybmttsdl/Index.noindex/DataStore -Xcc -D_LIBCPP_HARDENING_MODE\=_LIBCPP_HARDENING_MODE_DEBUG -swift-version 6 -I /Users/byronquine/Library/Developer/Xcode/DerivedData/Ilumionate-ajbhadqlvcajfnbqievdybmttsdl/Build/Products/Debug-iphoneos -Isystem /Applications/Xcode\ 26.3\ Beta.app/Contents/Developer/Platforms/iPhoneOS.platform/Developer/usr/lib -F /Users/byronquine/Library/Developer/Xcode/DerivedData/Ilumionate-ajbhadqlvcajfnbqievdybmttsdl/Build/Products/Debug-iphoneos -F /Applications/Xcode\ 26.3\ Beta.app/Contents/Developer/Platforms/iPhoneOS.platform/Developer/Library/Frameworks -F /Applications/Xcode\ 26.3\ Beta.app/Contents/Developer/Platforms/iPhoneOS.platform/Developer/SDKs/iPhoneOS26.2.sdk/Developer/Library/Frameworks -c -j10 -enable-batch-mode -incremental -Xcc -ivfsstatcache -Xcc /Users/byronquine/Library/Developer/Xcode/DerivedData/SDKStatCaches.noindex/iphoneos26.2-23C57-e8867d0c40613ffc63e0238af232dc50d4d6ee3f8374c9c9b8dccfd0b4476fca.sdkstatcache -output-file-map /Users/byronquine/Library/Developer/Xcode/DerivedData/Ilumionate-ajbhadqlvcajfnbqievdybmttsdl/Build/Intermediates.noindex/swift-crypto.build/Debug-iphoneos/Crypto.build/Objects-normal/arm64/Crypto-OutputFileMap.json -use-frontend-parseable-output -save-temps -no-color-diagnostics -explicit-module-build -module-cache-path /Users/byronquine/Library/Developer/Xcode/DerivedData/Ilumionate-ajbhadqlvcajfnbqievdybmttsdl/Build/Intermediates.noindex/SwiftExplicitPrecompiledModules -clang-scanner-module-cache-path /Users/byronquine/Library/Developer/Xcode/DerivedData/ModuleCache.noindex -sdk-module-cache-path /Users/byronquine/Library/Developer/Xcode/DerivedData/ModuleCache.noindex -serialize-diagnostics -emit-dependencies -emit-module -emit-module-path /Users/byronquine/Library/Developer/Xcode/DerivedData/Ilumionate-ajbhadqlvcajfnbqievdybmttsdl/Build/Intermediates.noindex/swift-crypto.build/Debug-iphoneos/Crypto.build/Objects-normal/arm64/Crypto.swiftmodule -user-module-version 4.2.0 -validate-clang-modules-once -clang-build-session-file /Users/byronquine/Library/Developer/Xcode/DerivedData/ModuleCache.noindex/Session.modulevalidation -package-name swift_crypto -Xcc -I/Users/byronquine/Library/Developer/Xcode/DerivedData/Ilumionate-ajbhadqlvcajfnbqievdybmttsdl/Build/Intermediates.noindex/swift-crypto.build/Debug-iphoneos/Crypto.build/swift-overrides.hmap -emit-const-values -Xfrontend -const-gather-protocols-file -Xfrontend /Users/byronquine/Library/Developer/Xcode/DerivedData/Ilumionate-ajbhadqlvcajfnbqievdybmttsdl/Build/Intermediates.noindex/swift-crypto.build/Debug-iphoneos/Crypto.build/Objects-normal/arm64/Crypto_const_extract_protocols.json -Xcc -I/Users/byronquine/Library/Developer/Xcode/DerivedData/Ilumionate-ajbhadqlvcajfnbqievdybmttsdl/Build/Products/Debug-iphoneos/include -Xcc -I/Users/byronquine/Library/Developer/Xcode/DerivedData/Ilumionate-ajbhadqlvcajfnbqievdybmttsdl/Build/Intermediates.noindex/swift-crypto.build/Debug-iphoneos/Crypto.build/DerivedSources-normal/arm64 -Xcc -I/Users/byronquine/Library/Developer/Xcode/DerivedData/Ilumionate-ajbhadqlvcajfnbqievdybmttsdl/Build/Intermediates.noindex/swift-crypto.build/Debug-iphoneos/Crypto.build/DerivedSources/arm64 -Xcc -I/Users/byronquine/Library/Developer/Xcode/DerivedData/Ilumionate-ajbhadqlvcajfnbqievdybmttsdl/Build/Intermediates.noindex/swift-crypto.build/Debug-iphoneos/Crypto.build/DerivedSources -Xcc -DSWIFT_PACKAGE -Xcc -DDEBUG\=1 -emit-objc-header -emit-objc-header-path /Users/byronquine/Library/Developer/Xcode/DerivedData/Ilumionate-ajbhadqlvcajfnbqievdybmttsdl/Build/Intermediates.noindex/swift-crypto.build/Debug-iphoneos/Crypto.build/Objects-normal/arm64/Crypto-Swift.h -working-directory /Users/byronquine/Documents/Programing/Swift/Practice/Ilumionate/Ilumionate.xcodeproj -experimental-emit-module-separately -disable-cmo

SwiftDriverJobDiscovery normal arm64 Compiling OrderedSet+Partial SetAlgebra isStrictSubset.swift, OrderedSet+Partial SetAlgebra isStrictSuperset.swift, OrderedSet+Partial SetAlgebra isSubset.swift, OrderedSet+Partial SetAlgebra isSuperset.swift, OrderedSet+Partial SetAlgebra subtract.swift, OrderedSet+Partial SetAlgebra subtracting.swift (in target 'OrderedCollections' from project 'swift-collections')

SwiftDriverJobDiscovery normal arm64 Compiling OrderedDictionary+Elements.swift, OrderedDictionary+Equatable.swift, OrderedDictionary+ExpressibleByDictionaryLiteral.swift, OrderedDictionary+Hashable.swift, OrderedDictionary+Initializers.swift, OrderedDictionary+Invariants.swift (in target 'OrderedCollections' from project 'swift-collections')

Ld /Users/byronquine/Library/Developer/Xcode/DerivedData/Ilumionate-ajbhadqlvcajfnbqievdybmttsdl/Build/Products/Debug-iphoneos/Crypto.o normal (in target 'Crypto' from project 'swift-crypto')
    cd /Users/byronquine/Library/Developer/Xcode/DerivedData/Ilumionate-ajbhadqlvcajfnbqievdybmttsdl/SourcePackages/checkouts/swift-crypto
    /Applications/Xcode\ 26.3\ Beta.app/Contents/Developer/Toolchains/XcodeDefault.xctoolchain/usr/bin/clang -Xlinker -reproducible -target arm64-apple-ios12.0 -r -isysroot /Applications/Xcode\ 26.3\ Beta.app/Contents/Developer/Platforms/iPhoneOS.platform/Developer/SDKs/iPhoneOS26.2.sdk -O0 -w -L/Users/byronquine/Library/Developer/Xcode/DerivedData/Ilumionate-ajbhadqlvcajfnbqievdybmttsdl/Build/Intermediates.noindex/EagerLinkingTBDs/Debug-iphoneos -L/Users/byronquine/Library/Developer/Xcode/DerivedData/Ilumionate-ajbhadqlvcajfnbqievdybmttsdl/Build/Products/Debug-iphoneos -L/Applications/Xcode\ 26.3\ Beta.app/Contents/Developer/Platforms/iPhoneOS.platform/Developer/usr/lib -F/Users/byronquine/Library/Developer/Xcode/DerivedData/Ilumionate-ajbhadqlvcajfnbqievdybmttsdl/Build/Intermediates.noindex/EagerLinkingTBDs/Debug-iphoneos -F/Users/byronquine/Library/Developer/Xcode/DerivedData/Ilumionate-ajbhadqlvcajfnbqievdybmttsdl/Build/Products/Debug-iphoneos -iframework /Applications/Xcode\ 26.3\ Beta.app/Contents/Developer/Platforms/iPhoneOS.platform/Developer/Library/Frameworks -iframework /Applications/Xcode\ 26.3\ Beta.app/Contents/Developer/Platforms/iPhoneOS.platform/Developer/SDKs/iPhoneOS26.2.sdk/Developer/Library/Frameworks -filelist /Users/byronquine/Library/Developer/Xcode/DerivedData/Ilumionate-ajbhadqlvcajfnbqievdybmttsdl/Build/Intermediates.noindex/swift-crypto.build/Debug-iphoneos/Crypto.build/Objects-normal/arm64/Crypto.LinkFileList -nostdlib -Xlinker -object_path_lto -Xlinker /Users/byronquine/Library/Developer/Xcode/DerivedData/Ilumionate-ajbhadqlvcajfnbqievdybmttsdl/Build/Intermediates.noindex/swift-crypto.build/Debug-iphoneos/Crypto.build/Objects-normal/arm64/Crypto_lto.o -rdynamic -Xlinker -no_deduplicate -Xlinker -debug_variant -Xlinker -dependency_info -Xlinker /Users/byronquine/Library/Developer/Xcode/DerivedData/Ilumionate-ajbhadqlvcajfnbqievdybmttsdl/Build/Intermediates.noindex/swift-crypto.build/Debug-iphoneos/Crypto.build/Objects-normal/arm64/Crypto_dependency_info.dat -fobjc-link-runtime -L/Applications/Xcode\ 26.3\ Beta.app/Contents/Developer/Toolchains/XcodeDefault.xctoolchain/usr/lib/swift/iphoneos -L/usr/lib/swift -Xlinker -add_ast_path -Xlinker /Users/byronquine/Library/Developer/Xcode/DerivedData/Ilumionate-ajbhadqlvcajfnbqievdybmttsdl/Build/Intermediates.noindex/swift-crypto.build/Debug-iphoneos/Crypto.build/Objects-normal/arm64/Crypto.swiftmodule @/Users/byronquine/Library/Developer/Xcode/DerivedData/Ilumionate-ajbhadqlvcajfnbqievdybmttsdl/Build/Intermediates.noindex/swift-crypto.build/Debug-iphoneos/Crypto.build/Objects-normal/arm64/Crypto-linker-args.resp -o /Users/byronquine/Library/Developer/Xcode/DerivedData/Ilumionate-ajbhadqlvcajfnbqievdybmttsdl/Build/Products/Debug-iphoneos/Crypto.o

RegisterExecutionPolicyException /Users/byronquine/Library/Developer/Xcode/DerivedData/Ilumionate-ajbhadqlvcajfnbqievdybmttsdl/Build/Products/Debug-iphoneos/InternalCollectionsUtilities.o (in target 'InternalCollectionsUtilities' from project 'swift-collections')
    cd /Users/byronquine/Library/Developer/Xcode/DerivedData/Ilumionate-ajbhadqlvcajfnbqievdybmttsdl/SourcePackages/checkouts/swift-collections
    builtin-RegisterExecutionPolicyException /Users/byronquine/Library/Developer/Xcode/DerivedData/Ilumionate-ajbhadqlvcajfnbqievdybmttsdl/Build/Products/Debug-iphoneos/InternalCollectionsUtilities.o

SwiftDriverJobDiscovery normal arm64 Compiling _Hashtable+Header.swift, OrderedDictionary+Codable.swift, OrderedDictionary+CustomReflectable.swift, OrderedDictionary+Deprecations.swift, OrderedDictionary+Descriptions.swift, OrderedDictionary+Elements.SubSequence.swift (in target 'OrderedCollections' from project 'swift-collections')

ExtractAppIntentsMetadata (in target 'Crypto' from project 'swift-crypto')
    cd /Users/byronquine/Library/Developer/Xcode/DerivedData/Ilumionate-ajbhadqlvcajfnbqievdybmttsdl/SourcePackages/checkouts/swift-crypto
    /Applications/Xcode\ 26.3\ Beta.app/Contents/Developer/Toolchains/XcodeDefault.xctoolchain/usr/bin/appintentsmetadataprocessor --toolchain-dir /var/run/com.apple.security.cryptexd/mnt/com.apple.MobileAsset.MetalToolchain-v17.3.519.0.qBttFW/Metal.xctoolchain --module-name Crypto --sdk-root /Applications/Xcode\ 26.3\ Beta.app/Contents/Developer/Platforms/iPhoneOS.platform/Developer/SDKs/iPhoneOS26.2.sdk --xcode-version 17C528 --platform-family iOS --deployment-target 12.0 --bundle-identifier swift-crypto.Crypto --output /Users/byronquine/Library/Developer/Xcode/DerivedData/Ilumionate-ajbhadqlvcajfnbqievdybmttsdl/Build/Products/Debug-iphoneos/Crypto.appintents --target-triple arm64-apple-ios12.0 --binary-file /Users/byronquine/Library/Developer/Xcode/DerivedData/Ilumionate-ajbhadqlvcajfnbqievdybmttsdl/Build/Products/Debug-iphoneos/Crypto.o --dependency-file /Users/byronquine/Library/Developer/Xcode/DerivedData/Ilumionate-ajbhadqlvcajfnbqievdybmttsdl/Build/Intermediates.noindex/swift-crypto.build/Debug-iphoneos/Crypto.build/Objects-normal/arm64/Crypto_dependency_info.dat --stringsdata-file /Users/byronquine/Library/Developer/Xcode/DerivedData/Ilumionate-ajbhadqlvcajfnbqievdybmttsdl/Build/Intermediates.noindex/swift-crypto.build/Debug-iphoneos/Crypto.build/Objects-normal/arm64/ExtractedAppShortcutsMetadata.stringsdata --source-file-list /Users/byronquine/Library/Developer/Xcode/DerivedData/Ilumionate-ajbhadqlvcajfnbqievdybmttsdl/Build/Intermediates.noindex/swift-crypto.build/Debug-iphoneos/Crypto.build/Objects-normal/arm64/Crypto.SwiftFileList --metadata-file-list /Users/byronquine/Library/Developer/Xcode/DerivedData/Ilumionate-ajbhadqlvcajfnbqievdybmttsdl/Build/Intermediates.noindex/swift-crypto.build/Debug-iphoneos/Crypto.build/Crypto.DependencyMetadataFileList --static-metadata-file-list /Users/byronquine/Library/Developer/Xcode/DerivedData/Ilumionate-ajbhadqlvcajfnbqievdybmttsdl/Build/Intermediates.noindex/swift-crypto.build/Debug-iphoneos/Crypto.build/Crypto.DependencyStaticMetadataFileList --swift-const-vals-list /Users/byronquine/Library/Developer/Xcode/DerivedData/Ilumionate-ajbhadqlvcajfnbqievdybmttsdl/Build/Intermediates.noindex/swift-crypto.build/Debug-iphoneos/Crypto.build/Objects-normal/arm64/Crypto.SwiftConstValuesFileList --force --compile-time-extraction --deployment-aware-processing --validate-assistant-intents --no-app-shortcuts-localization
2026-03-12 20:04:10.572 appintentsmetadataprocessor[15674:2303649] Starting appintentsmetadataprocessor export
2026-03-12 20:04:10.690 appintentsmetadataprocessor[15674:2303649] Extracted no relevant App Intents symbols, skipping writing output

SwiftDriverJobDiscovery normal arm64 Compiling OrderedSet+Partial SetAlgebra symmetricDifference.swift, OrderedSet+Partial SetAlgebra union.swift, OrderedSet+Partial SetAlgebra+Basics.swift, OrderedSet+RandomAccessCollection.swift, OrderedSet+ReserveCapacity.swift, OrderedSet+Sendable.swift (in target 'OrderedCollections' from project 'swift-collections')

RegisterExecutionPolicyException /Users/byronquine/Library/Developer/Xcode/DerivedData/Ilumionate-ajbhadqlvcajfnbqievdybmttsdl/Build/Products/Debug-iphoneos/Crypto.o (in target 'Crypto' from project 'swift-crypto')
    cd /Users/byronquine/Library/Developer/Xcode/DerivedData/Ilumionate-ajbhadqlvcajfnbqievdybmttsdl/SourcePackages/checkouts/swift-crypto
    builtin-RegisterExecutionPolicyException /Users/byronquine/Library/Developer/Xcode/DerivedData/Ilumionate-ajbhadqlvcajfnbqievdybmttsdl/Build/Products/Debug-iphoneos/Crypto.o

SwiftDriverJobDiscovery normal arm64 Compiling OrderedSet+Hashable.swift, OrderedSet+Initializers.swift, OrderedSet+Insertions.swift, OrderedSet+Invariants.swift, OrderedSet+Partial MutableCollection.swift, OrderedSet+Partial RangeReplaceableCollection.swift (in target 'OrderedCollections' from project 'swift-collections')

SwiftDriverJobDiscovery normal arm64 Compiling _HashTable+Bucket.swift, _HashTable+BucketIterator.swift, _HashTable+Constants.swift, _HashTable+CustomStringConvertible.swift, _HashTable+Testing.swift, _HashTable+UnsafeHandle.swift, _HashTable.swift (in target 'OrderedCollections' from project 'swift-collections')

SwiftDriverJobDiscovery normal arm64 Compiling OrderedDictionary+Partial MutableCollection.swift, OrderedDictionary+Partial RangeReplaceableCollection.swift, OrderedDictionary+Sendable.swift, OrderedDictionary+Sequence.swift, OrderedDictionary+Values.swift, OrderedDictionary.swift (in target 'OrderedCollections' from project 'swift-collections')

SwiftDriverJobDiscovery normal arm64 Compiling OrderedSet+SubSequence.swift, OrderedSet+Testing.swift, OrderedSet+UnorderedView.swift, OrderedSet+UnstableInternals.swift, OrderedSet.swift, _UnsafeBitset.swift (in target 'OrderedCollections' from project 'swift-collections')

SwiftDriverJobDiscovery normal arm64 Emitting module for OrderedCollections (in target 'OrderedCollections' from project 'swift-collections')

SwiftDriver\ Compilation\ Requirements OrderedCollections normal arm64 com.apple.xcode.tools.swift.compiler (in target 'OrderedCollections' from project 'swift-collections')
    cd /Users/byronquine/Documents/Programing/Swift/Practice/Ilumionate/Ilumionate.xcodeproj
    builtin-Swift-Compilation-Requirements -- /Applications/Xcode\ 26.3\ Beta.app/Contents/Developer/Toolchains/XcodeDefault.xctoolchain/usr/bin/swiftc -module-name OrderedCollections -Onone -enforce-exclusivity\=checked @/Users/byronquine/Library/Developer/Xcode/DerivedData/Ilumionate-ajbhadqlvcajfnbqievdybmttsdl/Build/Intermediates.noindex/swift-collections.build/Debug-iphoneos/OrderedCollections.build/Objects-normal/arm64/OrderedCollections.SwiftFileList -DSWIFT_PACKAGE -DDEBUG -DSWIFT_MODULE_RESOURCE_BUNDLE_UNAVAILABLE -DCOLLECTIONS_RANDOMIZED_TESTING -DXcode -enable-experimental-feature AvailabilityMacro\=SwiftStdlib\ 5.0:\ macOS\ 10.14.4,\ iOS\ 12.2,\ watchOS\ 5.2,\ tvOS\ 12.2 -enable-experimental-feature AvailabilityMacro\=SwiftStdlib\ 5.1:\ macOS\ 10.15,\ iOS\ 13.0,\ watchOS\ 6.0,\ tvOS\ 13.0 -enable-experimental-feature AvailabilityMacro\=SwiftStdlib\ 5.6:\ macOS\ 12.3,\ iOS\ 15.4,\ watchOS\ 8.5,\ tvOS\ 15.4 -enable-experimental-feature AvailabilityMacro\=SwiftStdlib\ 5.8:\ macOS\ 13.3,\ iOS\ 16.4,\ watchOS\ 9.4,\ tvOS\ 16.4 -enable-experimental-feature AvailabilityMacro\=SwiftStdlib\ 5.9:\ macOS\ 14.0,\ iOS\ 17.0,\ watchOS\ 10.0,\ tvOS\ 17.0 -enable-experimental-feature AvailabilityMacro\=SwiftStdlib\ 5.10:\ macOS\ 14.4,\ iOS\ 17.4,\ watchOS\ 10.4,\ tvOS\ 17.4,\ visionOS\ 1.1 -enable-experimental-feature AvailabilityMacro\=SwiftStdlib\ 6.0:\ macOS\ 15.0,\ iOS\ 18.0,\ watchOS\ 11.0,\ tvOS\ 18.0,\ visionOS\ 2.0 -enable-experimental-feature AvailabilityMacro\=SwiftStdlib\ 6.1:\ macOS\ 15.4,\ iOS\ 18.4,\ watchOS\ 11.4,\ tvOS\ 18.4,\ visionOS\ 2.4 -enable-experimental-feature AvailabilityMacro\=SwiftStdlib\ 6.2:\ macOS\ 26.0,\ iOS\ 26.0,\ watchOS\ 26.0,\ tvOS\ 26.0,\ visionOS\ 26.0 -enable-upcoming-feature MemberImportVisibility -enable-experimental-feature BuiltinModule -enable-experimental-feature Lifetimes -enable-experimental-feature InoutLifetimeDependence -enable-experimental-feature SuppressedAssociatedTypes -plugin-path /Applications/Xcode\ 26.3\ Beta.app/Contents/Developer/Toolchains/XcodeDefault.xctoolchain/usr/lib/swift/host/plugins/testing -enable-experimental-feature DebugDescriptionMacro -sdk /Applications/Xcode\ 26.3\ Beta.app/Contents/Developer/Platforms/iPhoneOS.platform/Developer/SDKs/iPhoneOS26.2.sdk -target arm64-apple-ios12.0 -g -module-cache-path /Users/byronquine/Library/Developer/Xcode/DerivedData/ModuleCache.noindex -Xfrontend -serialize-debugging-options -profile-coverage-mapping -profile-generate -enable-testing -suppress-warnings -index-store-path /Users/byronquine/Library/Developer/Xcode/DerivedData/Ilumionate-ajbhadqlvcajfnbqievdybmttsdl/Index.noindex/DataStore -Xcc -D_LIBCPP_HARDENING_MODE\=_LIBCPP_HARDENING_MODE_DEBUG -swift-version 6 -I /Users/byronquine/Library/Developer/Xcode/DerivedData/Ilumionate-ajbhadqlvcajfnbqievdybmttsdl/Build/Products/Debug-iphoneos -Isystem /Applications/Xcode\ 26.3\ Beta.app/Contents/Developer/Platforms/iPhoneOS.platform/Developer/usr/lib -F /Users/byronquine/Library/Developer/Xcode/DerivedData/Ilumionate-ajbhadqlvcajfnbqievdybmttsdl/Build/Products/Debug-iphoneos/PackageFrameworks -F /Users/byronquine/Library/Developer/Xcode/DerivedData/Ilumionate-ajbhadqlvcajfnbqievdybmttsdl/Build/Products/Debug-iphoneos -F /Applications/Xcode\ 26.3\ Beta.app/Contents/Developer/Platforms/iPhoneOS.platform/Developer/Library/Frameworks -F /Applications/Xcode\ 26.3\ Beta.app/Contents/Developer/Platforms/iPhoneOS.platform/Developer/SDKs/iPhoneOS26.2.sdk/Developer/Library/Frameworks -c -j10 -enable-batch-mode -incremental -Xcc -ivfsstatcache -Xcc /Users/byronquine/Library/Developer/Xcode/DerivedData/SDKStatCaches.noindex/iphoneos26.2-23C57-e8867d0c40613ffc63e0238af232dc50d4d6ee3f8374c9c9b8dccfd0b4476fca.sdkstatcache -output-file-map /Users/byronquine/Library/Developer/Xcode/DerivedData/Ilumionate-ajbhadqlvcajfnbqievdybmttsdl/Build/Intermediates.noindex/swift-collections.build/Debug-iphoneos/OrderedCollections.build/Objects-normal/arm64/OrderedCollections-OutputFileMap.json -use-frontend-parseable-output -save-temps -no-color-diagnostics -explicit-module-build -module-cache-path /Users/byronquine/Library/Developer/Xcode/DerivedData/Ilumionate-ajbhadqlvcajfnbqievdybmttsdl/Build/Intermediates.noindex/SwiftExplicitPrecompiledModules -clang-scanner-module-cache-path /Users/byronquine/Library/Developer/Xcode/DerivedData/ModuleCache.noindex -sdk-module-cache-path /Users/byronquine/Library/Developer/Xcode/DerivedData/ModuleCache.noindex -serialize-diagnostics -emit-dependencies -emit-module -emit-module-path /Users/byronquine/Library/Developer/Xcode/DerivedData/Ilumionate-ajbhadqlvcajfnbqievdybmttsdl/Build/Intermediates.noindex/swift-collections.build/Debug-iphoneos/OrderedCollections.build/Objects-normal/arm64/OrderedCollections.swiftmodule -user-module-version 1.3.0 -validate-clang-modules-once -clang-build-session-file /Users/byronquine/Library/Developer/Xcode/DerivedData/ModuleCache.noindex/Session.modulevalidation -package-name swift_collections -Xcc -I/Users/byronquine/Library/Developer/Xcode/DerivedData/Ilumionate-ajbhadqlvcajfnbqievdybmttsdl/Build/Intermediates.noindex/swift-collections.build/Debug-iphoneos/OrderedCollections.build/swift-overrides.hmap -emit-const-values -Xfrontend -const-gather-protocols-file -Xfrontend /Users/byronquine/Library/Developer/Xcode/DerivedData/Ilumionate-ajbhadqlvcajfnbqievdybmttsdl/Build/Intermediates.noindex/swift-collections.build/Debug-iphoneos/OrderedCollections.build/Objects-normal/arm64/OrderedCollections_const_extract_protocols.json -Xcc -I/Users/byronquine/Library/Developer/Xcode/DerivedData/Ilumionate-ajbhadqlvcajfnbqievdybmttsdl/Build/Products/Debug-iphoneos/include -Xcc -I/Users/byronquine/Library/Developer/Xcode/DerivedData/Ilumionate-ajbhadqlvcajfnbqievdybmttsdl/Build/Intermediates.noindex/swift-collections.build/Debug-iphoneos/OrderedCollections.build/DerivedSources-normal/arm64 -Xcc -I/Users/byronquine/Library/Developer/Xcode/DerivedData/Ilumionate-ajbhadqlvcajfnbqievdybmttsdl/Build/Intermediates.noindex/swift-collections.build/Debug-iphoneos/OrderedCollections.build/DerivedSources/arm64 -Xcc -I/Users/byronquine/Library/Developer/Xcode/DerivedData/Ilumionate-ajbhadqlvcajfnbqievdybmttsdl/Build/Intermediates.noindex/swift-collections.build/Debug-iphoneos/OrderedCollections.build/DerivedSources -Xcc -DSWIFT_PACKAGE -Xcc -DDEBUG\=1 -emit-objc-header -emit-objc-header-path /Users/byronquine/Library/Developer/Xcode/DerivedData/Ilumionate-ajbhadqlvcajfnbqievdybmttsdl/Build/Intermediates.noindex/swift-collections.build/Debug-iphoneos/OrderedCollections.build/Objects-normal/arm64/OrderedCollections-Swift.h -working-directory /Users/byronquine/Documents/Programing/Swift/Practice/Ilumionate/Ilumionate.xcodeproj -experimental-emit-module-separately -disable-cmo

SwiftDriver\ Compilation OrderedCollections normal arm64 com.apple.xcode.tools.swift.compiler (in target 'OrderedCollections' from project 'swift-collections')
    cd /Users/byronquine/Documents/Programing/Swift/Practice/Ilumionate/Ilumionate.xcodeproj
    builtin-Swift-Compilation -- /Applications/Xcode\ 26.3\ Beta.app/Contents/Developer/Toolchains/XcodeDefault.xctoolchain/usr/bin/swiftc -module-name OrderedCollections -Onone -enforce-exclusivity\=checked @/Users/byronquine/Library/Developer/Xcode/DerivedData/Ilumionate-ajbhadqlvcajfnbqievdybmttsdl/Build/Intermediates.noindex/swift-collections.build/Debug-iphoneos/OrderedCollections.build/Objects-normal/arm64/OrderedCollections.SwiftFileList -DSWIFT_PACKAGE -DDEBUG -DSWIFT_MODULE_RESOURCE_BUNDLE_UNAVAILABLE -DCOLLECTIONS_RANDOMIZED_TESTING -DXcode -enable-experimental-feature AvailabilityMacro\=SwiftStdlib\ 5.0:\ macOS\ 10.14.4,\ iOS\ 12.2,\ watchOS\ 5.2,\ tvOS\ 12.2 -enable-experimental-feature AvailabilityMacro\=SwiftStdlib\ 5.1:\ macOS\ 10.15,\ iOS\ 13.0,\ watchOS\ 6.0,\ tvOS\ 13.0 -enable-experimental-feature AvailabilityMacro\=SwiftStdlib\ 5.6:\ macOS\ 12.3,\ iOS\ 15.4,\ watchOS\ 8.5,\ tvOS\ 15.4 -enable-experimental-feature AvailabilityMacro\=SwiftStdlib\ 5.8:\ macOS\ 13.3,\ iOS\ 16.4,\ watchOS\ 9.4,\ tvOS\ 16.4 -enable-experimental-feature AvailabilityMacro\=SwiftStdlib\ 5.9:\ macOS\ 14.0,\ iOS\ 17.0,\ watchOS\ 10.0,\ tvOS\ 17.0 -enable-experimental-feature AvailabilityMacro\=SwiftStdlib\ 5.10:\ macOS\ 14.4,\ iOS\ 17.4,\ watchOS\ 10.4,\ tvOS\ 17.4,\ visionOS\ 1.1 -enable-experimental-feature AvailabilityMacro\=SwiftStdlib\ 6.0:\ macOS\ 15.0,\ iOS\ 18.0,\ watchOS\ 11.0,\ tvOS\ 18.0,\ visionOS\ 2.0 -enable-experimental-feature AvailabilityMacro\=SwiftStdlib\ 6.1:\ macOS\ 15.4,\ iOS\ 18.4,\ watchOS\ 11.4,\ tvOS\ 18.4,\ visionOS\ 2.4 -enable-experimental-feature AvailabilityMacro\=SwiftStdlib\ 6.2:\ macOS\ 26.0,\ iOS\ 26.0,\ watchOS\ 26.0,\ tvOS\ 26.0,\ visionOS\ 26.0 -enable-upcoming-feature MemberImportVisibility -enable-experimental-feature BuiltinModule -enable-experimental-feature Lifetimes -enable-experimental-feature InoutLifetimeDependence -enable-experimental-feature SuppressedAssociatedTypes -plugin-path /Applications/Xcode\ 26.3\ Beta.app/Contents/Developer/Toolchains/XcodeDefault.xctoolchain/usr/lib/swift/host/plugins/testing -enable-experimental-feature DebugDescriptionMacro -sdk /Applications/Xcode\ 26.3\ Beta.app/Contents/Developer/Platforms/iPhoneOS.platform/Developer/SDKs/iPhoneOS26.2.sdk -target arm64-apple-ios12.0 -g -module-cache-path /Users/byronquine/Library/Developer/Xcode/DerivedData/ModuleCache.noindex -Xfrontend -serialize-debugging-options -profile-coverage-mapping -profile-generate -enable-testing -suppress-warnings -index-store-path /Users/byronquine/Library/Developer/Xcode/DerivedData/Ilumionate-ajbhadqlvcajfnbqievdybmttsdl/Index.noindex/DataStore -Xcc -D_LIBCPP_HARDENING_MODE\=_LIBCPP_HARDENING_MODE_DEBUG -swift-version 6 -I /Users/byronquine/Library/Developer/Xcode/DerivedData/Ilumionate-ajbhadqlvcajfnbqievdybmttsdl/Build/Products/Debug-iphoneos -Isystem /Applications/Xcode\ 26.3\ Beta.app/Contents/Developer/Platforms/iPhoneOS.platform/Developer/usr/lib -F /Users/byronquine/Library/Developer/Xcode/DerivedData/Ilumionate-ajbhadqlvcajfnbqievdybmttsdl/Build/Products/Debug-iphoneos/PackageFrameworks -F /Users/byronquine/Library/Developer/Xcode/DerivedData/Ilumionate-ajbhadqlvcajfnbqievdybmttsdl/Build/Products/Debug-iphoneos -F /Applications/Xcode\ 26.3\ Beta.app/Contents/Developer/Platforms/iPhoneOS.platform/Developer/Library/Frameworks -F /Applications/Xcode\ 26.3\ Beta.app/Contents/Developer/Platforms/iPhoneOS.platform/Developer/SDKs/iPhoneOS26.2.sdk/Developer/Library/Frameworks -c -j10 -enable-batch-mode -incremental -Xcc -ivfsstatcache -Xcc /Users/byronquine/Library/Developer/Xcode/DerivedData/SDKStatCaches.noindex/iphoneos26.2-23C57-e8867d0c40613ffc63e0238af232dc50d4d6ee3f8374c9c9b8dccfd0b4476fca.sdkstatcache -output-file-map /Users/byronquine/Library/Developer/Xcode/DerivedData/Ilumionate-ajbhadqlvcajfnbqievdybmttsdl/Build/Intermediates.noindex/swift-collections.build/Debug-iphoneos/OrderedCollections.build/Objects-normal/arm64/OrderedCollections-OutputFileMap.json -use-frontend-parseable-output -save-temps -no-color-diagnostics -explicit-module-build -module-cache-path /Users/byronquine/Library/Developer/Xcode/DerivedData/Ilumionate-ajbhadqlvcajfnbqievdybmttsdl/Build/Intermediates.noindex/SwiftExplicitPrecompiledModules -clang-scanner-module-cache-path /Users/byronquine/Library/Developer/Xcode/DerivedData/ModuleCache.noindex -sdk-module-cache-path /Users/byronquine/Library/Developer/Xcode/DerivedData/ModuleCache.noindex -serialize-diagnostics -emit-dependencies -emit-module -emit-module-path /Users/byronquine/Library/Developer/Xcode/DerivedData/Ilumionate-ajbhadqlvcajfnbqievdybmttsdl/Build/Intermediates.noindex/swift-collections.build/Debug-iphoneos/OrderedCollections.build/Objects-normal/arm64/OrderedCollections.swiftmodule -user-module-version 1.3.0 -validate-clang-modules-once -clang-build-session-file /Users/byronquine/Library/Developer/Xcode/DerivedData/ModuleCache.noindex/Session.modulevalidation -package-name swift_collections -Xcc -I/Users/byronquine/Library/Developer/Xcode/DerivedData/Ilumionate-ajbhadqlvcajfnbqievdybmttsdl/Build/Intermediates.noindex/swift-collections.build/Debug-iphoneos/OrderedCollections.build/swift-overrides.hmap -emit-const-values -Xfrontend -const-gather-protocols-file -Xfrontend /Users/byronquine/Library/Developer/Xcode/DerivedData/Ilumionate-ajbhadqlvcajfnbqievdybmttsdl/Build/Intermediates.noindex/swift-collections.build/Debug-iphoneos/OrderedCollections.build/Objects-normal/arm64/OrderedCollections_const_extract_protocols.json -Xcc -I/Users/byronquine/Library/Developer/Xcode/DerivedData/Ilumionate-ajbhadqlvcajfnbqievdybmttsdl/Build/Products/Debug-iphoneos/include -Xcc -I/Users/byronquine/Library/Developer/Xcode/DerivedData/Ilumionate-ajbhadqlvcajfnbqievdybmttsdl/Build/Intermediates.noindex/swift-collections.build/Debug-iphoneos/OrderedCollections.build/DerivedSources-normal/arm64 -Xcc -I/Users/byronquine/Library/Developer/Xcode/DerivedData/Ilumionate-ajbhadqlvcajfnbqievdybmttsdl/Build/Intermediates.noindex/swift-collections.build/Debug-iphoneos/OrderedCollections.build/DerivedSources/arm64 -Xcc -I/Users/byronquine/Library/Developer/Xcode/DerivedData/Ilumionate-ajbhadqlvcajfnbqievdybmttsdl/Build/Intermediates.noindex/swift-collections.build/Debug-iphoneos/OrderedCollections.build/DerivedSources -Xcc -DSWIFT_PACKAGE -Xcc -DDEBUG\=1 -emit-objc-header -emit-objc-header-path /Users/byronquine/Library/Developer/Xcode/DerivedData/Ilumionate-ajbhadqlvcajfnbqievdybmttsdl/Build/Intermediates.noindex/swift-collections.build/Debug-iphoneos/OrderedCollections.build/Objects-normal/arm64/OrderedCollections-Swift.h -working-directory /Users/byronquine/Documents/Programing/Swift/Practice/Ilumionate/Ilumionate.xcodeproj -experimental-emit-module-separately -disable-cmo

SwiftMergeGeneratedHeaders /Users/byronquine/Library/Developer/Xcode/DerivedData/Ilumionate-ajbhadqlvcajfnbqievdybmttsdl/Build/Intermediates.noindex/GeneratedModuleMaps-iphoneos/OrderedCollections-Swift.h /Users/byronquine/Library/Developer/Xcode/DerivedData/Ilumionate-ajbhadqlvcajfnbqievdybmttsdl/Build/Intermediates.noindex/swift-collections.build/Debug-iphoneos/OrderedCollections.build/Objects-normal/arm64/OrderedCollections-Swift.h (in target 'OrderedCollections' from project 'swift-collections')
    cd /Users/byronquine/Library/Developer/Xcode/DerivedData/Ilumionate-ajbhadqlvcajfnbqievdybmttsdl/SourcePackages/checkouts/swift-collections
    builtin-swiftHeaderTool -arch arm64 /Users/byronquine/Library/Developer/Xcode/DerivedData/Ilumionate-ajbhadqlvcajfnbqievdybmttsdl/Build/Intermediates.noindex/swift-collections.build/Debug-iphoneos/OrderedCollections.build/Objects-normal/arm64/OrderedCollections-Swift.h -o /Users/byronquine/Library/Developer/Xcode/DerivedData/Ilumionate-ajbhadqlvcajfnbqievdybmttsdl/Build/Intermediates.noindex/GeneratedModuleMaps-iphoneos/OrderedCollections-Swift.h

Copy /Users/byronquine/Library/Developer/Xcode/DerivedData/Ilumionate-ajbhadqlvcajfnbqievdybmttsdl/Build/Products/Debug-iphoneos/OrderedCollections.swiftmodule/arm64-apple-ios.swiftmodule /Users/byronquine/Library/Developer/Xcode/DerivedData/Ilumionate-ajbhadqlvcajfnbqievdybmttsdl/Build/Intermediates.noindex/swift-collections.build/Debug-iphoneos/OrderedCollections.build/Objects-normal/arm64/OrderedCollections.swiftmodule (in target 'OrderedCollections' from project 'swift-collections')
    cd /Users/byronquine/Library/Developer/Xcode/DerivedData/Ilumionate-ajbhadqlvcajfnbqievdybmttsdl/SourcePackages/checkouts/swift-collections
    builtin-copy -exclude .DS_Store -exclude CVS -exclude .svn -exclude .git -exclude .hg -resolve-src-symlinks -rename /Users/byronquine/Library/Developer/Xcode/DerivedData/Ilumionate-ajbhadqlvcajfnbqievdybmttsdl/Build/Intermediates.noindex/swift-collections.build/Debug-iphoneos/OrderedCollections.build/Objects-normal/arm64/OrderedCollections.swiftmodule /Users/byronquine/Library/Developer/Xcode/DerivedData/Ilumionate-ajbhadqlvcajfnbqievdybmttsdl/Build/Products/Debug-iphoneos/OrderedCollections.swiftmodule/arm64-apple-ios.swiftmodule

Copy /Users/byronquine/Library/Developer/Xcode/DerivedData/Ilumionate-ajbhadqlvcajfnbqievdybmttsdl/Build/Products/Debug-iphoneos/OrderedCollections.swiftmodule/arm64-apple-ios.swiftdoc /Users/byronquine/Library/Developer/Xcode/DerivedData/Ilumionate-ajbhadqlvcajfnbqievdybmttsdl/Build/Intermediates.noindex/swift-collections.build/Debug-iphoneos/OrderedCollections.build/Objects-normal/arm64/OrderedCollections.swiftdoc (in target 'OrderedCollections' from project 'swift-collections')
    cd /Users/byronquine/Library/Developer/Xcode/DerivedData/Ilumionate-ajbhadqlvcajfnbqievdybmttsdl/SourcePackages/checkouts/swift-collections
    builtin-copy -exclude .DS_Store -exclude CVS -exclude .svn -exclude .git -exclude .hg -resolve-src-symlinks -rename /Users/byronquine/Library/Developer/Xcode/DerivedData/Ilumionate-ajbhadqlvcajfnbqievdybmttsdl/Build/Intermediates.noindex/swift-collections.build/Debug-iphoneos/OrderedCollections.build/Objects-normal/arm64/OrderedCollections.swiftdoc /Users/byronquine/Library/Developer/Xcode/DerivedData/Ilumionate-ajbhadqlvcajfnbqievdybmttsdl/Build/Products/Debug-iphoneos/OrderedCollections.swiftmodule/arm64-apple-ios.swiftdoc

Copy /Users/byronquine/Library/Developer/Xcode/DerivedData/Ilumionate-ajbhadqlvcajfnbqievdybmttsdl/Build/Products/Debug-iphoneos/OrderedCollections.swiftmodule/arm64-apple-ios.abi.json /Users/byronquine/Library/Developer/Xcode/DerivedData/Ilumionate-ajbhadqlvcajfnbqievdybmttsdl/Build/Intermediates.noindex/swift-collections.build/Debug-iphoneos/OrderedCollections.build/Objects-normal/arm64/OrderedCollections.abi.json (in target 'OrderedCollections' from project 'swift-collections')
    cd /Users/byronquine/Library/Developer/Xcode/DerivedData/Ilumionate-ajbhadqlvcajfnbqievdybmttsdl/SourcePackages/checkouts/swift-collections
    builtin-copy -exclude .DS_Store -exclude CVS -exclude .svn -exclude .git -exclude .hg -resolve-src-symlinks -rename /Users/byronquine/Library/Developer/Xcode/DerivedData/Ilumionate-ajbhadqlvcajfnbqievdybmttsdl/Build/Intermediates.noindex/swift-collections.build/Debug-iphoneos/OrderedCollections.build/Objects-normal/arm64/OrderedCollections.abi.json /Users/byronquine/Library/Developer/Xcode/DerivedData/Ilumionate-ajbhadqlvcajfnbqievdybmttsdl/Build/Products/Debug-iphoneos/OrderedCollections.swiftmodule/arm64-apple-ios.abi.json

Copy /Users/byronquine/Library/Developer/Xcode/DerivedData/Ilumionate-ajbhadqlvcajfnbqievdybmttsdl/Build/Products/Debug-iphoneos/OrderedCollections.swiftmodule/Project/arm64-apple-ios.swiftsourceinfo /Users/byronquine/Library/Developer/Xcode/DerivedData/Ilumionate-ajbhadqlvcajfnbqievdybmttsdl/Build/Intermediates.noindex/swift-collections.build/Debug-iphoneos/OrderedCollections.build/Objects-normal/arm64/OrderedCollections.swiftsourceinfo (in target 'OrderedCollections' from project 'swift-collections')
    cd /Users/byronquine/Library/Developer/Xcode/DerivedData/Ilumionate-ajbhadqlvcajfnbqievdybmttsdl/SourcePackages/checkouts/swift-collections
    builtin-copy -exclude .DS_Store -exclude CVS -exclude .svn -exclude .git -exclude .hg -resolve-src-symlinks -rename /Users/byronquine/Library/Developer/Xcode/DerivedData/Ilumionate-ajbhadqlvcajfnbqievdybmttsdl/Build/Intermediates.noindex/swift-collections.build/Debug-iphoneos/OrderedCollections.build/Objects-normal/arm64/OrderedCollections.swiftsourceinfo /Users/byronquine/Library/Developer/Xcode/DerivedData/Ilumionate-ajbhadqlvcajfnbqievdybmttsdl/Build/Products/Debug-iphoneos/OrderedCollections.swiftmodule/Project/arm64-apple-ios.swiftsourceinfo

Ld /Users/byronquine/Library/Developer/Xcode/DerivedData/Ilumionate-ajbhadqlvcajfnbqievdybmttsdl/Build/Products/Debug-iphoneos/OrderedCollections.o normal (in target 'OrderedCollections' from project 'swift-collections')
    cd /Users/byronquine/Library/Developer/Xcode/DerivedData/Ilumionate-ajbhadqlvcajfnbqievdybmttsdl/SourcePackages/checkouts/swift-collections
    /Applications/Xcode\ 26.3\ Beta.app/Contents/Developer/Toolchains/XcodeDefault.xctoolchain/usr/bin/clang -Xlinker -reproducible -target arm64-apple-ios12.0 -r -isysroot /Applications/Xcode\ 26.3\ Beta.app/Contents/Developer/Platforms/iPhoneOS.platform/Developer/SDKs/iPhoneOS26.2.sdk -O0 -w -L/Users/byronquine/Library/Developer/Xcode/DerivedData/Ilumionate-ajbhadqlvcajfnbqievdybmttsdl/Build/Intermediates.noindex/EagerLinkingTBDs/Debug-iphoneos -L/Users/byronquine/Library/Developer/Xcode/DerivedData/Ilumionate-ajbhadqlvcajfnbqievdybmttsdl/Build/Products/Debug-iphoneos -L/Applications/Xcode\ 26.3\ Beta.app/Contents/Developer/Platforms/iPhoneOS.platform/Developer/usr/lib -F/Users/byronquine/Library/Developer/Xcode/DerivedData/Ilumionate-ajbhadqlvcajfnbqievdybmttsdl/Build/Intermediates.noindex/EagerLinkingTBDs/Debug-iphoneos -F/Users/byronquine/Library/Developer/Xcode/DerivedData/Ilumionate-ajbhadqlvcajfnbqievdybmttsdl/Build/Products/Debug-iphoneos/PackageFrameworks -F/Users/byronquine/Library/Developer/Xcode/DerivedData/Ilumionate-ajbhadqlvcajfnbqievdybmttsdl/Build/Products/Debug-iphoneos -iframework /Applications/Xcode\ 26.3\ Beta.app/Contents/Developer/Platforms/iPhoneOS.platform/Developer/Library/Frameworks -iframework /Applications/Xcode\ 26.3\ Beta.app/Contents/Developer/Platforms/iPhoneOS.platform/Developer/SDKs/iPhoneOS26.2.sdk/Developer/Library/Frameworks -filelist /Users/byronquine/Library/Developer/Xcode/DerivedData/Ilumionate-ajbhadqlvcajfnbqievdybmttsdl/Build/Intermediates.noindex/swift-collections.build/Debug-iphoneos/OrderedCollections.build/Objects-normal/arm64/OrderedCollections.LinkFileList -nostdlib -Xlinker -object_path_lto -Xlinker /Users/byronquine/Library/Developer/Xcode/DerivedData/Ilumionate-ajbhadqlvcajfnbqievdybmttsdl/Build/Intermediates.noindex/swift-collections.build/Debug-iphoneos/OrderedCollections.build/Objects-normal/arm64/OrderedCollections_lto.o -rdynamic -Xlinker -no_deduplicate -Xlinker -debug_variant -Xlinker -dependency_info -Xlinker /Users/byronquine/Library/Developer/Xcode/DerivedData/Ilumionate-ajbhadqlvcajfnbqievdybmttsdl/Build/Intermediates.noindex/swift-collections.build/Debug-iphoneos/OrderedCollections.build/Objects-normal/arm64/OrderedCollections_dependency_info.dat -fobjc-link-runtime -L/Applications/Xcode\ 26.3\ Beta.app/Contents/Developer/Toolchains/XcodeDefault.xctoolchain/usr/lib/swift/iphoneos -L/usr/lib/swift -Xlinker -add_ast_path -Xlinker /Users/byronquine/Library/Developer/Xcode/DerivedData/Ilumionate-ajbhadqlvcajfnbqievdybmttsdl/Build/Intermediates.noindex/swift-collections.build/Debug-iphoneos/OrderedCollections.build/Objects-normal/arm64/OrderedCollections.swiftmodule @/Users/byronquine/Library/Developer/Xcode/DerivedData/Ilumionate-ajbhadqlvcajfnbqievdybmttsdl/Build/Intermediates.noindex/swift-collections.build/Debug-iphoneos/OrderedCollections.build/Objects-normal/arm64/OrderedCollections-linker-args.resp -o /Users/byronquine/Library/Developer/Xcode/DerivedData/Ilumionate-ajbhadqlvcajfnbqievdybmttsdl/Build/Products/Debug-iphoneos/OrderedCollections.o

SwiftDriver Jinja normal arm64 com.apple.xcode.tools.swift.compiler (in target 'Jinja' from project 'Jinja')
    cd /Users/byronquine/Documents/Programing/Swift/Practice/Ilumionate/Ilumionate.xcodeproj
    builtin-SwiftDriver -- /Applications/Xcode\ 26.3\ Beta.app/Contents/Developer/Toolchains/XcodeDefault.xctoolchain/usr/bin/swiftc -module-name Jinja -Onone -enforce-exclusivity\=checked @/Users/byronquine/Library/Developer/Xcode/DerivedData/Ilumionate-ajbhadqlvcajfnbqievdybmttsdl/Build/Intermediates.noindex/Jinja.build/Debug-iphoneos/Jinja.build/Objects-normal/arm64/Jinja.SwiftFileList -DSWIFT_PACKAGE -DDEBUG -DSWIFT_MODULE_RESOURCE_BUNDLE_UNAVAILABLE -DXcode -plugin-path /Applications/Xcode\ 26.3\ Beta.app/Contents/Developer/Toolchains/XcodeDefault.xctoolchain/usr/lib/swift/host/plugins/testing -enable-experimental-feature DebugDescriptionMacro -sdk /Applications/Xcode\ 26.3\ Beta.app/Contents/Developer/Platforms/iPhoneOS.platform/Developer/SDKs/iPhoneOS26.2.sdk -target arm64-apple-ios16.0 -g -module-cache-path /Users/byronquine/Library/Developer/Xcode/DerivedData/ModuleCache.noindex -Xfrontend -serialize-debugging-options -profile-coverage-mapping -profile-generate -enable-testing -suppress-warnings -index-store-path /Users/byronquine/Library/Developer/Xcode/DerivedData/Ilumionate-ajbhadqlvcajfnbqievdybmttsdl/Index.noindex/DataStore -Xcc -D_LIBCPP_HARDENING_MODE\=_LIBCPP_HARDENING_MODE_DEBUG -swift-version 6 -I /Users/byronquine/Library/Developer/Xcode/DerivedData/Ilumionate-ajbhadqlvcajfnbqievdybmttsdl/Build/Products/Debug-iphoneos -Isystem /Applications/Xcode\ 26.3\ Beta.app/Contents/Developer/Platforms/iPhoneOS.platform/Developer/usr/lib -F /Users/byronquine/Library/Developer/Xcode/DerivedData/Ilumionate-ajbhadqlvcajfnbqievdybmttsdl/Build/Products/Debug-iphoneos/PackageFrameworks -F /Users/byronquine/Library/Developer/Xcode/DerivedData/Ilumionate-ajbhadqlvcajfnbqievdybmttsdl/Build/Products/Debug-iphoneos/PackageFrameworks -F /Users/byronquine/Library/Developer/Xcode/DerivedData/Ilumionate-ajbhadqlvcajfnbqievdybmttsdl/Build/Products/Debug-iphoneos -F /Applications/Xcode\ 26.3\ Beta.app/Contents/Developer/Platforms/iPhoneOS.platform/Developer/Library/Frameworks -F /Applications/Xcode\ 26.3\ Beta.app/Contents/Developer/Platforms/iPhoneOS.platform/Developer/SDKs/iPhoneOS26.2.sdk/Developer/Library/Frameworks -c -j10 -enable-batch-mode -incremental -Xcc -ivfsstatcache -Xcc /Users/byronquine/Library/Developer/Xcode/DerivedData/SDKStatCaches.noindex/iphoneos26.2-23C57-e8867d0c40613ffc63e0238af232dc50d4d6ee3f8374c9c9b8dccfd0b4476fca.sdkstatcache -output-file-map /Users/byronquine/Library/Developer/Xcode/DerivedData/Ilumionate-ajbhadqlvcajfnbqievdybmttsdl/Build/Intermediates.noindex/Jinja.build/Debug-iphoneos/Jinja.build/Objects-normal/arm64/Jinja-OutputFileMap.json -use-frontend-parseable-output -save-temps -no-color-diagnostics -explicit-module-build -module-cache-path /Users/byronquine/Library/Developer/Xcode/DerivedData/Ilumionate-ajbhadqlvcajfnbqievdybmttsdl/Build/Intermediates.noindex/SwiftExplicitPrecompiledModules -clang-scanner-module-cache-path /Users/byronquine/Library/Developer/Xcode/DerivedData/ModuleCache.noindex -sdk-module-cache-path /Users/byronquine/Library/Developer/Xcode/DerivedData/ModuleCache.noindex -serialize-diagnostics -emit-dependencies -emit-module -emit-module-path /Users/byronquine/Library/Developer/Xcode/DerivedData/Ilumionate-ajbhadqlvcajfnbqievdybmttsdl/Build/Intermediates.noindex/Jinja.build/Debug-iphoneos/Jinja.build/Objects-normal/arm64/Jinja.swiftmodule -user-module-version 2.3.2 -validate-clang-modules-once -clang-build-session-file /Users/byronquine/Library/Developer/Xcode/DerivedData/ModuleCache.noindex/Session.modulevalidation -package-name swift_jinja -Xcc -I/Users/byronquine/Library/Developer/Xcode/DerivedData/Ilumionate-ajbhadqlvcajfnbqievdybmttsdl/Build/Intermediates.noindex/Jinja.build/Debug-iphoneos/Jinja.build/swift-overrides.hmap -emit-const-values -Xfrontend -const-gather-protocols-file -Xfrontend /Users/byronquine/Library/Developer/Xcode/DerivedData/Ilumionate-ajbhadqlvcajfnbqievdybmttsdl/Build/Intermediates.noindex/Jinja.build/Debug-iphoneos/Jinja.build/Objects-normal/arm64/Jinja_const_extract_protocols.json -Xcc -I/Users/byronquine/Library/Developer/Xcode/DerivedData/Ilumionate-ajbhadqlvcajfnbqievdybmttsdl/Build/Products/Debug-iphoneos/include -Xcc -I/Users/byronquine/Library/Developer/Xcode/DerivedData/Ilumionate-ajbhadqlvcajfnbqievdybmttsdl/Build/Intermediates.noindex/Jinja.build/Debug-iphoneos/Jinja.build/DerivedSources-normal/arm64 -Xcc -I/Users/byronquine/Library/Developer/Xcode/DerivedData/Ilumionate-ajbhadqlvcajfnbqievdybmttsdl/Build/Intermediates.noindex/Jinja.build/Debug-iphoneos/Jinja.build/DerivedSources/arm64 -Xcc -I/Users/byronquine/Library/Developer/Xcode/DerivedData/Ilumionate-ajbhadqlvcajfnbqievdybmttsdl/Build/Intermediates.noindex/Jinja.build/Debug-iphoneos/Jinja.build/DerivedSources -Xcc -DSWIFT_PACKAGE -Xcc -DDEBUG\=1 -emit-objc-header -emit-objc-header-path /Users/byronquine/Library/Developer/Xcode/DerivedData/Ilumionate-ajbhadqlvcajfnbqievdybmttsdl/Build/Intermediates.noindex/Jinja.build/Debug-iphoneos/Jinja.build/Objects-normal/arm64/Jinja-Swift.h -working-directory /Users/byronquine/Documents/Programing/Swift/Practice/Ilumionate/Ilumionate.xcodeproj -experimental-emit-module-separately -disable-cmo

ExtractAppIntentsMetadata (in target 'OrderedCollections' from project 'swift-collections')
    cd /Users/byronquine/Library/Developer/Xcode/DerivedData/Ilumionate-ajbhadqlvcajfnbqievdybmttsdl/SourcePackages/checkouts/swift-collections
    /Applications/Xcode\ 26.3\ Beta.app/Contents/Developer/Toolchains/XcodeDefault.xctoolchain/usr/bin/appintentsmetadataprocessor --toolchain-dir /var/run/com.apple.security.cryptexd/mnt/com.apple.MobileAsset.MetalToolchain-v17.3.519.0.qBttFW/Metal.xctoolchain --module-name OrderedCollections --sdk-root /Applications/Xcode\ 26.3\ Beta.app/Contents/Developer/Platforms/iPhoneOS.platform/Developer/SDKs/iPhoneOS26.2.sdk --xcode-version 17C528 --platform-family iOS --deployment-target 12.0 --bundle-identifier swift-collections.OrderedCollections --output /Users/byronquine/Library/Developer/Xcode/DerivedData/Ilumionate-ajbhadqlvcajfnbqievdybmttsdl/Build/Products/Debug-iphoneos/OrderedCollections.appintents --target-triple arm64-apple-ios12.0 --binary-file /Users/byronquine/Library/Developer/Xcode/DerivedData/Ilumionate-ajbhadqlvcajfnbqievdybmttsdl/Build/Products/Debug-iphoneos/OrderedCollections.o --dependency-file /Users/byronquine/Library/Developer/Xcode/DerivedData/Ilumionate-ajbhadqlvcajfnbqievdybmttsdl/Build/Intermediates.noindex/swift-collections.build/Debug-iphoneos/OrderedCollections.build/Objects-normal/arm64/OrderedCollections_dependency_info.dat --stringsdata-file /Users/byronquine/Library/Developer/Xcode/DerivedData/Ilumionate-ajbhadqlvcajfnbqievdybmttsdl/Build/Intermediates.noindex/swift-collections.build/Debug-iphoneos/OrderedCollections.build/Objects-normal/arm64/ExtractedAppShortcutsMetadata.stringsdata --source-file-list /Users/byronquine/Library/Developer/Xcode/DerivedData/Ilumionate-ajbhadqlvcajfnbqievdybmttsdl/Build/Intermediates.noindex/swift-collections.build/Debug-iphoneos/OrderedCollections.build/Objects-normal/arm64/OrderedCollections.SwiftFileList --metadata-file-list /Users/byronquine/Library/Developer/Xcode/DerivedData/Ilumionate-ajbhadqlvcajfnbqievdybmttsdl/Build/Intermediates.noindex/swift-collections.build/Debug-iphoneos/OrderedCollections.build/OrderedCollections.DependencyMetadataFileList --static-metadata-file-list /Users/byronquine/Library/Developer/Xcode/DerivedData/Ilumionate-ajbhadqlvcajfnbqievdybmttsdl/Build/Intermediates.noindex/swift-collections.build/Debug-iphoneos/OrderedCollections.build/OrderedCollections.DependencyStaticMetadataFileList --swift-const-vals-list /Users/byronquine/Library/Developer/Xcode/DerivedData/Ilumionate-ajbhadqlvcajfnbqievdybmttsdl/Build/Intermediates.noindex/swift-collections.build/Debug-iphoneos/OrderedCollections.build/Objects-normal/arm64/OrderedCollections.SwiftConstValuesFileList --force --compile-time-extraction --deployment-aware-processing --validate-assistant-intents --no-app-shortcuts-localization
2026-03-12 20:04:10.925 appintentsmetadataprocessor[15677:2303693] Starting appintentsmetadataprocessor export
2026-03-12 20:04:11.051 appintentsmetadataprocessor[15677:2303693] Extracted no relevant App Intents symbols, skipping writing output

SwiftEmitModule normal arm64 Emitting\ module\ for\ Jinja (in target 'Jinja' from project 'Jinja')
EmitSwiftModule normal arm64 (in target 'Jinja' from project 'Jinja')
    cd /Users/byronquine/Documents/Programing/Swift/Practice/Ilumionate/Ilumionate.xcodeproj
    

SwiftCompile normal arm64 Compiling\ Macro.swift,\ Parser.swift /Users/byronquine/Library/Developer/Xcode/DerivedData/Ilumionate-ajbhadqlvcajfnbqievdybmttsdl/SourcePackages/checkouts/swift-jinja/Sources/Jinja/Macro.swift /Users/byronquine/Library/Developer/Xcode/DerivedData/Ilumionate-ajbhadqlvcajfnbqievdybmttsdl/SourcePackages/checkouts/swift-jinja/Sources/Jinja/Parser.swift (in target 'Jinja' from project 'Jinja')
SwiftCompile normal arm64 /Users/byronquine/Library/Developer/Xcode/DerivedData/Ilumionate-ajbhadqlvcajfnbqievdybmttsdl/SourcePackages/checkouts/swift-jinja/Sources/Jinja/Macro.swift (in target 'Jinja' from project 'Jinja')
    cd /Users/byronquine/Documents/Programing/Swift/Practice/Ilumionate/Ilumionate.xcodeproj
    

SwiftCompile normal arm64 /Users/byronquine/Library/Developer/Xcode/DerivedData/Ilumionate-ajbhadqlvcajfnbqievdybmttsdl/SourcePackages/checkouts/swift-jinja/Sources/Jinja/Parser.swift (in target 'Jinja' from project 'Jinja')
    cd /Users/byronquine/Documents/Programing/Swift/Practice/Ilumionate/Ilumionate.xcodeproj
    

SwiftCompile normal arm64 Compiling\ Filters.swift,\ Globals.swift /Users/byronquine/Library/Developer/Xcode/DerivedData/Ilumionate-ajbhadqlvcajfnbqievdybmttsdl/SourcePackages/checkouts/swift-jinja/Sources/Jinja/Filters.swift /Users/byronquine/Library/Developer/Xcode/DerivedData/Ilumionate-ajbhadqlvcajfnbqievdybmttsdl/SourcePackages/checkouts/swift-jinja/Sources/Jinja/Globals.swift (in target 'Jinja' from project 'Jinja')
SwiftCompile normal arm64 /Users/byronquine/Library/Developer/Xcode/DerivedData/Ilumionate-ajbhadqlvcajfnbqievdybmttsdl/SourcePackages/checkouts/swift-jinja/Sources/Jinja/Filters.swift (in target 'Jinja' from project 'Jinja')
    cd /Users/byronquine/Documents/Programing/Swift/Practice/Ilumionate/Ilumionate.xcodeproj
    

SwiftCompile normal arm64 /Users/byronquine/Library/Developer/Xcode/DerivedData/Ilumionate-ajbhadqlvcajfnbqievdybmttsdl/SourcePackages/checkouts/swift-jinja/Sources/Jinja/Globals.swift (in target 'Jinja' from project 'Jinja')
    cd /Users/byronquine/Documents/Programing/Swift/Practice/Ilumionate/Ilumionate.xcodeproj
    

SwiftCompile normal arm64 Compiling\ Token.swift /Users/byronquine/Library/Developer/Xcode/DerivedData/Ilumionate-ajbhadqlvcajfnbqievdybmttsdl/SourcePackages/checkouts/swift-jinja/Sources/Jinja/Token.swift (in target 'Jinja' from project 'Jinja')

SwiftCompile normal arm64 /Users/byronquine/Library/Developer/Xcode/DerivedData/Ilumionate-ajbhadqlvcajfnbqievdybmttsdl/SourcePackages/checkouts/swift-jinja/Sources/Jinja/Token.swift (in target 'Jinja' from project 'Jinja')
    cd /Users/byronquine/Documents/Programing/Swift/Practice/Ilumionate/Ilumionate.xcodeproj
    

SwiftCompile normal arm64 Compiling\ Utilities.swift /Users/byronquine/Library/Developer/Xcode/DerivedData/Ilumionate-ajbhadqlvcajfnbqievdybmttsdl/SourcePackages/checkouts/swift-jinja/Sources/Jinja/Utilities.swift (in target 'Jinja' from project 'Jinja')

SwiftCompile normal arm64 /Users/byronquine/Library/Developer/Xcode/DerivedData/Ilumionate-ajbhadqlvcajfnbqievdybmttsdl/SourcePackages/checkouts/swift-jinja/Sources/Jinja/Utilities.swift (in target 'Jinja' from project 'Jinja')
    cd /Users/byronquine/Documents/Programing/Swift/Practice/Ilumionate/Ilumionate.xcodeproj
    

SwiftCompile normal arm64 Compiling\ Interpreter.swift,\ Lexer.swift /Users/byronquine/Library/Developer/Xcode/DerivedData/Ilumionate-ajbhadqlvcajfnbqievdybmttsdl/SourcePackages/checkouts/swift-jinja/Sources/Jinja/Interpreter.swift /Users/byronquine/Library/Developer/Xcode/DerivedData/Ilumionate-ajbhadqlvcajfnbqievdybmttsdl/SourcePackages/checkouts/swift-jinja/Sources/Jinja/Lexer.swift (in target 'Jinja' from project 'Jinja')

SwiftCompile normal arm64 /Users/byronquine/Library/Developer/Xcode/DerivedData/Ilumionate-ajbhadqlvcajfnbqievdybmttsdl/SourcePackages/checkouts/swift-jinja/Sources/Jinja/Interpreter.swift (in target 'Jinja' from project 'Jinja')
    cd /Users/byronquine/Documents/Programing/Swift/Practice/Ilumionate/Ilumionate.xcodeproj
    

SwiftCompile normal arm64 /Users/byronquine/Library/Developer/Xcode/DerivedData/Ilumionate-ajbhadqlvcajfnbqievdybmttsdl/SourcePackages/checkouts/swift-jinja/Sources/Jinja/Lexer.swift (in target 'Jinja' from project 'Jinja')
    cd /Users/byronquine/Documents/Programing/Swift/Practice/Ilumionate/Ilumionate.xcodeproj
    

SwiftCompile normal arm64 Compiling\ Value.swift /Users/byronquine/Library/Developer/Xcode/DerivedData/Ilumionate-ajbhadqlvcajfnbqievdybmttsdl/SourcePackages/checkouts/swift-jinja/Sources/Jinja/Value.swift (in target 'Jinja' from project 'Jinja')

SwiftCompile normal arm64 /Users/byronquine/Library/Developer/Xcode/DerivedData/Ilumionate-ajbhadqlvcajfnbqievdybmttsdl/SourcePackages/checkouts/swift-jinja/Sources/Jinja/Value.swift (in target 'Jinja' from project 'Jinja')
    cd /Users/byronquine/Documents/Programing/Swift/Practice/Ilumionate/Ilumionate.xcodeproj
    

SwiftCompile normal arm64 Compiling\ Tests.swift /Users/byronquine/Library/Developer/Xcode/DerivedData/Ilumionate-ajbhadqlvcajfnbqievdybmttsdl/SourcePackages/checkouts/swift-jinja/Sources/Jinja/Tests.swift (in target 'Jinja' from project 'Jinja')

SwiftCompile normal arm64 /Users/byronquine/Library/Developer/Xcode/DerivedData/Ilumionate-ajbhadqlvcajfnbqievdybmttsdl/SourcePackages/checkouts/swift-jinja/Sources/Jinja/Tests.swift (in target 'Jinja' from project 'Jinja')
    cd /Users/byronquine/Documents/Programing/Swift/Practice/Ilumionate/Ilumionate.xcodeproj
    

SwiftCompile normal arm64 Compiling\ Template.swift /Users/byronquine/Library/Developer/Xcode/DerivedData/Ilumionate-ajbhadqlvcajfnbqievdybmttsdl/SourcePackages/checkouts/swift-jinja/Sources/Jinja/Template.swift (in target 'Jinja' from project 'Jinja')

SwiftCompile normal arm64 /Users/byronquine/Library/Developer/Xcode/DerivedData/Ilumionate-ajbhadqlvcajfnbqievdybmttsdl/SourcePackages/checkouts/swift-jinja/Sources/Jinja/Template.swift (in target 'Jinja' from project 'Jinja')
    cd /Users/byronquine/Documents/Programing/Swift/Practice/Ilumionate/Ilumionate.xcodeproj
    

SwiftCompile normal arm64 Compiling\ AST.swift,\ Error.swift /Users/byronquine/Library/Developer/Xcode/DerivedData/Ilumionate-ajbhadqlvcajfnbqievdybmttsdl/SourcePackages/checkouts/swift-jinja/Sources/Jinja/AST.swift /Users/byronquine/Library/Developer/Xcode/DerivedData/Ilumionate-ajbhadqlvcajfnbqievdybmttsdl/SourcePackages/checkouts/swift-jinja/Sources/Jinja/Error.swift (in target 'Jinja' from project 'Jinja')

SwiftCompile normal arm64 /Users/byronquine/Library/Developer/Xcode/DerivedData/Ilumionate-ajbhadqlvcajfnbqievdybmttsdl/SourcePackages/checkouts/swift-jinja/Sources/Jinja/AST.swift (in target 'Jinja' from project 'Jinja')
    cd /Users/byronquine/Documents/Programing/Swift/Practice/Ilumionate/Ilumionate.xcodeproj
    

SwiftCompile normal arm64 /Users/byronquine/Library/Developer/Xcode/DerivedData/Ilumionate-ajbhadqlvcajfnbqievdybmttsdl/SourcePackages/checkouts/swift-jinja/Sources/Jinja/Error.swift (in target 'Jinja' from project 'Jinja')
    cd /Users/byronquine/Documents/Programing/Swift/Practice/Ilumionate/Ilumionate.xcodeproj
    

Ld /Users/byronquine/Library/Developer/Xcode/DerivedData/Ilumionate-ajbhadqlvcajfnbqievdybmttsdl/Build/Products/Debug-iphoneos/yyjson.o normal (in target 'yyjson' from project 'yyjson')
    cd /Users/byronquine/Library/Developer/Xcode/DerivedData/Ilumionate-ajbhadqlvcajfnbqievdybmttsdl/SourcePackages/checkouts/yyjson
    /Applications/Xcode\ 26.3\ Beta.app/Contents/Developer/Toolchains/XcodeDefault.xctoolchain/usr/bin/clang -Xlinker -reproducible -target arm64-apple-ios12.0 -r -isysroot /Applications/Xcode\ 26.3\ Beta.app/Contents/Developer/Platforms/iPhoneOS.platform/Developer/SDKs/iPhoneOS26.2.sdk -O0 -w -L/Users/byronquine/Library/Developer/Xcode/DerivedData/Ilumionate-ajbhadqlvcajfnbqievdybmttsdl/Build/Intermediates.noindex/EagerLinkingTBDs/Debug-iphoneos -L/Users/byronquine/Library/Developer/Xcode/DerivedData/Ilumionate-ajbhadqlvcajfnbqievdybmttsdl/Build/Products/Debug-iphoneos -L/Applications/Xcode\ 26.3\ Beta.app/Contents/Developer/Platforms/iPhoneOS.platform/Developer/usr/lib -F/Users/byronquine/Library/Developer/Xcode/DerivedData/Ilumionate-ajbhadqlvcajfnbqievdybmttsdl/Build/Intermediates.noindex/EagerLinkingTBDs/Debug-iphoneos -F/Users/byronquine/Library/Developer/Xcode/DerivedData/Ilumionate-ajbhadqlvcajfnbqievdybmttsdl/Build/Products/Debug-iphoneos -iframework /Applications/Xcode\ 26.3\ Beta.app/Contents/Developer/Platforms/iPhoneOS.platform/Developer/Library/Frameworks -iframework /Applications/Xcode\ 26.3\ Beta.app/Contents/Developer/Platforms/iPhoneOS.platform/Developer/SDKs/iPhoneOS26.2.sdk/Developer/Library/Frameworks -filelist /Users/byronquine/Library/Developer/Xcode/DerivedData/Ilumionate-ajbhadqlvcajfnbqievdybmttsdl/Build/Intermediates.noindex/yyjson.build/Debug-iphoneos/yyjson.build/Objects-normal/arm64/yyjson.LinkFileList -nostdlib -Xlinker -object_path_lto -Xlinker /Users/byronquine/Library/Developer/Xcode/DerivedData/Ilumionate-ajbhadqlvcajfnbqievdybmttsdl/Build/Intermediates.noindex/yyjson.build/Debug-iphoneos/yyjson.build/Objects-normal/arm64/yyjson_lto.o -rdynamic -Xlinker -no_deduplicate -Xlinker -debug_variant -Xlinker -dependency_info -Xlinker /Users/byronquine/Library/Developer/Xcode/DerivedData/Ilumionate-ajbhadqlvcajfnbqievdybmttsdl/Build/Intermediates.noindex/yyjson.build/Debug-iphoneos/yyjson.build/Objects-normal/arm64/yyjson_dependency_info.dat -o /Users/byronquine/Library/Developer/Xcode/DerivedData/Ilumionate-ajbhadqlvcajfnbqievdybmttsdl/Build/Products/Debug-iphoneos/yyjson.o

SwiftDriverJobDiscovery normal arm64 Compiling Utilities.swift (in target 'Jinja' from project 'Jinja')

SwiftCompile normal arm64 Compiling\ PropertyMembers.swift /Users/byronquine/Library/Developer/Xcode/DerivedData/Ilumionate-ajbhadqlvcajfnbqievdybmttsdl/SourcePackages/checkouts/swift-jinja/Sources/Jinja/PropertyMembers.swift (in target 'Jinja' from project 'Jinja')

SwiftCompile normal arm64 /Users/byronquine/Library/Developer/Xcode/DerivedData/Ilumionate-ajbhadqlvcajfnbqievdybmttsdl/SourcePackages/checkouts/swift-jinja/Sources/Jinja/PropertyMembers.swift (in target 'Jinja' from project 'Jinja')
    cd /Users/byronquine/Documents/Programing/Swift/Practice/Ilumionate/Ilumionate.xcodeproj
    

SwiftDriverJobDiscovery normal arm64 Compiling Template.swift (in target 'Jinja' from project 'Jinja')

RegisterExecutionPolicyException /Users/byronquine/Library/Developer/Xcode/DerivedData/Ilumionate-ajbhadqlvcajfnbqievdybmttsdl/Build/Products/Debug-iphoneos/yyjson.o (in target 'yyjson' from project 'yyjson')
    cd /Users/byronquine/Library/Developer/Xcode/DerivedData/Ilumionate-ajbhadqlvcajfnbqievdybmttsdl/SourcePackages/checkouts/yyjson
    builtin-RegisterExecutionPolicyException /Users/byronquine/Library/Developer/Xcode/DerivedData/Ilumionate-ajbhadqlvcajfnbqievdybmttsdl/Build/Products/Debug-iphoneos/yyjson.o

RegisterExecutionPolicyException /Users/byronquine/Library/Developer/Xcode/DerivedData/Ilumionate-ajbhadqlvcajfnbqievdybmttsdl/Build/Products/Debug-iphoneos/OrderedCollections.o (in target 'OrderedCollections' from project 'swift-collections')
    cd /Users/byronquine/Library/Developer/Xcode/DerivedData/Ilumionate-ajbhadqlvcajfnbqievdybmttsdl/SourcePackages/checkouts/swift-collections
    builtin-RegisterExecutionPolicyException /Users/byronquine/Library/Developer/Xcode/DerivedData/Ilumionate-ajbhadqlvcajfnbqievdybmttsdl/Build/Products/Debug-iphoneos/OrderedCollections.o

SwiftDriverJobDiscovery normal arm64 Emitting module for Jinja (in target 'Jinja' from project 'Jinja')

SwiftDriverJobDiscovery normal arm64 Compiling Tests.swift (in target 'Jinja' from project 'Jinja')

SwiftDriver\ Compilation\ Requirements Jinja normal arm64 com.apple.xcode.tools.swift.compiler (in target 'Jinja' from project 'Jinja')
    cd /Users/byronquine/Documents/Programing/Swift/Practice/Ilumionate/Ilumionate.xcodeproj
    builtin-Swift-Compilation-Requirements -- /Applications/Xcode\ 26.3\ Beta.app/Contents/Developer/Toolchains/XcodeDefault.xctoolchain/usr/bin/swiftc -module-name Jinja -Onone -enforce-exclusivity\=checked @/Users/byronquine/Library/Developer/Xcode/DerivedData/Ilumionate-ajbhadqlvcajfnbqievdybmttsdl/Build/Intermediates.noindex/Jinja.build/Debug-iphoneos/Jinja.build/Objects-normal/arm64/Jinja.SwiftFileList -DSWIFT_PACKAGE -DDEBUG -DSWIFT_MODULE_RESOURCE_BUNDLE_UNAVAILABLE -DXcode -plugin-path /Applications/Xcode\ 26.3\ Beta.app/Contents/Developer/Toolchains/XcodeDefault.xctoolchain/usr/lib/swift/host/plugins/testing -enable-experimental-feature DebugDescriptionMacro -sdk /Applications/Xcode\ 26.3\ Beta.app/Contents/Developer/Platforms/iPhoneOS.platform/Developer/SDKs/iPhoneOS26.2.sdk -target arm64-apple-ios16.0 -g -module-cache-path /Users/byronquine/Library/Developer/Xcode/DerivedData/ModuleCache.noindex -Xfrontend -serialize-debugging-options -profile-coverage-mapping -profile-generate -enable-testing -suppress-warnings -index-store-path /Users/byronquine/Library/Developer/Xcode/DerivedData/Ilumionate-ajbhadqlvcajfnbqievdybmttsdl/Index.noindex/DataStore -Xcc -D_LIBCPP_HARDENING_MODE\=_LIBCPP_HARDENING_MODE_DEBUG -swift-version 6 -I /Users/byronquine/Library/Developer/Xcode/DerivedData/Ilumionate-ajbhadqlvcajfnbqievdybmttsdl/Build/Products/Debug-iphoneos -Isystem /Applications/Xcode\ 26.3\ Beta.app/Contents/Developer/Platforms/iPhoneOS.platform/Developer/usr/lib -F /Users/byronquine/Library/Developer/Xcode/DerivedData/Ilumionate-ajbhadqlvcajfnbqievdybmttsdl/Build/Products/Debug-iphoneos/PackageFrameworks -F /Users/byronquine/Library/Developer/Xcode/DerivedData/Ilumionate-ajbhadqlvcajfnbqievdybmttsdl/Build/Products/Debug-iphoneos/PackageFrameworks -F /Users/byronquine/Library/Developer/Xcode/DerivedData/Ilumionate-ajbhadqlvcajfnbqievdybmttsdl/Build/Products/Debug-iphoneos -F /Applications/Xcode\ 26.3\ Beta.app/Contents/Developer/Platforms/iPhoneOS.platform/Developer/Library/Frameworks -F /Applications/Xcode\ 26.3\ Beta.app/Contents/Developer/Platforms/iPhoneOS.platform/Developer/SDKs/iPhoneOS26.2.sdk/Developer/Library/Frameworks -c -j10 -enable-batch-mode -incremental -Xcc -ivfsstatcache -Xcc /Users/byronquine/Library/Developer/Xcode/DerivedData/SDKStatCaches.noindex/iphoneos26.2-23C57-e8867d0c40613ffc63e0238af232dc50d4d6ee3f8374c9c9b8dccfd0b4476fca.sdkstatcache -output-file-map /Users/byronquine/Library/Developer/Xcode/DerivedData/Ilumionate-ajbhadqlvcajfnbqievdybmttsdl/Build/Intermediates.noindex/Jinja.build/Debug-iphoneos/Jinja.build/Objects-normal/arm64/Jinja-OutputFileMap.json -use-frontend-parseable-output -save-temps -no-color-diagnostics -explicit-module-build -module-cache-path /Users/byronquine/Library/Developer/Xcode/DerivedData/Ilumionate-ajbhadqlvcajfnbqievdybmttsdl/Build/Intermediates.noindex/SwiftExplicitPrecompiledModules -clang-scanner-module-cache-path /Users/byronquine/Library/Developer/Xcode/DerivedData/ModuleCache.noindex -sdk-module-cache-path /Users/byronquine/Library/Developer/Xcode/DerivedData/ModuleCache.noindex -serialize-diagnostics -emit-dependencies -emit-module -emit-module-path /Users/byronquine/Library/Developer/Xcode/DerivedData/Ilumionate-ajbhadqlvcajfnbqievdybmttsdl/Build/Intermediates.noindex/Jinja.build/Debug-iphoneos/Jinja.build/Objects-normal/arm64/Jinja.swiftmodule -user-module-version 2.3.2 -validate-clang-modules-once -clang-build-session-file /Users/byronquine/Library/Developer/Xcode/DerivedData/ModuleCache.noindex/Session.modulevalidation -package-name swift_jinja -Xcc -I/Users/byronquine/Library/Developer/Xcode/DerivedData/Ilumionate-ajbhadqlvcajfnbqievdybmttsdl/Build/Intermediates.noindex/Jinja.build/Debug-iphoneos/Jinja.build/swift-overrides.hmap -emit-const-values -Xfrontend -const-gather-protocols-file -Xfrontend /Users/byronquine/Library/Developer/Xcode/DerivedData/Ilumionate-ajbhadqlvcajfnbqievdybmttsdl/Build/Intermediates.noindex/Jinja.build/Debug-iphoneos/Jinja.build/Objects-normal/arm64/Jinja_const_extract_protocols.json -Xcc -I/Users/byronquine/Library/Developer/Xcode/DerivedData/Ilumionate-ajbhadqlvcajfnbqievdybmttsdl/Build/Products/Debug-iphoneos/include -Xcc -I/Users/byronquine/Library/Developer/Xcode/DerivedData/Ilumionate-ajbhadqlvcajfnbqievdybmttsdl/Build/Intermediates.noindex/Jinja.build/Debug-iphoneos/Jinja.build/DerivedSources-normal/arm64 -Xcc -I/Users/byronquine/Library/Developer/Xcode/DerivedData/Ilumionate-ajbhadqlvcajfnbqievdybmttsdl/Build/Intermediates.noindex/Jinja.build/Debug-iphoneos/Jinja.build/DerivedSources/arm64 -Xcc -I/Users/byronquine/Library/Developer/Xcode/DerivedData/Ilumionate-ajbhadqlvcajfnbqievdybmttsdl/Build/Intermediates.noindex/Jinja.build/Debug-iphoneos/Jinja.build/DerivedSources -Xcc -DSWIFT_PACKAGE -Xcc -DDEBUG\=1 -emit-objc-header -emit-objc-header-path /Users/byronquine/Library/Developer/Xcode/DerivedData/Ilumionate-ajbhadqlvcajfnbqievdybmttsdl/Build/Intermediates.noindex/Jinja.build/Debug-iphoneos/Jinja.build/Objects-normal/arm64/Jinja-Swift.h -working-directory /Users/byronquine/Documents/Programing/Swift/Practice/Ilumionate/Ilumionate.xcodeproj -experimental-emit-module-separately -disable-cmo

SwiftMergeGeneratedHeaders /Users/byronquine/Library/Developer/Xcode/DerivedData/Ilumionate-ajbhadqlvcajfnbqievdybmttsdl/Build/Intermediates.noindex/GeneratedModuleMaps-iphoneos/Jinja-Swift.h /Users/byronquine/Library/Developer/Xcode/DerivedData/Ilumionate-ajbhadqlvcajfnbqievdybmttsdl/Build/Intermediates.noindex/Jinja.build/Debug-iphoneos/Jinja.build/Objects-normal/arm64/Jinja-Swift.h (in target 'Jinja' from project 'Jinja')
    cd /Users/byronquine/Library/Developer/Xcode/DerivedData/Ilumionate-ajbhadqlvcajfnbqievdybmttsdl/SourcePackages/checkouts/swift-jinja
    builtin-swiftHeaderTool -arch arm64 /Users/byronquine/Library/Developer/Xcode/DerivedData/Ilumionate-ajbhadqlvcajfnbqievdybmttsdl/Build/Intermediates.noindex/Jinja.build/Debug-iphoneos/Jinja.build/Objects-normal/arm64/Jinja-Swift.h -o /Users/byronquine/Library/Developer/Xcode/DerivedData/Ilumionate-ajbhadqlvcajfnbqievdybmttsdl/Build/Intermediates.noindex/GeneratedModuleMaps-iphoneos/Jinja-Swift.h

Copy /Users/byronquine/Library/Developer/Xcode/DerivedData/Ilumionate-ajbhadqlvcajfnbqievdybmttsdl/Build/Products/Debug-iphoneos/Jinja.swiftmodule/arm64-apple-ios.swiftmodule /Users/byronquine/Library/Developer/Xcode/DerivedData/Ilumionate-ajbhadqlvcajfnbqievdybmttsdl/Build/Intermediates.noindex/Jinja.build/Debug-iphoneos/Jinja.build/Objects-normal/arm64/Jinja.swiftmodule (in target 'Jinja' from project 'Jinja')
    cd /Users/byronquine/Library/Developer/Xcode/DerivedData/Ilumionate-ajbhadqlvcajfnbqievdybmttsdl/SourcePackages/checkouts/swift-jinja
    builtin-copy -exclude .DS_Store -exclude CVS -exclude .svn -exclude .git -exclude .hg -resolve-src-symlinks -rename /Users/byronquine/Library/Developer/Xcode/DerivedData/Ilumionate-ajbhadqlvcajfnbqievdybmttsdl/Build/Intermediates.noindex/Jinja.build/Debug-iphoneos/Jinja.build/Objects-normal/arm64/Jinja.swiftmodule /Users/byronquine/Library/Developer/Xcode/DerivedData/Ilumionate-ajbhadqlvcajfnbqievdybmttsdl/Build/Products/Debug-iphoneos/Jinja.swiftmodule/arm64-apple-ios.swiftmodule

Copy /Users/byronquine/Library/Developer/Xcode/DerivedData/Ilumionate-ajbhadqlvcajfnbqievdybmttsdl/Build/Products/Debug-iphoneos/Jinja.swiftmodule/arm64-apple-ios.swiftdoc /Users/byronquine/Library/Developer/Xcode/DerivedData/Ilumionate-ajbhadqlvcajfnbqievdybmttsdl/Build/Intermediates.noindex/Jinja.build/Debug-iphoneos/Jinja.build/Objects-normal/arm64/Jinja.swiftdoc (in target 'Jinja' from project 'Jinja')
    cd /Users/byronquine/Library/Developer/Xcode/DerivedData/Ilumionate-ajbhadqlvcajfnbqievdybmttsdl/SourcePackages/checkouts/swift-jinja
    builtin-copy -exclude .DS_Store -exclude CVS -exclude .svn -exclude .git -exclude .hg -resolve-src-symlinks -rename /Users/byronquine/Library/Developer/Xcode/DerivedData/Ilumionate-ajbhadqlvcajfnbqievdybmttsdl/Build/Intermediates.noindex/Jinja.build/Debug-iphoneos/Jinja.build/Objects-normal/arm64/Jinja.swiftdoc /Users/byronquine/Library/Developer/Xcode/DerivedData/Ilumionate-ajbhadqlvcajfnbqievdybmttsdl/Build/Products/Debug-iphoneos/Jinja.swiftmodule/arm64-apple-ios.swiftdoc

Copy /Users/byronquine/Library/Developer/Xcode/DerivedData/Ilumionate-ajbhadqlvcajfnbqievdybmttsdl/Build/Products/Debug-iphoneos/Jinja.swiftmodule/arm64-apple-ios.abi.json /Users/byronquine/Library/Developer/Xcode/DerivedData/Ilumionate-ajbhadqlvcajfnbqievdybmttsdl/Build/Intermediates.noindex/Jinja.build/Debug-iphoneos/Jinja.build/Objects-normal/arm64/Jinja.abi.json (in target 'Jinja' from project 'Jinja')
    cd /Users/byronquine/Library/Developer/Xcode/DerivedData/Ilumionate-ajbhadqlvcajfnbqievdybmttsdl/SourcePackages/checkouts/swift-jinja
    builtin-copy -exclude .DS_Store -exclude CVS -exclude .svn -exclude .git -exclude .hg -resolve-src-symlinks -rename /Users/byronquine/Library/Developer/Xcode/DerivedData/Ilumionate-ajbhadqlvcajfnbqievdybmttsdl/Build/Intermediates.noindex/Jinja.build/Debug-iphoneos/Jinja.build/Objects-normal/arm64/Jinja.abi.json /Users/byronquine/Library/Developer/Xcode/DerivedData/Ilumionate-ajbhadqlvcajfnbqievdybmttsdl/Build/Products/Debug-iphoneos/Jinja.swiftmodule/arm64-apple-ios.abi.json

Copy /Users/byronquine/Library/Developer/Xcode/DerivedData/Ilumionate-ajbhadqlvcajfnbqievdybmttsdl/Build/Products/Debug-iphoneos/Jinja.swiftmodule/Project/arm64-apple-ios.swiftsourceinfo /Users/byronquine/Library/Developer/Xcode/DerivedData/Ilumionate-ajbhadqlvcajfnbqievdybmttsdl/Build/Intermediates.noindex/Jinja.build/Debug-iphoneos/Jinja.build/Objects-normal/arm64/Jinja.swiftsourceinfo (in target 'Jinja' from project 'Jinja')
    cd /Users/byronquine/Library/Developer/Xcode/DerivedData/Ilumionate-ajbhadqlvcajfnbqievdybmttsdl/SourcePackages/checkouts/swift-jinja
    builtin-copy -exclude .DS_Store -exclude CVS -exclude .svn -exclude .git -exclude .hg -resolve-src-symlinks -rename /Users/byronquine/Library/Developer/Xcode/DerivedData/Ilumionate-ajbhadqlvcajfnbqievdybmttsdl/Build/Intermediates.noindex/Jinja.build/Debug-iphoneos/Jinja.build/Objects-normal/arm64/Jinja.swiftsourceinfo /Users/byronquine/Library/Developer/Xcode/DerivedData/Ilumionate-ajbhadqlvcajfnbqievdybmttsdl/Build/Products/Debug-iphoneos/Jinja.swiftmodule/Project/arm64-apple-ios.swiftsourceinfo

SwiftDriver Hub normal arm64 com.apple.xcode.tools.swift.compiler (in target 'Hub' from project 'swift-transformers')
    cd /Users/byronquine/Documents/Programing/Swift/Practice/Ilumionate/Ilumionate.xcodeproj
    builtin-SwiftDriver -- /Applications/Xcode\ 26.3\ Beta.app/Contents/Developer/Toolchains/XcodeDefault.xctoolchain/usr/bin/swiftc -module-name Hub -Onone -enforce-exclusivity\=checked @/Users/byronquine/Library/Developer/Xcode/DerivedData/Ilumionate-ajbhadqlvcajfnbqievdybmttsdl/Build/Intermediates.noindex/swift-transformers.build/Debug-iphoneos/Hub.build/Objects-normal/arm64/Hub.SwiftFileList -DSWIFT_PACKAGE -DDEBUG -DSWIFT_MODULE_RESOURCE_BUNDLE_AVAILABLE -Xcc -fmodule-map-file\=/Users/byronquine/Library/Developer/Xcode/DerivedData/Ilumionate-ajbhadqlvcajfnbqievdybmttsdl/Build/Intermediates.noindex/GeneratedModuleMaps-iphoneos/yyjson.modulemap -DXcode -enable-experimental-feature StrictConcurrency -plugin-path /Applications/Xcode\ 26.3\ Beta.app/Contents/Developer/Toolchains/XcodeDefault.xctoolchain/usr/lib/swift/host/plugins/testing -enable-experimental-feature DebugDescriptionMacro -sdk /Applications/Xcode\ 26.3\ Beta.app/Contents/Developer/Platforms/iPhoneOS.platform/Developer/SDKs/iPhoneOS26.2.sdk -target arm64-apple-ios16.0 -g -module-cache-path /Users/byronquine/Library/Developer/Xcode/DerivedData/ModuleCache.noindex -Xfrontend -serialize-debugging-options -profile-coverage-mapping -profile-generate -enable-testing -suppress-warnings -index-store-path /Users/byronquine/Library/Developer/Xcode/DerivedData/Ilumionate-ajbhadqlvcajfnbqievdybmttsdl/Index.noindex/DataStore -Xcc -D_LIBCPP_HARDENING_MODE\=_LIBCPP_HARDENING_MODE_DEBUG -swift-version 5 -I /Users/byronquine/Library/Developer/Xcode/DerivedData/Ilumionate-ajbhadqlvcajfnbqievdybmttsdl/Build/Products/Debug-iphoneos -Isystem /Applications/Xcode\ 26.3\ Beta.app/Contents/Developer/Platforms/iPhoneOS.platform/Developer/usr/lib -F /Users/byronquine/Library/Developer/Xcode/DerivedData/Ilumionate-ajbhadqlvcajfnbqievdybmttsdl/Build/Products/Debug-iphoneos/PackageFrameworks -F /Users/byronquine/Library/Developer/Xcode/DerivedData/Ilumionate-ajbhadqlvcajfnbqievdybmttsdl/Build/Products/Debug-iphoneos/PackageFrameworks -F /Users/byronquine/Library/Developer/Xcode/DerivedData/Ilumionate-ajbhadqlvcajfnbqievdybmttsdl/Build/Products/Debug-iphoneos/PackageFrameworks -F /Users/byronquine/Library/Developer/Xcode/DerivedData/Ilumionate-ajbhadqlvcajfnbqievdybmttsdl/Build/Products/Debug-iphoneos/PackageFrameworks -F /Users/byronquine/Library/Developer/Xcode/DerivedData/Ilumionate-ajbhadqlvcajfnbqievdybmttsdl/Build/Products/Debug-iphoneos/PackageFrameworks -F /Users/byronquine/Library/Developer/Xcode/DerivedData/Ilumionate-ajbhadqlvcajfnbqievdybmttsdl/Build/Products/Debug-iphoneos -F /Applications/Xcode\ 26.3\ Beta.app/Contents/Developer/Platforms/iPhoneOS.platform/Developer/Library/Frameworks -F /Applications/Xcode\ 26.3\ Beta.app/Contents/Developer/Platforms/iPhoneOS.platform/Developer/SDKs/iPhoneOS26.2.sdk/Developer/Library/Frameworks -c -j10 -enable-batch-mode -incremental -Xcc -ivfsstatcache -Xcc /Users/byronquine/Library/Developer/Xcode/DerivedData/SDKStatCaches.noindex/iphoneos26.2-23C57-e8867d0c40613ffc63e0238af232dc50d4d6ee3f8374c9c9b8dccfd0b4476fca.sdkstatcache -output-file-map /Users/byronquine/Library/Developer/Xcode/DerivedData/Ilumionate-ajbhadqlvcajfnbqievdybmttsdl/Build/Intermediates.noindex/swift-transformers.build/Debug-iphoneos/Hub.build/Objects-normal/arm64/Hub-OutputFileMap.json -use-frontend-parseable-output -save-temps -no-color-diagnostics -explicit-module-build -module-cache-path /Users/byronquine/Library/Developer/Xcode/DerivedData/Ilumionate-ajbhadqlvcajfnbqievdybmttsdl/Build/Intermediates.noindex/SwiftExplicitPrecompiledModules -clang-scanner-module-cache-path /Users/byronquine/Library/Developer/Xcode/DerivedData/ModuleCache.noindex -sdk-module-cache-path /Users/byronquine/Library/Developer/Xcode/DerivedData/ModuleCache.noindex -serialize-diagnostics -emit-dependencies -emit-module -emit-module-path /Users/byronquine/Library/Developer/Xcode/DerivedData/Ilumionate-ajbhadqlvcajfnbqievdybmttsdl/Build/Intermediates.noindex/swift-transformers.build/Debug-iphoneos/Hub.build/Objects-normal/arm64/Hub.swiftmodule -validate-clang-modules-once -clang-build-session-file /Users/byronquine/Library/Developer/Xcode/DerivedData/ModuleCache.noindex/Session.modulevalidation -package-name swift_transformers -Xcc -I/Users/byronquine/Library/Developer/Xcode/DerivedData/Ilumionate-ajbhadqlvcajfnbqievdybmttsdl/Build/Intermediates.noindex/swift-transformers.build/Debug-iphoneos/Hub.build/swift-overrides.hmap -emit-const-values -Xfrontend -const-gather-protocols-file -Xfrontend /Users/byronquine/Library/Developer/Xcode/DerivedData/Ilumionate-ajbhadqlvcajfnbqievdybmttsdl/Build/Intermediates.noindex/swift-transformers.build/Debug-iphoneos/Hub.build/Objects-normal/arm64/Hub_const_extract_protocols.json -Xcc -I/Users/byronquine/Library/Developer/Xcode/DerivedData/Ilumionate-ajbhadqlvcajfnbqievdybmttsdl/SourcePackages/checkouts/yyjson/src -Xcc -I/Users/byronquine/Library/Developer/Xcode/DerivedData/Ilumionate-ajbhadqlvcajfnbqievdybmttsdl/Build/Products/Debug-iphoneos/include -Xcc -I/Users/byronquine/Library/Developer/Xcode/DerivedData/Ilumionate-ajbhadqlvcajfnbqievdybmttsdl/Build/Intermediates.noindex/swift-transformers.build/Debug-iphoneos/Hub.build/DerivedSources-normal/arm64 -Xcc -I/Users/byronquine/Library/Developer/Xcode/DerivedData/Ilumionate-ajbhadqlvcajfnbqievdybmttsdl/Build/Intermediates.noindex/swift-transformers.build/Debug-iphoneos/Hub.build/DerivedSources/arm64 -Xcc -I/Users/byronquine/Library/Developer/Xcode/DerivedData/Ilumionate-ajbhadqlvcajfnbqievdybmttsdl/Build/Intermediates.noindex/swift-transformers.build/Debug-iphoneos/Hub.build/DerivedSources -Xcc -DSWIFT_PACKAGE -Xcc -DDEBUG\=1 -emit-objc-header -emit-objc-header-path /Users/byronquine/Library/Developer/Xcode/DerivedData/Ilumionate-ajbhadqlvcajfnbqievdybmttsdl/Build/Intermediates.noindex/swift-transformers.build/Debug-iphoneos/Hub.build/Objects-normal/arm64/Hub-Swift.h -working-directory /Users/byronquine/Documents/Programing/Swift/Practice/Ilumionate/Ilumionate.xcodeproj -experimental-emit-module-separately -disable-cmo

SwiftDriverJobDiscovery normal arm64 Compiling Value.swift (in target 'Jinja' from project 'Jinja')

SwiftDriverJobDiscovery normal arm64 Compiling PropertyMembers.swift (in target 'Jinja' from project 'Jinja')

SwiftDriverJobDiscovery normal arm64 Compiling Token.swift (in target 'Jinja' from project 'Jinja')

SwiftExplicitDependencyGeneratePcm arm64 /Users/byronquine/Library/Developer/Xcode/DerivedData/Ilumionate-ajbhadqlvcajfnbqievdybmttsdl/Build/Intermediates.noindex/SwiftExplicitPrecompiledModules/yyjson-10YS2C18TWK4QC8I6H7KSSIHH.pcm

SwiftDriverJobDiscovery normal arm64 Compiling Macro.swift, Parser.swift (in target 'Jinja' from project 'Jinja')

SwiftDriverJobDiscovery normal arm64 Compiling Interpreter.swift, Lexer.swift (in target 'Jinja' from project 'Jinja')

SwiftCompile normal arm64 Compiling\ HubApi.swift /Users/byronquine/Library/Developer/Xcode/DerivedData/Ilumionate-ajbhadqlvcajfnbqievdybmttsdl/SourcePackages/checkouts/swift-transformers/Sources/Hub/HubApi.swift (in target 'Hub' from project 'swift-transformers')
SwiftCompile normal arm64 /Users/byronquine/Library/Developer/Xcode/DerivedData/Ilumionate-ajbhadqlvcajfnbqievdybmttsdl/SourcePackages/checkouts/swift-transformers/Sources/Hub/HubApi.swift (in target 'Hub' from project 'swift-transformers')
    cd /Users/byronquine/Documents/Programing/Swift/Practice/Ilumionate/Ilumionate.xcodeproj
    

SwiftEmitModule normal arm64 Emitting\ module\ for\ Hub (in target 'Hub' from project 'swift-transformers')

EmitSwiftModule normal arm64 (in target 'Hub' from project 'swift-transformers')
    cd /Users/byronquine/Documents/Programing/Swift/Practice/Ilumionate/Ilumionate.xcodeproj
    

SwiftCompile normal arm64 Compiling\ Config.swift /Users/byronquine/Library/Developer/Xcode/DerivedData/Ilumionate-ajbhadqlvcajfnbqievdybmttsdl/SourcePackages/checkouts/swift-transformers/Sources/Hub/Config.swift (in target 'Hub' from project 'swift-transformers')

SwiftCompile normal arm64 /Users/byronquine/Library/Developer/Xcode/DerivedData/Ilumionate-ajbhadqlvcajfnbqievdybmttsdl/SourcePackages/checkouts/swift-transformers/Sources/Hub/Config.swift (in target 'Hub' from project 'swift-transformers')
    cd /Users/byronquine/Documents/Programing/Swift/Practice/Ilumionate/Ilumionate.xcodeproj
    

SwiftCompile normal arm64 Compiling\ YYJSONParser.swift /Users/byronquine/Library/Developer/Xcode/DerivedData/Ilumionate-ajbhadqlvcajfnbqievdybmttsdl/SourcePackages/checkouts/swift-transformers/Sources/Hub/YYJSONParser.swift (in target 'Hub' from project 'swift-transformers')

SwiftCompile normal arm64 /Users/byronquine/Library/Developer/Xcode/DerivedData/Ilumionate-ajbhadqlvcajfnbqievdybmttsdl/SourcePackages/checkouts/swift-transformers/Sources/Hub/YYJSONParser.swift (in target 'Hub' from project 'swift-transformers')
    cd /Users/byronquine/Documents/Programing/Swift/Practice/Ilumionate/Ilumionate.xcodeproj
    

SwiftCompile normal arm64 Compiling\ BinaryDistinct.swift /Users/byronquine/Library/Developer/Xcode/DerivedData/Ilumionate-ajbhadqlvcajfnbqievdybmttsdl/SourcePackages/checkouts/swift-transformers/Sources/Hub/BinaryDistinct.swift (in target 'Hub' from project 'swift-transformers')

SwiftCompile normal arm64 /Users/byronquine/Library/Developer/Xcode/DerivedData/Ilumionate-ajbhadqlvcajfnbqievdybmttsdl/SourcePackages/checkouts/swift-transformers/Sources/Hub/BinaryDistinct.swift (in target 'Hub' from project 'swift-transformers')
    cd /Users/byronquine/Documents/Programing/Swift/Practice/Ilumionate/Ilumionate.xcodeproj
    

SwiftCompile normal arm64 Compiling\ resource_bundle_accessor.swift /Users/byronquine/Library/Developer/Xcode/DerivedData/Ilumionate-ajbhadqlvcajfnbqievdybmttsdl/Build/Intermediates.noindex/swift-transformers.build/Debug-iphoneos/Hub.build/DerivedSources/resource_bundle_accessor.swift (in target 'Hub' from project 'swift-transformers')

SwiftCompile normal arm64 /Users/byronquine/Library/Developer/Xcode/DerivedData/Ilumionate-ajbhadqlvcajfnbqievdybmttsdl/Build/Intermediates.noindex/swift-transformers.build/Debug-iphoneos/Hub.build/DerivedSources/resource_bundle_accessor.swift (in target 'Hub' from project 'swift-transformers')
    cd /Users/byronquine/Documents/Programing/Swift/Practice/Ilumionate/Ilumionate.xcodeproj
    

SwiftCompile normal arm64 Compiling\ Downloader.swift /Users/byronquine/Library/Developer/Xcode/DerivedData/Ilumionate-ajbhadqlvcajfnbqievdybmttsdl/SourcePackages/checkouts/swift-transformers/Sources/Hub/Downloader.swift (in target 'Hub' from project 'swift-transformers')

SwiftCompile normal arm64 /Users/byronquine/Library/Developer/Xcode/DerivedData/Ilumionate-ajbhadqlvcajfnbqievdybmttsdl/SourcePackages/checkouts/swift-transformers/Sources/Hub/Downloader.swift (in target 'Hub' from project 'swift-transformers')
    cd /Users/byronquine/Documents/Programing/Swift/Practice/Ilumionate/Ilumionate.xcodeproj
    

SwiftCompile normal arm64 Compiling\ Hub.swift /Users/byronquine/Library/Developer/Xcode/DerivedData/Ilumionate-ajbhadqlvcajfnbqievdybmttsdl/SourcePackages/checkouts/swift-transformers/Sources/Hub/Hub.swift (in target 'Hub' from project 'swift-transformers')

SwiftCompile normal arm64 /Users/byronquine/Library/Developer/Xcode/DerivedData/Ilumionate-ajbhadqlvcajfnbqievdybmttsdl/SourcePackages/checkouts/swift-transformers/Sources/Hub/Hub.swift (in target 'Hub' from project 'swift-transformers')
    cd /Users/byronquine/Documents/Programing/Swift/Practice/Ilumionate/Ilumionate.xcodeproj
    

SwiftDriverJobDiscovery normal arm64 Compiling resource_bundle_accessor.swift (in target 'Hub' from project 'swift-transformers')

SwiftDriverJobDiscovery normal arm64 Emitting module for Hub (in target 'Hub' from project 'swift-transformers')

SwiftDriver\ Compilation\ Requirements Hub normal arm64 com.apple.xcode.tools.swift.compiler (in target 'Hub' from project 'swift-transformers')
    cd /Users/byronquine/Documents/Programing/Swift/Practice/Ilumionate/Ilumionate.xcodeproj
    builtin-Swift-Compilation-Requirements -- /Applications/Xcode\ 26.3\ Beta.app/Contents/Developer/Toolchains/XcodeDefault.xctoolchain/usr/bin/swiftc -module-name Hub -Onone -enforce-exclusivity\=checked @/Users/byronquine/Library/Developer/Xcode/DerivedData/Ilumionate-ajbhadqlvcajfnbqievdybmttsdl/Build/Intermediates.noindex/swift-transformers.build/Debug-iphoneos/Hub.build/Objects-normal/arm64/Hub.SwiftFileList -DSWIFT_PACKAGE -DDEBUG -DSWIFT_MODULE_RESOURCE_BUNDLE_AVAILABLE -Xcc -fmodule-map-file\=/Users/byronquine/Library/Developer/Xcode/DerivedData/Ilumionate-ajbhadqlvcajfnbqievdybmttsdl/Build/Intermediates.noindex/GeneratedModuleMaps-iphoneos/yyjson.modulemap -DXcode -enable-experimental-feature StrictConcurrency -plugin-path /Applications/Xcode\ 26.3\ Beta.app/Contents/Developer/Toolchains/XcodeDefault.xctoolchain/usr/lib/swift/host/plugins/testing -enable-experimental-feature DebugDescriptionMacro -sdk /Applications/Xcode\ 26.3\ Beta.app/Contents/Developer/Platforms/iPhoneOS.platform/Developer/SDKs/iPhoneOS26.2.sdk -target arm64-apple-ios16.0 -g -module-cache-path /Users/byronquine/Library/Developer/Xcode/DerivedData/ModuleCache.noindex -Xfrontend -serialize-debugging-options -profile-coverage-mapping -profile-generate -enable-testing -suppress-warnings -index-store-path /Users/byronquine/Library/Developer/Xcode/DerivedData/Ilumionate-ajbhadqlvcajfnbqievdybmttsdl/Index.noindex/DataStore -Xcc -D_LIBCPP_HARDENING_MODE\=_LIBCPP_HARDENING_MODE_DEBUG -swift-version 5 -I /Users/byronquine/Library/Developer/Xcode/DerivedData/Ilumionate-ajbhadqlvcajfnbqievdybmttsdl/Build/Products/Debug-iphoneos -Isystem /Applications/Xcode\ 26.3\ Beta.app/Contents/Developer/Platforms/iPhoneOS.platform/Developer/usr/lib -F /Users/byronquine/Library/Developer/Xcode/DerivedData/Ilumionate-ajbhadqlvcajfnbqievdybmttsdl/Build/Products/Debug-iphoneos/PackageFrameworks -F /Users/byronquine/Library/Developer/Xcode/DerivedData/Ilumionate-ajbhadqlvcajfnbqievdybmttsdl/Build/Products/Debug-iphoneos/PackageFrameworks -F /Users/byronquine/Library/Developer/Xcode/DerivedData/Ilumionate-ajbhadqlvcajfnbqievdybmttsdl/Build/Products/Debug-iphoneos/PackageFrameworks -F /Users/byronquine/Library/Developer/Xcode/DerivedData/Ilumionate-ajbhadqlvcajfnbqievdybmttsdl/Build/Products/Debug-iphoneos/PackageFrameworks -F /Users/byronquine/Library/Developer/Xcode/DerivedData/Ilumionate-ajbhadqlvcajfnbqievdybmttsdl/Build/Products/Debug-iphoneos/PackageFrameworks -F /Users/byronquine/Library/Developer/Xcode/DerivedData/Ilumionate-ajbhadqlvcajfnbqievdybmttsdl/Build/Products/Debug-iphoneos -F /Applications/Xcode\ 26.3\ Beta.app/Contents/Developer/Platforms/iPhoneOS.platform/Developer/Library/Frameworks -F /Applications/Xcode\ 26.3\ Beta.app/Contents/Developer/Platforms/iPhoneOS.platform/Developer/SDKs/iPhoneOS26.2.sdk/Developer/Library/Frameworks -c -j10 -enable-batch-mode -incremental -Xcc -ivfsstatcache -Xcc /Users/byronquine/Library/Developer/Xcode/DerivedData/SDKStatCaches.noindex/iphoneos26.2-23C57-e8867d0c40613ffc63e0238af232dc50d4d6ee3f8374c9c9b8dccfd0b4476fca.sdkstatcache -output-file-map /Users/byronquine/Library/Developer/Xcode/DerivedData/Ilumionate-ajbhadqlvcajfnbqievdybmttsdl/Build/Intermediates.noindex/swift-transformers.build/Debug-iphoneos/Hub.build/Objects-normal/arm64/Hub-OutputFileMap.json -use-frontend-parseable-output -save-temps -no-color-diagnostics -explicit-module-build -module-cache-path /Users/byronquine/Library/Developer/Xcode/DerivedData/Ilumionate-ajbhadqlvcajfnbqievdybmttsdl/Build/Intermediates.noindex/SwiftExplicitPrecompiledModules -clang-scanner-module-cache-path /Users/byronquine/Library/Developer/Xcode/DerivedData/ModuleCache.noindex -sdk-module-cache-path /Users/byronquine/Library/Developer/Xcode/DerivedData/ModuleCache.noindex -serialize-diagnostics -emit-dependencies -emit-module -emit-module-path /Users/byronquine/Library/Developer/Xcode/DerivedData/Ilumionate-ajbhadqlvcajfnbqievdybmttsdl/Build/Intermediates.noindex/swift-transformers.build/Debug-iphoneos/Hub.build/Objects-normal/arm64/Hub.swiftmodule -validate-clang-modules-once -clang-build-session-file /Users/byronquine/Library/Developer/Xcode/DerivedData/ModuleCache.noindex/Session.modulevalidation -package-name swift_transformers -Xcc -I/Users/byronquine/Library/Developer/Xcode/DerivedData/Ilumionate-ajbhadqlvcajfnbqievdybmttsdl/Build/Intermediates.noindex/swift-transformers.build/Debug-iphoneos/Hub.build/swift-overrides.hmap -emit-const-values -Xfrontend -const-gather-protocols-file -Xfrontend /Users/byronquine/Library/Developer/Xcode/DerivedData/Ilumionate-ajbhadqlvcajfnbqievdybmttsdl/Build/Intermediates.noindex/swift-transformers.build/Debug-iphoneos/Hub.build/Objects-normal/arm64/Hub_const_extract_protocols.json -Xcc -I/Users/byronquine/Library/Developer/Xcode/DerivedData/Ilumionate-ajbhadqlvcajfnbqievdybmttsdl/SourcePackages/checkouts/yyjson/src -Xcc -I/Users/byronquine/Library/Developer/Xcode/DerivedData/Ilumionate-ajbhadqlvcajfnbqievdybmttsdl/Build/Products/Debug-iphoneos/include -Xcc -I/Users/byronquine/Library/Developer/Xcode/DerivedData/Ilumionate-ajbhadqlvcajfnbqievdybmttsdl/Build/Intermediates.noindex/swift-transformers.build/Debug-iphoneos/Hub.build/DerivedSources-normal/arm64 -Xcc -I/Users/byronquine/Library/Developer/Xcode/DerivedData/Ilumionate-ajbhadqlvcajfnbqievdybmttsdl/Build/Intermediates.noindex/swift-transformers.build/Debug-iphoneos/Hub.build/DerivedSources/arm64 -Xcc -I/Users/byronquine/Library/Developer/Xcode/DerivedData/Ilumionate-ajbhadqlvcajfnbqievdybmttsdl/Build/Intermediates.noindex/swift-transformers.build/Debug-iphoneos/Hub.build/DerivedSources -Xcc -DSWIFT_PACKAGE -Xcc -DDEBUG\=1 -emit-objc-header -emit-objc-header-path /Users/byronquine/Library/Developer/Xcode/DerivedData/Ilumionate-ajbhadqlvcajfnbqievdybmttsdl/Build/Intermediates.noindex/swift-transformers.build/Debug-iphoneos/Hub.build/Objects-normal/arm64/Hub-Swift.h -working-directory /Users/byronquine/Documents/Programing/Swift/Practice/Ilumionate/Ilumionate.xcodeproj -experimental-emit-module-separately -disable-cmo

Copy /Users/byronquine/Library/Developer/Xcode/DerivedData/Ilumionate-ajbhadqlvcajfnbqievdybmttsdl/Build/Products/Debug-iphoneos/Hub.swiftmodule/arm64-apple-ios.swiftmodule /Users/byronquine/Library/Developer/Xcode/DerivedData/Ilumionate-ajbhadqlvcajfnbqievdybmttsdl/Build/Intermediates.noindex/swift-transformers.build/Debug-iphoneos/Hub.build/Objects-normal/arm64/Hub.swiftmodule (in target 'Hub' from project 'swift-transformers')
    cd /Users/byronquine/Library/Developer/Xcode/DerivedData/Ilumionate-ajbhadqlvcajfnbqievdybmttsdl/SourcePackages/checkouts/swift-transformers
    builtin-copy -exclude .DS_Store -exclude CVS -exclude .svn -exclude .git -exclude .hg -resolve-src-symlinks -rename /Users/byronquine/Library/Developer/Xcode/DerivedData/Ilumionate-ajbhadqlvcajfnbqievdybmttsdl/Build/Intermediates.noindex/swift-transformers.build/Debug-iphoneos/Hub.build/Objects-normal/arm64/Hub.swiftmodule /Users/byronquine/Library/Developer/Xcode/DerivedData/Ilumionate-ajbhadqlvcajfnbqievdybmttsdl/Build/Products/Debug-iphoneos/Hub.swiftmodule/arm64-apple-ios.swiftmodule

SwiftMergeGeneratedHeaders /Users/byronquine/Library/Developer/Xcode/DerivedData/Ilumionate-ajbhadqlvcajfnbqievdybmttsdl/Build/Intermediates.noindex/GeneratedModuleMaps-iphoneos/Hub-Swift.h /Users/byronquine/Library/Developer/Xcode/DerivedData/Ilumionate-ajbhadqlvcajfnbqievdybmttsdl/Build/Intermediates.noindex/swift-transformers.build/Debug-iphoneos/Hub.build/Objects-normal/arm64/Hub-Swift.h (in target 'Hub' from project 'swift-transformers')
    cd /Users/byronquine/Library/Developer/Xcode/DerivedData/Ilumionate-ajbhadqlvcajfnbqievdybmttsdl/SourcePackages/checkouts/swift-transformers
    builtin-swiftHeaderTool -arch arm64 /Users/byronquine/Library/Developer/Xcode/DerivedData/Ilumionate-ajbhadqlvcajfnbqievdybmttsdl/Build/Intermediates.noindex/swift-transformers.build/Debug-iphoneos/Hub.build/Objects-normal/arm64/Hub-Swift.h -o /Users/byronquine/Library/Developer/Xcode/DerivedData/Ilumionate-ajbhadqlvcajfnbqievdybmttsdl/Build/Intermediates.noindex/GeneratedModuleMaps-iphoneos/Hub-Swift.h

Copy /Users/byronquine/Library/Developer/Xcode/DerivedData/Ilumionate-ajbhadqlvcajfnbqievdybmttsdl/Build/Products/Debug-iphoneos/Hub.swiftmodule/arm64-apple-ios.swiftdoc /Users/byronquine/Library/Developer/Xcode/DerivedData/Ilumionate-ajbhadqlvcajfnbqievdybmttsdl/Build/Intermediates.noindex/swift-transformers.build/Debug-iphoneos/Hub.build/Objects-normal/arm64/Hub.swiftdoc (in target 'Hub' from project 'swift-transformers')
    cd /Users/byronquine/Library/Developer/Xcode/DerivedData/Ilumionate-ajbhadqlvcajfnbqievdybmttsdl/SourcePackages/checkouts/swift-transformers
    builtin-copy -exclude .DS_Store -exclude CVS -exclude .svn -exclude .git -exclude .hg -resolve-src-symlinks -rename /Users/byronquine/Library/Developer/Xcode/DerivedData/Ilumionate-ajbhadqlvcajfnbqievdybmttsdl/Build/Intermediates.noindex/swift-transformers.build/Debug-iphoneos/Hub.build/Objects-normal/arm64/Hub.swiftdoc /Users/byronquine/Library/Developer/Xcode/DerivedData/Ilumionate-ajbhadqlvcajfnbqievdybmttsdl/Build/Products/Debug-iphoneos/Hub.swiftmodule/arm64-apple-ios.swiftdoc

Copy /Users/byronquine/Library/Developer/Xcode/DerivedData/Ilumionate-ajbhadqlvcajfnbqievdybmttsdl/Build/Products/Debug-iphoneos/Hub.swiftmodule/arm64-apple-ios.abi.json /Users/byronquine/Library/Developer/Xcode/DerivedData/Ilumionate-ajbhadqlvcajfnbqievdybmttsdl/Build/Intermediates.noindex/swift-transformers.build/Debug-iphoneos/Hub.build/Objects-normal/arm64/Hub.abi.json (in target 'Hub' from project 'swift-transformers')
    cd /Users/byronquine/Library/Developer/Xcode/DerivedData/Ilumionate-ajbhadqlvcajfnbqievdybmttsdl/SourcePackages/checkouts/swift-transformers
    builtin-copy -exclude .DS_Store -exclude CVS -exclude .svn -exclude .git -exclude .hg -resolve-src-symlinks -rename /Users/byronquine/Library/Developer/Xcode/DerivedData/Ilumionate-ajbhadqlvcajfnbqievdybmttsdl/Build/Intermediates.noindex/swift-transformers.build/Debug-iphoneos/Hub.build/Objects-normal/arm64/Hub.abi.json /Users/byronquine/Library/Developer/Xcode/DerivedData/Ilumionate-ajbhadqlvcajfnbqievdybmttsdl/Build/Products/Debug-iphoneos/Hub.swiftmodule/arm64-apple-ios.abi.json

Copy /Users/byronquine/Library/Developer/Xcode/DerivedData/Ilumionate-ajbhadqlvcajfnbqievdybmttsdl/Build/Products/Debug-iphoneos/Hub.swiftmodule/Project/arm64-apple-ios.swiftsourceinfo /Users/byronquine/Library/Developer/Xcode/DerivedData/Ilumionate-ajbhadqlvcajfnbqievdybmttsdl/Build/Intermediates.noindex/swift-transformers.build/Debug-iphoneos/Hub.build/Objects-normal/arm64/Hub.swiftsourceinfo (in target 'Hub' from project 'swift-transformers')
    cd /Users/byronquine/Library/Developer/Xcode/DerivedData/Ilumionate-ajbhadqlvcajfnbqievdybmttsdl/SourcePackages/checkouts/swift-transformers
    builtin-copy -exclude .DS_Store -exclude CVS -exclude .svn -exclude .git -exclude .hg -resolve-src-symlinks -rename /Users/byronquine/Library/Developer/Xcode/DerivedData/Ilumionate-ajbhadqlvcajfnbqievdybmttsdl/Build/Intermediates.noindex/swift-transformers.build/Debug-iphoneos/Hub.build/Objects-normal/arm64/Hub.swiftsourceinfo /Users/byronquine/Library/Developer/Xcode/DerivedData/Ilumionate-ajbhadqlvcajfnbqievdybmttsdl/Build/Products/Debug-iphoneos/Hub.swiftmodule/Project/arm64-apple-ios.swiftsourceinfo

SwiftDriver Tokenizers normal arm64 com.apple.xcode.tools.swift.compiler (in target 'Tokenizers' from project 'swift-transformers')
    cd /Users/byronquine/Documents/Programing/Swift/Practice/Ilumionate/Ilumionate.xcodeproj
    builtin-SwiftDriver -- /Applications/Xcode\ 26.3\ Beta.app/Contents/Developer/Toolchains/XcodeDefault.xctoolchain/usr/bin/swiftc -module-name Tokenizers -Onone -enforce-exclusivity\=checked @/Users/byronquine/Library/Developer/Xcode/DerivedData/Ilumionate-ajbhadqlvcajfnbqievdybmttsdl/Build/Intermediates.noindex/swift-transformers.build/Debug-iphoneos/Tokenizers.build/Objects-normal/arm64/Tokenizers.SwiftFileList -DSWIFT_PACKAGE -DDEBUG -DSWIFT_MODULE_RESOURCE_BUNDLE_UNAVAILABLE -Xcc -fmodule-map-file\=/Users/byronquine/Library/Developer/Xcode/DerivedData/Ilumionate-ajbhadqlvcajfnbqievdybmttsdl/Build/Intermediates.noindex/GeneratedModuleMaps-iphoneos/yyjson.modulemap -DXcode -plugin-path /Applications/Xcode\ 26.3\ Beta.app/Contents/Developer/Toolchains/XcodeDefault.xctoolchain/usr/lib/swift/host/plugins/testing -enable-experimental-feature DebugDescriptionMacro -sdk /Applications/Xcode\ 26.3\ Beta.app/Contents/Developer/Platforms/iPhoneOS.platform/Developer/SDKs/iPhoneOS26.2.sdk -target arm64-apple-ios16.0 -g -module-cache-path /Users/byronquine/Library/Developer/Xcode/DerivedData/ModuleCache.noindex -Xfrontend -serialize-debugging-options -profile-coverage-mapping -profile-generate -enable-testing -suppress-warnings -index-store-path /Users/byronquine/Library/Developer/Xcode/DerivedData/Ilumionate-ajbhadqlvcajfnbqievdybmttsdl/Index.noindex/DataStore -Xcc -D_LIBCPP_HARDENING_MODE\=_LIBCPP_HARDENING_MODE_DEBUG -swift-version 5 -I /Users/byronquine/Library/Developer/Xcode/DerivedData/Ilumionate-ajbhadqlvcajfnbqievdybmttsdl/Build/Products/Debug-iphoneos -Isystem /Applications/Xcode\ 26.3\ Beta.app/Contents/Developer/Platforms/iPhoneOS.platform/Developer/usr/lib -F /Users/byronquine/Library/Developer/Xcode/DerivedData/Ilumionate-ajbhadqlvcajfnbqievdybmttsdl/Build/Products/Debug-iphoneos/PackageFrameworks -F /Users/byronquine/Library/Developer/Xcode/DerivedData/Ilumionate-ajbhadqlvcajfnbqievdybmttsdl/Build/Products/Debug-iphoneos/PackageFrameworks -F /Users/byronquine/Library/Developer/Xcode/DerivedData/Ilumionate-ajbhadqlvcajfnbqievdybmttsdl/Build/Products/Debug-iphoneos/PackageFrameworks -F /Users/byronquine/Library/Developer/Xcode/DerivedData/Ilumionate-ajbhadqlvcajfnbqievdybmttsdl/Build/Products/Debug-iphoneos/PackageFrameworks -F /Users/byronquine/Library/Developer/Xcode/DerivedData/Ilumionate-ajbhadqlvcajfnbqievdybmttsdl/Build/Products/Debug-iphoneos/PackageFrameworks -F /Users/byronquine/Library/Developer/Xcode/DerivedData/Ilumionate-ajbhadqlvcajfnbqievdybmttsdl/Build/Products/Debug-iphoneos/PackageFrameworks -F /Users/byronquine/Library/Developer/Xcode/DerivedData/Ilumionate-ajbhadqlvcajfnbqievdybmttsdl/Build/Products/Debug-iphoneos -F /Applications/Xcode\ 26.3\ Beta.app/Contents/Developer/Platforms/iPhoneOS.platform/Developer/Library/Frameworks -F /Applications/Xcode\ 26.3\ Beta.app/Contents/Developer/Platforms/iPhoneOS.platform/Developer/SDKs/iPhoneOS26.2.sdk/Developer/Library/Frameworks -c -j10 -enable-batch-mode -incremental -Xcc -ivfsstatcache -Xcc /Users/byronquine/Library/Developer/Xcode/DerivedData/SDKStatCaches.noindex/iphoneos26.2-23C57-e8867d0c40613ffc63e0238af232dc50d4d6ee3f8374c9c9b8dccfd0b4476fca.sdkstatcache -output-file-map /Users/byronquine/Library/Developer/Xcode/DerivedData/Ilumionate-ajbhadqlvcajfnbqievdybmttsdl/Build/Intermediates.noindex/swift-transformers.build/Debug-iphoneos/Tokenizers.build/Objects-normal/arm64/Tokenizers-OutputFileMap.json -use-frontend-parseable-output -save-temps -no-color-diagnostics -explicit-module-build -module-cache-path /Users/byronquine/Library/Developer/Xcode/DerivedData/Ilumionate-ajbhadqlvcajfnbqievdybmttsdl/Build/Intermediates.noindex/SwiftExplicitPrecompiledModules -clang-scanner-module-cache-path /Users/byronquine/Library/Developer/Xcode/DerivedData/ModuleCache.noindex -sdk-module-cache-path /Users/byronquine/Library/Developer/Xcode/DerivedData/ModuleCache.noindex -serialize-diagnostics -emit-dependencies -emit-module -emit-module-path /Users/byronquine/Library/Developer/Xcode/DerivedData/Ilumionate-ajbhadqlvcajfnbqievdybmttsdl/Build/Intermediates.noindex/swift-transformers.build/Debug-iphoneos/Tokenizers.build/Objects-normal/arm64/Tokenizers.swiftmodule -validate-clang-modules-once -clang-build-session-file /Users/byronquine/Library/Developer/Xcode/DerivedData/ModuleCache.noindex/Session.modulevalidation -package-name swift_transformers -Xcc -I/Users/byronquine/Library/Developer/Xcode/DerivedData/Ilumionate-ajbhadqlvcajfnbqievdybmttsdl/Build/Intermediates.noindex/swift-transformers.build/Debug-iphoneos/Tokenizers.build/swift-overrides.hmap -emit-const-values -Xfrontend -const-gather-protocols-file -Xfrontend /Users/byronquine/Library/Developer/Xcode/DerivedData/Ilumionate-ajbhadqlvcajfnbqievdybmttsdl/Build/Intermediates.noindex/swift-transformers.build/Debug-iphoneos/Tokenizers.build/Objects-normal/arm64/Tokenizers_const_extract_protocols.json -Xcc -I/Users/byronquine/Library/Developer/Xcode/DerivedData/Ilumionate-ajbhadqlvcajfnbqievdybmttsdl/SourcePackages/checkouts/yyjson/src -Xcc -I/Users/byronquine/Library/Developer/Xcode/DerivedData/Ilumionate-ajbhadqlvcajfnbqievdybmttsdl/Build/Products/Debug-iphoneos/include -Xcc -I/Users/byronquine/Library/Developer/Xcode/DerivedData/Ilumionate-ajbhadqlvcajfnbqievdybmttsdl/Build/Intermediates.noindex/swift-transformers.build/Debug-iphoneos/Tokenizers.build/DerivedSources-normal/arm64 -Xcc -I/Users/byronquine/Library/Developer/Xcode/DerivedData/Ilumionate-ajbhadqlvcajfnbqievdybmttsdl/Build/Intermediates.noindex/swift-transformers.build/Debug-iphoneos/Tokenizers.build/DerivedSources/arm64 -Xcc -I/Users/byronquine/Library/Developer/Xcode/DerivedData/Ilumionate-ajbhadqlvcajfnbqievdybmttsdl/Build/Intermediates.noindex/swift-transformers.build/Debug-iphoneos/Tokenizers.build/DerivedSources -Xcc -DSWIFT_PACKAGE -Xcc -DDEBUG\=1 -emit-objc-header -emit-objc-header-path /Users/byronquine/Library/Developer/Xcode/DerivedData/Ilumionate-ajbhadqlvcajfnbqievdybmttsdl/Build/Intermediates.noindex/swift-transformers.build/Debug-iphoneos/Tokenizers.build/Objects-normal/arm64/Tokenizers-Swift.h -working-directory /Users/byronquine/Documents/Programing/Swift/Practice/Ilumionate/Ilumionate.xcodeproj -experimental-emit-module-separately -disable-cmo

SwiftDriverJobDiscovery normal arm64 Compiling BinaryDistinct.swift (in target 'Hub' from project 'swift-transformers')

SwiftDriverJobDiscovery normal arm64 Compiling AST.swift, Error.swift (in target 'Jinja' from project 'Jinja')

SwiftDriverJobDiscovery normal arm64 Compiling YYJSONParser.swift (in target 'Hub' from project 'swift-transformers')

SwiftDriverJobDiscovery normal arm64 Compiling Hub.swift (in target 'Hub' from project 'swift-transformers')

SwiftCompile normal arm64 Compiling\ Normalizer.swift /Users/byronquine/Library/Developer/Xcode/DerivedData/Ilumionate-ajbhadqlvcajfnbqievdybmttsdl/SourcePackages/checkouts/swift-transformers/Sources/Tokenizers/Normalizer.swift (in target 'Tokenizers' from project 'swift-transformers')

SwiftCompile normal arm64 /Users/byronquine/Library/Developer/Xcode/DerivedData/Ilumionate-ajbhadqlvcajfnbqievdybmttsdl/SourcePackages/checkouts/swift-transformers/Sources/Tokenizers/Normalizer.swift (in target 'Tokenizers' from project 'swift-transformers')
    cd /Users/byronquine/Documents/Programing/Swift/Practice/Ilumionate/Ilumionate.xcodeproj
    

SwiftCompile normal arm64 Compiling\ ByteEncoder.swift,\ Decoder.swift /Users/byronquine/Library/Developer/Xcode/DerivedData/Ilumionate-ajbhadqlvcajfnbqievdybmttsdl/SourcePackages/checkouts/swift-transformers/Sources/Tokenizers/ByteEncoder.swift /Users/byronquine/Library/Developer/Xcode/DerivedData/Ilumionate-ajbhadqlvcajfnbqievdybmttsdl/SourcePackages/checkouts/swift-transformers/Sources/Tokenizers/Decoder.swift (in target 'Tokenizers' from project 'swift-transformers')

SwiftCompile normal arm64 /Users/byronquine/Library/Developer/Xcode/DerivedData/Ilumionate-ajbhadqlvcajfnbqievdybmttsdl/SourcePackages/checkouts/swift-transformers/Sources/Tokenizers/ByteEncoder.swift (in target 'Tokenizers' from project 'swift-transformers')
    cd /Users/byronquine/Documents/Programing/Swift/Practice/Ilumionate/Ilumionate.xcodeproj
    

SwiftCompile normal arm64 /Users/byronquine/Library/Developer/Xcode/DerivedData/Ilumionate-ajbhadqlvcajfnbqievdybmttsdl/SourcePackages/checkouts/swift-transformers/Sources/Tokenizers/Decoder.swift (in target 'Tokenizers' from project 'swift-transformers')
    cd /Users/byronquine/Documents/Programing/Swift/Practice/Ilumionate/Ilumionate.xcodeproj
    

SwiftEmitModule normal arm64 Emitting\ module\ for\ Tokenizers (in target 'Tokenizers' from project 'swift-transformers')

EmitSwiftModule normal arm64 (in target 'Tokenizers' from project 'swift-transformers')
    cd /Users/byronquine/Documents/Programing/Swift/Practice/Ilumionate/Ilumionate.xcodeproj
    

SwiftCompile normal arm64 Compiling\ String+PreTokenization.swift /Users/byronquine/Library/Developer/Xcode/DerivedData/Ilumionate-ajbhadqlvcajfnbqievdybmttsdl/SourcePackages/checkouts/swift-transformers/Sources/Tokenizers/String+PreTokenization.swift (in target 'Tokenizers' from project 'swift-transformers')

SwiftCompile normal arm64 /Users/byronquine/Library/Developer/Xcode/DerivedData/Ilumionate-ajbhadqlvcajfnbqievdybmttsdl/SourcePackages/checkouts/swift-transformers/Sources/Tokenizers/String+PreTokenization.swift (in target 'Tokenizers' from project 'swift-transformers')
    cd /Users/byronquine/Documents/Programing/Swift/Practice/Ilumionate/Ilumionate.xcodeproj
    

SwiftCompile normal arm64 Compiling\ PreTokenizer.swift /Users/byronquine/Library/Developer/Xcode/DerivedData/Ilumionate-ajbhadqlvcajfnbqievdybmttsdl/SourcePackages/checkouts/swift-transformers/Sources/Tokenizers/PreTokenizer.swift (in target 'Tokenizers' from project 'swift-transformers')

SwiftCompile normal arm64 /Users/byronquine/Library/Developer/Xcode/DerivedData/Ilumionate-ajbhadqlvcajfnbqievdybmttsdl/SourcePackages/checkouts/swift-transformers/Sources/Tokenizers/PreTokenizer.swift (in target 'Tokenizers' from project 'swift-transformers')
    cd /Users/byronquine/Documents/Programing/Swift/Practice/Ilumionate/Ilumionate.xcodeproj
    

SwiftCompile normal arm64 Compiling\ Tokenizer.swift /Users/byronquine/Library/Developer/Xcode/DerivedData/Ilumionate-ajbhadqlvcajfnbqievdybmttsdl/SourcePackages/checkouts/swift-transformers/Sources/Tokenizers/Tokenizer.swift (in target 'Tokenizers' from project 'swift-transformers')

SwiftCompile normal arm64 /Users/byronquine/Library/Developer/Xcode/DerivedData/Ilumionate-ajbhadqlvcajfnbqievdybmttsdl/SourcePackages/checkouts/swift-transformers/Sources/Tokenizers/Tokenizer.swift (in target 'Tokenizers' from project 'swift-transformers')
    cd /Users/byronquine/Documents/Programing/Swift/Practice/Ilumionate/Ilumionate.xcodeproj
    

SwiftCompile normal arm64 Compiling\ PostProcessor.swift /Users/byronquine/Library/Developer/Xcode/DerivedData/Ilumionate-ajbhadqlvcajfnbqievdybmttsdl/SourcePackages/checkouts/swift-transformers/Sources/Tokenizers/PostProcessor.swift (in target 'Tokenizers' from project 'swift-transformers')

SwiftCompile normal arm64 /Users/byronquine/Library/Developer/Xcode/DerivedData/Ilumionate-ajbhadqlvcajfnbqievdybmttsdl/SourcePackages/checkouts/swift-transformers/Sources/Tokenizers/PostProcessor.swift (in target 'Tokenizers' from project 'swift-transformers')
    cd /Users/byronquine/Documents/Programing/Swift/Practice/Ilumionate/Ilumionate.xcodeproj
    

SwiftDriverJobDiscovery normal arm64 Compiling Config.swift (in target 'Hub' from project 'swift-transformers')

SwiftCompile normal arm64 Compiling\ UnigramTokenizer.swift /Users/byronquine/Library/Developer/Xcode/DerivedData/Ilumionate-ajbhadqlvcajfnbqievdybmttsdl/SourcePackages/checkouts/swift-transformers/Sources/Tokenizers/UnigramTokenizer.swift (in target 'Tokenizers' from project 'swift-transformers')

SwiftCompile normal arm64 /Users/byronquine/Library/Developer/Xcode/DerivedData/Ilumionate-ajbhadqlvcajfnbqievdybmttsdl/SourcePackages/checkouts/swift-transformers/Sources/Tokenizers/UnigramTokenizer.swift (in target 'Tokenizers' from project 'swift-transformers')
    cd /Users/byronquine/Documents/Programing/Swift/Practice/Ilumionate/Ilumionate.xcodeproj
    

SwiftDriverJobDiscovery normal arm64 Compiling Filters.swift, Globals.swift (in target 'Jinja' from project 'Jinja')

SwiftCompile normal arm64 Compiling\ TokenLattice.swift /Users/byronquine/Library/Developer/Xcode/DerivedData/Ilumionate-ajbhadqlvcajfnbqievdybmttsdl/SourcePackages/checkouts/swift-transformers/Sources/Tokenizers/TokenLattice.swift (in target 'Tokenizers' from project 'swift-transformers')

SwiftCompile normal arm64 /Users/byronquine/Library/Developer/Xcode/DerivedData/Ilumionate-ajbhadqlvcajfnbqievdybmttsdl/SourcePackages/checkouts/swift-transformers/Sources/Tokenizers/TokenLattice.swift (in target 'Tokenizers' from project 'swift-transformers')
    cd /Users/byronquine/Documents/Programing/Swift/Practice/Ilumionate/Ilumionate.xcodeproj
    

SwiftDriverJobDiscovery normal arm64 Compiling Downloader.swift (in target 'Hub' from project 'swift-transformers')

SwiftCompile normal arm64 Compiling\ BPETokenizer.swift,\ BertTokenizer.swift /Users/byronquine/Library/Developer/Xcode/DerivedData/Ilumionate-ajbhadqlvcajfnbqievdybmttsdl/SourcePackages/checkouts/swift-transformers/Sources/Tokenizers/BPETokenizer.swift /Users/byronquine/Library/Developer/Xcode/DerivedData/Ilumionate-ajbhadqlvcajfnbqievdybmttsdl/SourcePackages/checkouts/swift-transformers/Sources/Tokenizers/BertTokenizer.swift (in target 'Tokenizers' from project 'swift-transformers')
SwiftCompile normal arm64 /Users/byronquine/Library/Developer/Xcode/DerivedData/Ilumionate-ajbhadqlvcajfnbqievdybmttsdl/SourcePackages/checkouts/swift-transformers/Sources/Tokenizers/BPETokenizer.swift (in target 'Tokenizers' from project 'swift-transformers')
    cd /Users/byronquine/Documents/Programing/Swift/Practice/Ilumionate/Ilumionate.xcodeproj
    

SwiftCompile normal arm64 /Users/byronquine/Library/Developer/Xcode/DerivedData/Ilumionate-ajbhadqlvcajfnbqievdybmttsdl/SourcePackages/checkouts/swift-transformers/Sources/Tokenizers/BertTokenizer.swift (in target 'Tokenizers' from project 'swift-transformers')
    cd /Users/byronquine/Documents/Programing/Swift/Practice/Ilumionate/Ilumionate.xcodeproj
    

SwiftDriverJobDiscovery normal arm64 Emitting module for Tokenizers (in target 'Tokenizers' from project 'swift-transformers')

SwiftDriver\ Compilation\ Requirements Tokenizers normal arm64 com.apple.xcode.tools.swift.compiler (in target 'Tokenizers' from project 'swift-transformers')
    cd /Users/byronquine/Documents/Programing/Swift/Practice/Ilumionate/Ilumionate.xcodeproj
    builtin-Swift-Compilation-Requirements -- /Applications/Xcode\ 26.3\ Beta.app/Contents/Developer/Toolchains/XcodeDefault.xctoolchain/usr/bin/swiftc -module-name Tokenizers -Onone -enforce-exclusivity\=checked @/Users/byronquine/Library/Developer/Xcode/DerivedData/Ilumionate-ajbhadqlvcajfnbqievdybmttsdl/Build/Intermediates.noindex/swift-transformers.build/Debug-iphoneos/Tokenizers.build/Objects-normal/arm64/Tokenizers.SwiftFileList -DSWIFT_PACKAGE -DDEBUG -DSWIFT_MODULE_RESOURCE_BUNDLE_UNAVAILABLE -Xcc -fmodule-map-file\=/Users/byronquine/Library/Developer/Xcode/DerivedData/Ilumionate-ajbhadqlvcajfnbqievdybmttsdl/Build/Intermediates.noindex/GeneratedModuleMaps-iphoneos/yyjson.modulemap -DXcode -plugin-path /Applications/Xcode\ 26.3\ Beta.app/Contents/Developer/Toolchains/XcodeDefault.xctoolchain/usr/lib/swift/host/plugins/testing -enable-experimental-feature DebugDescriptionMacro -sdk /Applications/Xcode\ 26.3\ Beta.app/Contents/Developer/Platforms/iPhoneOS.platform/Developer/SDKs/iPhoneOS26.2.sdk -target arm64-apple-ios16.0 -g -module-cache-path /Users/byronquine/Library/Developer/Xcode/DerivedData/ModuleCache.noindex -Xfrontend -serialize-debugging-options -profile-coverage-mapping -profile-generate -enable-testing -suppress-warnings -index-store-path /Users/byronquine/Library/Developer/Xcode/DerivedData/Ilumionate-ajbhadqlvcajfnbqievdybmttsdl/Index.noindex/DataStore -Xcc -D_LIBCPP_HARDENING_MODE\=_LIBCPP_HARDENING_MODE_DEBUG -swift-version 5 -I /Users/byronquine/Library/Developer/Xcode/DerivedData/Ilumionate-ajbhadqlvcajfnbqievdybmttsdl/Build/Products/Debug-iphoneos -Isystem /Applications/Xcode\ 26.3\ Beta.app/Contents/Developer/Platforms/iPhoneOS.platform/Developer/usr/lib -F /Users/byronquine/Library/Developer/Xcode/DerivedData/Ilumionate-ajbhadqlvcajfnbqievdybmttsdl/Build/Products/Debug-iphoneos/PackageFrameworks -F /Users/byronquine/Library/Developer/Xcode/DerivedData/Ilumionate-ajbhadqlvcajfnbqievdybmttsdl/Build/Products/Debug-iphoneos/PackageFrameworks -F /Users/byronquine/Library/Developer/Xcode/DerivedData/Ilumionate-ajbhadqlvcajfnbqievdybmttsdl/Build/Products/Debug-iphoneos/PackageFrameworks -F /Users/byronquine/Library/Developer/Xcode/DerivedData/Ilumionate-ajbhadqlvcajfnbqievdybmttsdl/Build/Products/Debug-iphoneos/PackageFrameworks -F /Users/byronquine/Library/Developer/Xcode/DerivedData/Ilumionate-ajbhadqlvcajfnbqievdybmttsdl/Build/Products/Debug-iphoneos/PackageFrameworks -F /Users/byronquine/Library/Developer/Xcode/DerivedData/Ilumionate-ajbhadqlvcajfnbqievdybmttsdl/Build/Products/Debug-iphoneos/PackageFrameworks -F /Users/byronquine/Library/Developer/Xcode/DerivedData/Ilumionate-ajbhadqlvcajfnbqievdybmttsdl/Build/Products/Debug-iphoneos -F /Applications/Xcode\ 26.3\ Beta.app/Contents/Developer/Platforms/iPhoneOS.platform/Developer/Library/Frameworks -F /Applications/Xcode\ 26.3\ Beta.app/Contents/Developer/Platforms/iPhoneOS.platform/Developer/SDKs/iPhoneOS26.2.sdk/Developer/Library/Frameworks -c -j10 -enable-batch-mode -incremental -Xcc -ivfsstatcache -Xcc /Users/byronquine/Library/Developer/Xcode/DerivedData/SDKStatCaches.noindex/iphoneos26.2-23C57-e8867d0c40613ffc63e0238af232dc50d4d6ee3f8374c9c9b8dccfd0b4476fca.sdkstatcache -output-file-map /Users/byronquine/Library/Developer/Xcode/DerivedData/Ilumionate-ajbhadqlvcajfnbqievdybmttsdl/Build/Intermediates.noindex/swift-transformers.build/Debug-iphoneos/Tokenizers.build/Objects-normal/arm64/Tokenizers-OutputFileMap.json -use-frontend-parseable-output -save-temps -no-color-diagnostics -explicit-module-build -module-cache-path /Users/byronquine/Library/Developer/Xcode/DerivedData/Ilumionate-ajbhadqlvcajfnbqievdybmttsdl/Build/Intermediates.noindex/SwiftExplicitPrecompiledModules -clang-scanner-module-cache-path /Users/byronquine/Library/Developer/Xcode/DerivedData/ModuleCache.noindex -sdk-module-cache-path /Users/byronquine/Library/Developer/Xcode/DerivedData/ModuleCache.noindex -serialize-diagnostics -emit-dependencies -emit-module -emit-module-path /Users/byronquine/Library/Developer/Xcode/DerivedData/Ilumionate-ajbhadqlvcajfnbqievdybmttsdl/Build/Intermediates.noindex/swift-transformers.build/Debug-iphoneos/Tokenizers.build/Objects-normal/arm64/Tokenizers.swiftmodule -validate-clang-modules-once -clang-build-session-file /Users/byronquine/Library/Developer/Xcode/DerivedData/ModuleCache.noindex/Session.modulevalidation -package-name swift_transformers -Xcc -I/Users/byronquine/Library/Developer/Xcode/DerivedData/Ilumionate-ajbhadqlvcajfnbqievdybmttsdl/Build/Intermediates.noindex/swift-transformers.build/Debug-iphoneos/Tokenizers.build/swift-overrides.hmap -emit-const-values -Xfrontend -const-gather-protocols-file -Xfrontend /Users/byronquine/Library/Developer/Xcode/DerivedData/Ilumionate-ajbhadqlvcajfnbqievdybmttsdl/Build/Intermediates.noindex/swift-transformers.build/Debug-iphoneos/Tokenizers.build/Objects-normal/arm64/Tokenizers_const_extract_protocols.json -Xcc -I/Users/byronquine/Library/Developer/Xcode/DerivedData/Ilumionate-ajbhadqlvcajfnbqievdybmttsdl/SourcePackages/checkouts/yyjson/src -Xcc -I/Users/byronquine/Library/Developer/Xcode/DerivedData/Ilumionate-ajbhadqlvcajfnbqievdybmttsdl/Build/Products/Debug-iphoneos/include -Xcc -I/Users/byronquine/Library/Developer/Xcode/DerivedData/Ilumionate-ajbhadqlvcajfnbqievdybmttsdl/Build/Intermediates.noindex/swift-transformers.build/Debug-iphoneos/Tokenizers.build/DerivedSources-normal/arm64 -Xcc -I/Users/byronquine/Library/Developer/Xcode/DerivedData/Ilumionate-ajbhadqlvcajfnbqievdybmttsdl/Build/Intermediates.noindex/swift-transformers.build/Debug-iphoneos/Tokenizers.build/DerivedSources/arm64 -Xcc -I/Users/byronquine/Library/Developer/Xcode/DerivedData/Ilumionate-ajbhadqlvcajfnbqievdybmttsdl/Build/Intermediates.noindex/swift-transformers.build/Debug-iphoneos/Tokenizers.build/DerivedSources -Xcc -DSWIFT_PACKAGE -Xcc -DDEBUG\=1 -emit-objc-header -emit-objc-header-path /Users/byronquine/Library/Developer/Xcode/DerivedData/Ilumionate-ajbhadqlvcajfnbqievdybmttsdl/Build/Intermediates.noindex/swift-transformers.build/Debug-iphoneos/Tokenizers.build/Objects-normal/arm64/Tokenizers-Swift.h -working-directory /Users/byronquine/Documents/Programing/Swift/Practice/Ilumionate/Ilumionate.xcodeproj -experimental-emit-module-separately -disable-cmo

SwiftDriverJobDiscovery normal arm64 Compiling String+PreTokenization.swift (in target 'Tokenizers' from project 'swift-transformers')

SwiftCompile normal arm64 Compiling\ Trie.swift /Users/byronquine/Library/Developer/Xcode/DerivedData/Ilumionate-ajbhadqlvcajfnbqievdybmttsdl/SourcePackages/checkouts/swift-transformers/Sources/Tokenizers/Trie.swift (in target 'Tokenizers' from project 'swift-transformers')

SwiftCompile normal arm64 /Users/byronquine/Library/Developer/Xcode/DerivedData/Ilumionate-ajbhadqlvcajfnbqievdybmttsdl/SourcePackages/checkouts/swift-transformers/Sources/Tokenizers/Trie.swift (in target 'Tokenizers' from project 'swift-transformers')
    cd /Users/byronquine/Documents/Programing/Swift/Practice/Ilumionate/Ilumionate.xcodeproj
    

SwiftMergeGeneratedHeaders /Users/byronquine/Library/Developer/Xcode/DerivedData/Ilumionate-ajbhadqlvcajfnbqievdybmttsdl/Build/Intermediates.noindex/GeneratedModuleMaps-iphoneos/Tokenizers-Swift.h /Users/byronquine/Library/Developer/Xcode/DerivedData/Ilumionate-ajbhadqlvcajfnbqievdybmttsdl/Build/Intermediates.noindex/swift-transformers.build/Debug-iphoneos/Tokenizers.build/Objects-normal/arm64/Tokenizers-Swift.h (in target 'Tokenizers' from project 'swift-transformers')
    cd /Users/byronquine/Library/Developer/Xcode/DerivedData/Ilumionate-ajbhadqlvcajfnbqievdybmttsdl/SourcePackages/checkouts/swift-transformers
    builtin-swiftHeaderTool -arch arm64 /Users/byronquine/Library/Developer/Xcode/DerivedData/Ilumionate-ajbhadqlvcajfnbqievdybmttsdl/Build/Intermediates.noindex/swift-transformers.build/Debug-iphoneos/Tokenizers.build/Objects-normal/arm64/Tokenizers-Swift.h -o /Users/byronquine/Library/Developer/Xcode/DerivedData/Ilumionate-ajbhadqlvcajfnbqievdybmttsdl/Build/Intermediates.noindex/GeneratedModuleMaps-iphoneos/Tokenizers-Swift.h

SwiftDriverJobDiscovery normal arm64 Compiling PreTokenizer.swift (in target 'Tokenizers' from project 'swift-transformers')

Copy /Users/byronquine/Library/Developer/Xcode/DerivedData/Ilumionate-ajbhadqlvcajfnbqievdybmttsdl/Build/Products/Debug-iphoneos/Tokenizers.swiftmodule/arm64-apple-ios.swiftmodule /Users/byronquine/Library/Developer/Xcode/DerivedData/Ilumionate-ajbhadqlvcajfnbqievdybmttsdl/Build/Intermediates.noindex/swift-transformers.build/Debug-iphoneos/Tokenizers.build/Objects-normal/arm64/Tokenizers.swiftmodule (in target 'Tokenizers' from project 'swift-transformers')
    cd /Users/byronquine/Library/Developer/Xcode/DerivedData/Ilumionate-ajbhadqlvcajfnbqievdybmttsdl/SourcePackages/checkouts/swift-transformers
    builtin-copy -exclude .DS_Store -exclude CVS -exclude .svn -exclude .git -exclude .hg -resolve-src-symlinks -rename /Users/byronquine/Library/Developer/Xcode/DerivedData/Ilumionate-ajbhadqlvcajfnbqievdybmttsdl/Build/Intermediates.noindex/swift-transformers.build/Debug-iphoneos/Tokenizers.build/Objects-normal/arm64/Tokenizers.swiftmodule /Users/byronquine/Library/Developer/Xcode/DerivedData/Ilumionate-ajbhadqlvcajfnbqievdybmttsdl/Build/Products/Debug-iphoneos/Tokenizers.swiftmodule/arm64-apple-ios.swiftmodule

Copy /Users/byronquine/Library/Developer/Xcode/DerivedData/Ilumionate-ajbhadqlvcajfnbqievdybmttsdl/Build/Products/Debug-iphoneos/Tokenizers.swiftmodule/arm64-apple-ios.swiftdoc /Users/byronquine/Library/Developer/Xcode/DerivedData/Ilumionate-ajbhadqlvcajfnbqievdybmttsdl/Build/Intermediates.noindex/swift-transformers.build/Debug-iphoneos/Tokenizers.build/Objects-normal/arm64/Tokenizers.swiftdoc (in target 'Tokenizers' from project 'swift-transformers')
    cd /Users/byronquine/Library/Developer/Xcode/DerivedData/Ilumionate-ajbhadqlvcajfnbqievdybmttsdl/SourcePackages/checkouts/swift-transformers
    builtin-copy -exclude .DS_Store -exclude CVS -exclude .svn -exclude .git -exclude .hg -resolve-src-symlinks -rename /Users/byronquine/Library/Developer/Xcode/DerivedData/Ilumionate-ajbhadqlvcajfnbqievdybmttsdl/Build/Intermediates.noindex/swift-transformers.build/Debug-iphoneos/Tokenizers.build/Objects-normal/arm64/Tokenizers.swiftdoc /Users/byronquine/Library/Developer/Xcode/DerivedData/Ilumionate-ajbhadqlvcajfnbqievdybmttsdl/Build/Products/Debug-iphoneos/Tokenizers.swiftmodule/arm64-apple-ios.swiftdoc

SwiftDriverJobDiscovery normal arm64 Compiling PostProcessor.swift (in target 'Tokenizers' from project 'swift-transformers')

Copy /Users/byronquine/Library/Developer/Xcode/DerivedData/Ilumionate-ajbhadqlvcajfnbqievdybmttsdl/Build/Products/Debug-iphoneos/Tokenizers.swiftmodule/arm64-apple-ios.abi.json /Users/byronquine/Library/Developer/Xcode/DerivedData/Ilumionate-ajbhadqlvcajfnbqievdybmttsdl/Build/Intermediates.noindex/swift-transformers.build/Debug-iphoneos/Tokenizers.build/Objects-normal/arm64/Tokenizers.abi.json (in target 'Tokenizers' from project 'swift-transformers')
    cd /Users/byronquine/Library/Developer/Xcode/DerivedData/Ilumionate-ajbhadqlvcajfnbqievdybmttsdl/SourcePackages/checkouts/swift-transformers
    builtin-copy -exclude .DS_Store -exclude CVS -exclude .svn -exclude .git -exclude .hg -resolve-src-symlinks -rename /Users/byronquine/Library/Developer/Xcode/DerivedData/Ilumionate-ajbhadqlvcajfnbqievdybmttsdl/Build/Intermediates.noindex/swift-transformers.build/Debug-iphoneos/Tokenizers.build/Objects-normal/arm64/Tokenizers.abi.json /Users/byronquine/Library/Developer/Xcode/DerivedData/Ilumionate-ajbhadqlvcajfnbqievdybmttsdl/Build/Products/Debug-iphoneos/Tokenizers.swiftmodule/arm64-apple-ios.abi.json

Copy /Users/byronquine/Library/Developer/Xcode/DerivedData/Ilumionate-ajbhadqlvcajfnbqievdybmttsdl/Build/Products/Debug-iphoneos/Tokenizers.swiftmodule/Project/arm64-apple-ios.swiftsourceinfo /Users/byronquine/Library/Developer/Xcode/DerivedData/Ilumionate-ajbhadqlvcajfnbqievdybmttsdl/Build/Intermediates.noindex/swift-transformers.build/Debug-iphoneos/Tokenizers.build/Objects-normal/arm64/Tokenizers.swiftsourceinfo (in target 'Tokenizers' from project 'swift-transformers')
    cd /Users/byronquine/Library/Developer/Xcode/DerivedData/Ilumionate-ajbhadqlvcajfnbqievdybmttsdl/SourcePackages/checkouts/swift-transformers
    builtin-copy -exclude .DS_Store -exclude CVS -exclude .svn -exclude .git -exclude .hg -resolve-src-symlinks -rename /Users/byronquine/Library/Developer/Xcode/DerivedData/Ilumionate-ajbhadqlvcajfnbqievdybmttsdl/Build/Intermediates.noindex/swift-transformers.build/Debug-iphoneos/Tokenizers.build/Objects-normal/arm64/Tokenizers.swiftsourceinfo /Users/byronquine/Library/Developer/Xcode/DerivedData/Ilumionate-ajbhadqlvcajfnbqievdybmttsdl/Build/Products/Debug-iphoneos/Tokenizers.swiftmodule/Project/arm64-apple-ios.swiftsourceinfo

SwiftDriver\ Compilation Jinja normal arm64 com.apple.xcode.tools.swift.compiler (in target 'Jinja' from project 'Jinja')
    cd /Users/byronquine/Documents/Programing/Swift/Practice/Ilumionate/Ilumionate.xcodeproj
    builtin-Swift-Compilation -- /Applications/Xcode\ 26.3\ Beta.app/Contents/Developer/Toolchains/XcodeDefault.xctoolchain/usr/bin/swiftc -module-name Jinja -Onone -enforce-exclusivity\=checked @/Users/byronquine/Library/Developer/Xcode/DerivedData/Ilumionate-ajbhadqlvcajfnbqievdybmttsdl/Build/Intermediates.noindex/Jinja.build/Debug-iphoneos/Jinja.build/Objects-normal/arm64/Jinja.SwiftFileList -DSWIFT_PACKAGE -DDEBUG -DSWIFT_MODULE_RESOURCE_BUNDLE_UNAVAILABLE -DXcode -plugin-path /Applications/Xcode\ 26.3\ Beta.app/Contents/Developer/Toolchains/XcodeDefault.xctoolchain/usr/lib/swift/host/plugins/testing -enable-experimental-feature DebugDescriptionMacro -sdk /Applications/Xcode\ 26.3\ Beta.app/Contents/Developer/Platforms/iPhoneOS.platform/Developer/SDKs/iPhoneOS26.2.sdk -target arm64-apple-ios16.0 -g -module-cache-path /Users/byronquine/Library/Developer/Xcode/DerivedData/ModuleCache.noindex -Xfrontend -serialize-debugging-options -profile-coverage-mapping -profile-generate -enable-testing -suppress-warnings -index-store-path /Users/byronquine/Library/Developer/Xcode/DerivedData/Ilumionate-ajbhadqlvcajfnbqievdybmttsdl/Index.noindex/DataStore -Xcc -D_LIBCPP_HARDENING_MODE\=_LIBCPP_HARDENING_MODE_DEBUG -swift-version 6 -I /Users/byronquine/Library/Developer/Xcode/DerivedData/Ilumionate-ajbhadqlvcajfnbqievdybmttsdl/Build/Products/Debug-iphoneos -Isystem /Applications/Xcode\ 26.3\ Beta.app/Contents/Developer/Platforms/iPhoneOS.platform/Developer/usr/lib -F /Users/byronquine/Library/Developer/Xcode/DerivedData/Ilumionate-ajbhadqlvcajfnbqievdybmttsdl/Build/Products/Debug-iphoneos/PackageFrameworks -F /Users/byronquine/Library/Developer/Xcode/DerivedData/Ilumionate-ajbhadqlvcajfnbqievdybmttsdl/Build/Products/Debug-iphoneos/PackageFrameworks -F /Users/byronquine/Library/Developer/Xcode/DerivedData/Ilumionate-ajbhadqlvcajfnbqievdybmttsdl/Build/Products/Debug-iphoneos -F /Applications/Xcode\ 26.3\ Beta.app/Contents/Developer/Platforms/iPhoneOS.platform/Developer/Library/Frameworks -F /Applications/Xcode\ 26.3\ Beta.app/Contents/Developer/Platforms/iPhoneOS.platform/Developer/SDKs/iPhoneOS26.2.sdk/Developer/Library/Frameworks -c -j10 -enable-batch-mode -incremental -Xcc -ivfsstatcache -Xcc /Users/byronquine/Library/Developer/Xcode/DerivedData/SDKStatCaches.noindex/iphoneos26.2-23C57-e8867d0c40613ffc63e0238af232dc50d4d6ee3f8374c9c9b8dccfd0b4476fca.sdkstatcache -output-file-map /Users/byronquine/Library/Developer/Xcode/DerivedData/Ilumionate-ajbhadqlvcajfnbqievdybmttsdl/Build/Intermediates.noindex/Jinja.build/Debug-iphoneos/Jinja.build/Objects-normal/arm64/Jinja-OutputFileMap.json -use-frontend-parseable-output -save-temps -no-color-diagnostics -explicit-module-build -module-cache-path /Users/byronquine/Library/Developer/Xcode/DerivedData/Ilumionate-ajbhadqlvcajfnbqievdybmttsdl/Build/Intermediates.noindex/SwiftExplicitPrecompiledModules -clang-scanner-module-cache-path /Users/byronquine/Library/Developer/Xcode/DerivedData/ModuleCache.noindex -sdk-module-cache-path /Users/byronquine/Library/Developer/Xcode/DerivedData/ModuleCache.noindex -serialize-diagnostics -emit-dependencies -emit-module -emit-module-path /Users/byronquine/Library/Developer/Xcode/DerivedData/Ilumionate-ajbhadqlvcajfnbqievdybmttsdl/Build/Intermediates.noindex/Jinja.build/Debug-iphoneos/Jinja.build/Objects-normal/arm64/Jinja.swiftmodule -user-module-version 2.3.2 -validate-clang-modules-once -clang-build-session-file /Users/byronquine/Library/Developer/Xcode/DerivedData/ModuleCache.noindex/Session.modulevalidation -package-name swift_jinja -Xcc -I/Users/byronquine/Library/Developer/Xcode/DerivedData/Ilumionate-ajbhadqlvcajfnbqievdybmttsdl/Build/Intermediates.noindex/Jinja.build/Debug-iphoneos/Jinja.build/swift-overrides.hmap -emit-const-values -Xfrontend -const-gather-protocols-file -Xfrontend /Users/byronquine/Library/Developer/Xcode/DerivedData/Ilumionate-ajbhadqlvcajfnbqievdybmttsdl/Build/Intermediates.noindex/Jinja.build/Debug-iphoneos/Jinja.build/Objects-normal/arm64/Jinja_const_extract_protocols.json -Xcc -I/Users/byronquine/Library/Developer/Xcode/DerivedData/Ilumionate-ajbhadqlvcajfnbqievdybmttsdl/Build/Products/Debug-iphoneos/include -Xcc -I/Users/byronquine/Library/Developer/Xcode/DerivedData/Ilumionate-ajbhadqlvcajfnbqievdybmttsdl/Build/Intermediates.noindex/Jinja.build/Debug-iphoneos/Jinja.build/DerivedSources-normal/arm64 -Xcc -I/Users/byronquine/Library/Developer/Xcode/DerivedData/Ilumionate-ajbhadqlvcajfnbqievdybmttsdl/Build/Intermediates.noindex/Jinja.build/Debug-iphoneos/Jinja.build/DerivedSources/arm64 -Xcc -I/Users/byronquine/Library/Developer/Xcode/DerivedData/Ilumionate-ajbhadqlvcajfnbqievdybmttsdl/Build/Intermediates.noindex/Jinja.build/Debug-iphoneos/Jinja.build/DerivedSources -Xcc -DSWIFT_PACKAGE -Xcc -DDEBUG\=1 -emit-objc-header -emit-objc-header-path /Users/byronquine/Library/Developer/Xcode/DerivedData/Ilumionate-ajbhadqlvcajfnbqievdybmttsdl/Build/Intermediates.noindex/Jinja.build/Debug-iphoneos/Jinja.build/Objects-normal/arm64/Jinja-Swift.h -working-directory /Users/byronquine/Documents/Programing/Swift/Practice/Ilumionate/Ilumionate.xcodeproj -experimental-emit-module-separately -disable-cmo

Ld /Users/byronquine/Library/Developer/Xcode/DerivedData/Ilumionate-ajbhadqlvcajfnbqievdybmttsdl/Build/Products/Debug-iphoneos/Jinja.o normal (in target 'Jinja' from project 'Jinja')
    cd /Users/byronquine/Library/Developer/Xcode/DerivedData/Ilumionate-ajbhadqlvcajfnbqievdybmttsdl/SourcePackages/checkouts/swift-jinja
    /Applications/Xcode\ 26.3\ Beta.app/Contents/Developer/Toolchains/XcodeDefault.xctoolchain/usr/bin/clang -Xlinker -reproducible -target arm64-apple-ios16.0 -r -isysroot /Applications/Xcode\ 26.3\ Beta.app/Contents/Developer/Platforms/iPhoneOS.platform/Developer/SDKs/iPhoneOS26.2.sdk -O0 -w -L/Users/byronquine/Library/Developer/Xcode/DerivedData/Ilumionate-ajbhadqlvcajfnbqievdybmttsdl/Build/Intermediates.noindex/EagerLinkingTBDs/Debug-iphoneos -L/Users/byronquine/Library/Developer/Xcode/DerivedData/Ilumionate-ajbhadqlvcajfnbqievdybmttsdl/Build/Products/Debug-iphoneos -L/Applications/Xcode\ 26.3\ Beta.app/Contents/Developer/Platforms/iPhoneOS.platform/Developer/usr/lib -F/Users/byronquine/Library/Developer/Xcode/DerivedData/Ilumionate-ajbhadqlvcajfnbqievdybmttsdl/Build/Intermediates.noindex/EagerLinkingTBDs/Debug-iphoneos -F/Users/byronquine/Library/Developer/Xcode/DerivedData/Ilumionate-ajbhadqlvcajfnbqievdybmttsdl/Build/Products/Debug-iphoneos/PackageFrameworks -F/Users/byronquine/Library/Developer/Xcode/DerivedData/Ilumionate-ajbhadqlvcajfnbqievdybmttsdl/Build/Products/Debug-iphoneos/PackageFrameworks -F/Users/byronquine/Library/Developer/Xcode/DerivedData/Ilumionate-ajbhadqlvcajfnbqievdybmttsdl/Build/Products/Debug-iphoneos -iframework /Applications/Xcode\ 26.3\ Beta.app/Contents/Developer/Platforms/iPhoneOS.platform/Developer/Library/Frameworks -iframework /Applications/Xcode\ 26.3\ Beta.app/Contents/Developer/Platforms/iPhoneOS.platform/Developer/SDKs/iPhoneOS26.2.sdk/Developer/Library/Frameworks -filelist /Users/byronquine/Library/Developer/Xcode/DerivedData/Ilumionate-ajbhadqlvcajfnbqievdybmttsdl/Build/Intermediates.noindex/Jinja.build/Debug-iphoneos/Jinja.build/Objects-normal/arm64/Jinja.LinkFileList -nostdlib -Xlinker -object_path_lto -Xlinker /Users/byronquine/Library/Developer/Xcode/DerivedData/Ilumionate-ajbhadqlvcajfnbqievdybmttsdl/Build/Intermediates.noindex/Jinja.build/Debug-iphoneos/Jinja.build/Objects-normal/arm64/Jinja_lto.o -rdynamic -Xlinker -no_deduplicate -Xlinker -debug_variant -Xlinker -dependency_info -Xlinker /Users/byronquine/Library/Developer/Xcode/DerivedData/Ilumionate-ajbhadqlvcajfnbqievdybmttsdl/Build/Intermediates.noindex/Jinja.build/Debug-iphoneos/Jinja.build/Objects-normal/arm64/Jinja_dependency_info.dat -fobjc-link-runtime -L/Applications/Xcode\ 26.3\ Beta.app/Contents/Developer/Toolchains/XcodeDefault.xctoolchain/usr/lib/swift/iphoneos -L/usr/lib/swift -Xlinker -add_ast_path -Xlinker /Users/byronquine/Library/Developer/Xcode/DerivedData/Ilumionate-ajbhadqlvcajfnbqievdybmttsdl/Build/Intermediates.noindex/Jinja.build/Debug-iphoneos/Jinja.build/Objects-normal/arm64/Jinja.swiftmodule @/Users/byronquine/Library/Developer/Xcode/DerivedData/Ilumionate-ajbhadqlvcajfnbqievdybmttsdl/Build/Intermediates.noindex/Jinja.build/Debug-iphoneos/Jinja.build/Objects-normal/arm64/Jinja-linker-args.resp -o /Users/byronquine/Library/Developer/Xcode/DerivedData/Ilumionate-ajbhadqlvcajfnbqievdybmttsdl/Build/Products/Debug-iphoneos/Jinja.o

SwiftDriver WhisperKit normal arm64 com.apple.xcode.tools.swift.compiler (in target 'WhisperKit' from project 'whisperkit')
    cd /Users/byronquine/Documents/Programing/Swift/Practice/Ilumionate/Ilumionate.xcodeproj
    builtin-SwiftDriver -- /Applications/Xcode\ 26.3\ Beta.app/Contents/Developer/Toolchains/XcodeDefault.xctoolchain/usr/bin/swiftc -module-name WhisperKit -Onone -enforce-exclusivity\=checked @/Users/byronquine/Library/Developer/Xcode/DerivedData/Ilumionate-ajbhadqlvcajfnbqievdybmttsdl/Build/Intermediates.noindex/whisperkit.build/Debug-iphoneos/WhisperKit.build/Objects-normal/arm64/WhisperKit.SwiftFileList -DSWIFT_PACKAGE -DDEBUG -DSWIFT_MODULE_RESOURCE_BUNDLE_UNAVAILABLE -Xcc -fmodule-map-file\=/Users/byronquine/Library/Developer/Xcode/DerivedData/Ilumionate-ajbhadqlvcajfnbqievdybmttsdl/Build/Intermediates.noindex/GeneratedModuleMaps-iphoneos/yyjson.modulemap -DXcode -plugin-path /Applications/Xcode\ 26.3\ Beta.app/Contents/Developer/Toolchains/XcodeDefault.xctoolchain/usr/lib/swift/host/plugins/testing -enable-experimental-feature DebugDescriptionMacro -sdk /Applications/Xcode\ 26.3\ Beta.app/Contents/Developer/Platforms/iPhoneOS.platform/Developer/SDKs/iPhoneOS26.2.sdk -target arm64-apple-ios16.0 -g -module-cache-path /Users/byronquine/Library/Developer/Xcode/DerivedData/ModuleCache.noindex -Xfrontend -serialize-debugging-options -profile-coverage-mapping -profile-generate -enable-testing -suppress-warnings -index-store-path /Users/byronquine/Library/Developer/Xcode/DerivedData/Ilumionate-ajbhadqlvcajfnbqievdybmttsdl/Index.noindex/DataStore -Xcc -D_LIBCPP_HARDENING_MODE\=_LIBCPP_HARDENING_MODE_DEBUG -swift-version 5 -I /Users/byronquine/Library/Developer/Xcode/DerivedData/Ilumionate-ajbhadqlvcajfnbqievdybmttsdl/Build/Products/Debug-iphoneos -Isystem /Applications/Xcode\ 26.3\ Beta.app/Contents/Developer/Platforms/iPhoneOS.platform/Developer/usr/lib -F /Users/byronquine/Library/Developer/Xcode/DerivedData/Ilumionate-ajbhadqlvcajfnbqievdybmttsdl/Build/Products/Debug-iphoneos/PackageFrameworks -F /Users/byronquine/Library/Developer/Xcode/DerivedData/Ilumionate-ajbhadqlvcajfnbqievdybmttsdl/Build/Products/Debug-iphoneos/PackageFrameworks -F /Users/byronquine/Library/Developer/Xcode/DerivedData/Ilumionate-ajbhadqlvcajfnbqievdybmttsdl/Build/Products/Debug-iphoneos/PackageFrameworks -F /Users/byronquine/Library/Developer/Xcode/DerivedData/Ilumionate-ajbhadqlvcajfnbqievdybmttsdl/Build/Products/Debug-iphoneos/PackageFrameworks -F /Users/byronquine/Library/Developer/Xcode/DerivedData/Ilumionate-ajbhadqlvcajfnbqievdybmttsdl/Build/Products/Debug-iphoneos/PackageFrameworks -F /Users/byronquine/Library/Developer/Xcode/DerivedData/Ilumionate-ajbhadqlvcajfnbqievdybmttsdl/Build/Products/Debug-iphoneos/PackageFrameworks -F /Users/byronquine/Library/Developer/Xcode/DerivedData/Ilumionate-ajbhadqlvcajfnbqievdybmttsdl/Build/Products/Debug-iphoneos/PackageFrameworks -F /Users/byronquine/Library/Developer/Xcode/DerivedData/Ilumionate-ajbhadqlvcajfnbqievdybmttsdl/Build/Products/Debug-iphoneos -F /Applications/Xcode\ 26.3\ Beta.app/Contents/Developer/Platforms/iPhoneOS.platform/Developer/Library/Frameworks -F /Applications/Xcode\ 26.3\ Beta.app/Contents/Developer/Platforms/iPhoneOS.platform/Developer/SDKs/iPhoneOS26.2.sdk/Developer/Library/Frameworks -c -j10 -enable-batch-mode -incremental -Xcc -ivfsstatcache -Xcc /Users/byronquine/Library/Developer/Xcode/DerivedData/SDKStatCaches.noindex/iphoneos26.2-23C57-e8867d0c40613ffc63e0238af232dc50d4d6ee3f8374c9c9b8dccfd0b4476fca.sdkstatcache -output-file-map /Users/byronquine/Library/Developer/Xcode/DerivedData/Ilumionate-ajbhadqlvcajfnbqievdybmttsdl/Build/Intermediates.noindex/whisperkit.build/Debug-iphoneos/WhisperKit.build/Objects-normal/arm64/WhisperKit-OutputFileMap.json -use-frontend-parseable-output -save-temps -no-color-diagnostics -explicit-module-build -module-cache-path /Users/byronquine/Library/Developer/Xcode/DerivedData/Ilumionate-ajbhadqlvcajfnbqievdybmttsdl/Build/Intermediates.noindex/SwiftExplicitPrecompiledModules -clang-scanner-module-cache-path /Users/byronquine/Library/Developer/Xcode/DerivedData/ModuleCache.noindex -sdk-module-cache-path /Users/byronquine/Library/Developer/Xcode/DerivedData/ModuleCache.noindex -serialize-diagnostics -emit-dependencies -emit-module -emit-module-path /Users/byronquine/Library/Developer/Xcode/DerivedData/Ilumionate-ajbhadqlvcajfnbqievdybmttsdl/Build/Intermediates.noindex/whisperkit.build/Debug-iphoneos/WhisperKit.build/Objects-normal/arm64/WhisperKit.swiftmodule -validate-clang-modules-once -clang-build-session-file /Users/byronquine/Library/Developer/Xcode/DerivedData/ModuleCache.noindex/Session.modulevalidation -package-name whisperkit -Xcc -I/Users/byronquine/Library/Developer/Xcode/DerivedData/Ilumionate-ajbhadqlvcajfnbqievdybmttsdl/Build/Intermediates.noindex/whisperkit.build/Debug-iphoneos/WhisperKit.build/swift-overrides.hmap -emit-const-values -Xfrontend -const-gather-protocols-file -Xfrontend /Users/byronquine/Library/Developer/Xcode/DerivedData/Ilumionate-ajbhadqlvcajfnbqievdybmttsdl/Build/Intermediates.noindex/whisperkit.build/Debug-iphoneos/WhisperKit.build/Objects-normal/arm64/WhisperKit_const_extract_protocols.json -Xcc -I/Users/byronquine/Library/Developer/Xcode/DerivedData/Ilumionate-ajbhadqlvcajfnbqievdybmttsdl/SourcePackages/checkouts/yyjson/src -Xcc -I/Users/byronquine/Library/Developer/Xcode/DerivedData/Ilumionate-ajbhadqlvcajfnbqievdybmttsdl/Build/Products/Debug-iphoneos/include -Xcc -I/Users/byronquine/Library/Developer/Xcode/DerivedData/Ilumionate-ajbhadqlvcajfnbqievdybmttsdl/Build/Intermediates.noindex/whisperkit.build/Debug-iphoneos/WhisperKit.build/DerivedSources-normal/arm64 -Xcc -I/Users/byronquine/Library/Developer/Xcode/DerivedData/Ilumionate-ajbhadqlvcajfnbqievdybmttsdl/Build/Intermediates.noindex/whisperkit.build/Debug-iphoneos/WhisperKit.build/DerivedSources/arm64 -Xcc -I/Users/byronquine/Library/Developer/Xcode/DerivedData/Ilumionate-ajbhadqlvcajfnbqievdybmttsdl/Build/Intermediates.noindex/whisperkit.build/Debug-iphoneos/WhisperKit.build/DerivedSources -Xcc -DSWIFT_PACKAGE -Xcc -DDEBUG\=1 -emit-objc-header -emit-objc-header-path /Users/byronquine/Library/Developer/Xcode/DerivedData/Ilumionate-ajbhadqlvcajfnbqievdybmttsdl/Build/Intermediates.noindex/whisperkit.build/Debug-iphoneos/WhisperKit.build/Objects-normal/arm64/WhisperKit-Swift.h -working-directory /Users/byronquine/Documents/Programing/Swift/Practice/Ilumionate/Ilumionate.xcodeproj -experimental-emit-module-separately -disable-cmo

SwiftDriverJobDiscovery normal arm64 Compiling UnigramTokenizer.swift (in target 'Tokenizers' from project 'swift-transformers')

SwiftDriverJobDiscovery normal arm64 Compiling TokenLattice.swift (in target 'Tokenizers' from project 'swift-transformers')

ExtractAppIntentsMetadata (in target 'Jinja' from project 'Jinja')
    cd /Users/byronquine/Library/Developer/Xcode/DerivedData/Ilumionate-ajbhadqlvcajfnbqievdybmttsdl/SourcePackages/checkouts/swift-jinja
    /Applications/Xcode\ 26.3\ Beta.app/Contents/Developer/Toolchains/XcodeDefault.xctoolchain/usr/bin/appintentsmetadataprocessor --toolchain-dir /var/run/com.apple.security.cryptexd/mnt/com.apple.MobileAsset.MetalToolchain-v17.3.519.0.qBttFW/Metal.xctoolchain --module-name Jinja --sdk-root /Applications/Xcode\ 26.3\ Beta.app/Contents/Developer/Platforms/iPhoneOS.platform/Developer/SDKs/iPhoneOS26.2.sdk --xcode-version 17C528 --platform-family iOS --deployment-target 16.0 --bundle-identifier swift-jinja.Jinja --output /Users/byronquine/Library/Developer/Xcode/DerivedData/Ilumionate-ajbhadqlvcajfnbqievdybmttsdl/Build/Products/Debug-iphoneos/Jinja.appintents --target-triple arm64-apple-ios16.0 --binary-file /Users/byronquine/Library/Developer/Xcode/DerivedData/Ilumionate-ajbhadqlvcajfnbqievdybmttsdl/Build/Products/Debug-iphoneos/Jinja.o --dependency-file /Users/byronquine/Library/Developer/Xcode/DerivedData/Ilumionate-ajbhadqlvcajfnbqievdybmttsdl/Build/Intermediates.noindex/Jinja.build/Debug-iphoneos/Jinja.build/Objects-normal/arm64/Jinja_dependency_info.dat --stringsdata-file /Users/byronquine/Library/Developer/Xcode/DerivedData/Ilumionate-ajbhadqlvcajfnbqievdybmttsdl/Build/Intermediates.noindex/Jinja.build/Debug-iphoneos/Jinja.build/Objects-normal/arm64/ExtractedAppShortcutsMetadata.stringsdata --source-file-list /Users/byronquine/Library/Developer/Xcode/DerivedData/Ilumionate-ajbhadqlvcajfnbqievdybmttsdl/Build/Intermediates.noindex/Jinja.build/Debug-iphoneos/Jinja.build/Objects-normal/arm64/Jinja.SwiftFileList --metadata-file-list /Users/byronquine/Library/Developer/Xcode/DerivedData/Ilumionate-ajbhadqlvcajfnbqievdybmttsdl/Build/Intermediates.noindex/Jinja.build/Debug-iphoneos/Jinja.build/Jinja.DependencyMetadataFileList --static-metadata-file-list /Users/byronquine/Library/Developer/Xcode/DerivedData/Ilumionate-ajbhadqlvcajfnbqievdybmttsdl/Build/Intermediates.noindex/Jinja.build/Debug-iphoneos/Jinja.build/Jinja.DependencyStaticMetadataFileList --swift-const-vals-list /Users/byronquine/Library/Developer/Xcode/DerivedData/Ilumionate-ajbhadqlvcajfnbqievdybmttsdl/Build/Intermediates.noindex/Jinja.build/Debug-iphoneos/Jinja.build/Objects-normal/arm64/Jinja.SwiftConstValuesFileList --force --compile-time-extraction --deployment-aware-processing --validate-assistant-intents --no-app-shortcuts-localization
2026-03-12 20:04:12.377 appintentsmetadataprocessor[15713:2303858] Starting appintentsmetadataprocessor export
2026-03-12 20:04:12.505 appintentsmetadataprocessor[15713:2303858] Extracted no relevant App Intents symbols, skipping writing output

SwiftDriverJobDiscovery normal arm64 Compiling Normalizer.swift (in target 'Tokenizers' from project 'swift-transformers')

SwiftDriverJobDiscovery normal arm64 Compiling ByteEncoder.swift, Decoder.swift (in target 'Tokenizers' from project 'swift-transformers')

SwiftDriverJobDiscovery normal arm64 Compiling Trie.swift (in target 'Tokenizers' from project 'swift-transformers')

SwiftDriverJobDiscovery normal arm64 Compiling Tokenizer.swift (in target 'Tokenizers' from project 'swift-transformers')

RegisterExecutionPolicyException /Users/byronquine/Library/Developer/Xcode/DerivedData/Ilumionate-ajbhadqlvcajfnbqievdybmttsdl/Build/Products/Debug-iphoneos/Jinja.o (in target 'Jinja' from project 'Jinja')
    cd /Users/byronquine/Library/Developer/Xcode/DerivedData/Ilumionate-ajbhadqlvcajfnbqievdybmttsdl/SourcePackages/checkouts/swift-jinja
    builtin-RegisterExecutionPolicyException /Users/byronquine/Library/Developer/Xcode/DerivedData/Ilumionate-ajbhadqlvcajfnbqievdybmttsdl/Build/Products/Debug-iphoneos/Jinja.o

SwiftDriverJobDiscovery normal arm64 Compiling HubApi.swift (in target 'Hub' from project 'swift-transformers')

SwiftDriver\ Compilation Hub normal arm64 com.apple.xcode.tools.swift.compiler (in target 'Hub' from project 'swift-transformers')
    cd /Users/byronquine/Documents/Programing/Swift/Practice/Ilumionate/Ilumionate.xcodeproj
    builtin-Swift-Compilation -- /Applications/Xcode\ 26.3\ Beta.app/Contents/Developer/Toolchains/XcodeDefault.xctoolchain/usr/bin/swiftc -module-name Hub -Onone -enforce-exclusivity\=checked @/Users/byronquine/Library/Developer/Xcode/DerivedData/Ilumionate-ajbhadqlvcajfnbqievdybmttsdl/Build/Intermediates.noindex/swift-transformers.build/Debug-iphoneos/Hub.build/Objects-normal/arm64/Hub.SwiftFileList -DSWIFT_PACKAGE -DDEBUG -DSWIFT_MODULE_RESOURCE_BUNDLE_AVAILABLE -Xcc -fmodule-map-file\=/Users/byronquine/Library/Developer/Xcode/DerivedData/Ilumionate-ajbhadqlvcajfnbqievdybmttsdl/Build/Intermediates.noindex/GeneratedModuleMaps-iphoneos/yyjson.modulemap -DXcode -enable-experimental-feature StrictConcurrency -plugin-path /Applications/Xcode\ 26.3\ Beta.app/Contents/Developer/Toolchains/XcodeDefault.xctoolchain/usr/lib/swift/host/plugins/testing -enable-experimental-feature DebugDescriptionMacro -sdk /Applications/Xcode\ 26.3\ Beta.app/Contents/Developer/Platforms/iPhoneOS.platform/Developer/SDKs/iPhoneOS26.2.sdk -target arm64-apple-ios16.0 -g -module-cache-path /Users/byronquine/Library/Developer/Xcode/DerivedData/ModuleCache.noindex -Xfrontend -serialize-debugging-options -profile-coverage-mapping -profile-generate -enable-testing -suppress-warnings -index-store-path /Users/byronquine/Library/Developer/Xcode/DerivedData/Ilumionate-ajbhadqlvcajfnbqievdybmttsdl/Index.noindex/DataStore -Xcc -D_LIBCPP_HARDENING_MODE\=_LIBCPP_HARDENING_MODE_DEBUG -swift-version 5 -I /Users/byronquine/Library/Developer/Xcode/DerivedData/Ilumionate-ajbhadqlvcajfnbqievdybmttsdl/Build/Products/Debug-iphoneos -Isystem /Applications/Xcode\ 26.3\ Beta.app/Contents/Developer/Platforms/iPhoneOS.platform/Developer/usr/lib -F /Users/byronquine/Library/Developer/Xcode/DerivedData/Ilumionate-ajbhadqlvcajfnbqievdybmttsdl/Build/Products/Debug-iphoneos/PackageFrameworks -F /Users/byronquine/Library/Developer/Xcode/DerivedData/Ilumionate-ajbhadqlvcajfnbqievdybmttsdl/Build/Products/Debug-iphoneos/PackageFrameworks -F /Users/byronquine/Library/Developer/Xcode/DerivedData/Ilumionate-ajbhadqlvcajfnbqievdybmttsdl/Build/Products/Debug-iphoneos/PackageFrameworks -F /Users/byronquine/Library/Developer/Xcode/DerivedData/Ilumionate-ajbhadqlvcajfnbqievdybmttsdl/Build/Products/Debug-iphoneos/PackageFrameworks -F /Users/byronquine/Library/Developer/Xcode/DerivedData/Ilumionate-ajbhadqlvcajfnbqievdybmttsdl/Build/Products/Debug-iphoneos/PackageFrameworks -F /Users/byronquine/Library/Developer/Xcode/DerivedData/Ilumionate-ajbhadqlvcajfnbqievdybmttsdl/Build/Products/Debug-iphoneos -F /Applications/Xcode\ 26.3\ Beta.app/Contents/Developer/Platforms/iPhoneOS.platform/Developer/Library/Frameworks -F /Applications/Xcode\ 26.3\ Beta.app/Contents/Developer/Platforms/iPhoneOS.platform/Developer/SDKs/iPhoneOS26.2.sdk/Developer/Library/Frameworks -c -j10 -enable-batch-mode -incremental -Xcc -ivfsstatcache -Xcc /Users/byronquine/Library/Developer/Xcode/DerivedData/SDKStatCaches.noindex/iphoneos26.2-23C57-e8867d0c40613ffc63e0238af232dc50d4d6ee3f8374c9c9b8dccfd0b4476fca.sdkstatcache -output-file-map /Users/byronquine/Library/Developer/Xcode/DerivedData/Ilumionate-ajbhadqlvcajfnbqievdybmttsdl/Build/Intermediates.noindex/swift-transformers.build/Debug-iphoneos/Hub.build/Objects-normal/arm64/Hub-OutputFileMap.json -use-frontend-parseable-output -save-temps -no-color-diagnostics -explicit-module-build -module-cache-path /Users/byronquine/Library/Developer/Xcode/DerivedData/Ilumionate-ajbhadqlvcajfnbqievdybmttsdl/Build/Intermediates.noindex/SwiftExplicitPrecompiledModules -clang-scanner-module-cache-path /Users/byronquine/Library/Developer/Xcode/DerivedData/ModuleCache.noindex -sdk-module-cache-path /Users/byronquine/Library/Developer/Xcode/DerivedData/ModuleCache.noindex -serialize-diagnostics -emit-dependencies -emit-module -emit-module-path /Users/byronquine/Library/Developer/Xcode/DerivedData/Ilumionate-ajbhadqlvcajfnbqievdybmttsdl/Build/Intermediates.noindex/swift-transformers.build/Debug-iphoneos/Hub.build/Objects-normal/arm64/Hub.swiftmodule -validate-clang-modules-once -clang-build-session-file /Users/byronquine/Library/Developer/Xcode/DerivedData/ModuleCache.noindex/Session.modulevalidation -package-name swift_transformers -Xcc -I/Users/byronquine/Library/Developer/Xcode/DerivedData/Ilumionate-ajbhadqlvcajfnbqievdybmttsdl/Build/Intermediates.noindex/swift-transformers.build/Debug-iphoneos/Hub.build/swift-overrides.hmap -emit-const-values -Xfrontend -const-gather-protocols-file -Xfrontend /Users/byronquine/Library/Developer/Xcode/DerivedData/Ilumionate-ajbhadqlvcajfnbqievdybmttsdl/Build/Intermediates.noindex/swift-transformers.build/Debug-iphoneos/Hub.build/Objects-normal/arm64/Hub_const_extract_protocols.json -Xcc -I/Users/byronquine/Library/Developer/Xcode/DerivedData/Ilumionate-ajbhadqlvcajfnbqievdybmttsdl/SourcePackages/checkouts/yyjson/src -Xcc -I/Users/byronquine/Library/Developer/Xcode/DerivedData/Ilumionate-ajbhadqlvcajfnbqievdybmttsdl/Build/Products/Debug-iphoneos/include -Xcc -I/Users/byronquine/Library/Developer/Xcode/DerivedData/Ilumionate-ajbhadqlvcajfnbqievdybmttsdl/Build/Intermediates.noindex/swift-transformers.build/Debug-iphoneos/Hub.build/DerivedSources-normal/arm64 -Xcc -I/Users/byronquine/Library/Developer/Xcode/DerivedData/Ilumionate-ajbhadqlvcajfnbqievdybmttsdl/Build/Intermediates.noindex/swift-transformers.build/Debug-iphoneos/Hub.build/DerivedSources/arm64 -Xcc -I/Users/byronquine/Library/Developer/Xcode/DerivedData/Ilumionate-ajbhadqlvcajfnbqievdybmttsdl/Build/Intermediates.noindex/swift-transformers.build/Debug-iphoneos/Hub.build/DerivedSources -Xcc -DSWIFT_PACKAGE -Xcc -DDEBUG\=1 -emit-objc-header -emit-objc-header-path /Users/byronquine/Library/Developer/Xcode/DerivedData/Ilumionate-ajbhadqlvcajfnbqievdybmttsdl/Build/Intermediates.noindex/swift-transformers.build/Debug-iphoneos/Hub.build/Objects-normal/arm64/Hub-Swift.h -working-directory /Users/byronquine/Documents/Programing/Swift/Practice/Ilumionate/Ilumionate.xcodeproj -experimental-emit-module-separately -disable-cmo

Ld /Users/byronquine/Library/Developer/Xcode/DerivedData/Ilumionate-ajbhadqlvcajfnbqievdybmttsdl/Build/Products/Debug-iphoneos/Hub.o normal (in target 'Hub' from project 'swift-transformers')
    cd /Users/byronquine/Library/Developer/Xcode/DerivedData/Ilumionate-ajbhadqlvcajfnbqievdybmttsdl/SourcePackages/checkouts/swift-transformers
    /Applications/Xcode\ 26.3\ Beta.app/Contents/Developer/Toolchains/XcodeDefault.xctoolchain/usr/bin/clang -Xlinker -reproducible -target arm64-apple-ios16.0 -r -isysroot /Applications/Xcode\ 26.3\ Beta.app/Contents/Developer/Platforms/iPhoneOS.platform/Developer/SDKs/iPhoneOS26.2.sdk -O0 -w -L/Users/byronquine/Library/Developer/Xcode/DerivedData/Ilumionate-ajbhadqlvcajfnbqievdybmttsdl/Build/Intermediates.noindex/EagerLinkingTBDs/Debug-iphoneos -L/Users/byronquine/Library/Developer/Xcode/DerivedData/Ilumionate-ajbhadqlvcajfnbqievdybmttsdl/Build/Products/Debug-iphoneos -L/Applications/Xcode\ 26.3\ Beta.app/Contents/Developer/Platforms/iPhoneOS.platform/Developer/usr/lib -F/Users/byronquine/Library/Developer/Xcode/DerivedData/Ilumionate-ajbhadqlvcajfnbqievdybmttsdl/Build/Intermediates.noindex/EagerLinkingTBDs/Debug-iphoneos -F/Users/byronquine/Library/Developer/Xcode/DerivedData/Ilumionate-ajbhadqlvcajfnbqievdybmttsdl/Build/Products/Debug-iphoneos/PackageFrameworks -F/Users/byronquine/Library/Developer/Xcode/DerivedData/Ilumionate-ajbhadqlvcajfnbqievdybmttsdl/Build/Products/Debug-iphoneos/PackageFrameworks -F/Users/byronquine/Library/Developer/Xcode/DerivedData/Ilumionate-ajbhadqlvcajfnbqievdybmttsdl/Build/Products/Debug-iphoneos/PackageFrameworks -F/Users/byronquine/Library/Developer/Xcode/DerivedData/Ilumionate-ajbhadqlvcajfnbqievdybmttsdl/Build/Products/Debug-iphoneos/PackageFrameworks -F/Users/byronquine/Library/Developer/Xcode/DerivedData/Ilumionate-ajbhadqlvcajfnbqievdybmttsdl/Build/Products/Debug-iphoneos/PackageFrameworks -F/Users/byronquine/Library/Developer/Xcode/DerivedData/Ilumionate-ajbhadqlvcajfnbqievdybmttsdl/Build/Products/Debug-iphoneos -iframework /Applications/Xcode\ 26.3\ Beta.app/Contents/Developer/Platforms/iPhoneOS.platform/Developer/Library/Frameworks -iframework /Applications/Xcode\ 26.3\ Beta.app/Contents/Developer/Platforms/iPhoneOS.platform/Developer/SDKs/iPhoneOS26.2.sdk/Developer/Library/Frameworks -filelist /Users/byronquine/Library/Developer/Xcode/DerivedData/Ilumionate-ajbhadqlvcajfnbqievdybmttsdl/Build/Intermediates.noindex/swift-transformers.build/Debug-iphoneos/Hub.build/Objects-normal/arm64/Hub.LinkFileList -nostdlib -Xlinker -object_path_lto -Xlinker /Users/byronquine/Library/Developer/Xcode/DerivedData/Ilumionate-ajbhadqlvcajfnbqievdybmttsdl/Build/Intermediates.noindex/swift-transformers.build/Debug-iphoneos/Hub.build/Objects-normal/arm64/Hub_lto.o -rdynamic -Xlinker -no_deduplicate -Xlinker -debug_variant -Xlinker -dependency_info -Xlinker /Users/byronquine/Library/Developer/Xcode/DerivedData/Ilumionate-ajbhadqlvcajfnbqievdybmttsdl/Build/Intermediates.noindex/swift-transformers.build/Debug-iphoneos/Hub.build/Objects-normal/arm64/Hub_dependency_info.dat -fobjc-link-runtime -L/Applications/Xcode\ 26.3\ Beta.app/Contents/Developer/Toolchains/XcodeDefault.xctoolchain/usr/lib/swift/iphoneos -L/usr/lib/swift -Xlinker -add_ast_path -Xlinker /Users/byronquine/Library/Developer/Xcode/DerivedData/Ilumionate-ajbhadqlvcajfnbqievdybmttsdl/Build/Intermediates.noindex/swift-transformers.build/Debug-iphoneos/Hub.build/Objects-normal/arm64/Hub.swiftmodule @/Users/byronquine/Library/Developer/Xcode/DerivedData/Ilumionate-ajbhadqlvcajfnbqievdybmttsdl/Build/Intermediates.noindex/swift-transformers.build/Debug-iphoneos/Hub.build/Objects-normal/arm64/Hub-linker-args.resp -o /Users/byronquine/Library/Developer/Xcode/DerivedData/Ilumionate-ajbhadqlvcajfnbqievdybmttsdl/Build/Products/Debug-iphoneos/Hub.o

ExtractAppIntentsMetadata (in target 'Hub' from project 'swift-transformers')
    cd /Users/byronquine/Library/Developer/Xcode/DerivedData/Ilumionate-ajbhadqlvcajfnbqievdybmttsdl/SourcePackages/checkouts/swift-transformers
    /Applications/Xcode\ 26.3\ Beta.app/Contents/Developer/Toolchains/XcodeDefault.xctoolchain/usr/bin/appintentsmetadataprocessor --toolchain-dir /var/run/com.apple.security.cryptexd/mnt/com.apple.MobileAsset.MetalToolchain-v17.3.519.0.qBttFW/Metal.xctoolchain --module-name Hub --sdk-root /Applications/Xcode\ 26.3\ Beta.app/Contents/Developer/Platforms/iPhoneOS.platform/Developer/SDKs/iPhoneOS26.2.sdk --xcode-version 17C528 --platform-family iOS --deployment-target 16.0 --bundle-identifier swift-transformers.Hub --output /Users/byronquine/Library/Developer/Xcode/DerivedData/Ilumionate-ajbhadqlvcajfnbqievdybmttsdl/Build/Products/Debug-iphoneos/Hub.appintents --target-triple arm64-apple-ios16.0 --binary-file /Users/byronquine/Library/Developer/Xcode/DerivedData/Ilumionate-ajbhadqlvcajfnbqievdybmttsdl/Build/Products/Debug-iphoneos/Hub.o --dependency-file /Users/byronquine/Library/Developer/Xcode/DerivedData/Ilumionate-ajbhadqlvcajfnbqievdybmttsdl/Build/Intermediates.noindex/swift-transformers.build/Debug-iphoneos/Hub.build/Objects-normal/arm64/Hub_dependency_info.dat --stringsdata-file /Users/byronquine/Library/Developer/Xcode/DerivedData/Ilumionate-ajbhadqlvcajfnbqievdybmttsdl/Build/Intermediates.noindex/swift-transformers.build/Debug-iphoneos/Hub.build/Objects-normal/arm64/ExtractedAppShortcutsMetadata.stringsdata --source-file-list /Users/byronquine/Library/Developer/Xcode/DerivedData/Ilumionate-ajbhadqlvcajfnbqievdybmttsdl/Build/Intermediates.noindex/swift-transformers.build/Debug-iphoneos/Hub.build/Objects-normal/arm64/Hub.SwiftFileList --metadata-file-list /Users/byronquine/Library/Developer/Xcode/DerivedData/Ilumionate-ajbhadqlvcajfnbqievdybmttsdl/Build/Intermediates.noindex/swift-transformers.build/Debug-iphoneos/Hub.build/Hub.DependencyMetadataFileList --static-metadata-file-list /Users/byronquine/Library/Developer/Xcode/DerivedData/Ilumionate-ajbhadqlvcajfnbqievdybmttsdl/Build/Intermediates.noindex/swift-transformers.build/Debug-iphoneos/Hub.build/Hub.DependencyStaticMetadataFileList --swift-const-vals-list /Users/byronquine/Library/Developer/Xcode/DerivedData/Ilumionate-ajbhadqlvcajfnbqievdybmttsdl/Build/Intermediates.noindex/swift-transformers.build/Debug-iphoneos/Hub.build/Objects-normal/arm64/Hub.SwiftConstValuesFileList --force --compile-time-extraction --deployment-aware-processing --validate-assistant-intents --no-app-shortcuts-localization
2026-03-12 20:04:12.621 appintentsmetadataprocessor[15716:2303888] Starting appintentsmetadataprocessor export
2026-03-12 20:04:12.741 appintentsmetadataprocessor[15716:2303888] Extracted no relevant App Intents symbols, skipping writing output

SwiftDriverJobDiscovery normal arm64 Compiling BPETokenizer.swift, BertTokenizer.swift (in target 'Tokenizers' from project 'swift-transformers')

SwiftDriver\ Compilation Tokenizers normal arm64 com.apple.xcode.tools.swift.compiler (in target 'Tokenizers' from project 'swift-transformers')
    cd /Users/byronquine/Documents/Programing/Swift/Practice/Ilumionate/Ilumionate.xcodeproj
    builtin-Swift-Compilation -- /Applications/Xcode\ 26.3\ Beta.app/Contents/Developer/Toolchains/XcodeDefault.xctoolchain/usr/bin/swiftc -module-name Tokenizers -Onone -enforce-exclusivity\=checked @/Users/byronquine/Library/Developer/Xcode/DerivedData/Ilumionate-ajbhadqlvcajfnbqievdybmttsdl/Build/Intermediates.noindex/swift-transformers.build/Debug-iphoneos/Tokenizers.build/Objects-normal/arm64/Tokenizers.SwiftFileList -DSWIFT_PACKAGE -DDEBUG -DSWIFT_MODULE_RESOURCE_BUNDLE_UNAVAILABLE -Xcc -fmodule-map-file\=/Users/byronquine/Library/Developer/Xcode/DerivedData/Ilumionate-ajbhadqlvcajfnbqievdybmttsdl/Build/Intermediates.noindex/GeneratedModuleMaps-iphoneos/yyjson.modulemap -DXcode -plugin-path /Applications/Xcode\ 26.3\ Beta.app/Contents/Developer/Toolchains/XcodeDefault.xctoolchain/usr/lib/swift/host/plugins/testing -enable-experimental-feature DebugDescriptionMacro -sdk /Applications/Xcode\ 26.3\ Beta.app/Contents/Developer/Platforms/iPhoneOS.platform/Developer/SDKs/iPhoneOS26.2.sdk -target arm64-apple-ios16.0 -g -module-cache-path /Users/byronquine/Library/Developer/Xcode/DerivedData/ModuleCache.noindex -Xfrontend -serialize-debugging-options -profile-coverage-mapping -profile-generate -enable-testing -suppress-warnings -index-store-path /Users/byronquine/Library/Developer/Xcode/DerivedData/Ilumionate-ajbhadqlvcajfnbqievdybmttsdl/Index.noindex/DataStore -Xcc -D_LIBCPP_HARDENING_MODE\=_LIBCPP_HARDENING_MODE_DEBUG -swift-version 5 -I /Users/byronquine/Library/Developer/Xcode/DerivedData/Ilumionate-ajbhadqlvcajfnbqievdybmttsdl/Build/Products/Debug-iphoneos -Isystem /Applications/Xcode\ 26.3\ Beta.app/Contents/Developer/Platforms/iPhoneOS.platform/Developer/usr/lib -F /Users/byronquine/Library/Developer/Xcode/DerivedData/Ilumionate-ajbhadqlvcajfnbqievdybmttsdl/Build/Products/Debug-iphoneos/PackageFrameworks -F /Users/byronquine/Library/Developer/Xcode/DerivedData/Ilumionate-ajbhadqlvcajfnbqievdybmttsdl/Build/Products/Debug-iphoneos/PackageFrameworks -F /Users/byronquine/Library/Developer/Xcode/DerivedData/Ilumionate-ajbhadqlvcajfnbqievdybmttsdl/Build/Products/Debug-iphoneos/PackageFrameworks -F /Users/byronquine/Library/Developer/Xcode/DerivedData/Ilumionate-ajbhadqlvcajfnbqievdybmttsdl/Build/Products/Debug-iphoneos/PackageFrameworks -F /Users/byronquine/Library/Developer/Xcode/DerivedData/Ilumionate-ajbhadqlvcajfnbqievdybmttsdl/Build/Products/Debug-iphoneos/PackageFrameworks -F /Users/byronquine/Library/Developer/Xcode/DerivedData/Ilumionate-ajbhadqlvcajfnbqievdybmttsdl/Build/Products/Debug-iphoneos/PackageFrameworks -F /Users/byronquine/Library/Developer/Xcode/DerivedData/Ilumionate-ajbhadqlvcajfnbqievdybmttsdl/Build/Products/Debug-iphoneos -F /Applications/Xcode\ 26.3\ Beta.app/Contents/Developer/Platforms/iPhoneOS.platform/Developer/Library/Frameworks -F /Applications/Xcode\ 26.3\ Beta.app/Contents/Developer/Platforms/iPhoneOS.platform/Developer/SDKs/iPhoneOS26.2.sdk/Developer/Library/Frameworks -c -j10 -enable-batch-mode -incremental -Xcc -ivfsstatcache -Xcc /Users/byronquine/Library/Developer/Xcode/DerivedData/SDKStatCaches.noindex/iphoneos26.2-23C57-e8867d0c40613ffc63e0238af232dc50d4d6ee3f8374c9c9b8dccfd0b4476fca.sdkstatcache -output-file-map /Users/byronquine/Library/Developer/Xcode/DerivedData/Ilumionate-ajbhadqlvcajfnbqievdybmttsdl/Build/Intermediates.noindex/swift-transformers.build/Debug-iphoneos/Tokenizers.build/Objects-normal/arm64/Tokenizers-OutputFileMap.json -use-frontend-parseable-output -save-temps -no-color-diagnostics -explicit-module-build -module-cache-path /Users/byronquine/Library/Developer/Xcode/DerivedData/Ilumionate-ajbhadqlvcajfnbqievdybmttsdl/Build/Intermediates.noindex/SwiftExplicitPrecompiledModules -clang-scanner-module-cache-path /Users/byronquine/Library/Developer/Xcode/DerivedData/ModuleCache.noindex -sdk-module-cache-path /Users/byronquine/Library/Developer/Xcode/DerivedData/ModuleCache.noindex -serialize-diagnostics -emit-dependencies -emit-module -emit-module-path /Users/byronquine/Library/Developer/Xcode/DerivedData/Ilumionate-ajbhadqlvcajfnbqievdybmttsdl/Build/Intermediates.noindex/swift-transformers.build/Debug-iphoneos/Tokenizers.build/Objects-normal/arm64/Tokenizers.swiftmodule -validate-clang-modules-once -clang-build-session-file /Users/byronquine/Library/Developer/Xcode/DerivedData/ModuleCache.noindex/Session.modulevalidation -package-name swift_transformers -Xcc -I/Users/byronquine/Library/Developer/Xcode/DerivedData/Ilumionate-ajbhadqlvcajfnbqievdybmttsdl/Build/Intermediates.noindex/swift-transformers.build/Debug-iphoneos/Tokenizers.build/swift-overrides.hmap -emit-const-values -Xfrontend -const-gather-protocols-file -Xfrontend /Users/byronquine/Library/Developer/Xcode/DerivedData/Ilumionate-ajbhadqlvcajfnbqievdybmttsdl/Build/Intermediates.noindex/swift-transformers.build/Debug-iphoneos/Tokenizers.build/Objects-normal/arm64/Tokenizers_const_extract_protocols.json -Xcc -I/Users/byronquine/Library/Developer/Xcode/DerivedData/Ilumionate-ajbhadqlvcajfnbqievdybmttsdl/SourcePackages/checkouts/yyjson/src -Xcc -I/Users/byronquine/Library/Developer/Xcode/DerivedData/Ilumionate-ajbhadqlvcajfnbqievdybmttsdl/Build/Products/Debug-iphoneos/include -Xcc -I/Users/byronquine/Library/Developer/Xcode/DerivedData/Ilumionate-ajbhadqlvcajfnbqievdybmttsdl/Build/Intermediates.noindex/swift-transformers.build/Debug-iphoneos/Tokenizers.build/DerivedSources-normal/arm64 -Xcc -I/Users/byronquine/Library/Developer/Xcode/DerivedData/Ilumionate-ajbhadqlvcajfnbqievdybmttsdl/Build/Intermediates.noindex/swift-transformers.build/Debug-iphoneos/Tokenizers.build/DerivedSources/arm64 -Xcc -I/Users/byronquine/Library/Developer/Xcode/DerivedData/Ilumionate-ajbhadqlvcajfnbqievdybmttsdl/Build/Intermediates.noindex/swift-transformers.build/Debug-iphoneos/Tokenizers.build/DerivedSources -Xcc -DSWIFT_PACKAGE -Xcc -DDEBUG\=1 -emit-objc-header -emit-objc-header-path /Users/byronquine/Library/Developer/Xcode/DerivedData/Ilumionate-ajbhadqlvcajfnbqievdybmttsdl/Build/Intermediates.noindex/swift-transformers.build/Debug-iphoneos/Tokenizers.build/Objects-normal/arm64/Tokenizers-Swift.h -working-directory /Users/byronquine/Documents/Programing/Swift/Practice/Ilumionate/Ilumionate.xcodeproj -experimental-emit-module-separately -disable-cmo

SwiftCompile normal arm64 Compiling\ AudioChunker.swift,\ AudioProcessor.swift,\ AudioStreamTranscriber.swift /Users/byronquine/Library/Developer/Xcode/DerivedData/Ilumionate-ajbhadqlvcajfnbqievdybmttsdl/SourcePackages/checkouts/WhisperKit/Sources/WhisperKit/Core/Audio/AudioChunker.swift /Users/byronquine/Library/Developer/Xcode/DerivedData/Ilumionate-ajbhadqlvcajfnbqievdybmttsdl/SourcePackages/checkouts/WhisperKit/Sources/WhisperKit/Core/Audio/AudioProcessor.swift /Users/byronquine/Library/Developer/Xcode/DerivedData/Ilumionate-ajbhadqlvcajfnbqievdybmttsdl/SourcePackages/checkouts/WhisperKit/Sources/WhisperKit/Core/Audio/AudioStreamTranscriber.swift (in target 'WhisperKit' from project 'whisperkit')
SwiftCompile normal arm64 /Users/byronquine/Library/Developer/Xcode/DerivedData/Ilumionate-ajbhadqlvcajfnbqievdybmttsdl/SourcePackages/checkouts/WhisperKit/Sources/WhisperKit/Core/Audio/AudioChunker.swift (in target 'WhisperKit' from project 'whisperkit')
    cd /Users/byronquine/Documents/Programing/Swift/Practice/Ilumionate/Ilumionate.xcodeproj
    

SwiftCompile normal arm64 /Users/byronquine/Library/Developer/Xcode/DerivedData/Ilumionate-ajbhadqlvcajfnbqievdybmttsdl/SourcePackages/checkouts/WhisperKit/Sources/WhisperKit/Core/Audio/AudioProcessor.swift (in target 'WhisperKit' from project 'whisperkit')
    cd /Users/byronquine/Documents/Programing/Swift/Practice/Ilumionate/Ilumionate.xcodeproj
    

SwiftCompile normal arm64 /Users/byronquine/Library/Developer/Xcode/DerivedData/Ilumionate-ajbhadqlvcajfnbqievdybmttsdl/SourcePackages/checkouts/WhisperKit/Sources/WhisperKit/Core/Audio/AudioStreamTranscriber.swift (in target 'WhisperKit' from project 'whisperkit')
    cd /Users/byronquine/Documents/Programing/Swift/Practice/Ilumionate/Ilumionate.xcodeproj
    

SwiftCompile normal arm64 Compiling\ TextDecoder.swift,\ TranscribeTask.swift /Users/byronquine/Library/Developer/Xcode/DerivedData/Ilumionate-ajbhadqlvcajfnbqievdybmttsdl/SourcePackages/checkouts/WhisperKit/Sources/WhisperKit/Core/TextDecoder.swift /Users/byronquine/Library/Developer/Xcode/DerivedData/Ilumionate-ajbhadqlvcajfnbqievdybmttsdl/SourcePackages/checkouts/WhisperKit/Sources/WhisperKit/Core/TranscribeTask.swift (in target 'WhisperKit' from project 'whisperkit')
SwiftCompile normal arm64 /Users/byronquine/Library/Developer/Xcode/DerivedData/Ilumionate-ajbhadqlvcajfnbqievdybmttsdl/SourcePackages/checkouts/WhisperKit/Sources/WhisperKit/Core/TextDecoder.swift (in target 'WhisperKit' from project 'whisperkit')
    cd /Users/byronquine/Documents/Programing/Swift/Practice/Ilumionate/Ilumionate.xcodeproj
    

SwiftCompile normal arm64 /Users/byronquine/Library/Developer/Xcode/DerivedData/Ilumionate-ajbhadqlvcajfnbqievdybmttsdl/SourcePackages/checkouts/WhisperKit/Sources/WhisperKit/Core/TranscribeTask.swift (in target 'WhisperKit' from project 'whisperkit')
    cd /Users/byronquine/Documents/Programing/Swift/Practice/Ilumionate/Ilumionate.xcodeproj
    

SwiftCompile normal arm64 Compiling\ ResultWriter.swift,\ TextUtilities.swift /Users/byronquine/Library/Developer/Xcode/DerivedData/Ilumionate-ajbhadqlvcajfnbqievdybmttsdl/SourcePackages/checkouts/WhisperKit/Sources/WhisperKit/Utilities/ResultWriter.swift /Users/byronquine/Library/Developer/Xcode/DerivedData/Ilumionate-ajbhadqlvcajfnbqievdybmttsdl/SourcePackages/checkouts/WhisperKit/Sources/WhisperKit/Utilities/TextUtilities.swift (in target 'WhisperKit' from project 'whisperkit')

SwiftCompile normal arm64 /Users/byronquine/Library/Developer/Xcode/DerivedData/Ilumionate-ajbhadqlvcajfnbqievdybmttsdl/SourcePackages/checkouts/WhisperKit/Sources/WhisperKit/Utilities/ResultWriter.swift (in target 'WhisperKit' from project 'whisperkit')
    cd /Users/byronquine/Documents/Programing/Swift/Practice/Ilumionate/Ilumionate.xcodeproj
    

SwiftCompile normal arm64 /Users/byronquine/Library/Developer/Xcode/DerivedData/Ilumionate-ajbhadqlvcajfnbqievdybmttsdl/SourcePackages/checkouts/WhisperKit/Sources/WhisperKit/Utilities/TextUtilities.swift (in target 'WhisperKit' from project 'whisperkit')
    cd /Users/byronquine/Documents/Programing/Swift/Practice/Ilumionate/Ilumionate.xcodeproj
    

SwiftCompile normal arm64 Compiling\ Extensions+Internal.swift,\ Extensions+Public.swift /Users/byronquine/Library/Developer/Xcode/DerivedData/Ilumionate-ajbhadqlvcajfnbqievdybmttsdl/SourcePackages/checkouts/WhisperKit/Sources/WhisperKit/Utilities/Extensions+Internal.swift /Users/byronquine/Library/Developer/Xcode/DerivedData/Ilumionate-ajbhadqlvcajfnbqievdybmttsdl/SourcePackages/checkouts/WhisperKit/Sources/WhisperKit/Utilities/Extensions+Public.swift (in target 'WhisperKit' from project 'whisperkit')

SwiftCompile normal arm64 /Users/byronquine/Library/Developer/Xcode/DerivedData/Ilumionate-ajbhadqlvcajfnbqievdybmttsdl/SourcePackages/checkouts/WhisperKit/Sources/WhisperKit/Utilities/Extensions+Internal.swift (in target 'WhisperKit' from project 'whisperkit')
    cd /Users/byronquine/Documents/Programing/Swift/Practice/Ilumionate/Ilumionate.xcodeproj
    

SwiftCompile normal arm64 /Users/byronquine/Library/Developer/Xcode/DerivedData/Ilumionate-ajbhadqlvcajfnbqievdybmttsdl/SourcePackages/checkouts/WhisperKit/Sources/WhisperKit/Utilities/Extensions+Public.swift (in target 'WhisperKit' from project 'whisperkit')
    cd /Users/byronquine/Documents/Programing/Swift/Practice/Ilumionate/Ilumionate.xcodeproj
    

SwiftCompile normal arm64 Compiling\ TranscriptionUtilities.swift,\ WhisperError.swift /Users/byronquine/Library/Developer/Xcode/DerivedData/Ilumionate-ajbhadqlvcajfnbqievdybmttsdl/SourcePackages/checkouts/WhisperKit/Sources/WhisperKit/Utilities/TranscriptionUtilities.swift /Users/byronquine/Library/Developer/Xcode/DerivedData/Ilumionate-ajbhadqlvcajfnbqievdybmttsdl/SourcePackages/checkouts/WhisperKit/Sources/WhisperKit/Utilities/WhisperError.swift (in target 'WhisperKit' from project 'whisperkit')

SwiftCompile normal arm64 /Users/byronquine/Library/Developer/Xcode/DerivedData/Ilumionate-ajbhadqlvcajfnbqievdybmttsdl/SourcePackages/checkouts/WhisperKit/Sources/WhisperKit/Utilities/TranscriptionUtilities.swift (in target 'WhisperKit' from project 'whisperkit')
    cd /Users/byronquine/Documents/Programing/Swift/Practice/Ilumionate/Ilumionate.xcodeproj
    

SwiftCompile normal arm64 /Users/byronquine/Library/Developer/Xcode/DerivedData/Ilumionate-ajbhadqlvcajfnbqievdybmttsdl/SourcePackages/checkouts/WhisperKit/Sources/WhisperKit/Utilities/WhisperError.swift (in target 'WhisperKit' from project 'whisperkit')
    cd /Users/byronquine/Documents/Programing/Swift/Practice/Ilumionate/Ilumionate.xcodeproj
    

SwiftCompile normal arm64 Compiling\ Logging.swift,\ ModelUtilities.swift /Users/byronquine/Library/Developer/Xcode/DerivedData/Ilumionate-ajbhadqlvcajfnbqievdybmttsdl/SourcePackages/checkouts/WhisperKit/Sources/WhisperKit/Utilities/Logging.swift /Users/byronquine/Library/Developer/Xcode/DerivedData/Ilumionate-ajbhadqlvcajfnbqievdybmttsdl/SourcePackages/checkouts/WhisperKit/Sources/WhisperKit/Utilities/ModelUtilities.swift (in target 'WhisperKit' from project 'whisperkit')

SwiftCompile normal arm64 /Users/byronquine/Library/Developer/Xcode/DerivedData/Ilumionate-ajbhadqlvcajfnbqievdybmttsdl/SourcePackages/checkouts/WhisperKit/Sources/WhisperKit/Utilities/Logging.swift (in target 'WhisperKit' from project 'whisperkit')
    cd /Users/byronquine/Documents/Programing/Swift/Practice/Ilumionate/Ilumionate.xcodeproj
    

SwiftCompile normal arm64 /Users/byronquine/Library/Developer/Xcode/DerivedData/Ilumionate-ajbhadqlvcajfnbqievdybmttsdl/SourcePackages/checkouts/WhisperKit/Sources/WhisperKit/Utilities/ModelUtilities.swift (in target 'WhisperKit' from project 'whisperkit')
    cd /Users/byronquine/Documents/Programing/Swift/Practice/Ilumionate/Ilumionate.xcodeproj
    

SwiftCompile normal arm64 Compiling\ LogitsFilter.swift,\ SegmentSeeker.swift,\ TokenSampler.swift /Users/byronquine/Library/Developer/Xcode/DerivedData/Ilumionate-ajbhadqlvcajfnbqievdybmttsdl/SourcePackages/checkouts/WhisperKit/Sources/WhisperKit/Core/Text/LogitsFilter.swift /Users/byronquine/Library/Developer/Xcode/DerivedData/Ilumionate-ajbhadqlvcajfnbqievdybmttsdl/SourcePackages/checkouts/WhisperKit/Sources/WhisperKit/Core/Text/SegmentSeeker.swift /Users/byronquine/Library/Developer/Xcode/DerivedData/Ilumionate-ajbhadqlvcajfnbqievdybmttsdl/SourcePackages/checkouts/WhisperKit/Sources/WhisperKit/Core/Text/TokenSampler.swift (in target 'WhisperKit' from project 'whisperkit')

SwiftCompile normal arm64 /Users/byronquine/Library/Developer/Xcode/DerivedData/Ilumionate-ajbhadqlvcajfnbqievdybmttsdl/SourcePackages/checkouts/WhisperKit/Sources/WhisperKit/Core/Text/LogitsFilter.swift (in target 'WhisperKit' from project 'whisperkit')
    cd /Users/byronquine/Documents/Programing/Swift/Practice/Ilumionate/Ilumionate.xcodeproj
    

SwiftCompile normal arm64 /Users/byronquine/Library/Developer/Xcode/DerivedData/Ilumionate-ajbhadqlvcajfnbqievdybmttsdl/SourcePackages/checkouts/WhisperKit/Sources/WhisperKit/Core/Text/SegmentSeeker.swift (in target 'WhisperKit' from project 'whisperkit')
    cd /Users/byronquine/Documents/Programing/Swift/Practice/Ilumionate/Ilumionate.xcodeproj
    

SwiftCompile normal arm64 /Users/byronquine/Library/Developer/Xcode/DerivedData/Ilumionate-ajbhadqlvcajfnbqievdybmttsdl/SourcePackages/checkouts/WhisperKit/Sources/WhisperKit/Core/Text/TokenSampler.swift (in target 'WhisperKit' from project 'whisperkit')
    cd /Users/byronquine/Documents/Programing/Swift/Practice/Ilumionate/Ilumionate.xcodeproj
    

SwiftCompile normal arm64 Compiling\ EnergyVAD.swift,\ VoiceActivityDetector.swift,\ AudioEncoder.swift /Users/byronquine/Library/Developer/Xcode/DerivedData/Ilumionate-ajbhadqlvcajfnbqievdybmttsdl/SourcePackages/checkouts/WhisperKit/Sources/WhisperKit/Core/Audio/EnergyVAD.swift /Users/byronquine/Library/Developer/Xcode/DerivedData/Ilumionate-ajbhadqlvcajfnbqievdybmttsdl/SourcePackages/checkouts/WhisperKit/Sources/WhisperKit/Core/Audio/VoiceActivityDetector.swift /Users/byronquine/Library/Developer/Xcode/DerivedData/Ilumionate-ajbhadqlvcajfnbqievdybmttsdl/SourcePackages/checkouts/WhisperKit/Sources/WhisperKit/Core/AudioEncoder.swift (in target 'WhisperKit' from project 'whisperkit')

SwiftCompile normal arm64 /Users/byronquine/Library/Developer/Xcode/DerivedData/Ilumionate-ajbhadqlvcajfnbqievdybmttsdl/SourcePackages/checkouts/WhisperKit/Sources/WhisperKit/Core/Audio/EnergyVAD.swift (in target 'WhisperKit' from project 'whisperkit')
    cd /Users/byronquine/Documents/Programing/Swift/Practice/Ilumionate/Ilumionate.xcodeproj
    

SwiftCompile normal arm64 /Users/byronquine/Library/Developer/Xcode/DerivedData/Ilumionate-ajbhadqlvcajfnbqievdybmttsdl/SourcePackages/checkouts/WhisperKit/Sources/WhisperKit/Core/Audio/VoiceActivityDetector.swift (in target 'WhisperKit' from project 'whisperkit')
    cd /Users/byronquine/Documents/Programing/Swift/Practice/Ilumionate/Ilumionate.xcodeproj
    

SwiftCompile normal arm64 /Users/byronquine/Library/Developer/Xcode/DerivedData/Ilumionate-ajbhadqlvcajfnbqievdybmttsdl/SourcePackages/checkouts/WhisperKit/Sources/WhisperKit/Core/AudioEncoder.swift (in target 'WhisperKit' from project 'whisperkit')
    cd /Users/byronquine/Documents/Programing/Swift/Practice/Ilumionate/Ilumionate.xcodeproj
    

SwiftEmitModule normal arm64 Emitting\ module\ for\ WhisperKit (in target 'WhisperKit' from project 'whisperkit')

EmitSwiftModule normal arm64 (in target 'WhisperKit' from project 'whisperkit')
    cd /Users/byronquine/Documents/Programing/Swift/Practice/Ilumionate/Ilumionate.xcodeproj
    

SwiftCompile normal arm64 Compiling\ Configurations.swift,\ FeatureExtractor.swift,\ Models.swift /Users/byronquine/Library/Developer/Xcode/DerivedData/Ilumionate-ajbhadqlvcajfnbqievdybmttsdl/SourcePackages/checkouts/WhisperKit/Sources/WhisperKit/Core/Configurations.swift /Users/byronquine/Library/Developer/Xcode/DerivedData/Ilumionate-ajbhadqlvcajfnbqievdybmttsdl/SourcePackages/checkouts/WhisperKit/Sources/WhisperKit/Core/FeatureExtractor.swift /Users/byronquine/Library/Developer/Xcode/DerivedData/Ilumionate-ajbhadqlvcajfnbqievdybmttsdl/SourcePackages/checkouts/WhisperKit/Sources/WhisperKit/Core/Models.swift (in target 'WhisperKit' from project 'whisperkit')
SwiftCompile normal arm64 /Users/byronquine/Library/Developer/Xcode/DerivedData/Ilumionate-ajbhadqlvcajfnbqievdybmttsdl/SourcePackages/checkouts/WhisperKit/Sources/WhisperKit/Core/Configurations.swift (in target 'WhisperKit' from project 'whisperkit')
    cd /Users/byronquine/Documents/Programing/Swift/Practice/Ilumionate/Ilumionate.xcodeproj
    

SwiftCompile normal arm64 /Users/byronquine/Library/Developer/Xcode/DerivedData/Ilumionate-ajbhadqlvcajfnbqievdybmttsdl/SourcePackages/checkouts/WhisperKit/Sources/WhisperKit/Core/FeatureExtractor.swift (in target 'WhisperKit' from project 'whisperkit')
    cd /Users/byronquine/Documents/Programing/Swift/Practice/Ilumionate/Ilumionate.xcodeproj
    

SwiftCompile normal arm64 /Users/byronquine/Library/Developer/Xcode/DerivedData/Ilumionate-ajbhadqlvcajfnbqievdybmttsdl/SourcePackages/checkouts/WhisperKit/Sources/WhisperKit/Core/Models.swift (in target 'WhisperKit' from project 'whisperkit')
    cd /Users/byronquine/Documents/Programing/Swift/Practice/Ilumionate/Ilumionate.xcodeproj
    

SwiftCompile normal arm64 Compiling\ WhisperKit.swift,\ Concurrency.swift /Users/byronquine/Library/Developer/Xcode/DerivedData/Ilumionate-ajbhadqlvcajfnbqievdybmttsdl/SourcePackages/checkouts/WhisperKit/Sources/WhisperKit/Core/WhisperKit.swift /Users/byronquine/Library/Developer/Xcode/DerivedData/Ilumionate-ajbhadqlvcajfnbqievdybmttsdl/SourcePackages/checkouts/WhisperKit/Sources/WhisperKit/Utilities/Concurrency.swift (in target 'WhisperKit' from project 'whisperkit')

SwiftCompile normal arm64 /Users/byronquine/Library/Developer/Xcode/DerivedData/Ilumionate-ajbhadqlvcajfnbqievdybmttsdl/SourcePackages/checkouts/WhisperKit/Sources/WhisperKit/Core/WhisperKit.swift (in target 'WhisperKit' from project 'whisperkit')
    cd /Users/byronquine/Documents/Programing/Swift/Practice/Ilumionate/Ilumionate.xcodeproj
    

SwiftCompile normal arm64 /Users/byronquine/Library/Developer/Xcode/DerivedData/Ilumionate-ajbhadqlvcajfnbqievdybmttsdl/SourcePackages/checkouts/WhisperKit/Sources/WhisperKit/Utilities/Concurrency.swift (in target 'WhisperKit' from project 'whisperkit')
    cd /Users/byronquine/Documents/Programing/Swift/Practice/Ilumionate/Ilumionate.xcodeproj
    

SwiftDriverJobDiscovery normal arm64 Compiling TranscriptionUtilities.swift, WhisperError.swift (in target 'WhisperKit' from project 'whisperkit')

SwiftDriverJobDiscovery normal arm64 Compiling ResultWriter.swift, TextUtilities.swift (in target 'WhisperKit' from project 'whisperkit')

SwiftDriverJobDiscovery normal arm64 Compiling EnergyVAD.swift, VoiceActivityDetector.swift, AudioEncoder.swift (in target 'WhisperKit' from project 'whisperkit')

RegisterExecutionPolicyException /Users/byronquine/Library/Developer/Xcode/DerivedData/Ilumionate-ajbhadqlvcajfnbqievdybmttsdl/Build/Products/Debug-iphoneos/Hub.o (in target 'Hub' from project 'swift-transformers')
    cd /Users/byronquine/Library/Developer/Xcode/DerivedData/Ilumionate-ajbhadqlvcajfnbqievdybmttsdl/SourcePackages/checkouts/swift-transformers
    builtin-RegisterExecutionPolicyException /Users/byronquine/Library/Developer/Xcode/DerivedData/Ilumionate-ajbhadqlvcajfnbqievdybmttsdl/Build/Products/Debug-iphoneos/Hub.o

Ld /Users/byronquine/Library/Developer/Xcode/DerivedData/Ilumionate-ajbhadqlvcajfnbqievdybmttsdl/Build/Products/Debug-iphoneos/Tokenizers.o normal (in target 'Tokenizers' from project 'swift-transformers')
    cd /Users/byronquine/Library/Developer/Xcode/DerivedData/Ilumionate-ajbhadqlvcajfnbqievdybmttsdl/SourcePackages/checkouts/swift-transformers
    /Applications/Xcode\ 26.3\ Beta.app/Contents/Developer/Toolchains/XcodeDefault.xctoolchain/usr/bin/clang -Xlinker -reproducible -target arm64-apple-ios16.0 -r -isysroot /Applications/Xcode\ 26.3\ Beta.app/Contents/Developer/Platforms/iPhoneOS.platform/Developer/SDKs/iPhoneOS26.2.sdk -O0 -w -L/Users/byronquine/Library/Developer/Xcode/DerivedData/Ilumionate-ajbhadqlvcajfnbqievdybmttsdl/Build/Intermediates.noindex/EagerLinkingTBDs/Debug-iphoneos -L/Users/byronquine/Library/Developer/Xcode/DerivedData/Ilumionate-ajbhadqlvcajfnbqievdybmttsdl/Build/Products/Debug-iphoneos -L/Applications/Xcode\ 26.3\ Beta.app/Contents/Developer/Platforms/iPhoneOS.platform/Developer/usr/lib -F/Users/byronquine/Library/Developer/Xcode/DerivedData/Ilumionate-ajbhadqlvcajfnbqievdybmttsdl/Build/Intermediates.noindex/EagerLinkingTBDs/Debug-iphoneos -F/Users/byronquine/Library/Developer/Xcode/DerivedData/Ilumionate-ajbhadqlvcajfnbqievdybmttsdl/Build/Products/Debug-iphoneos/PackageFrameworks -F/Users/byronquine/Library/Developer/Xcode/DerivedData/Ilumionate-ajbhadqlvcajfnbqievdybmttsdl/Build/Products/Debug-iphoneos/PackageFrameworks -F/Users/byronquine/Library/Developer/Xcode/DerivedData/Ilumionate-ajbhadqlvcajfnbqievdybmttsdl/Build/Products/Debug-iphoneos/PackageFrameworks -F/Users/byronquine/Library/Developer/Xcode/DerivedData/Ilumionate-ajbhadqlvcajfnbqievdybmttsdl/Build/Products/Debug-iphoneos/PackageFrameworks -F/Users/byronquine/Library/Developer/Xcode/DerivedData/Ilumionate-ajbhadqlvcajfnbqievdybmttsdl/Build/Products/Debug-iphoneos/PackageFrameworks -F/Users/byronquine/Library/Developer/Xcode/DerivedData/Ilumionate-ajbhadqlvcajfnbqievdybmttsdl/Build/Products/Debug-iphoneos/PackageFrameworks -F/Users/byronquine/Library/Developer/Xcode/DerivedData/Ilumionate-ajbhadqlvcajfnbqievdybmttsdl/Build/Products/Debug-iphoneos -iframework /Applications/Xcode\ 26.3\ Beta.app/Contents/Developer/Platforms/iPhoneOS.platform/Developer/Library/Frameworks -iframework /Applications/Xcode\ 26.3\ Beta.app/Contents/Developer/Platforms/iPhoneOS.platform/Developer/SDKs/iPhoneOS26.2.sdk/Developer/Library/Frameworks -filelist /Users/byronquine/Library/Developer/Xcode/DerivedData/Ilumionate-ajbhadqlvcajfnbqievdybmttsdl/Build/Intermediates.noindex/swift-transformers.build/Debug-iphoneos/Tokenizers.build/Objects-normal/arm64/Tokenizers.LinkFileList -nostdlib -Xlinker -object_path_lto -Xlinker /Users/byronquine/Library/Developer/Xcode/DerivedData/Ilumionate-ajbhadqlvcajfnbqievdybmttsdl/Build/Intermediates.noindex/swift-transformers.build/Debug-iphoneos/Tokenizers.build/Objects-normal/arm64/Tokenizers_lto.o -rdynamic -Xlinker -no_deduplicate -Xlinker -debug_variant -Xlinker -dependency_info -Xlinker /Users/byronquine/Library/Developer/Xcode/DerivedData/Ilumionate-ajbhadqlvcajfnbqievdybmttsdl/Build/Intermediates.noindex/swift-transformers.build/Debug-iphoneos/Tokenizers.build/Objects-normal/arm64/Tokenizers_dependency_info.dat -fobjc-link-runtime -L/Applications/Xcode\ 26.3\ Beta.app/Contents/Developer/Toolchains/XcodeDefault.xctoolchain/usr/lib/swift/iphoneos -L/usr/lib/swift -Xlinker -add_ast_path -Xlinker /Users/byronquine/Library/Developer/Xcode/DerivedData/Ilumionate-ajbhadqlvcajfnbqievdybmttsdl/Build/Intermediates.noindex/swift-transformers.build/Debug-iphoneos/Tokenizers.build/Objects-normal/arm64/Tokenizers.swiftmodule @/Users/byronquine/Library/Developer/Xcode/DerivedData/Ilumionate-ajbhadqlvcajfnbqievdybmttsdl/Build/Intermediates.noindex/swift-transformers.build/Debug-iphoneos/Tokenizers.build/Objects-normal/arm64/Tokenizers-linker-args.resp -o /Users/byronquine/Library/Developer/Xcode/DerivedData/Ilumionate-ajbhadqlvcajfnbqievdybmttsdl/Build/Products/Debug-iphoneos/Tokenizers.o

ExtractAppIntentsMetadata (in target 'Tokenizers' from project 'swift-transformers')
    cd /Users/byronquine/Library/Developer/Xcode/DerivedData/Ilumionate-ajbhadqlvcajfnbqievdybmttsdl/SourcePackages/checkouts/swift-transformers
    /Applications/Xcode\ 26.3\ Beta.app/Contents/Developer/Toolchains/XcodeDefault.xctoolchain/usr/bin/appintentsmetadataprocessor --toolchain-dir /var/run/com.apple.security.cryptexd/mnt/com.apple.MobileAsset.MetalToolchain-v17.3.519.0.qBttFW/Metal.xctoolchain --module-name Tokenizers --sdk-root /Applications/Xcode\ 26.3\ Beta.app/Contents/Developer/Platforms/iPhoneOS.platform/Developer/SDKs/iPhoneOS26.2.sdk --xcode-version 17C528 --platform-family iOS --deployment-target 16.0 --bundle-identifier swift-transformers.Tokenizers --output /Users/byronquine/Library/Developer/Xcode/DerivedData/Ilumionate-ajbhadqlvcajfnbqievdybmttsdl/Build/Products/Debug-iphoneos/Tokenizers.appintents --target-triple arm64-apple-ios16.0 --binary-file /Users/byronquine/Library/Developer/Xcode/DerivedData/Ilumionate-ajbhadqlvcajfnbqievdybmttsdl/Build/Products/Debug-iphoneos/Tokenizers.o --dependency-file /Users/byronquine/Library/Developer/Xcode/DerivedData/Ilumionate-ajbhadqlvcajfnbqievdybmttsdl/Build/Intermediates.noindex/swift-transformers.build/Debug-iphoneos/Tokenizers.build/Objects-normal/arm64/Tokenizers_dependency_info.dat --stringsdata-file /Users/byronquine/Library/Developer/Xcode/DerivedData/Ilumionate-ajbhadqlvcajfnbqievdybmttsdl/Build/Intermediates.noindex/swift-transformers.build/Debug-iphoneos/Tokenizers.build/Objects-normal/arm64/ExtractedAppShortcutsMetadata.stringsdata --source-file-list /Users/byronquine/Library/Developer/Xcode/DerivedData/Ilumionate-ajbhadqlvcajfnbqievdybmttsdl/Build/Intermediates.noindex/swift-transformers.build/Debug-iphoneos/Tokenizers.build/Objects-normal/arm64/Tokenizers.SwiftFileList --metadata-file-list /Users/byronquine/Library/Developer/Xcode/DerivedData/Ilumionate-ajbhadqlvcajfnbqievdybmttsdl/Build/Intermediates.noindex/swift-transformers.build/Debug-iphoneos/Tokenizers.build/Tokenizers.DependencyMetadataFileList --static-metadata-file-list /Users/byronquine/Library/Developer/Xcode/DerivedData/Ilumionate-ajbhadqlvcajfnbqievdybmttsdl/Build/Intermediates.noindex/swift-transformers.build/Debug-iphoneos/Tokenizers.build/Tokenizers.DependencyStaticMetadataFileList --swift-const-vals-list /Users/byronquine/Library/Developer/Xcode/DerivedData/Ilumionate-ajbhadqlvcajfnbqievdybmttsdl/Build/Intermediates.noindex/swift-transformers.build/Debug-iphoneos/Tokenizers.build/Objects-normal/arm64/Tokenizers.SwiftConstValuesFileList --force --compile-time-extraction --deployment-aware-processing --validate-assistant-intents --no-app-shortcuts-localization
2026-03-12 20:04:13.189 appintentsmetadataprocessor[15730:2303935] Starting appintentsmetadataprocessor export
2026-03-12 20:04:13.309 appintentsmetadataprocessor[15730:2303935] Extracted no relevant App Intents symbols, skipping writing output

SwiftDriverJobDiscovery normal arm64 Emitting module for WhisperKit (in target 'WhisperKit' from project 'whisperkit')

SwiftDriver\ Compilation\ Requirements WhisperKit normal arm64 com.apple.xcode.tools.swift.compiler (in target 'WhisperKit' from project 'whisperkit')
    cd /Users/byronquine/Documents/Programing/Swift/Practice/Ilumionate/Ilumionate.xcodeproj
    builtin-Swift-Compilation-Requirements -- /Applications/Xcode\ 26.3\ Beta.app/Contents/Developer/Toolchains/XcodeDefault.xctoolchain/usr/bin/swiftc -module-name WhisperKit -Onone -enforce-exclusivity\=checked @/Users/byronquine/Library/Developer/Xcode/DerivedData/Ilumionate-ajbhadqlvcajfnbqievdybmttsdl/Build/Intermediates.noindex/whisperkit.build/Debug-iphoneos/WhisperKit.build/Objects-normal/arm64/WhisperKit.SwiftFileList -DSWIFT_PACKAGE -DDEBUG -DSWIFT_MODULE_RESOURCE_BUNDLE_UNAVAILABLE -Xcc -fmodule-map-file\=/Users/byronquine/Library/Developer/Xcode/DerivedData/Ilumionate-ajbhadqlvcajfnbqievdybmttsdl/Build/Intermediates.noindex/GeneratedModuleMaps-iphoneos/yyjson.modulemap -DXcode -plugin-path /Applications/Xcode\ 26.3\ Beta.app/Contents/Developer/Toolchains/XcodeDefault.xctoolchain/usr/lib/swift/host/plugins/testing -enable-experimental-feature DebugDescriptionMacro -sdk /Applications/Xcode\ 26.3\ Beta.app/Contents/Developer/Platforms/iPhoneOS.platform/Developer/SDKs/iPhoneOS26.2.sdk -target arm64-apple-ios16.0 -g -module-cache-path /Users/byronquine/Library/Developer/Xcode/DerivedData/ModuleCache.noindex -Xfrontend -serialize-debugging-options -profile-coverage-mapping -profile-generate -enable-testing -suppress-warnings -index-store-path /Users/byronquine/Library/Developer/Xcode/DerivedData/Ilumionate-ajbhadqlvcajfnbqievdybmttsdl/Index.noindex/DataStore -Xcc -D_LIBCPP_HARDENING_MODE\=_LIBCPP_HARDENING_MODE_DEBUG -swift-version 5 -I /Users/byronquine/Library/Developer/Xcode/DerivedData/Ilumionate-ajbhadqlvcajfnbqievdybmttsdl/Build/Products/Debug-iphoneos -Isystem /Applications/Xcode\ 26.3\ Beta.app/Contents/Developer/Platforms/iPhoneOS.platform/Developer/usr/lib -F /Users/byronquine/Library/Developer/Xcode/DerivedData/Ilumionate-ajbhadqlvcajfnbqievdybmttsdl/Build/Products/Debug-iphoneos/PackageFrameworks -F /Users/byronquine/Library/Developer/Xcode/DerivedData/Ilumionate-ajbhadqlvcajfnbqievdybmttsdl/Build/Products/Debug-iphoneos/PackageFrameworks -F /Users/byronquine/Library/Developer/Xcode/DerivedData/Ilumionate-ajbhadqlvcajfnbqievdybmttsdl/Build/Products/Debug-iphoneos/PackageFrameworks -F /Users/byronquine/Library/Developer/Xcode/DerivedData/Ilumionate-ajbhadqlvcajfnbqievdybmttsdl/Build/Products/Debug-iphoneos/PackageFrameworks -F /Users/byronquine/Library/Developer/Xcode/DerivedData/Ilumionate-ajbhadqlvcajfnbqievdybmttsdl/Build/Products/Debug-iphoneos/PackageFrameworks -F /Users/byronquine/Library/Developer/Xcode/DerivedData/Ilumionate-ajbhadqlvcajfnbqievdybmttsdl/Build/Products/Debug-iphoneos/PackageFrameworks -F /Users/byronquine/Library/Developer/Xcode/DerivedData/Ilumionate-ajbhadqlvcajfnbqievdybmttsdl/Build/Products/Debug-iphoneos/PackageFrameworks -F /Users/byronquine/Library/Developer/Xcode/DerivedData/Ilumionate-ajbhadqlvcajfnbqievdybmttsdl/Build/Products/Debug-iphoneos -F /Applications/Xcode\ 26.3\ Beta.app/Contents/Developer/Platforms/iPhoneOS.platform/Developer/Library/Frameworks -F /Applications/Xcode\ 26.3\ Beta.app/Contents/Developer/Platforms/iPhoneOS.platform/Developer/SDKs/iPhoneOS26.2.sdk/Developer/Library/Frameworks -c -j10 -enable-batch-mode -incremental -Xcc -ivfsstatcache -Xcc /Users/byronquine/Library/Developer/Xcode/DerivedData/SDKStatCaches.noindex/iphoneos26.2-23C57-e8867d0c40613ffc63e0238af232dc50d4d6ee3f8374c9c9b8dccfd0b4476fca.sdkstatcache -output-file-map /Users/byronquine/Library/Developer/Xcode/DerivedData/Ilumionate-ajbhadqlvcajfnbqievdybmttsdl/Build/Intermediates.noindex/whisperkit.build/Debug-iphoneos/WhisperKit.build/Objects-normal/arm64/WhisperKit-OutputFileMap.json -use-frontend-parseable-output -save-temps -no-color-diagnostics -explicit-module-build -module-cache-path /Users/byronquine/Library/Developer/Xcode/DerivedData/Ilumionate-ajbhadqlvcajfnbqievdybmttsdl/Build/Intermediates.noindex/SwiftExplicitPrecompiledModules -clang-scanner-module-cache-path /Users/byronquine/Library/Developer/Xcode/DerivedData/ModuleCache.noindex -sdk-module-cache-path /Users/byronquine/Library/Developer/Xcode/DerivedData/ModuleCache.noindex -serialize-diagnostics -emit-dependencies -emit-module -emit-module-path /Users/byronquine/Library/Developer/Xcode/DerivedData/Ilumionate-ajbhadqlvcajfnbqievdybmttsdl/Build/Intermediates.noindex/whisperkit.build/Debug-iphoneos/WhisperKit.build/Objects-normal/arm64/WhisperKit.swiftmodule -validate-clang-modules-once -clang-build-session-file /Users/byronquine/Library/Developer/Xcode/DerivedData/ModuleCache.noindex/Session.modulevalidation -package-name whisperkit -Xcc -I/Users/byronquine/Library/Developer/Xcode/DerivedData/Ilumionate-ajbhadqlvcajfnbqievdybmttsdl/Build/Intermediates.noindex/whisperkit.build/Debug-iphoneos/WhisperKit.build/swift-overrides.hmap -emit-const-values -Xfrontend -const-gather-protocols-file -Xfrontend /Users/byronquine/Library/Developer/Xcode/DerivedData/Ilumionate-ajbhadqlvcajfnbqievdybmttsdl/Build/Intermediates.noindex/whisperkit.build/Debug-iphoneos/WhisperKit.build/Objects-normal/arm64/WhisperKit_const_extract_protocols.json -Xcc -I/Users/byronquine/Library/Developer/Xcode/DerivedData/Ilumionate-ajbhadqlvcajfnbqievdybmttsdl/SourcePackages/checkouts/yyjson/src -Xcc -I/Users/byronquine/Library/Developer/Xcode/DerivedData/Ilumionate-ajbhadqlvcajfnbqievdybmttsdl/Build/Products/Debug-iphoneos/include -Xcc -I/Users/byronquine/Library/Developer/Xcode/DerivedData/Ilumionate-ajbhadqlvcajfnbqievdybmttsdl/Build/Intermediates.noindex/whisperkit.build/Debug-iphoneos/WhisperKit.build/DerivedSources-normal/arm64 -Xcc -I/Users/byronquine/Library/Developer/Xcode/DerivedData/Ilumionate-ajbhadqlvcajfnbqievdybmttsdl/Build/Intermediates.noindex/whisperkit.build/Debug-iphoneos/WhisperKit.build/DerivedSources/arm64 -Xcc -I/Users/byronquine/Library/Developer/Xcode/DerivedData/Ilumionate-ajbhadqlvcajfnbqievdybmttsdl/Build/Intermediates.noindex/whisperkit.build/Debug-iphoneos/WhisperKit.build/DerivedSources -Xcc -DSWIFT_PACKAGE -Xcc -DDEBUG\=1 -emit-objc-header -emit-objc-header-path /Users/byronquine/Library/Developer/Xcode/DerivedData/Ilumionate-ajbhadqlvcajfnbqievdybmttsdl/Build/Intermediates.noindex/whisperkit.build/Debug-iphoneos/WhisperKit.build/Objects-normal/arm64/WhisperKit-Swift.h -working-directory /Users/byronquine/Documents/Programing/Swift/Practice/Ilumionate/Ilumionate.xcodeproj -experimental-emit-module-separately -disable-cmo

SwiftMergeGeneratedHeaders /Users/byronquine/Library/Developer/Xcode/DerivedData/Ilumionate-ajbhadqlvcajfnbqievdybmttsdl/Build/Intermediates.noindex/GeneratedModuleMaps-iphoneos/WhisperKit-Swift.h /Users/byronquine/Library/Developer/Xcode/DerivedData/Ilumionate-ajbhadqlvcajfnbqievdybmttsdl/Build/Intermediates.noindex/whisperkit.build/Debug-iphoneos/WhisperKit.build/Objects-normal/arm64/WhisperKit-Swift.h (in target 'WhisperKit' from project 'whisperkit')
    cd /Users/byronquine/Library/Developer/Xcode/DerivedData/Ilumionate-ajbhadqlvcajfnbqievdybmttsdl/SourcePackages/checkouts/WhisperKit
    builtin-swiftHeaderTool -arch arm64 /Users/byronquine/Library/Developer/Xcode/DerivedData/Ilumionate-ajbhadqlvcajfnbqievdybmttsdl/Build/Intermediates.noindex/whisperkit.build/Debug-iphoneos/WhisperKit.build/Objects-normal/arm64/WhisperKit-Swift.h -o /Users/byronquine/Library/Developer/Xcode/DerivedData/Ilumionate-ajbhadqlvcajfnbqievdybmttsdl/Build/Intermediates.noindex/GeneratedModuleMaps-iphoneos/WhisperKit-Swift.h

Copy /Users/byronquine/Library/Developer/Xcode/DerivedData/Ilumionate-ajbhadqlvcajfnbqievdybmttsdl/Build/Products/Debug-iphoneos/WhisperKit.swiftmodule/arm64-apple-ios.swiftmodule /Users/byronquine/Library/Developer/Xcode/DerivedData/Ilumionate-ajbhadqlvcajfnbqievdybmttsdl/Build/Intermediates.noindex/whisperkit.build/Debug-iphoneos/WhisperKit.build/Objects-normal/arm64/WhisperKit.swiftmodule (in target 'WhisperKit' from project 'whisperkit')
    cd /Users/byronquine/Library/Developer/Xcode/DerivedData/Ilumionate-ajbhadqlvcajfnbqievdybmttsdl/SourcePackages/checkouts/WhisperKit
    builtin-copy -exclude .DS_Store -exclude CVS -exclude .svn -exclude .git -exclude .hg -resolve-src-symlinks -rename /Users/byronquine/Library/Developer/Xcode/DerivedData/Ilumionate-ajbhadqlvcajfnbqievdybmttsdl/Build/Intermediates.noindex/whisperkit.build/Debug-iphoneos/WhisperKit.build/Objects-normal/arm64/WhisperKit.swiftmodule /Users/byronquine/Library/Developer/Xcode/DerivedData/Ilumionate-ajbhadqlvcajfnbqievdybmttsdl/Build/Products/Debug-iphoneos/WhisperKit.swiftmodule/arm64-apple-ios.swiftmodule

Copy /Users/byronquine/Library/Developer/Xcode/DerivedData/Ilumionate-ajbhadqlvcajfnbqievdybmttsdl/Build/Products/Debug-iphoneos/WhisperKit.swiftmodule/arm64-apple-ios.swiftdoc /Users/byronquine/Library/Developer/Xcode/DerivedData/Ilumionate-ajbhadqlvcajfnbqievdybmttsdl/Build/Intermediates.noindex/whisperkit.build/Debug-iphoneos/WhisperKit.build/Objects-normal/arm64/WhisperKit.swiftdoc (in target 'WhisperKit' from project 'whisperkit')
    cd /Users/byronquine/Library/Developer/Xcode/DerivedData/Ilumionate-ajbhadqlvcajfnbqievdybmttsdl/SourcePackages/checkouts/WhisperKit
    builtin-copy -exclude .DS_Store -exclude CVS -exclude .svn -exclude .git -exclude .hg -resolve-src-symlinks -rename /Users/byronquine/Library/Developer/Xcode/DerivedData/Ilumionate-ajbhadqlvcajfnbqievdybmttsdl/Build/Intermediates.noindex/whisperkit.build/Debug-iphoneos/WhisperKit.build/Objects-normal/arm64/WhisperKit.swiftdoc /Users/byronquine/Library/Developer/Xcode/DerivedData/Ilumionate-ajbhadqlvcajfnbqievdybmttsdl/Build/Products/Debug-iphoneos/WhisperKit.swiftmodule/arm64-apple-ios.swiftdoc

Copy /Users/byronquine/Library/Developer/Xcode/DerivedData/Ilumionate-ajbhadqlvcajfnbqievdybmttsdl/Build/Products/Debug-iphoneos/WhisperKit.swiftmodule/arm64-apple-ios.abi.json /Users/byronquine/Library/Developer/Xcode/DerivedData/Ilumionate-ajbhadqlvcajfnbqievdybmttsdl/Build/Intermediates.noindex/whisperkit.build/Debug-iphoneos/WhisperKit.build/Objects-normal/arm64/WhisperKit.abi.json (in target 'WhisperKit' from project 'whisperkit')
    cd /Users/byronquine/Library/Developer/Xcode/DerivedData/Ilumionate-ajbhadqlvcajfnbqievdybmttsdl/SourcePackages/checkouts/WhisperKit
    builtin-copy -exclude .DS_Store -exclude CVS -exclude .svn -exclude .git -exclude .hg -resolve-src-symlinks -rename /Users/byronquine/Library/Developer/Xcode/DerivedData/Ilumionate-ajbhadqlvcajfnbqievdybmttsdl/Build/Intermediates.noindex/whisperkit.build/Debug-iphoneos/WhisperKit.build/Objects-normal/arm64/WhisperKit.abi.json /Users/byronquine/Library/Developer/Xcode/DerivedData/Ilumionate-ajbhadqlvcajfnbqievdybmttsdl/Build/Products/Debug-iphoneos/WhisperKit.swiftmodule/arm64-apple-ios.abi.json

Copy /Users/byronquine/Library/Developer/Xcode/DerivedData/Ilumionate-ajbhadqlvcajfnbqievdybmttsdl/Build/Products/Debug-iphoneos/WhisperKit.swiftmodule/Project/arm64-apple-ios.swiftsourceinfo /Users/byronquine/Library/Developer/Xcode/DerivedData/Ilumionate-ajbhadqlvcajfnbqievdybmttsdl/Build/Intermediates.noindex/whisperkit.build/Debug-iphoneos/WhisperKit.build/Objects-normal/arm64/WhisperKit.swiftsourceinfo (in target 'WhisperKit' from project 'whisperkit')
    cd /Users/byronquine/Library/Developer/Xcode/DerivedData/Ilumionate-ajbhadqlvcajfnbqievdybmttsdl/SourcePackages/checkouts/WhisperKit
    builtin-copy -exclude .DS_Store -exclude CVS -exclude .svn -exclude .git -exclude .hg -resolve-src-symlinks -rename /Users/byronquine/Library/Developer/Xcode/DerivedData/Ilumionate-ajbhadqlvcajfnbqievdybmttsdl/Build/Intermediates.noindex/whisperkit.build/Debug-iphoneos/WhisperKit.build/Objects-normal/arm64/WhisperKit.swiftsourceinfo /Users/byronquine/Library/Developer/Xcode/DerivedData/Ilumionate-ajbhadqlvcajfnbqievdybmttsdl/Build/Products/Debug-iphoneos/WhisperKit.swiftmodule/Project/arm64-apple-ios.swiftsourceinfo

ProcessProductPackaging "" /Users/byronquine/Library/Developer/Xcode/DerivedData/Ilumionate-ajbhadqlvcajfnbqievdybmttsdl/Build/Intermediates.noindex/Ilumionate.build/Debug-iphoneos/Ilumionate.build/Ilumionate.app.xcent (in target 'Ilumionate' from project 'Ilumionate')
    cd /Users/byronquine/Documents/Programing/Swift/Practice/Ilumionate
    
    Entitlements:
    
    {
    "application-identifier" = "GUHEBKT9SX.com.byronquine.lumenSync";
    "com.apple.developer.team-identifier" = GUHEBKT9SX;
    "get-task-allow" = 1;
}
    
    builtin-productPackagingUtility -entitlements -format xml -o /Users/byronquine/Library/Developer/Xcode/DerivedData/Ilumionate-ajbhadqlvcajfnbqievdybmttsdl/Build/Intermediates.noindex/Ilumionate.build/Debug-iphoneos/Ilumionate.build/Ilumionate.app.xcent

ProcessProductPackagingDER /Users/byronquine/Library/Developer/Xcode/DerivedData/Ilumionate-ajbhadqlvcajfnbqievdybmttsdl/Build/Intermediates.noindex/Ilumionate.build/Debug-iphoneos/Ilumionate.build/Ilumionate.app.xcent /Users/byronquine/Library/Developer/Xcode/DerivedData/Ilumionate-ajbhadqlvcajfnbqievdybmttsdl/Build/Intermediates.noindex/Ilumionate.build/Debug-iphoneos/Ilumionate.build/Ilumionate.app.xcent.der (in target 'Ilumionate' from project 'Ilumionate')
    cd /Users/byronquine/Documents/Programing/Swift/Practice/Ilumionate
    /usr/bin/derq query -f xml -i /Users/byronquine/Library/Developer/Xcode/DerivedData/Ilumionate-ajbhadqlvcajfnbqievdybmttsdl/Build/Intermediates.noindex/Ilumionate.build/Debug-iphoneos/Ilumionate.build/Ilumionate.app.xcent -o /Users/byronquine/Library/Developer/Xcode/DerivedData/Ilumionate-ajbhadqlvcajfnbqievdybmttsdl/Build/Intermediates.noindex/Ilumionate.build/Debug-iphoneos/Ilumionate.build/Ilumionate.app.xcent.der --raw

SwiftDriverJobDiscovery normal arm64 Compiling Logging.swift, ModelUtilities.swift (in target 'WhisperKit' from project 'whisperkit')

GenerateAssetSymbols /Users/byronquine/Documents/Programing/Swift/Practice/Ilumionate/Ilumionate/Assets.xcassets /Users/byronquine/Documents/Programing/Swift/Practice/Ilumionate/Ilumionate/icon-1024.icon (in target 'Ilumionate' from project 'Ilumionate')
    cd /Users/byronquine/Documents/Programing/Swift/Practice/Ilumionate
    /Applications/Xcode\ 26.3\ Beta.app/Contents/Developer/usr/bin/actool /Users/byronquine/Documents/Programing/Swift/Practice/Ilumionate/Ilumionate/Assets.xcassets /Users/byronquine/Documents/Programing/Swift/Practice/Ilumionate/Ilumionate/icon-1024.icon --compile /Users/byronquine/Library/Developer/Xcode/DerivedData/Ilumionate-ajbhadqlvcajfnbqievdybmttsdl/Build/Products/Debug-iphoneos/Ilumionate.app --output-format human-readable-text --notices --warnings --export-dependency-info /Users/byronquine/Library/Developer/Xcode/DerivedData/Ilumionate-ajbhadqlvcajfnbqievdybmttsdl/Build/Intermediates.noindex/Ilumionate.build/Debug-iphoneos/Ilumionate.build/assetcatalog_dependencies --output-partial-info-plist /Users/byronquine/Library/Developer/Xcode/DerivedData/Ilumionate-ajbhadqlvcajfnbqievdybmttsdl/Build/Intermediates.noindex/Ilumionate.build/Debug-iphoneos/Ilumionate.build/assetcatalog_generated_info.plist --app-icon AppIcon --accent-color AccentColor --compress-pngs --enable-on-demand-resources YES --development-region en --target-device iphone --target-device ipad --minimum-deployment-target 26.0 --platform iphoneos --bundle-identifier com.byronquine.lumenSync --generate-swift-asset-symbols /Users/byronquine/Library/Developer/Xcode/DerivedData/Ilumionate-ajbhadqlvcajfnbqievdybmttsdl/Build/Intermediates.noindex/Ilumionate.build/Debug-iphoneos/Ilumionate.build/DerivedSources/GeneratedAssetSymbols.swift --generate-objc-asset-symbols /Users/byronquine/Library/Developer/Xcode/DerivedData/Ilumionate-ajbhadqlvcajfnbqievdybmttsdl/Build/Intermediates.noindex/Ilumionate.build/Debug-iphoneos/Ilumionate.build/DerivedSources/GeneratedAssetSymbols.h --generate-asset-symbol-index /Users/byronquine/Library/Developer/Xcode/DerivedData/Ilumionate-ajbhadqlvcajfnbqievdybmttsdl/Build/Intermediates.noindex/Ilumionate.build/Debug-iphoneos/Ilumionate.build/DerivedSources/GeneratedAssetSymbols-Index.plist
/* com.apple.actool.compilation-results */
/Users/byronquine/Library/Developer/Xcode/DerivedData/Ilumionate-ajbhadqlvcajfnbqievdybmttsdl/Build/Intermediates.noindex/Ilumionate.build/Debug-iphoneos/Ilumionate.build/DerivedSources/GeneratedAssetSymbols-Index.plist
/Users/byronquine/Library/Developer/Xcode/DerivedData/Ilumionate-ajbhadqlvcajfnbqievdybmttsdl/Build/Intermediates.noindex/Ilumionate.build/Debug-iphoneos/Ilumionate.build/DerivedSources/GeneratedAssetSymbols.h
/Users/byronquine/Library/Developer/Xcode/DerivedData/Ilumionate-ajbhadqlvcajfnbqievdybmttsdl/Build/Intermediates.noindex/Ilumionate.build/Debug-iphoneos/Ilumionate.build/DerivedSources/GeneratedAssetSymbols.swift


CompileAssetCatalogVariant thinned /Users/byronquine/Library/Developer/Xcode/DerivedData/Ilumionate-ajbhadqlvcajfnbqievdybmttsdl/Build/Products/Debug-iphoneos/Ilumionate.app /Users/byronquine/Documents/Programing/Swift/Practice/Ilumionate/Ilumionate/Assets.xcassets /Users/byronquine/Documents/Programing/Swift/Practice/Ilumionate/Ilumionate/icon-1024.icon (in target 'Ilumionate' from project 'Ilumionate')
    cd /Users/byronquine/Documents/Programing/Swift/Practice/Ilumionate
    /Applications/Xcode\ 26.3\ Beta.app/Contents/Developer/usr/bin/actool /Users/byronquine/Documents/Programing/Swift/Practice/Ilumionate/Ilumionate/Assets.xcassets /Users/byronquine/Documents/Programing/Swift/Practice/Ilumionate/Ilumionate/icon-1024.icon --compile /Users/byronquine/Library/Developer/Xcode/DerivedData/Ilumionate-ajbhadqlvcajfnbqievdybmttsdl/Build/Intermediates.noindex/Ilumionate.build/Debug-iphoneos/Ilumionate.build/assetcatalog_output/thinned --output-format human-readable-text --notices --warnings --export-dependency-info /Users/byronquine/Library/Developer/Xcode/DerivedData/Ilumionate-ajbhadqlvcajfnbqievdybmttsdl/Build/Intermediates.noindex/Ilumionate.build/Debug-iphoneos/Ilumionate.build/assetcatalog_dependencies_thinned --output-partial-info-plist /Users/byronquine/Library/Developer/Xcode/DerivedData/Ilumionate-ajbhadqlvcajfnbqievdybmttsdl/Build/Intermediates.noindex/Ilumionate.build/Debug-iphoneos/Ilumionate.build/assetcatalog_generated_info.plist_thinned --app-icon AppIcon --accent-color AccentColor --compress-pngs --enable-on-demand-resources YES --filter-for-thinning-device-configuration MacFamily20,1 --filter-for-device-os-version 26.3 --development-region en --target-device iphone --target-device ipad --minimum-deployment-target 26.0 --platform iphoneos
/* com.apple.actool.compilation-results */
/Users/byronquine/Library/Developer/Xcode/DerivedData/Ilumionate-ajbhadqlvcajfnbqievdybmttsdl/Build/Intermediates.noindex/Ilumionate.build/Debug-iphoneos/Ilumionate.build/assetcatalog_generated_info.plist_thinned
/Users/byronquine/Library/Developer/Xcode/DerivedData/Ilumionate-ajbhadqlvcajfnbqievdybmttsdl/Build/Intermediates.noindex/Ilumionate.build/Debug-iphoneos/Ilumionate.build/assetcatalog_output/thinned/AppIcon60x60@2x.png
/Users/byronquine/Library/Developer/Xcode/DerivedData/Ilumionate-ajbhadqlvcajfnbqievdybmttsdl/Build/Intermediates.noindex/Ilumionate.build/Debug-iphoneos/Ilumionate.build/assetcatalog_output/thinned/AppIcon76x76@2x~ipad.png
/Users/byronquine/Library/Developer/Xcode/DerivedData/Ilumionate-ajbhadqlvcajfnbqievdybmttsdl/Build/Intermediates.noindex/Ilumionate.build/Debug-iphoneos/Ilumionate.build/assetcatalog_output/thinned/Assets.car


SwiftDriver Ilumionate normal arm64 com.apple.xcode.tools.swift.compiler (in target 'Ilumionate' from project 'Ilumionate')
    cd /Users/byronquine/Documents/Programing/Swift/Practice/Ilumionate
    builtin-SwiftDriver -- /Applications/Xcode\ 26.3\ Beta.app/Contents/Developer/Toolchains/XcodeDefault.xctoolchain/usr/bin/swiftc -module-name Ilumionate -Onone -enforce-exclusivity\=checked @/Users/byronquine/Library/Developer/Xcode/DerivedData/Ilumionate-ajbhadqlvcajfnbqievdybmttsdl/Build/Intermediates.noindex/Ilumionate.build/Debug-iphoneos/Ilumionate.build/Objects-normal/arm64/Ilumionate.SwiftFileList -DDEBUG -Xcc -fmodule-map-file\=/Users/byronquine/Library/Developer/Xcode/DerivedData/Ilumionate-ajbhadqlvcajfnbqievdybmttsdl/Build/Intermediates.noindex/GeneratedModuleMaps-iphoneos/yyjson.modulemap -default-isolation\=MainActor -enable-bare-slash-regex -enable-upcoming-feature DisableOutwardActorInference -enable-upcoming-feature InferSendableFromCaptures -enable-upcoming-feature GlobalActorIsolatedTypesUsability -enable-upcoming-feature MemberImportVisibility -enable-upcoming-feature InferIsolatedConformances -enable-upcoming-feature NonisolatedNonsendingByDefault -enable-experimental-feature DebugDescriptionMacro -sdk /Applications/Xcode\ 26.3\ Beta.app/Contents/Developer/Platforms/iPhoneOS.platform/Developer/SDKs/iPhoneOS26.2.sdk -target arm64-apple-ios26.0 -g -module-cache-path /Users/byronquine/Library/Developer/Xcode/DerivedData/ModuleCache.noindex -Xfrontend -serialize-debugging-options -profile-coverage-mapping -profile-generate -enable-testing -index-store-path /Users/byronquine/Library/Developer/Xcode/DerivedData/Ilumionate-ajbhadqlvcajfnbqievdybmttsdl/Index.noindex/DataStore -Xcc -D_LIBCPP_HARDENING_MODE\=_LIBCPP_HARDENING_MODE_DEBUG -swift-version 5 -I /Users/byronquine/Library/Developer/Xcode/DerivedData/Ilumionate-ajbhadqlvcajfnbqievdybmttsdl/Build/Products/Debug-iphoneos -F /Users/byronquine/Library/Developer/Xcode/DerivedData/Ilumionate-ajbhadqlvcajfnbqievdybmttsdl/Build/Products/Debug-iphoneos/PackageFrameworks -F /Users/byronquine/Library/Developer/Xcode/DerivedData/Ilumionate-ajbhadqlvcajfnbqievdybmttsdl/Build/Products/Debug-iphoneos/PackageFrameworks -F /Users/byronquine/Library/Developer/Xcode/DerivedData/Ilumionate-ajbhadqlvcajfnbqievdybmttsdl/Build/Products/Debug-iphoneos/PackageFrameworks -F /Users/byronquine/Library/Developer/Xcode/DerivedData/Ilumionate-ajbhadqlvcajfnbqievdybmttsdl/Build/Products/Debug-iphoneos/PackageFrameworks -F /Users/byronquine/Library/Developer/Xcode/DerivedData/Ilumionate-ajbhadqlvcajfnbqievdybmttsdl/Build/Products/Debug-iphoneos/PackageFrameworks -F /Users/byronquine/Library/Developer/Xcode/DerivedData/Ilumionate-ajbhadqlvcajfnbqievdybmttsdl/Build/Products/Debug-iphoneos/PackageFrameworks -F /Users/byronquine/Library/Developer/Xcode/DerivedData/Ilumionate-ajbhadqlvcajfnbqievdybmttsdl/Build/Products/Debug-iphoneos/PackageFrameworks -F /Users/byronquine/Library/Developer/Xcode/DerivedData/Ilumionate-ajbhadqlvcajfnbqievdybmttsdl/Build/Products/Debug-iphoneos/PackageFrameworks -F /Users/byronquine/Library/Developer/Xcode/DerivedData/Ilumionate-ajbhadqlvcajfnbqievdybmttsdl/Build/Products/Debug-iphoneos -emit-localized-strings -emit-localized-strings-path /Users/byronquine/Library/Developer/Xcode/DerivedData/Ilumionate-ajbhadqlvcajfnbqievdybmttsdl/Build/Intermediates.noindex/Ilumionate.build/Debug-iphoneos/Ilumionate.build/Objects-normal/arm64 -c -j10 -enable-batch-mode -incremental -Xcc -ivfsstatcache -Xcc /Users/byronquine/Library/Developer/Xcode/DerivedData/SDKStatCaches.noindex/iphoneos26.2-23C57-e8867d0c40613ffc63e0238af232dc50d4d6ee3f8374c9c9b8dccfd0b4476fca.sdkstatcache -output-file-map /Users/byronquine/Library/Developer/Xcode/DerivedData/Ilumionate-ajbhadqlvcajfnbqievdybmttsdl/Build/Intermediates.noindex/Ilumionate.build/Debug-iphoneos/Ilumionate.build/Objects-normal/arm64/Ilumionate-OutputFileMap.json -use-frontend-parseable-output -save-temps -no-color-diagnostics -explicit-module-build -module-cache-path /Users/byronquine/Library/Developer/Xcode/DerivedData/Ilumionate-ajbhadqlvcajfnbqievdybmttsdl/Build/Intermediates.noindex/SwiftExplicitPrecompiledModules -clang-scanner-module-cache-path /Users/byronquine/Library/Developer/Xcode/DerivedData/ModuleCache.noindex -sdk-module-cache-path /Users/byronquine/Library/Developer/Xcode/DerivedData/ModuleCache.noindex -serialize-diagnostics -emit-dependencies -emit-module -emit-module-path /Users/byronquine/Library/Developer/Xcode/DerivedData/Ilumionate-ajbhadqlvcajfnbqievdybmttsdl/Build/Intermediates.noindex/Ilumionate.build/Debug-iphoneos/Ilumionate.build/Objects-normal/arm64/Ilumionate.swiftmodule -validate-clang-modules-once -clang-build-session-file /Users/byronquine/Library/Developer/Xcode/DerivedData/ModuleCache.noindex/Session.modulevalidation -Xcc -I/Users/byronquine/Library/Developer/Xcode/DerivedData/Ilumionate-ajbhadqlvcajfnbqievdybmttsdl/Build/Intermediates.noindex/Ilumionate.build/Debug-iphoneos/Ilumionate.build/swift-overrides.hmap -emit-const-values -Xfrontend -const-gather-protocols-file -Xfrontend /Users/byronquine/Library/Developer/Xcode/DerivedData/Ilumionate-ajbhadqlvcajfnbqievdybmttsdl/Build/Intermediates.noindex/Ilumionate.build/Debug-iphoneos/Ilumionate.build/Objects-normal/arm64/Ilumionate_const_extract_protocols.json -Xcc -iquote -Xcc /Users/byronquine/Library/Developer/Xcode/DerivedData/Ilumionate-ajbhadqlvcajfnbqievdybmttsdl/Build/Intermediates.noindex/Ilumionate.build/Debug-iphoneos/Ilumionate.build/Ilumionate-generated-files.hmap -Xcc -I/Users/byronquine/Library/Developer/Xcode/DerivedData/Ilumionate-ajbhadqlvcajfnbqievdybmttsdl/Build/Intermediates.noindex/Ilumionate.build/Debug-iphoneos/Ilumionate.build/Ilumionate-own-target-headers.hmap -Xcc -I/Users/byronquine/Library/Developer/Xcode/DerivedData/Ilumionate-ajbhadqlvcajfnbqievdybmttsdl/Build/Intermediates.noindex/Ilumionate.build/Debug-iphoneos/Ilumionate.build/Ilumionate-all-non-framework-target-headers.hmap -Xcc -ivfsoverlay -Xcc /Users/byronquine/Library/Developer/Xcode/DerivedData/Ilumionate-ajbhadqlvcajfnbqievdybmttsdl/Build/Intermediates.noindex/Ilumionate.build/Debug-iphoneos/Ilumionate-5c3c3b50c898bf098fe02e7cb6043ac3-VFS-iphoneos/all-product-headers.yaml -Xcc -iquote -Xcc /Users/byronquine/Library/Developer/Xcode/DerivedData/Ilumionate-ajbhadqlvcajfnbqievdybmttsdl/Build/Intermediates.noindex/Ilumionate.build/Debug-iphoneos/Ilumionate.build/Ilumionate-project-headers.hmap -Xcc -I/Users/byronquine/Library/Developer/Xcode/DerivedData/Ilumionate-ajbhadqlvcajfnbqievdybmttsdl/SourcePackages/checkouts/yyjson/src -Xcc -I/Users/byronquine/Library/Developer/Xcode/DerivedData/Ilumionate-ajbhadqlvcajfnbqievdybmttsdl/Build/Products/Debug-iphoneos/include -Xcc -I/Users/byronquine/Library/Developer/Xcode/DerivedData/Ilumionate-ajbhadqlvcajfnbqievdybmttsdl/Build/Intermediates.noindex/Ilumionate.build/Debug-iphoneos/Ilumionate.build/DerivedSources-normal/arm64 -Xcc -I/Users/byronquine/Library/Developer/Xcode/DerivedData/Ilumionate-ajbhadqlvcajfnbqievdybmttsdl/Build/Intermediates.noindex/Ilumionate.build/Debug-iphoneos/Ilumionate.build/DerivedSources/arm64 -Xcc -I/Users/byronquine/Library/Developer/Xcode/DerivedData/Ilumionate-ajbhadqlvcajfnbqievdybmttsdl/Build/Intermediates.noindex/Ilumionate.build/Debug-iphoneos/Ilumionate.build/DerivedSources -Xcc -DDEBUG\=1 -emit-objc-header -emit-objc-header-path /Users/byronquine/Library/Developer/Xcode/DerivedData/Ilumionate-ajbhadqlvcajfnbqievdybmttsdl/Build/Intermediates.noindex/Ilumionate.build/Debug-iphoneos/Ilumionate.build/Objects-normal/arm64/Ilumionate-Swift.h -working-directory /Users/byronquine/Documents/Programing/Swift/Practice/Ilumionate -experimental-emit-module-separately -disable-cmo

RegisterExecutionPolicyException /Users/byronquine/Library/Developer/Xcode/DerivedData/Ilumionate-ajbhadqlvcajfnbqievdybmttsdl/Build/Products/Debug-iphoneos/Tokenizers.o (in target 'Tokenizers' from project 'swift-transformers')
    cd /Users/byronquine/Library/Developer/Xcode/DerivedData/Ilumionate-ajbhadqlvcajfnbqievdybmttsdl/SourcePackages/checkouts/swift-transformers
    builtin-RegisterExecutionPolicyException /Users/byronquine/Library/Developer/Xcode/DerivedData/Ilumionate-ajbhadqlvcajfnbqievdybmttsdl/Build/Products/Debug-iphoneos/Tokenizers.o

SwiftDriverJobDiscovery normal arm64 Compiling Extensions+Internal.swift, Extensions+Public.swift (in target 'WhisperKit' from project 'whisperkit')

SwiftDriverJobDiscovery normal arm64 Compiling LogitsFilter.swift, SegmentSeeker.swift, TokenSampler.swift (in target 'WhisperKit' from project 'whisperkit')

SwiftExplicitDependencyGeneratePcm arm64 /Users/byronquine/Library/Developer/Xcode/DerivedData/Ilumionate-ajbhadqlvcajfnbqievdybmttsdl/Build/Intermediates.noindex/SwiftExplicitPrecompiledModules/yyjson-AQ1N41IRP9WT7V5NEABX3KB5N.pcm

SwiftDriverJobDiscovery normal arm64 Compiling AudioChunker.swift, AudioProcessor.swift, AudioStreamTranscriber.swift (in target 'WhisperKit' from project 'whisperkit')

SwiftEmitModule normal arm64 Emitting\ module\ for\ Ilumionate (in target 'Ilumionate' from project 'Ilumionate')

EmitSwiftModule normal arm64 (in target 'Ilumionate' from project 'Ilumionate')
    cd /Users/byronquine/Documents/Programing/Swift/Practice/Ilumionate
    
/Users/byronquine/Documents/Programing/Swift/Practice/Ilumionate/Ilumionate/AIContentAnalyzer.swift:140:17: warning: type 'LanguageModelSession.Response<AIAnalysisResponse>' does not conform to the 'Sendable' protocol; this is an error in the Swift 6 language mode
    private var currentTask: Task<LanguageModelSession.Response<AIAnalysisResponse>, Error>?
                ^
FoundationModels.LanguageModelSession.Response:5:38: note: generic struct 'Response' does not conform to the 'Sendable' protocol
  public struct LanguageModelSession.Response<Content> where Content : Generable {
                                     ^
/Users/byronquine/Documents/Programing/Swift/Practice/Ilumionate/Ilumionate/SessionGenerator.swift:24:44: warning: call to main actor-isolated initializer 'init()' in a synchronous nonisolated context
        nonisolated static let `default` = GenerationConfig()
                                           ^
/Users/byronquine/Documents/Programing/Swift/Practice/Ilumionate/Ilumionate/SessionGenerator.swift:16:12: note: calls to initializer 'init()' from outside of its actor context are implicitly asynchronous
    struct GenerationConfig {
           ^

SwiftCompile normal arm64 Compiling\ SessionGenerator.swift,\ SessionIntegrationTests.swift,\ SessionLibraryView.swift,\ SessionLockView.swift,\ SessionPlayerView.swift,\ SessionValidationExample.swift,\ SettingsView.swift /Users/byronquine/Documents/Programing/Swift/Practice/Ilumionate/Ilumionate/SessionGenerator.swift /Users/byronquine/Documents/Programing/Swift/Practice/Ilumionate/Ilumionate/SessionIntegrationTests.swift /Users/byronquine/Documents/Programing/Swift/Practice/Ilumionate/Ilumionate/SessionLibraryView.swift /Users/byronquine/Documents/Programing/Swift/Practice/Ilumionate/Ilumionate/SessionLockView.swift /Users/byronquine/Documents/Programing/Swift/Practice/Ilumionate/Ilumionate/SessionPlayerView.swift /Users/byronquine/Documents/Programing/Swift/Practice/Ilumionate/Ilumionate/SessionValidationExample.swift /Users/byronquine/Documents/Programing/Swift/Practice/Ilumionate/Ilumionate/SettingsView.swift (in target 'Ilumionate' from project 'Ilumionate')

SwiftCompile normal arm64 /Users/byronquine/Documents/Programing/Swift/Practice/Ilumionate/Ilumionate/SessionGenerator.swift (in target 'Ilumionate' from project 'Ilumionate')
    cd /Users/byronquine/Documents/Programing/Swift/Practice/Ilumionate
    
/Users/byronquine/Documents/Programing/Swift/Practice/Ilumionate/Ilumionate/SessionGenerator.swift:24:44: warning: call to main actor-isolated initializer 'init()' in a synchronous nonisolated context
        nonisolated static let `default` = GenerationConfig()
                                           ^
/Users/byronquine/Documents/Programing/Swift/Practice/Ilumionate/Ilumionate/SessionGenerator.swift:16:12: note: calls to initializer 'init()' from outside of its actor context are implicitly asynchronous
    struct GenerationConfig {
           ^

SwiftCompile normal arm64 /Users/byronquine/Documents/Programing/Swift/Practice/Ilumionate/Ilumionate/SessionIntegrationTests.swift (in target 'Ilumionate' from project 'Ilumionate')
    cd /Users/byronquine/Documents/Programing/Swift/Practice/Ilumionate
    

SwiftCompile normal arm64 /Users/byronquine/Documents/Programing/Swift/Practice/Ilumionate/Ilumionate/SessionLibraryView.swift (in target 'Ilumionate' from project 'Ilumionate')
    cd /Users/byronquine/Documents/Programing/Swift/Practice/Ilumionate
    

SwiftCompile normal arm64 /Users/byronquine/Documents/Programing/Swift/Practice/Ilumionate/Ilumionate/SessionLockView.swift (in target 'Ilumionate' from project 'Ilumionate')
    cd /Users/byronquine/Documents/Programing/Swift/Practice/Ilumionate
    

SwiftCompile normal arm64 /Users/byronquine/Documents/Programing/Swift/Practice/Ilumionate/Ilumionate/SessionPlayerView.swift (in target 'Ilumionate' from project 'Ilumionate')
    cd /Users/byronquine/Documents/Programing/Swift/Practice/Ilumionate
    
/Users/byronquine/Documents/Programing/Swift/Practice/Ilumionate/Ilumionate/SessionPlayerView.swift:254:24: warning: value 'audioFile' was defined but never used; consider replacing with boolean test
                if let audioFile = audioFile {
                   ~~~~^~~~~~~~~~~~
                                             != nil

SwiftCompile normal arm64 /Users/byronquine/Documents/Programing/Swift/Practice/Ilumionate/Ilumionate/SessionValidationExample.swift (in target 'Ilumionate' from project 'Ilumionate')
    cd /Users/byronquine/Documents/Programing/Swift/Practice/Ilumionate
    

SwiftCompile normal arm64 /Users/byronquine/Documents/Programing/Swift/Practice/Ilumionate/Ilumionate/SettingsView.swift (in target 'Ilumionate' from project 'Ilumionate')
    cd /Users/byronquine/Documents/Programing/Swift/Practice/Ilumionate
    

SwiftCompile normal arm64 Compiling\ IntensityDial.swift,\ LibraryCreatorsView.swift,\ LibraryFoldersView.swift,\ LibraryView.swift,\ LightEngineTests.swift,\ LightScorePlayer.swift,\ LightScoreReader.swift /Users/byronquine/Documents/Programing/Swift/Practice/Ilumionate/Ilumionate/IntensityDial.swift /Users/byronquine/Documents/Programing/Swift/Practice/Ilumionate/Ilumionate/LibraryCreatorsView.swift /Users/byronquine/Documents/Programing/Swift/Practice/Ilumionate/Ilumionate/LibraryFoldersView.swift /Users/byronquine/Documents/Programing/Swift/Practice/Ilumionate/Ilumionate/LibraryView.swift /Users/byronquine/Documents/Programing/Swift/Practice/Ilumionate/Ilumionate/LightEngineTests.swift /Users/byronquine/Documents/Programing/Swift/Practice/Ilumionate/Ilumionate/LightScorePlayer.swift /Users/byronquine/Documents/Programing/Swift/Practice/Ilumionate/Ilumionate/LightScoreReader.swift (in target 'Ilumionate' from project 'Ilumionate')

SwiftCompile normal arm64 /Users/byronquine/Documents/Programing/Swift/Practice/Ilumionate/Ilumionate/IntensityDial.swift (in target 'Ilumionate' from project 'Ilumionate')
    cd /Users/byronquine/Documents/Programing/Swift/Practice/Ilumionate
    

SwiftCompile normal arm64 /Users/byronquine/Documents/Programing/Swift/Practice/Ilumionate/Ilumionate/LibraryCreatorsView.swift (in target 'Ilumionate' from project 'Ilumionate')
    cd /Users/byronquine/Documents/Programing/Swift/Practice/Ilumionate
    

SwiftCompile normal arm64 /Users/byronquine/Documents/Programing/Swift/Practice/Ilumionate/Ilumionate/LibraryFoldersView.swift (in target 'Ilumionate' from project 'Ilumionate')
    cd /Users/byronquine/Documents/Programing/Swift/Practice/Ilumionate
    

SwiftCompile normal arm64 /Users/byronquine/Documents/Programing/Swift/Practice/Ilumionate/Ilumionate/LibraryView.swift (in target 'Ilumionate' from project 'Ilumionate')
    cd /Users/byronquine/Documents/Programing/Swift/Practice/Ilumionate
    

SwiftCompile normal arm64 /Users/byronquine/Documents/Programing/Swift/Practice/Ilumionate/Ilumionate/LightEngineTests.swift (in target 'Ilumionate' from project 'Ilumionate')
    cd /Users/byronquine/Documents/Programing/Swift/Practice/Ilumionate
    

SwiftCompile normal arm64 /Users/byronquine/Documents/Programing/Swift/Practice/Ilumionate/Ilumionate/LightScorePlayer.swift (in target 'Ilumionate' from project 'Ilumionate')
    cd /Users/byronquine/Documents/Programing/Swift/Practice/Ilumionate
    

SwiftCompile normal arm64 /Users/byronquine/Documents/Programing/Swift/Practice/Ilumionate/Ilumionate/LightScoreReader.swift (in target 'Ilumionate' from project 'Ilumionate')
    cd /Users/byronquine/Documents/Programing/Swift/Practice/Ilumionate
    

SwiftCompile normal arm64 Compiling\ AudioLightSyncPlayer.swift,\ OnboardingData.swift,\ AIContentAnalyzer.swift,\ AnalysisPreferences.swift,\ AnalysisProgressView.swift,\ AnalysisStateManager.swift,\ AnalysisStatusBar.swift /Users/byronquine/Documents/Programing/Swift/Practice/Ilumionate/AudioLightSyncPlayer.swift /Users/byronquine/Documents/Programing/Swift/Practice/Ilumionate/Ilumionate/Models/OnboardingData.swift /Users/byronquine/Documents/Programing/Swift/Practice/Ilumionate/Ilumionate/AIContentAnalyzer.swift /Users/byronquine/Documents/Programing/Swift/Practice/Ilumionate/Ilumionate/AnalysisPreferences.swift /Users/byronquine/Documents/Programing/Swift/Practice/Ilumionate/Ilumionate/AnalysisProgressView.swift /Users/byronquine/Documents/Programing/Swift/Practice/Ilumionate/Ilumionate/AnalysisStateManager.swift /Users/byronquine/Documents/Programing/Swift/Practice/Ilumionate/Ilumionate/AnalysisStatusBar.swift (in target 'Ilumionate' from project 'Ilumionate')

SwiftCompile normal arm64 /Users/byronquine/Documents/Programing/Swift/Practice/Ilumionate/AudioLightSyncPlayer.swift (in target 'Ilumionate' from project 'Ilumionate')
    cd /Users/byronquine/Documents/Programing/Swift/Practice/Ilumionate
    
/Users/byronquine/Documents/Programing/Swift/Practice/Ilumionate/AudioLightSyncPlayer.swift:247:34: warning: reference to captured var 'self' in concurrently-executing code; this is an error in the Swift 6 language mode
                guard let self = self else { return }
                                 ^

SwiftCompile normal arm64 /Users/byronquine/Documents/Programing/Swift/Practice/Ilumionate/Ilumionate/Models/OnboardingData.swift (in target 'Ilumionate' from project 'Ilumionate')
    cd /Users/byronquine/Documents/Programing/Swift/Practice/Ilumionate
    

SwiftCompile normal arm64 /Users/byronquine/Documents/Programing/Swift/Practice/Ilumionate/Ilumionate/AIContentAnalyzer.swift (in target 'Ilumionate' from project 'Ilumionate')
    cd /Users/byronquine/Documents/Programing/Swift/Practice/Ilumionate
    
/Users/byronquine/Documents/Programing/Swift/Practice/Ilumionate/Ilumionate/AIContentAnalyzer.swift:140:17: warning: type 'LanguageModelSession.Response<AIAnalysisResponse>' does not conform to the 'Sendable' protocol; this is an error in the Swift 6 language mode
    private var currentTask: Task<LanguageModelSession.Response<AIAnalysisResponse>, Error>?
                ^
FoundationModels.LanguageModelSession.Response:5:38: note: generic struct 'Response' does not conform to the 'Sendable' protocol
  public struct LanguageModelSession.Response<Content> where Content : Generable {
                                     ^
/Users/byronquine/Documents/Programing/Swift/Practice/Ilumionate/Ilumionate/AIContentAnalyzer.swift:205:23: warning: type 'LanguageModelSession.Response<AIAnalysisResponse>' does not conform to the 'Sendable' protocol; this is an error in the Swift 6 language mode
        currentTask = Task {
                      ^
FoundationModels.LanguageModelSession.Response:5:38: note: generic struct 'Response' does not conform to the 'Sendable' protocol
  public struct LanguageModelSession.Response<Content> where Content : Generable {
                                     ^
/Users/byronquine/Documents/Programing/Swift/Practice/Ilumionate/Ilumionate/AIContentAnalyzer.swift:205:23: warning: type 'LanguageModelSession.Response<AIAnalysisResponse>' does not conform to the 'Sendable' protocol; this is an error in the Swift 6 language mode
        currentTask = Task {
                      ^
FoundationModels.LanguageModelSession.Response:5:38: note: generic struct 'Response' does not conform to the 'Sendable' protocol
  public struct LanguageModelSession.Response<Content> where Content : Generable {
                                     ^
/Users/byronquine/Documents/Programing/Swift/Practice/Ilumionate/Ilumionate/AIContentAnalyzer.swift:209:47: warning: type 'LanguageModelSession.Response<AIAnalysisResponse>' does not conform to the 'Sendable' protocol; this is an error in the Swift 6 language mode
        let response = try await currentTask!.value
                                              ^
FoundationModels.LanguageModelSession.Response:5:38: note: generic struct 'Response' does not conform to the 'Sendable' protocol
  public struct LanguageModelSession.Response<Content> where Content : Generable {
                                     ^
/Users/byronquine/Documents/Programing/Swift/Practice/Ilumionate/Ilumionate/AIContentAnalyzer.swift:209:34: warning: non-Sendable type 'Task<LanguageModelSession.Response<AIAnalysisResponse>, any Error>' cannot exit actor-isolated context in call to nonisolated property 'value'; this is an error in the Swift 6 language mode
        let response = try await currentTask!.value
                                 ^
FoundationModels.LanguageModelSession.Response:5:38: note: generic struct 'Response' does not conform to the 'Sendable' protocol
  public struct LanguageModelSession.Response<Content> where Content : Generable {
                                     ^
/Users/byronquine/Documents/Programing/Swift/Practice/Ilumionate/Ilumionate/AIContentAnalyzer.swift:209:47: warning: non-Sendable type 'LanguageModelSession.Response<AIAnalysisResponse>' of nonisolated property 'value' cannot be sent to actor-isolated context; this is an error in the Swift 6 language mode
        let response = try await currentTask!.value
                                              ^
FoundationModels.LanguageModelSession.Response:5:38: note: generic struct 'Response' does not conform to the 'Sendable' protocol
  public struct LanguageModelSession.Response<Content> where Content : Generable {
                                     ^
/Users/byronquine/Documents/Programing/Swift/Practice/Ilumionate/Ilumionate/AIContentAnalyzer.swift:257:23: warning: type 'LanguageModelSession.Response<AIAnalysisResponse>' does not conform to the 'Sendable' protocol; this is an error in the Swift 6 language mode
        currentTask = Task {
                      ^
FoundationModels.LanguageModelSession.Response:5:38: note: generic struct 'Response' does not conform to the 'Sendable' protocol
  public struct LanguageModelSession.Response<Content> where Content : Generable {
                                     ^
/Users/byronquine/Documents/Programing/Swift/Practice/Ilumionate/Ilumionate/AIContentAnalyzer.swift:257:23: warning: type 'LanguageModelSession.Response<AIAnalysisResponse>' does not conform to the 'Sendable' protocol; this is an error in the Swift 6 language mode
        currentTask = Task {
                      ^
FoundationModels.LanguageModelSession.Response:5:38: note: generic struct 'Response' does not conform to the 'Sendable' protocol
  public struct LanguageModelSession.Response<Content> where Content : Generable {
                                     ^
/Users/byronquine/Documents/Programing/Swift/Practice/Ilumionate/Ilumionate/AIContentAnalyzer.swift:261:47: warning: type 'LanguageModelSession.Response<AIAnalysisResponse>' does not conform to the 'Sendable' protocol; this is an error in the Swift 6 language mode
        let response = try await currentTask!.value
                                              ^
FoundationModels.LanguageModelSession.Response:5:38: note: generic struct 'Response' does not conform to the 'Sendable' protocol
  public struct LanguageModelSession.Response<Content> where Content : Generable {
                                     ^
/Users/byronquine/Documents/Programing/Swift/Practice/Ilumionate/Ilumionate/AIContentAnalyzer.swift:261:34: warning: non-Sendable type 'Task<LanguageModelSession.Response<AIAnalysisResponse>, any Error>' cannot exit actor-isolated context in call to nonisolated property 'value'; this is an error in the Swift 6 language mode
        let response = try await currentTask!.value
                                 ^
FoundationModels.LanguageModelSession.Response:5:38: note: generic struct 'Response' does not conform to the 'Sendable' protocol
  public struct LanguageModelSession.Response<Content> where Content : Generable {
                                     ^
/Users/byronquine/Documents/Programing/Swift/Practice/Ilumionate/Ilumionate/AIContentAnalyzer.swift:261:47: warning: non-Sendable type 'LanguageModelSession.Response<AIAnalysisResponse>' of nonisolated property 'value' cannot be sent to actor-isolated context; this is an error in the Swift 6 language mode
        let response = try await currentTask!.value
                                              ^
FoundationModels.LanguageModelSession.Response:5:38: note: generic struct 'Response' does not conform to the 'Sendable' protocol
  public struct LanguageModelSession.Response<Content> where Content : Generable {
                                     ^
/Users/byronquine/Documents/Programing/Swift/Practice/Ilumionate/Ilumionate/AIContentAnalyzer.swift:344:22: warning: type 'LanguageModelSession.Response<AIAnalysisResponse>' does not conform to the 'Sendable' protocol; this is an error in the Swift 6 language mode
        currentTask?.cancel()
                     ^
FoundationModels.LanguageModelSession.Response:5:38: note: generic struct 'Response' does not conform to the 'Sendable' protocol
  public struct LanguageModelSession.Response<Content> where Content : Generable {
                                     ^

SwiftCompile normal arm64 /Users/byronquine/Documents/Programing/Swift/Practice/Ilumionate/Ilumionate/AnalysisPreferences.swift (in target 'Ilumionate' from project 'Ilumionate')
    cd /Users/byronquine/Documents/Programing/Swift/Practice/Ilumionate
    

SwiftCompile normal arm64 /Users/byronquine/Documents/Programing/Swift/Practice/Ilumionate/Ilumionate/AnalysisProgressView.swift (in target 'Ilumionate' from project 'Ilumionate')
    cd /Users/byronquine/Documents/Programing/Swift/Practice/Ilumionate
    

SwiftCompile normal arm64 /Users/byronquine/Documents/Programing/Swift/Practice/Ilumionate/Ilumionate/AnalysisStateManager.swift (in target 'Ilumionate' from project 'Ilumionate')
    cd /Users/byronquine/Documents/Programing/Swift/Practice/Ilumionate
    

SwiftCompile normal arm64 /Users/byronquine/Documents/Programing/Swift/Practice/Ilumionate/Ilumionate/AnalysisStatusBar.swift (in target 'Ilumionate' from project 'Ilumionate')
    cd /Users/byronquine/Documents/Programing/Swift/Practice/Ilumionate
    

SwiftCompile normal arm64 Compiling\ AnalyzerView.swift,\ AudioAnalyzer.swift,\ AudioAnalyzerView.swift,\ AudioEnergyAnalyzer.swift,\ AudioFile.swift,\ AudioLibraryView.swift,\ AudioManager.swift /Users/byronquine/Documents/Programing/Swift/Practice/Ilumionate/Ilumionate/AnalyzerView.swift /Users/byronquine/Documents/Programing/Swift/Practice/Ilumionate/Ilumionate/AudioAnalyzer.swift /Users/byronquine/Documents/Programing/Swift/Practice/Ilumionate/Ilumionate/AudioAnalyzerView.swift /Users/byronquine/Documents/Programing/Swift/Practice/Ilumionate/Ilumionate/AudioEnergyAnalyzer.swift /Users/byronquine/Documents/Programing/Swift/Practice/Ilumionate/Ilumionate/AudioFile.swift /Users/byronquine/Documents/Programing/Swift/Practice/Ilumionate/Ilumionate/AudioLibraryView.swift /Users/byronquine/Documents/Programing/Swift/Practice/Ilumionate/Ilumionate/AudioManager.swift (in target 'Ilumionate' from project 'Ilumionate')

SwiftCompile normal arm64 /Users/byronquine/Documents/Programing/Swift/Practice/Ilumionate/Ilumionate/AnalyzerView.swift (in target 'Ilumionate' from project 'Ilumionate')
    cd /Users/byronquine/Documents/Programing/Swift/Practice/Ilumionate
    
/Users/byronquine/Documents/Programing/Swift/Practice/Ilumionate/Ilumionate/AudioAnalyzer.swift:208:13: warning: call to main actor-isolated initializer 'init(id:text:timestamp:duration:confidence:)' in a synchronous nonisolated context
            AudioTranscriptionSegment(
            ^
/Users/byronquine/Documents/Programing/Swift/Practice/Ilumionate/Ilumionate/AudioAnalyzer.swift:271:5: note: calls to initializer 'init(id:text:timestamp:duration:confidence:)' from outside of its actor context are implicitly asynchronous
    init(id: UUID = UUID(), text: String, timestamp: TimeInterval, duration: TimeInterval, confidence: Double) {
    ^
/Users/byronquine/Documents/Programing/Swift/Practice/Ilumionate/Ilumionate/AudioAnalyzer.swift:171:47: warning: main actor-isolated property 'url' cannot be accessed from outside of the actor; this is an error in the Swift 6 language mode
        let asset = AVURLAsset(url: audioFile.url)
                    ~~~~~~~~~~~~~~~~~~~~~~~~~~^~~~
                    await 
/Users/byronquine/Documents/Programing/Swift/Practice/Ilumionate/Ilumionate/AudioAnalyzer.swift:218:22: warning: main actor-isolated initializer 'init(fullText:segments:duration:locale:)' cannot be called from outside of the actor; this is an error in the Swift 6 language mode
        let result = AudioTranscriptionResult(
                     ^~~~~~~~~~~~~~~~~~~~~~~~~
                     await 
/Users/byronquine/Documents/Programing/Swift/Practice/Ilumionate/Ilumionate/AudioAnalyzer.swift:226:66: warning: main actor-isolated property 'wordCount' cannot be accessed from outside of the actor; this is an error in the Swift 6 language mode
        print("📊 Segments: \(segments.count), Words: \(result.wordCount)")

SwiftCompile normal arm64 /Users/byronquine/Documents/Programing/Swift/Practice/Ilumionate/Ilumionate/AudioAnalyzer.swift (in target 'Ilumionate' from project 'Ilumionate')
    cd /Users/byronquine/Documents/Programing/Swift/Practice/Ilumionate
    
/Users/byronquine/Documents/Programing/Swift/Practice/Ilumionate/Ilumionate/AudioAnalyzer.swift:208:13: warning: call to main actor-isolated initializer 'init(id:text:timestamp:duration:confidence:)' in a synchronous nonisolated context
            AudioTranscriptionSegment(
            ^
/Users/byronquine/Documents/Programing/Swift/Practice/Ilumionate/Ilumionate/AudioAnalyzer.swift:271:5: note: calls to initializer 'init(id:text:timestamp:duration:confidence:)' from outside of its actor context are implicitly asynchronous
    init(id: UUID = UUID(), text: String, timestamp: TimeInterval, duration: TimeInterval, confidence: Double) {
    ^
/Users/byronquine/Documents/Programing/Swift/Practice/Ilumionate/Ilumionate/AudioAnalyzer.swift:171:47: warning: main actor-isolated property 'url' cannot be accessed from outside of the actor; this is an error in the Swift 6 language mode
        let asset = AVURLAsset(url: audioFile.url)
                    ~~~~~~~~~~~~~~~~~~~~~~~~~~^~~~
                    await 
/Users/byronquine/Documents/Programing/Swift/Practice/Ilumionate/Ilumionate/AudioAnalyzer.swift:218:22: warning: main actor-isolated initializer 'init(fullText:segments:duration:locale:)' cannot be called from outside of the actor; this is an error in the Swift 6 language mode
        let result = AudioTranscriptionResult(
                     ^~~~~~~~~~~~~~~~~~~~~~~~~
                     await 
/Users/byronquine/Documents/Programing/Swift/Practice/Ilumionate/Ilumionate/AudioAnalyzer.swift:226:66: warning: main actor-isolated property 'wordCount' cannot be accessed from outside of the actor; this is an error in the Swift 6 language mode
        print("📊 Segments: \(segments.count), Words: \(result.wordCount)")

SwiftCompile normal arm64 /Users/byronquine/Documents/Programing/Swift/Practice/Ilumionate/Ilumionate/AudioAnalyzerView.swift (in target 'Ilumionate' from project 'Ilumionate')
    cd /Users/byronquine/Documents/Programing/Swift/Practice/Ilumionate
    
/Users/byronquine/Documents/Programing/Swift/Practice/Ilumionate/Ilumionate/AudioAnalyzer.swift:208:13: warning: call to main actor-isolated initializer 'init(id:text:timestamp:duration:confidence:)' in a synchronous nonisolated context
            AudioTranscriptionSegment(
            ^
/Users/byronquine/Documents/Programing/Swift/Practice/Ilumionate/Ilumionate/AudioAnalyzer.swift:271:5: note: calls to initializer 'init(id:text:timestamp:duration:confidence:)' from outside of its actor context are implicitly asynchronous
    init(id: UUID = UUID(), text: String, timestamp: TimeInterval, duration: TimeInterval, confidence: Double) {
    ^
/Users/byronquine/Documents/Programing/Swift/Practice/Ilumionate/Ilumionate/AudioAnalyzer.swift:171:47: warning: main actor-isolated property 'url' cannot be accessed from outside of the actor; this is an error in the Swift 6 language mode
        let asset = AVURLAsset(url: audioFile.url)
                    ~~~~~~~~~~~~~~~~~~~~~~~~~~^~~~
                    await 
/Users/byronquine/Documents/Programing/Swift/Practice/Ilumionate/Ilumionate/AudioAnalyzer.swift:218:22: warning: main actor-isolated initializer 'init(fullText:segments:duration:locale:)' cannot be called from outside of the actor; this is an error in the Swift 6 language mode
        let result = AudioTranscriptionResult(
                     ^~~~~~~~~~~~~~~~~~~~~~~~~
                     await 
/Users/byronquine/Documents/Programing/Swift/Practice/Ilumionate/Ilumionate/AudioAnalyzer.swift:226:66: warning: main actor-isolated property 'wordCount' cannot be accessed from outside of the actor; this is an error in the Swift 6 language mode
        print("📊 Segments: \(segments.count), Words: \(result.wordCount)")

SwiftCompile normal arm64 /Users/byronquine/Documents/Programing/Swift/Practice/Ilumionate/Ilumionate/AudioEnergyAnalyzer.swift (in target 'Ilumionate' from project 'Ilumionate')
    cd /Users/byronquine/Documents/Programing/Swift/Practice/Ilumionate
    
/Users/byronquine/Documents/Programing/Swift/Practice/Ilumionate/Ilumionate/AudioAnalyzer.swift:208:13: warning: call to main actor-isolated initializer 'init(id:text:timestamp:duration:confidence:)' in a synchronous nonisolated context
            AudioTranscriptionSegment(
            ^
/Users/byronquine/Documents/Programing/Swift/Practice/Ilumionate/Ilumionate/AudioAnalyzer.swift:271:5: note: calls to initializer 'init(id:text:timestamp:duration:confidence:)' from outside of its actor context are implicitly asynchronous
    init(id: UUID = UUID(), text: String, timestamp: TimeInterval, duration: TimeInterval, confidence: Double) {
    ^
/Users/byronquine/Documents/Programing/Swift/Practice/Ilumionate/Ilumionate/AudioAnalyzer.swift:171:47: warning: main actor-isolated property 'url' cannot be accessed from outside of the actor; this is an error in the Swift 6 language mode
        let asset = AVURLAsset(url: audioFile.url)
                    ~~~~~~~~~~~~~~~~~~~~~~~~~~^~~~
                    await 
/Users/byronquine/Documents/Programing/Swift/Practice/Ilumionate/Ilumionate/AudioAnalyzer.swift:218:22: warning: main actor-isolated initializer 'init(fullText:segments:duration:locale:)' cannot be called from outside of the actor; this is an error in the Swift 6 language mode
        let result = AudioTranscriptionResult(
                     ^~~~~~~~~~~~~~~~~~~~~~~~~
                     await 
/Users/byronquine/Documents/Programing/Swift/Practice/Ilumionate/Ilumionate/AudioAnalyzer.swift:226:66: warning: main actor-isolated property 'wordCount' cannot be accessed from outside of the actor; this is an error in the Swift 6 language mode
        print("📊 Segments: \(segments.count), Words: \(result.wordCount)")
/Users/byronquine/Documents/Programing/Swift/Practice/Ilumionate/Ilumionate/AudioEnergyAnalyzer.swift:72:26: warning: call to main actor-isolated instance method 'scanEdge(buffer:windowFrames:config:fromEnd:)' in a synchronous nonisolated context
        let headResult = scanEdge(buffer: headBuffer, windowFrames: windowFrames,
                         ^
/Users/byronquine/Documents/Programing/Swift/Practice/Ilumionate/Ilumionate/AudioEnergyAnalyzer.swift:106:18: note: calls to instance method 'scanEdge(buffer:windowFrames:config:fromEnd:)' from outside of its actor context are implicitly asynchronous
    private func scanEdge(
                 ^
/Users/byronquine/Documents/Programing/Swift/Practice/Ilumionate/Ilumionate/AudioEnergyAnalyzer.swift:80:26: warning: call to main actor-isolated instance method 'scanEdge(buffer:windowFrames:config:fromEnd:)' in a synchronous nonisolated context
        let tailResult = scanEdge(buffer: tailBuffer, windowFrames: windowFrames,
                         ^
/Users/byronquine/Documents/Programing/Swift/Practice/Ilumionate/Ilumionate/AudioEnergyAnalyzer.swift:106:18: note: calls to instance method 'scanEdge(buffer:windowFrames:config:fromEnd:)' from outside of its actor context are implicitly asynchronous
    private func scanEdge(
                 ^

SwiftCompile normal arm64 /Users/byronquine/Documents/Programing/Swift/Practice/Ilumionate/Ilumionate/AudioFile.swift (in target 'Ilumionate' from project 'Ilumionate')
    cd /Users/byronquine/Documents/Programing/Swift/Practice/Ilumionate
    
/Users/byronquine/Documents/Programing/Swift/Practice/Ilumionate/Ilumionate/AudioAnalyzer.swift:208:13: warning: call to main actor-isolated initializer 'init(id:text:timestamp:duration:confidence:)' in a synchronous nonisolated context
            AudioTranscriptionSegment(
            ^
/Users/byronquine/Documents/Programing/Swift/Practice/Ilumionate/Ilumionate/AudioAnalyzer.swift:271:5: note: calls to initializer 'init(id:text:timestamp:duration:confidence:)' from outside of its actor context are implicitly asynchronous
    init(id: UUID = UUID(), text: String, timestamp: TimeInterval, duration: TimeInterval, confidence: Double) {
    ^
/Users/byronquine/Documents/Programing/Swift/Practice/Ilumionate/Ilumionate/AudioAnalyzer.swift:171:47: warning: main actor-isolated property 'url' cannot be accessed from outside of the actor; this is an error in the Swift 6 language mode
        let asset = AVURLAsset(url: audioFile.url)
                    ~~~~~~~~~~~~~~~~~~~~~~~~~~^~~~
                    await 
/Users/byronquine/Documents/Programing/Swift/Practice/Ilumionate/Ilumionate/AudioAnalyzer.swift:218:22: warning: main actor-isolated initializer 'init(fullText:segments:duration:locale:)' cannot be called from outside of the actor; this is an error in the Swift 6 language mode
        let result = AudioTranscriptionResult(
                     ^~~~~~~~~~~~~~~~~~~~~~~~~
                     await 
/Users/byronquine/Documents/Programing/Swift/Practice/Ilumionate/Ilumionate/AudioAnalyzer.swift:226:66: warning: main actor-isolated property 'wordCount' cannot be accessed from outside of the actor; this is an error in the Swift 6 language mode
        print("📊 Segments: \(segments.count), Words: \(result.wordCount)")

SwiftCompile normal arm64 /Users/byronquine/Documents/Programing/Swift/Practice/Ilumionate/Ilumionate/AudioLibraryView.swift (in target 'Ilumionate' from project 'Ilumionate')
    cd /Users/byronquine/Documents/Programing/Swift/Practice/Ilumionate
    
/Users/byronquine/Documents/Programing/Swift/Practice/Ilumionate/Ilumionate/AudioAnalyzer.swift:208:13: warning: call to main actor-isolated initializer 'init(id:text:timestamp:duration:confidence:)' in a synchronous nonisolated context
            AudioTranscriptionSegment(
            ^
/Users/byronquine/Documents/Programing/Swift/Practice/Ilumionate/Ilumionate/AudioAnalyzer.swift:271:5: note: calls to initializer 'init(id:text:timestamp:duration:confidence:)' from outside of its actor context are implicitly asynchronous
    init(id: UUID = UUID(), text: String, timestamp: TimeInterval, duration: TimeInterval, confidence: Double) {
    ^
/Users/byronquine/Documents/Programing/Swift/Practice/Ilumionate/Ilumionate/AudioAnalyzer.swift:171:47: warning: main actor-isolated property 'url' cannot be accessed from outside of the actor; this is an error in the Swift 6 language mode
        let asset = AVURLAsset(url: audioFile.url)
                    ~~~~~~~~~~~~~~~~~~~~~~~~~~^~~~
                    await 
/Users/byronquine/Documents/Programing/Swift/Practice/Ilumionate/Ilumionate/AudioAnalyzer.swift:218:22: warning: main actor-isolated initializer 'init(fullText:segments:duration:locale:)' cannot be called from outside of the actor; this is an error in the Swift 6 language mode
        let result = AudioTranscriptionResult(
                     ^~~~~~~~~~~~~~~~~~~~~~~~~
                     await 
/Users/byronquine/Documents/Programing/Swift/Practice/Ilumionate/Ilumionate/AudioAnalyzer.swift:226:66: warning: main actor-isolated property 'wordCount' cannot be accessed from outside of the actor; this is an error in the Swift 6 language mode
        print("📊 Segments: \(segments.count), Words: \(result.wordCount)")

SwiftCompile normal arm64 /Users/byronquine/Documents/Programing/Swift/Practice/Ilumionate/Ilumionate/AudioManager.swift (in target 'Ilumionate' from project 'Ilumionate')
    cd /Users/byronquine/Documents/Programing/Swift/Practice/Ilumionate
    
/Users/byronquine/Documents/Programing/Swift/Practice/Ilumionate/Ilumionate/AudioAnalyzer.swift:208:13: warning: call to main actor-isolated initializer 'init(id:text:timestamp:duration:confidence:)' in a synchronous nonisolated context
            AudioTranscriptionSegment(
            ^
/Users/byronquine/Documents/Programing/Swift/Practice/Ilumionate/Ilumionate/AudioAnalyzer.swift:271:5: note: calls to initializer 'init(id:text:timestamp:duration:confidence:)' from outside of its actor context are implicitly asynchronous
    init(id: UUID = UUID(), text: String, timestamp: TimeInterval, duration: TimeInterval, confidence: Double) {
    ^
/Users/byronquine/Documents/Programing/Swift/Practice/Ilumionate/Ilumionate/AudioAnalyzer.swift:171:47: warning: main actor-isolated property 'url' cannot be accessed from outside of the actor; this is an error in the Swift 6 language mode
        let asset = AVURLAsset(url: audioFile.url)
                    ~~~~~~~~~~~~~~~~~~~~~~~~~~^~~~
                    await 
/Users/byronquine/Documents/Programing/Swift/Practice/Ilumionate/Ilumionate/AudioAnalyzer.swift:218:22: warning: main actor-isolated initializer 'init(fullText:segments:duration:locale:)' cannot be called from outside of the actor; this is an error in the Swift 6 language mode
        let result = AudioTranscriptionResult(
                     ^~~~~~~~~~~~~~~~~~~~~~~~~
                     await 
/Users/byronquine/Documents/Programing/Swift/Practice/Ilumionate/Ilumionate/AudioAnalyzer.swift:226:66: warning: main actor-isolated property 'wordCount' cannot be accessed from outside of the actor; this is an error in the Swift 6 language mode
        print("📊 Segments: \(segments.count), Words: \(result.wordCount)")

SwiftCompile normal arm64 Compiling\ AudioScrubber.swift,\ AudioSyncController.swift,\ CategoryIcon.swift,\ Color+Extensions.swift,\ ContentView.swift,\ CTAButton.swift,\ EngineLightEngine.swift /Users/byronquine/Documents/Programing/Swift/Practice/Ilumionate/Ilumionate/AudioScrubber.swift /Users/byronquine/Documents/Programing/Swift/Practice/Ilumionate/Ilumionate/AudioSyncController.swift /Users/byronquine/Documents/Programing/Swift/Practice/Ilumionate/Ilumionate/CategoryIcon.swift /Users/byronquine/Documents/Programing/Swift/Practice/Ilumionate/Ilumionate/Color+Extensions.swift /Users/byronquine/Documents/Programing/Swift/Practice/Ilumionate/Ilumionate/ContentView.swift /Users/byronquine/Documents/Programing/Swift/Practice/Ilumionate/Ilumionate/CTAButton.swift /Users/byronquine/Documents/Programing/Swift/Practice/Ilumionate/Ilumionate/EngineLightEngine.swift (in target 'Ilumionate' from project 'Ilumionate')

SwiftCompile normal arm64 /Users/byronquine/Documents/Programing/Swift/Practice/Ilumionate/Ilumionate/AudioScrubber.swift (in target 'Ilumionate' from project 'Ilumionate')
    cd /Users/byronquine/Documents/Programing/Swift/Practice/Ilumionate
    

SwiftCompile normal arm64 /Users/byronquine/Documents/Programing/Swift/Practice/Ilumionate/Ilumionate/AudioSyncController.swift (in target 'Ilumionate' from project 'Ilumionate')
    cd /Users/byronquine/Documents/Programing/Swift/Practice/Ilumionate
    

SwiftCompile normal arm64 /Users/byronquine/Documents/Programing/Swift/Practice/Ilumionate/Ilumionate/CategoryIcon.swift (in target 'Ilumionate' from project 'Ilumionate')
    cd /Users/byronquine/Documents/Programing/Swift/Practice/Ilumionate
    

SwiftCompile normal arm64 /Users/byronquine/Documents/Programing/Swift/Practice/Ilumionate/Ilumionate/Color+Extensions.swift (in target 'Ilumionate' from project 'Ilumionate')
    cd /Users/byronquine/Documents/Programing/Swift/Practice/Ilumionate
    

SwiftCompile normal arm64 /Users/byronquine/Documents/Programing/Swift/Practice/Ilumionate/Ilumionate/ContentView.swift (in target 'Ilumionate' from project 'Ilumionate')
    cd /Users/byronquine/Documents/Programing/Swift/Practice/Ilumionate
    

SwiftCompile normal arm64 /Users/byronquine/Documents/Programing/Swift/Practice/Ilumionate/Ilumionate/CTAButton.swift (in target 'Ilumionate' from project 'Ilumionate')
    cd /Users/byronquine/Documents/Programing/Swift/Practice/Ilumionate
    

SwiftCompile normal arm64 /Users/byronquine/Documents/Programing/Swift/Practice/Ilumionate/Ilumionate/EngineLightEngine.swift (in target 'Ilumionate' from project 'Ilumionate')
    cd /Users/byronquine/Documents/Programing/Swift/Practice/Ilumionate
    

SwiftCompile normal arm64 Compiling\ ProgressRingView.swift,\ PulseOrb.swift,\ QueueManagementView.swift,\ SafeAuraBackground.swift,\ SafeColorCreation.swift,\ SessionDiagnostics.swift,\ SessionGenerationView.swift /Users/byronquine/Documents/Programing/Swift/Practice/Ilumionate/Ilumionate/ProgressRingView.swift /Users/byronquine/Documents/Programing/Swift/Practice/Ilumionate/Ilumionate/PulseOrb.swift /Users/byronquine/Documents/Programing/Swift/Practice/Ilumionate/Ilumionate/QueueManagementView.swift /Users/byronquine/Documents/Programing/Swift/Practice/Ilumionate/Ilumionate/SafeAuraBackground.swift /Users/byronquine/Documents/Programing/Swift/Practice/Ilumionate/Ilumionate/SafeColorCreation.swift /Users/byronquine/Documents/Programing/Swift/Practice/Ilumionate/Ilumionate/SessionDiagnostics.swift /Users/byronquine/Documents/Programing/Swift/Practice/Ilumionate/Ilumionate/SessionGenerationView.swift (in target 'Ilumionate' from project 'Ilumionate')

SwiftCompile normal arm64 /Users/byronquine/Documents/Programing/Swift/Practice/Ilumionate/Ilumionate/ProgressRingView.swift (in target 'Ilumionate' from project 'Ilumionate')
    cd /Users/byronquine/Documents/Programing/Swift/Practice/Ilumionate
    

SwiftCompile normal arm64 /Users/byronquine/Documents/Programing/Swift/Practice/Ilumionate/Ilumionate/PulseOrb.swift (in target 'Ilumionate' from project 'Ilumionate')
    cd /Users/byronquine/Documents/Programing/Swift/Practice/Ilumionate
    

SwiftCompile normal arm64 /Users/byronquine/Documents/Programing/Swift/Practice/Ilumionate/Ilumionate/QueueManagementView.swift (in target 'Ilumionate' from project 'Ilumionate')
    cd /Users/byronquine/Documents/Programing/Swift/Practice/Ilumionate
    

SwiftCompile normal arm64 /Users/byronquine/Documents/Programing/Swift/Practice/Ilumionate/Ilumionate/SafeAuraBackground.swift (in target 'Ilumionate' from project 'Ilumionate')
    cd /Users/byronquine/Documents/Programing/Swift/Practice/Ilumionate
    

SwiftCompile normal arm64 /Users/byronquine/Documents/Programing/Swift/Practice/Ilumionate/Ilumionate/SafeColorCreation.swift (in target 'Ilumionate' from project 'Ilumionate')
    cd /Users/byronquine/Documents/Programing/Swift/Practice/Ilumionate
    

SwiftCompile normal arm64 /Users/byronquine/Documents/Programing/Swift/Practice/Ilumionate/Ilumionate/SessionDiagnostics.swift (in target 'Ilumionate' from project 'Ilumionate')
    cd /Users/byronquine/Documents/Programing/Swift/Practice/Ilumionate
    

SwiftCompile normal arm64 /Users/byronquine/Documents/Programing/Swift/Practice/Ilumionate/Ilumionate/SessionGenerationView.swift (in target 'Ilumionate' from project 'Ilumionate')
    cd /Users/byronquine/Documents/Programing/Swift/Practice/Ilumionate
    

SwiftDriverJobDiscovery normal arm64 Compiling WhisperKit.swift, Concurrency.swift (in target 'WhisperKit' from project 'whisperkit')

SwiftCompile normal arm64 Compiling\ PlaylistLibraryView.swift,\ PlaylistEditorView.swift,\ PlaylistPlayerView.swift,\ Playlist.swift,\ PlaylistPlayerController.swift,\ GeneratedAssetSymbols.swift /Users/byronquine/Documents/Programing/Swift/Practice/Ilumionate/PlaylistLibraryView.swift /Users/byronquine/Documents/Programing/Swift/Practice/Ilumionate/PlaylistEditorView.swift /Users/byronquine/Documents/Programing/Swift/Practice/Ilumionate/PlaylistPlayerView.swift /Users/byronquine/Documents/Programing/Swift/Practice/Ilumionate/Playlist.swift /Users/byronquine/Documents/Programing/Swift/Practice/Ilumionate/PlaylistPlayerController.swift /Users/byronquine/Library/Developer/Xcode/DerivedData/Ilumionate-ajbhadqlvcajfnbqievdybmttsdl/Build/Intermediates.noindex/Ilumionate.build/Debug-iphoneos/Ilumionate.build/DerivedSources/GeneratedAssetSymbols.swift (in target 'Ilumionate' from project 'Ilumionate')

SwiftCompile normal arm64 /Users/byronquine/Documents/Programing/Swift/Practice/Ilumionate/PlaylistLibraryView.swift (in target 'Ilumionate' from project 'Ilumionate')
    cd /Users/byronquine/Documents/Programing/Swift/Practice/Ilumionate
    

SwiftCompile normal arm64 /Users/byronquine/Documents/Programing/Swift/Practice/Ilumionate/PlaylistEditorView.swift (in target 'Ilumionate' from project 'Ilumionate')
    cd /Users/byronquine/Documents/Programing/Swift/Practice/Ilumionate
    

SwiftCompile normal arm64 /Users/byronquine/Documents/Programing/Swift/Practice/Ilumionate/PlaylistPlayerView.swift (in target 'Ilumionate' from project 'Ilumionate')
    cd /Users/byronquine/Documents/Programing/Swift/Practice/Ilumionate
    

SwiftCompile normal arm64 /Users/byronquine/Documents/Programing/Swift/Practice/Ilumionate/Playlist.swift (in target 'Ilumionate' from project 'Ilumionate')
    cd /Users/byronquine/Documents/Programing/Swift/Practice/Ilumionate
    

SwiftCompile normal arm64 /Users/byronquine/Documents/Programing/Swift/Practice/Ilumionate/PlaylistPlayerController.swift (in target 'Ilumionate' from project 'Ilumionate')
    cd /Users/byronquine/Documents/Programing/Swift/Practice/Ilumionate
    
/Users/byronquine/Documents/Programing/Swift/Practice/Ilumionate/PlaylistPlayerController.swift:214:28: warning: main actor-isolated initializer 'init()' cannot be called from outside of the actor; this is an error in the Swift 6 language mode
            let analyzer = AudioEnergyAnalyzer()
                           ^~~~~~~~~~~~~~~~~~~~~
                           await 

SwiftCompile normal arm64 /Users/byronquine/Library/Developer/Xcode/DerivedData/Ilumionate-ajbhadqlvcajfnbqievdybmttsdl/Build/Intermediates.noindex/Ilumionate.build/Debug-iphoneos/Ilumionate.build/DerivedSources/GeneratedAssetSymbols.swift (in target 'Ilumionate' from project 'Ilumionate')
    cd /Users/byronquine/Documents/Programing/Swift/Practice/Ilumionate
    

SwiftDriverJobDiscovery normal arm64 Compiling TextDecoder.swift, TranscribeTask.swift (in target 'WhisperKit' from project 'whisperkit')

SwiftCompile normal arm64 Compiling\ EngineWaveforms.swift,\ FlashModeView.swift,\ Folder.swift,\ GlassCard.swift,\ HomeView.swift,\ IlumionateApp.swift,\ InAppBrowserView.swift /Users/byronquine/Documents/Programing/Swift/Practice/Ilumionate/Ilumionate/EngineWaveforms.swift /Users/byronquine/Documents/Programing/Swift/Practice/Ilumionate/Ilumionate/FlashModeView.swift /Users/byronquine/Documents/Programing/Swift/Practice/Ilumionate/Ilumionate/Folder.swift /Users/byronquine/Documents/Programing/Swift/Practice/Ilumionate/Ilumionate/GlassCard.swift /Users/byronquine/Documents/Programing/Swift/Practice/Ilumionate/Ilumionate/HomeView.swift /Users/byronquine/Documents/Programing/Swift/Practice/Ilumionate/Ilumionate/IlumionateApp.swift /Users/byronquine/Documents/Programing/Swift/Practice/Ilumionate/Ilumionate/InAppBrowserView.swift (in target 'Ilumionate' from project 'Ilumionate')

SwiftCompile normal arm64 /Users/byronquine/Documents/Programing/Swift/Practice/Ilumionate/Ilumionate/EngineWaveforms.swift (in target 'Ilumionate' from project 'Ilumionate')
    cd /Users/byronquine/Documents/Programing/Swift/Practice/Ilumionate
    

SwiftCompile normal arm64 /Users/byronquine/Documents/Programing/Swift/Practice/Ilumionate/Ilumionate/FlashModeView.swift (in target 'Ilumionate' from project 'Ilumionate')
    cd /Users/byronquine/Documents/Programing/Swift/Practice/Ilumionate
    

SwiftCompile normal arm64 /Users/byronquine/Documents/Programing/Swift/Practice/Ilumionate/Ilumionate/Folder.swift (in target 'Ilumionate' from project 'Ilumionate')
    cd /Users/byronquine/Documents/Programing/Swift/Practice/Ilumionate
    

SwiftCompile normal arm64 /Users/byronquine/Documents/Programing/Swift/Practice/Ilumionate/Ilumionate/GlassCard.swift (in target 'Ilumionate' from project 'Ilumionate')
    cd /Users/byronquine/Documents/Programing/Swift/Practice/Ilumionate
    

SwiftCompile normal arm64 /Users/byronquine/Documents/Programing/Swift/Practice/Ilumionate/Ilumionate/HomeView.swift (in target 'Ilumionate' from project 'Ilumionate')
    cd /Users/byronquine/Documents/Programing/Swift/Practice/Ilumionate
    

SwiftCompile normal arm64 /Users/byronquine/Documents/Programing/Swift/Practice/Ilumionate/Ilumionate/IlumionateApp.swift (in target 'Ilumionate' from project 'Ilumionate')
    cd /Users/byronquine/Documents/Programing/Swift/Practice/Ilumionate
    

SwiftCompile normal arm64 /Users/byronquine/Documents/Programing/Swift/Practice/Ilumionate/Ilumionate/InAppBrowserView.swift (in target 'Ilumionate' from project 'Ilumionate')
    cd /Users/byronquine/Documents/Programing/Swift/Practice/Ilumionate
    
/Users/byronquine/Documents/Programing/Swift/Practice/Ilumionate/Ilumionate/InAppBrowserView.swift:403:23: warning: main actor-isolated property 'estimatedProgress' can not be mutated from a Sendable closure
                self?.estimatedProgress = progress
                      ^
/Users/byronquine/Documents/Programing/Swift/Practice/Ilumionate/Ilumionate/InAppBrowserView.swift:359:18: note: mutation of this property is only permitted within the actor
    @Binding var estimatedProgress: Double
                 ^
/Users/byronquine/Documents/Programing/Swift/Practice/Ilumionate/Ilumionate/InAppBrowserView.swift:408:23: warning: main actor-isolated property 'canGoBack' can not be mutated from a Sendable closure
                self?.canGoBack = canGoBack
                      ^
/Users/byronquine/Documents/Programing/Swift/Practice/Ilumionate/Ilumionate/InAppBrowserView.swift:360:18: note: mutation of this property is only permitted within the actor
    @Binding var canGoBack: Bool
                 ^
/Users/byronquine/Documents/Programing/Swift/Practice/Ilumionate/Ilumionate/InAppBrowserView.swift:413:23: warning: main actor-isolated property 'canGoForward' can not be mutated from a Sendable closure
                self?.canGoForward = canGoForward
                      ^
/Users/byronquine/Documents/Programing/Swift/Practice/Ilumionate/Ilumionate/InAppBrowserView.swift:361:18: note: mutation of this property is only permitted within the actor
    @Binding var canGoForward: Bool
                 ^
/Users/byronquine/Documents/Programing/Swift/Practice/Ilumionate/Ilumionate/InAppBrowserView.swift:419:27: warning: main actor-isolated property 'urlText' can not be mutated from a Sendable closure
                    self?.urlText = urlString
                          ^
/Users/byronquine/Documents/Programing/Swift/Practice/Ilumionate/Ilumionate/InAppBrowserView.swift:357:18: note: mutation of this property is only permitted within the actor
    @Binding var urlText: String
                 ^

SwiftDriverJobDiscovery normal arm64 Compiling Configurations.swift, FeatureExtractor.swift, Models.swift (in target 'WhisperKit' from project 'whisperkit')

SwiftDriver\ Compilation WhisperKit normal arm64 com.apple.xcode.tools.swift.compiler (in target 'WhisperKit' from project 'whisperkit')
    cd /Users/byronquine/Documents/Programing/Swift/Practice/Ilumionate/Ilumionate.xcodeproj
    builtin-Swift-Compilation -- /Applications/Xcode\ 26.3\ Beta.app/Contents/Developer/Toolchains/XcodeDefault.xctoolchain/usr/bin/swiftc -module-name WhisperKit -Onone -enforce-exclusivity\=checked @/Users/byronquine/Library/Developer/Xcode/DerivedData/Ilumionate-ajbhadqlvcajfnbqievdybmttsdl/Build/Intermediates.noindex/whisperkit.build/Debug-iphoneos/WhisperKit.build/Objects-normal/arm64/WhisperKit.SwiftFileList -DSWIFT_PACKAGE -DDEBUG -DSWIFT_MODULE_RESOURCE_BUNDLE_UNAVAILABLE -Xcc -fmodule-map-file\=/Users/byronquine/Library/Developer/Xcode/DerivedData/Ilumionate-ajbhadqlvcajfnbqievdybmttsdl/Build/Intermediates.noindex/GeneratedModuleMaps-iphoneos/yyjson.modulemap -DXcode -plugin-path /Applications/Xcode\ 26.3\ Beta.app/Contents/Developer/Toolchains/XcodeDefault.xctoolchain/usr/lib/swift/host/plugins/testing -enable-experimental-feature DebugDescriptionMacro -sdk /Applications/Xcode\ 26.3\ Beta.app/Contents/Developer/Platforms/iPhoneOS.platform/Developer/SDKs/iPhoneOS26.2.sdk -target arm64-apple-ios16.0 -g -module-cache-path /Users/byronquine/Library/Developer/Xcode/DerivedData/ModuleCache.noindex -Xfrontend -serialize-debugging-options -profile-coverage-mapping -profile-generate -enable-testing -suppress-warnings -index-store-path /Users/byronquine/Library/Developer/Xcode/DerivedData/Ilumionate-ajbhadqlvcajfnbqievdybmttsdl/Index.noindex/DataStore -Xcc -D_LIBCPP_HARDENING_MODE\=_LIBCPP_HARDENING_MODE_DEBUG -swift-version 5 -I /Users/byronquine/Library/Developer/Xcode/DerivedData/Ilumionate-ajbhadqlvcajfnbqievdybmttsdl/Build/Products/Debug-iphoneos -Isystem /Applications/Xcode\ 26.3\ Beta.app/Contents/Developer/Platforms/iPhoneOS.platform/Developer/usr/lib -F /Users/byronquine/Library/Developer/Xcode/DerivedData/Ilumionate-ajbhadqlvcajfnbqievdybmttsdl/Build/Products/Debug-iphoneos/PackageFrameworks -F /Users/byronquine/Library/Developer/Xcode/DerivedData/Ilumionate-ajbhadqlvcajfnbqievdybmttsdl/Build/Products/Debug-iphoneos/PackageFrameworks -F /Users/byronquine/Library/Developer/Xcode/DerivedData/Ilumionate-ajbhadqlvcajfnbqievdybmttsdl/Build/Products/Debug-iphoneos/PackageFrameworks -F /Users/byronquine/Library/Developer/Xcode/DerivedData/Ilumionate-ajbhadqlvcajfnbqievdybmttsdl/Build/Products/Debug-iphoneos/PackageFrameworks -F /Users/byronquine/Library/Developer/Xcode/DerivedData/Ilumionate-ajbhadqlvcajfnbqievdybmttsdl/Build/Products/Debug-iphoneos/PackageFrameworks -F /Users/byronquine/Library/Developer/Xcode/DerivedData/Ilumionate-ajbhadqlvcajfnbqievdybmttsdl/Build/Products/Debug-iphoneos/PackageFrameworks -F /Users/byronquine/Library/Developer/Xcode/DerivedData/Ilumionate-ajbhadqlvcajfnbqievdybmttsdl/Build/Products/Debug-iphoneos/PackageFrameworks -F /Users/byronquine/Library/Developer/Xcode/DerivedData/Ilumionate-ajbhadqlvcajfnbqievdybmttsdl/Build/Products/Debug-iphoneos -F /Applications/Xcode\ 26.3\ Beta.app/Contents/Developer/Platforms/iPhoneOS.platform/Developer/Library/Frameworks -F /Applications/Xcode\ 26.3\ Beta.app/Contents/Developer/Platforms/iPhoneOS.platform/Developer/SDKs/iPhoneOS26.2.sdk/Developer/Library/Frameworks -c -j10 -enable-batch-mode -incremental -Xcc -ivfsstatcache -Xcc /Users/byronquine/Library/Developer/Xcode/DerivedData/SDKStatCaches.noindex/iphoneos26.2-23C57-e8867d0c40613ffc63e0238af232dc50d4d6ee3f8374c9c9b8dccfd0b4476fca.sdkstatcache -output-file-map /Users/byronquine/Library/Developer/Xcode/DerivedData/Ilumionate-ajbhadqlvcajfnbqievdybmttsdl/Build/Intermediates.noindex/whisperkit.build/Debug-iphoneos/WhisperKit.build/Objects-normal/arm64/WhisperKit-OutputFileMap.json -use-frontend-parseable-output -save-temps -no-color-diagnostics -explicit-module-build -module-cache-path /Users/byronquine/Library/Developer/Xcode/DerivedData/Ilumionate-ajbhadqlvcajfnbqievdybmttsdl/Build/Intermediates.noindex/SwiftExplicitPrecompiledModules -clang-scanner-module-cache-path /Users/byronquine/Library/Developer/Xcode/DerivedData/ModuleCache.noindex -sdk-module-cache-path /Users/byronquine/Library/Developer/Xcode/DerivedData/ModuleCache.noindex -serialize-diagnostics -emit-dependencies -emit-module -emit-module-path /Users/byronquine/Library/Developer/Xcode/DerivedData/Ilumionate-ajbhadqlvcajfnbqievdybmttsdl/Build/Intermediates.noindex/whisperkit.build/Debug-iphoneos/WhisperKit.build/Objects-normal/arm64/WhisperKit.swiftmodule -validate-clang-modules-once -clang-build-session-file /Users/byronquine/Library/Developer/Xcode/DerivedData/ModuleCache.noindex/Session.modulevalidation -package-name whisperkit -Xcc -I/Users/byronquine/Library/Developer/Xcode/DerivedData/Ilumionate-ajbhadqlvcajfnbqievdybmttsdl/Build/Intermediates.noindex/whisperkit.build/Debug-iphoneos/WhisperKit.build/swift-overrides.hmap -emit-const-values -Xfrontend -const-gather-protocols-file -Xfrontend /Users/byronquine/Library/Developer/Xcode/DerivedData/Ilumionate-ajbhadqlvcajfnbqievdybmttsdl/Build/Intermediates.noindex/whisperkit.build/Debug-iphoneos/WhisperKit.build/Objects-normal/arm64/WhisperKit_const_extract_protocols.json -Xcc -I/Users/byronquine/Library/Developer/Xcode/DerivedData/Ilumionate-ajbhadqlvcajfnbqievdybmttsdl/SourcePackages/checkouts/yyjson/src -Xcc -I/Users/byronquine/Library/Developer/Xcode/DerivedData/Ilumionate-ajbhadqlvcajfnbqievdybmttsdl/Build/Products/Debug-iphoneos/include -Xcc -I/Users/byronquine/Library/Developer/Xcode/DerivedData/Ilumionate-ajbhadqlvcajfnbqievdybmttsdl/Build/Intermediates.noindex/whisperkit.build/Debug-iphoneos/WhisperKit.build/DerivedSources-normal/arm64 -Xcc -I/Users/byronquine/Library/Developer/Xcode/DerivedData/Ilumionate-ajbhadqlvcajfnbqievdybmttsdl/Build/Intermediates.noindex/whisperkit.build/Debug-iphoneos/WhisperKit.build/DerivedSources/arm64 -Xcc -I/Users/byronquine/Library/Developer/Xcode/DerivedData/Ilumionate-ajbhadqlvcajfnbqievdybmttsdl/Build/Intermediates.noindex/whisperkit.build/Debug-iphoneos/WhisperKit.build/DerivedSources -Xcc -DSWIFT_PACKAGE -Xcc -DDEBUG\=1 -emit-objc-header -emit-objc-header-path /Users/byronquine/Library/Developer/Xcode/DerivedData/Ilumionate-ajbhadqlvcajfnbqievdybmttsdl/Build/Intermediates.noindex/whisperkit.build/Debug-iphoneos/WhisperKit.build/Objects-normal/arm64/WhisperKit-Swift.h -working-directory /Users/byronquine/Documents/Programing/Swift/Practice/Ilumionate/Ilumionate.xcodeproj -experimental-emit-module-separately -disable-cmo

SwiftDriverJobDiscovery normal arm64 Emitting module for Ilumionate (in target 'Ilumionate' from project 'Ilumionate')

SwiftDriver\ Compilation\ Requirements Ilumionate normal arm64 com.apple.xcode.tools.swift.compiler (in target 'Ilumionate' from project 'Ilumionate')
    cd /Users/byronquine/Documents/Programing/Swift/Practice/Ilumionate
    builtin-Swift-Compilation-Requirements -- /Applications/Xcode\ 26.3\ Beta.app/Contents/Developer/Toolchains/XcodeDefault.xctoolchain/usr/bin/swiftc -module-name Ilumionate -Onone -enforce-exclusivity\=checked @/Users/byronquine/Library/Developer/Xcode/DerivedData/Ilumionate-ajbhadqlvcajfnbqievdybmttsdl/Build/Intermediates.noindex/Ilumionate.build/Debug-iphoneos/Ilumionate.build/Objects-normal/arm64/Ilumionate.SwiftFileList -DDEBUG -Xcc -fmodule-map-file\=/Users/byronquine/Library/Developer/Xcode/DerivedData/Ilumionate-ajbhadqlvcajfnbqievdybmttsdl/Build/Intermediates.noindex/GeneratedModuleMaps-iphoneos/yyjson.modulemap -default-isolation\=MainActor -enable-bare-slash-regex -enable-upcoming-feature DisableOutwardActorInference -enable-upcoming-feature InferSendableFromCaptures -enable-upcoming-feature GlobalActorIsolatedTypesUsability -enable-upcoming-feature MemberImportVisibility -enable-upcoming-feature InferIsolatedConformances -enable-upcoming-feature NonisolatedNonsendingByDefault -enable-experimental-feature DebugDescriptionMacro -sdk /Applications/Xcode\ 26.3\ Beta.app/Contents/Developer/Platforms/iPhoneOS.platform/Developer/SDKs/iPhoneOS26.2.sdk -target arm64-apple-ios26.0 -g -module-cache-path /Users/byronquine/Library/Developer/Xcode/DerivedData/ModuleCache.noindex -Xfrontend -serialize-debugging-options -profile-coverage-mapping -profile-generate -enable-testing -index-store-path /Users/byronquine/Library/Developer/Xcode/DerivedData/Ilumionate-ajbhadqlvcajfnbqievdybmttsdl/Index.noindex/DataStore -Xcc -D_LIBCPP_HARDENING_MODE\=_LIBCPP_HARDENING_MODE_DEBUG -swift-version 5 -I /Users/byronquine/Library/Developer/Xcode/DerivedData/Ilumionate-ajbhadqlvcajfnbqievdybmttsdl/Build/Products/Debug-iphoneos -F /Users/byronquine/Library/Developer/Xcode/DerivedData/Ilumionate-ajbhadqlvcajfnbqievdybmttsdl/Build/Products/Debug-iphoneos/PackageFrameworks -F /Users/byronquine/Library/Developer/Xcode/DerivedData/Ilumionate-ajbhadqlvcajfnbqievdybmttsdl/Build/Products/Debug-iphoneos/PackageFrameworks -F /Users/byronquine/Library/Developer/Xcode/DerivedData/Ilumionate-ajbhadqlvcajfnbqievdybmttsdl/Build/Products/Debug-iphoneos/PackageFrameworks -F /Users/byronquine/Library/Developer/Xcode/DerivedData/Ilumionate-ajbhadqlvcajfnbqievdybmttsdl/Build/Products/Debug-iphoneos/PackageFrameworks -F /Users/byronquine/Library/Developer/Xcode/DerivedData/Ilumionate-ajbhadqlvcajfnbqievdybmttsdl/Build/Products/Debug-iphoneos/PackageFrameworks -F /Users/byronquine/Library/Developer/Xcode/DerivedData/Ilumionate-ajbhadqlvcajfnbqievdybmttsdl/Build/Products/Debug-iphoneos/PackageFrameworks -F /Users/byronquine/Library/Developer/Xcode/DerivedData/Ilumionate-ajbhadqlvcajfnbqievdybmttsdl/Build/Products/Debug-iphoneos/PackageFrameworks -F /Users/byronquine/Library/Developer/Xcode/DerivedData/Ilumionate-ajbhadqlvcajfnbqievdybmttsdl/Build/Products/Debug-iphoneos/PackageFrameworks -F /Users/byronquine/Library/Developer/Xcode/DerivedData/Ilumionate-ajbhadqlvcajfnbqievdybmttsdl/Build/Products/Debug-iphoneos -emit-localized-strings -emit-localized-strings-path /Users/byronquine/Library/Developer/Xcode/DerivedData/Ilumionate-ajbhadqlvcajfnbqievdybmttsdl/Build/Intermediates.noindex/Ilumionate.build/Debug-iphoneos/Ilumionate.build/Objects-normal/arm64 -c -j10 -enable-batch-mode -incremental -Xcc -ivfsstatcache -Xcc /Users/byronquine/Library/Developer/Xcode/DerivedData/SDKStatCaches.noindex/iphoneos26.2-23C57-e8867d0c40613ffc63e0238af232dc50d4d6ee3f8374c9c9b8dccfd0b4476fca.sdkstatcache -output-file-map /Users/byronquine/Library/Developer/Xcode/DerivedData/Ilumionate-ajbhadqlvcajfnbqievdybmttsdl/Build/Intermediates.noindex/Ilumionate.build/Debug-iphoneos/Ilumionate.build/Objects-normal/arm64/Ilumionate-OutputFileMap.json -use-frontend-parseable-output -save-temps -no-color-diagnostics -explicit-module-build -module-cache-path /Users/byronquine/Library/Developer/Xcode/DerivedData/Ilumionate-ajbhadqlvcajfnbqievdybmttsdl/Build/Intermediates.noindex/SwiftExplicitPrecompiledModules -clang-scanner-module-cache-path /Users/byronquine/Library/Developer/Xcode/DerivedData/ModuleCache.noindex -sdk-module-cache-path /Users/byronquine/Library/Developer/Xcode/DerivedData/ModuleCache.noindex -serialize-diagnostics -emit-dependencies -emit-module -emit-module-path /Users/byronquine/Library/Developer/Xcode/DerivedData/Ilumionate-ajbhadqlvcajfnbqievdybmttsdl/Build/Intermediates.noindex/Ilumionate.build/Debug-iphoneos/Ilumionate.build/Objects-normal/arm64/Ilumionate.swiftmodule -validate-clang-modules-once -clang-build-session-file /Users/byronquine/Library/Developer/Xcode/DerivedData/ModuleCache.noindex/Session.modulevalidation -Xcc -I/Users/byronquine/Library/Developer/Xcode/DerivedData/Ilumionate-ajbhadqlvcajfnbqievdybmttsdl/Build/Intermediates.noindex/Ilumionate.build/Debug-iphoneos/Ilumionate.build/swift-overrides.hmap -emit-const-values -Xfrontend -const-gather-protocols-file -Xfrontend /Users/byronquine/Library/Developer/Xcode/DerivedData/Ilumionate-ajbhadqlvcajfnbqievdybmttsdl/Build/Intermediates.noindex/Ilumionate.build/Debug-iphoneos/Ilumionate.build/Objects-normal/arm64/Ilumionate_const_extract_protocols.json -Xcc -iquote -Xcc /Users/byronquine/Library/Developer/Xcode/DerivedData/Ilumionate-ajbhadqlvcajfnbqievdybmttsdl/Build/Intermediates.noindex/Ilumionate.build/Debug-iphoneos/Ilumionate.build/Ilumionate-generated-files.hmap -Xcc -I/Users/byronquine/Library/Developer/Xcode/DerivedData/Ilumionate-ajbhadqlvcajfnbqievdybmttsdl/Build/Intermediates.noindex/Ilumionate.build/Debug-iphoneos/Ilumionate.build/Ilumionate-own-target-headers.hmap -Xcc -I/Users/byronquine/Library/Developer/Xcode/DerivedData/Ilumionate-ajbhadqlvcajfnbqievdybmttsdl/Build/Intermediates.noindex/Ilumionate.build/Debug-iphoneos/Ilumionate.build/Ilumionate-all-non-framework-target-headers.hmap -Xcc -ivfsoverlay -Xcc /Users/byronquine/Library/Developer/Xcode/DerivedData/Ilumionate-ajbhadqlvcajfnbqievdybmttsdl/Build/Intermediates.noindex/Ilumionate.build/Debug-iphoneos/Ilumionate-5c3c3b50c898bf098fe02e7cb6043ac3-VFS-iphoneos/all-product-headers.yaml -Xcc -iquote -Xcc /Users/byronquine/Library/Developer/Xcode/DerivedData/Ilumionate-ajbhadqlvcajfnbqievdybmttsdl/Build/Intermediates.noindex/Ilumionate.build/Debug-iphoneos/Ilumionate.build/Ilumionate-project-headers.hmap -Xcc -I/Users/byronquine/Library/Developer/Xcode/DerivedData/Ilumionate-ajbhadqlvcajfnbqievdybmttsdl/SourcePackages/checkouts/yyjson/src -Xcc -I/Users/byronquine/Library/Developer/Xcode/DerivedData/Ilumionate-ajbhadqlvcajfnbqievdybmttsdl/Build/Products/Debug-iphoneos/include -Xcc -I/Users/byronquine/Library/Developer/Xcode/DerivedData/Ilumionate-ajbhadqlvcajfnbqievdybmttsdl/Build/Intermediates.noindex/Ilumionate.build/Debug-iphoneos/Ilumionate.build/DerivedSources-normal/arm64 -Xcc -I/Users/byronquine/Library/Developer/Xcode/DerivedData/Ilumionate-ajbhadqlvcajfnbqievdybmttsdl/Build/Intermediates.noindex/Ilumionate.build/Debug-iphoneos/Ilumionate.build/DerivedSources/arm64 -Xcc -I/Users/byronquine/Library/Developer/Xcode/DerivedData/Ilumionate-ajbhadqlvcajfnbqievdybmttsdl/Build/Intermediates.noindex/Ilumionate.build/Debug-iphoneos/Ilumionate.build/DerivedSources -Xcc -DDEBUG\=1 -emit-objc-header -emit-objc-header-path /Users/byronquine/Library/Developer/Xcode/DerivedData/Ilumionate-ajbhadqlvcajfnbqievdybmttsdl/Build/Intermediates.noindex/Ilumionate.build/Debug-iphoneos/Ilumionate.build/Objects-normal/arm64/Ilumionate-Swift.h -working-directory /Users/byronquine/Documents/Programing/Swift/Practice/Ilumionate -experimental-emit-module-separately -disable-cmo

Ld /Users/byronquine/Library/Developer/Xcode/DerivedData/Ilumionate-ajbhadqlvcajfnbqievdybmttsdl/Build/Products/Debug-iphoneos/WhisperKit.o normal (in target 'WhisperKit' from project 'whisperkit')
    cd /Users/byronquine/Library/Developer/Xcode/DerivedData/Ilumionate-ajbhadqlvcajfnbqievdybmttsdl/SourcePackages/checkouts/WhisperKit
    /Applications/Xcode\ 26.3\ Beta.app/Contents/Developer/Toolchains/XcodeDefault.xctoolchain/usr/bin/clang -Xlinker -reproducible -target arm64-apple-ios16.0 -r -isysroot /Applications/Xcode\ 26.3\ Beta.app/Contents/Developer/Platforms/iPhoneOS.platform/Developer/SDKs/iPhoneOS26.2.sdk -O0 -w -L/Users/byronquine/Library/Developer/Xcode/DerivedData/Ilumionate-ajbhadqlvcajfnbqievdybmttsdl/Build/Intermediates.noindex/EagerLinkingTBDs/Debug-iphoneos -L/Users/byronquine/Library/Developer/Xcode/DerivedData/Ilumionate-ajbhadqlvcajfnbqievdybmttsdl/Build/Products/Debug-iphoneos -L/Applications/Xcode\ 26.3\ Beta.app/Contents/Developer/Platforms/iPhoneOS.platform/Developer/usr/lib -F/Users/byronquine/Library/Developer/Xcode/DerivedData/Ilumionate-ajbhadqlvcajfnbqievdybmttsdl/Build/Intermediates.noindex/EagerLinkingTBDs/Debug-iphoneos -F/Users/byronquine/Library/Developer/Xcode/DerivedData/Ilumionate-ajbhadqlvcajfnbqievdybmttsdl/Build/Products/Debug-iphoneos/PackageFrameworks -F/Users/byronquine/Library/Developer/Xcode/DerivedData/Ilumionate-ajbhadqlvcajfnbqievdybmttsdl/Build/Products/Debug-iphoneos/PackageFrameworks -F/Users/byronquine/Library/Developer/Xcode/DerivedData/Ilumionate-ajbhadqlvcajfnbqievdybmttsdl/Build/Products/Debug-iphoneos/PackageFrameworks -F/Users/byronquine/Library/Developer/Xcode/DerivedData/Ilumionate-ajbhadqlvcajfnbqievdybmttsdl/Build/Products/Debug-iphoneos/PackageFrameworks -F/Users/byronquine/Library/Developer/Xcode/DerivedData/Ilumionate-ajbhadqlvcajfnbqievdybmttsdl/Build/Products/Debug-iphoneos/PackageFrameworks -F/Users/byronquine/Library/Developer/Xcode/DerivedData/Ilumionate-ajbhadqlvcajfnbqievdybmttsdl/Build/Products/Debug-iphoneos/PackageFrameworks -F/Users/byronquine/Library/Developer/Xcode/DerivedData/Ilumionate-ajbhadqlvcajfnbqievdybmttsdl/Build/Products/Debug-iphoneos/PackageFrameworks -F/Users/byronquine/Library/Developer/Xcode/DerivedData/Ilumionate-ajbhadqlvcajfnbqievdybmttsdl/Build/Products/Debug-iphoneos -iframework /Applications/Xcode\ 26.3\ Beta.app/Contents/Developer/Platforms/iPhoneOS.platform/Developer/Library/Frameworks -iframework /Applications/Xcode\ 26.3\ Beta.app/Contents/Developer/Platforms/iPhoneOS.platform/Developer/SDKs/iPhoneOS26.2.sdk/Developer/Library/Frameworks -filelist /Users/byronquine/Library/Developer/Xcode/DerivedData/Ilumionate-ajbhadqlvcajfnbqievdybmttsdl/Build/Intermediates.noindex/whisperkit.build/Debug-iphoneos/WhisperKit.build/Objects-normal/arm64/WhisperKit.LinkFileList -nostdlib -Xlinker -object_path_lto -Xlinker /Users/byronquine/Library/Developer/Xcode/DerivedData/Ilumionate-ajbhadqlvcajfnbqievdybmttsdl/Build/Intermediates.noindex/whisperkit.build/Debug-iphoneos/WhisperKit.build/Objects-normal/arm64/WhisperKit_lto.o -rdynamic -Xlinker -no_deduplicate -Xlinker -debug_variant -Xlinker -dependency_info -Xlinker /Users/byronquine/Library/Developer/Xcode/DerivedData/Ilumionate-ajbhadqlvcajfnbqievdybmttsdl/Build/Intermediates.noindex/whisperkit.build/Debug-iphoneos/WhisperKit.build/Objects-normal/arm64/WhisperKit_dependency_info.dat -fobjc-link-runtime -L/Applications/Xcode\ 26.3\ Beta.app/Contents/Developer/Toolchains/XcodeDefault.xctoolchain/usr/lib/swift/iphoneos -L/usr/lib/swift -Xlinker -add_ast_path -Xlinker /Users/byronquine/Library/Developer/Xcode/DerivedData/Ilumionate-ajbhadqlvcajfnbqievdybmttsdl/Build/Intermediates.noindex/whisperkit.build/Debug-iphoneos/WhisperKit.build/Objects-normal/arm64/WhisperKit.swiftmodule @/Users/byronquine/Library/Developer/Xcode/DerivedData/Ilumionate-ajbhadqlvcajfnbqievdybmttsdl/Build/Intermediates.noindex/whisperkit.build/Debug-iphoneos/WhisperKit.build/Objects-normal/arm64/WhisperKit-linker-args.resp -o /Users/byronquine/Library/Developer/Xcode/DerivedData/Ilumionate-ajbhadqlvcajfnbqievdybmttsdl/Build/Products/Debug-iphoneos/WhisperKit.o

SwiftMergeGeneratedHeaders /Users/byronquine/Library/Developer/Xcode/DerivedData/Ilumionate-ajbhadqlvcajfnbqievdybmttsdl/Build/Intermediates.noindex/Ilumionate.build/Debug-iphoneos/Ilumionate.build/DerivedSources/Ilumionate-Swift.h /Users/byronquine/Library/Developer/Xcode/DerivedData/Ilumionate-ajbhadqlvcajfnbqievdybmttsdl/Build/Intermediates.noindex/Ilumionate.build/Debug-iphoneos/Ilumionate.build/Objects-normal/arm64/Ilumionate-Swift.h (in target 'Ilumionate' from project 'Ilumionate')
    cd /Users/byronquine/Documents/Programing/Swift/Practice/Ilumionate
    builtin-swiftHeaderTool -arch arm64 /Users/byronquine/Library/Developer/Xcode/DerivedData/Ilumionate-ajbhadqlvcajfnbqievdybmttsdl/Build/Intermediates.noindex/Ilumionate.build/Debug-iphoneos/Ilumionate.build/Objects-normal/arm64/Ilumionate-Swift.h -o /Users/byronquine/Library/Developer/Xcode/DerivedData/Ilumionate-ajbhadqlvcajfnbqievdybmttsdl/Build/Intermediates.noindex/Ilumionate.build/Debug-iphoneos/Ilumionate.build/DerivedSources/Ilumionate-Swift.h

Copy /Users/byronquine/Library/Developer/Xcode/DerivedData/Ilumionate-ajbhadqlvcajfnbqievdybmttsdl/Build/Products/Debug-iphoneos/Ilumionate.swiftmodule/arm64-apple-ios.swiftmodule /Users/byronquine/Library/Developer/Xcode/DerivedData/Ilumionate-ajbhadqlvcajfnbqievdybmttsdl/Build/Intermediates.noindex/Ilumionate.build/Debug-iphoneos/Ilumionate.build/Objects-normal/arm64/Ilumionate.swiftmodule (in target 'Ilumionate' from project 'Ilumionate')
    cd /Users/byronquine/Documents/Programing/Swift/Practice/Ilumionate
    builtin-copy -exclude .DS_Store -exclude CVS -exclude .svn -exclude .git -exclude .hg -resolve-src-symlinks -rename /Users/byronquine/Library/Developer/Xcode/DerivedData/Ilumionate-ajbhadqlvcajfnbqievdybmttsdl/Build/Intermediates.noindex/Ilumionate.build/Debug-iphoneos/Ilumionate.build/Objects-normal/arm64/Ilumionate.swiftmodule /Users/byronquine/Library/Developer/Xcode/DerivedData/Ilumionate-ajbhadqlvcajfnbqievdybmttsdl/Build/Products/Debug-iphoneos/Ilumionate.swiftmodule/arm64-apple-ios.swiftmodule

Copy /Users/byronquine/Library/Developer/Xcode/DerivedData/Ilumionate-ajbhadqlvcajfnbqievdybmttsdl/Build/Products/Debug-iphoneos/Ilumionate.swiftmodule/arm64-apple-ios.swiftdoc /Users/byronquine/Library/Developer/Xcode/DerivedData/Ilumionate-ajbhadqlvcajfnbqievdybmttsdl/Build/Intermediates.noindex/Ilumionate.build/Debug-iphoneos/Ilumionate.build/Objects-normal/arm64/Ilumionate.swiftdoc (in target 'Ilumionate' from project 'Ilumionate')
    cd /Users/byronquine/Documents/Programing/Swift/Practice/Ilumionate
    builtin-copy -exclude .DS_Store -exclude CVS -exclude .svn -exclude .git -exclude .hg -resolve-src-symlinks -rename /Users/byronquine/Library/Developer/Xcode/DerivedData/Ilumionate-ajbhadqlvcajfnbqievdybmttsdl/Build/Intermediates.noindex/Ilumionate.build/Debug-iphoneos/Ilumionate.build/Objects-normal/arm64/Ilumionate.swiftdoc /Users/byronquine/Library/Developer/Xcode/DerivedData/Ilumionate-ajbhadqlvcajfnbqievdybmttsdl/Build/Products/Debug-iphoneos/Ilumionate.swiftmodule/arm64-apple-ios.swiftdoc

Copy /Users/byronquine/Library/Developer/Xcode/DerivedData/Ilumionate-ajbhadqlvcajfnbqievdybmttsdl/Build/Products/Debug-iphoneos/Ilumionate.swiftmodule/arm64-apple-ios.abi.json /Users/byronquine/Library/Developer/Xcode/DerivedData/Ilumionate-ajbhadqlvcajfnbqievdybmttsdl/Build/Intermediates.noindex/Ilumionate.build/Debug-iphoneos/Ilumionate.build/Objects-normal/arm64/Ilumionate.abi.json (in target 'Ilumionate' from project 'Ilumionate')
    cd /Users/byronquine/Documents/Programing/Swift/Practice/Ilumionate
    builtin-copy -exclude .DS_Store -exclude CVS -exclude .svn -exclude .git -exclude .hg -resolve-src-symlinks -rename /Users/byronquine/Library/Developer/Xcode/DerivedData/Ilumionate-ajbhadqlvcajfnbqievdybmttsdl/Build/Intermediates.noindex/Ilumionate.build/Debug-iphoneos/Ilumionate.build/Objects-normal/arm64/Ilumionate.abi.json /Users/byronquine/Library/Developer/Xcode/DerivedData/Ilumionate-ajbhadqlvcajfnbqievdybmttsdl/Build/Products/Debug-iphoneos/Ilumionate.swiftmodule/arm64-apple-ios.abi.json

Copy /Users/byronquine/Library/Developer/Xcode/DerivedData/Ilumionate-ajbhadqlvcajfnbqievdybmttsdl/Build/Products/Debug-iphoneos/Ilumionate.swiftmodule/Project/arm64-apple-ios.swiftsourceinfo /Users/byronquine/Library/Developer/Xcode/DerivedData/Ilumionate-ajbhadqlvcajfnbqievdybmttsdl/Build/Intermediates.noindex/Ilumionate.build/Debug-iphoneos/Ilumionate.build/Objects-normal/arm64/Ilumionate.swiftsourceinfo (in target 'Ilumionate' from project 'Ilumionate')
    cd /Users/byronquine/Documents/Programing/Swift/Practice/Ilumionate
    builtin-copy -exclude .DS_Store -exclude CVS -exclude .svn -exclude .git -exclude .hg -resolve-src-symlinks -rename /Users/byronquine/Library/Developer/Xcode/DerivedData/Ilumionate-ajbhadqlvcajfnbqievdybmttsdl/Build/Intermediates.noindex/Ilumionate.build/Debug-iphoneos/Ilumionate.build/Objects-normal/arm64/Ilumionate.swiftsourceinfo /Users/byronquine/Library/Developer/Xcode/DerivedData/Ilumionate-ajbhadqlvcajfnbqievdybmttsdl/Build/Products/Debug-iphoneos/Ilumionate.swiftmodule/Project/arm64-apple-ios.swiftsourceinfo

SwiftCompile normal arm64 Compiling\ SyncToggle.swift,\ TranceDesignSystem.swift,\ TranceTabBar.swift,\ UISessionView.swift,\ WaveformView.swift,\ AudioLightPlayerView.swift,\ AudioLightScoreGenerator.swift /Users/byronquine/Documents/Programing/Swift/Practice/Ilumionate/Ilumionate/SyncToggle.swift /Users/byronquine/Documents/Programing/Swift/Practice/Ilumionate/Ilumionate/TranceDesignSystem.swift /Users/byronquine/Documents/Programing/Swift/Practice/Ilumionate/Ilumionate/TranceTabBar.swift /Users/byronquine/Documents/Programing/Swift/Practice/Ilumionate/Ilumionate/UISessionView.swift /Users/byronquine/Documents/Programing/Swift/Practice/Ilumionate/Ilumionate/WaveformView.swift /Users/byronquine/Documents/Programing/Swift/Practice/Ilumionate/AudioLightPlayerView.swift /Users/byronquine/Documents/Programing/Swift/Practice/Ilumionate/AudioLightScoreGenerator.swift (in target 'Ilumionate' from project 'Ilumionate')

SwiftCompile normal arm64 /Users/byronquine/Documents/Programing/Swift/Practice/Ilumionate/Ilumionate/SyncToggle.swift (in target 'Ilumionate' from project 'Ilumionate')
    cd /Users/byronquine/Documents/Programing/Swift/Practice/Ilumionate
    

SwiftCompile normal arm64 /Users/byronquine/Documents/Programing/Swift/Practice/Ilumionate/Ilumionate/TranceDesignSystem.swift (in target 'Ilumionate' from project 'Ilumionate')
    cd /Users/byronquine/Documents/Programing/Swift/Practice/Ilumionate
    

SwiftCompile normal arm64 /Users/byronquine/Documents/Programing/Swift/Practice/Ilumionate/Ilumionate/TranceTabBar.swift (in target 'Ilumionate' from project 'Ilumionate')
    cd /Users/byronquine/Documents/Programing/Swift/Practice/Ilumionate
    

SwiftCompile normal arm64 /Users/byronquine/Documents/Programing/Swift/Practice/Ilumionate/Ilumionate/UISessionView.swift (in target 'Ilumionate' from project 'Ilumionate')
    cd /Users/byronquine/Documents/Programing/Swift/Practice/Ilumionate
    

SwiftCompile normal arm64 /Users/byronquine/Documents/Programing/Swift/Practice/Ilumionate/Ilumionate/WaveformView.swift (in target 'Ilumionate' from project 'Ilumionate')
    cd /Users/byronquine/Documents/Programing/Swift/Practice/Ilumionate
    

SwiftCompile normal arm64 /Users/byronquine/Documents/Programing/Swift/Practice/Ilumionate/AudioLightPlayerView.swift (in target 'Ilumionate' from project 'Ilumionate')
    cd /Users/byronquine/Documents/Programing/Swift/Practice/Ilumionate
    

SwiftCompile normal arm64 /Users/byronquine/Documents/Programing/Swift/Practice/Ilumionate/AudioLightScoreGenerator.swift (in target 'Ilumionate' from project 'Ilumionate')
    cd /Users/byronquine/Documents/Programing/Swift/Practice/Ilumionate
    

SwiftCompile normal arm64 Compiling\ LightSession.swift,\ MandalaVisualizer.swift,\ MindMachineView.swift,\ OnboardingView.swift,\ OrbCrashLogger.swift,\ PerformanceOptimizer.swift,\ PhasePill.swift /Users/byronquine/Documents/Programing/Swift/Practice/Ilumionate/Ilumionate/LightSession.swift /Users/byronquine/Documents/Programing/Swift/Practice/Ilumionate/Ilumionate/MandalaVisualizer.swift /Users/byronquine/Documents/Programing/Swift/Practice/Ilumionate/Ilumionate/MindMachineView.swift /Users/byronquine/Documents/Programing/Swift/Practice/Ilumionate/Ilumionate/OnboardingView.swift /Users/byronquine/Documents/Programing/Swift/Practice/Ilumionate/Ilumionate/OrbCrashLogger.swift /Users/byronquine/Documents/Programing/Swift/Practice/Ilumionate/Ilumionate/PerformanceOptimizer.swift /Users/byronquine/Documents/Programing/Swift/Practice/Ilumionate/Ilumionate/PhasePill.swift (in target 'Ilumionate' from project 'Ilumionate')

SwiftCompile normal arm64 /Users/byronquine/Documents/Programing/Swift/Practice/Ilumionate/Ilumionate/LightSession.swift (in target 'Ilumionate' from project 'Ilumionate')
    cd /Users/byronquine/Documents/Programing/Swift/Practice/Ilumionate
    
/Users/byronquine/Documents/Programing/Swift/Practice/Ilumionate/Ilumionate/PerformanceOptimizer.swift:259:47: warning: main actor-isolated property 'url' cannot be accessed from outside of the actor; this is an error in the Swift 6 language mode
        let asset = AVURLAsset(url: audioFile.url)
                    ~~~~~~~~~~~~~~~~~~~~~~~~~~^~~~
                    await 

SwiftCompile normal arm64 /Users/byronquine/Documents/Programing/Swift/Practice/Ilumionate/Ilumionate/MandalaVisualizer.swift (in target 'Ilumionate' from project 'Ilumionate')
    cd /Users/byronquine/Documents/Programing/Swift/Practice/Ilumionate
    
/Users/byronquine/Documents/Programing/Swift/Practice/Ilumionate/Ilumionate/PerformanceOptimizer.swift:259:47: warning: main actor-isolated property 'url' cannot be accessed from outside of the actor; this is an error in the Swift 6 language mode
        let asset = AVURLAsset(url: audioFile.url)
                    ~~~~~~~~~~~~~~~~~~~~~~~~~~^~~~
                    await 

SwiftCompile normal arm64 /Users/byronquine/Documents/Programing/Swift/Practice/Ilumionate/Ilumionate/MindMachineView.swift (in target 'Ilumionate' from project 'Ilumionate')
    cd /Users/byronquine/Documents/Programing/Swift/Practice/Ilumionate
    
/Users/byronquine/Documents/Programing/Swift/Practice/Ilumionate/Ilumionate/PerformanceOptimizer.swift:259:47: warning: main actor-isolated property 'url' cannot be accessed from outside of the actor; this is an error in the Swift 6 language mode
        let asset = AVURLAsset(url: audioFile.url)
                    ~~~~~~~~~~~~~~~~~~~~~~~~~~^~~~
                    await 

SwiftCompile normal arm64 /Users/byronquine/Documents/Programing/Swift/Practice/Ilumionate/Ilumionate/OnboardingView.swift (in target 'Ilumionate' from project 'Ilumionate')
    cd /Users/byronquine/Documents/Programing/Swift/Practice/Ilumionate
    
/Users/byronquine/Documents/Programing/Swift/Practice/Ilumionate/Ilumionate/PerformanceOptimizer.swift:259:47: warning: main actor-isolated property 'url' cannot be accessed from outside of the actor; this is an error in the Swift 6 language mode
        let asset = AVURLAsset(url: audioFile.url)
                    ~~~~~~~~~~~~~~~~~~~~~~~~~~^~~~
                    await 

SwiftCompile normal arm64 /Users/byronquine/Documents/Programing/Swift/Practice/Ilumionate/Ilumionate/OrbCrashLogger.swift (in target 'Ilumionate' from project 'Ilumionate')
    cd /Users/byronquine/Documents/Programing/Swift/Practice/Ilumionate
    
/Users/byronquine/Documents/Programing/Swift/Practice/Ilumionate/Ilumionate/PerformanceOptimizer.swift:259:47: warning: main actor-isolated property 'url' cannot be accessed from outside of the actor; this is an error in the Swift 6 language mode
        let asset = AVURLAsset(url: audioFile.url)
                    ~~~~~~~~~~~~~~~~~~~~~~~~~~^~~~
                    await 

SwiftCompile normal arm64 /Users/byronquine/Documents/Programing/Swift/Practice/Ilumionate/Ilumionate/PerformanceOptimizer.swift (in target 'Ilumionate' from project 'Ilumionate')
    cd /Users/byronquine/Documents/Programing/Swift/Practice/Ilumionate
    
/Users/byronquine/Documents/Programing/Swift/Practice/Ilumionate/Ilumionate/PerformanceOptimizer.swift:259:47: warning: main actor-isolated property 'url' cannot be accessed from outside of the actor; this is an error in the Swift 6 language mode
        let asset = AVURLAsset(url: audioFile.url)
                    ~~~~~~~~~~~~~~~~~~~~~~~~~~^~~~
                    await 

SwiftCompile normal arm64 /Users/byronquine/Documents/Programing/Swift/Practice/Ilumionate/Ilumionate/PhasePill.swift (in target 'Ilumionate' from project 'Ilumionate')
    cd /Users/byronquine/Documents/Programing/Swift/Practice/Ilumionate
    
/Users/byronquine/Documents/Programing/Swift/Practice/Ilumionate/Ilumionate/PerformanceOptimizer.swift:259:47: warning: main actor-isolated property 'url' cannot be accessed from outside of the actor; this is an error in the Swift 6 language mode
        let asset = AVURLAsset(url: audioFile.url)
                    ~~~~~~~~~~~~~~~~~~~~~~~~~~^~~~
                    await 

SwiftDriverJobDiscovery normal arm64 Compiling AudioScrubber.swift, AudioSyncController.swift, CategoryIcon.swift, Color+Extensions.swift, ContentView.swift, CTAButton.swift, EngineLightEngine.swift (in target 'Ilumionate' from project 'Ilumionate')

SwiftDriverJobDiscovery normal arm64 Compiling ProgressRingView.swift, PulseOrb.swift, QueueManagementView.swift, SafeAuraBackground.swift, SafeColorCreation.swift, SessionDiagnostics.swift, SessionGenerationView.swift (in target 'Ilumionate' from project 'Ilumionate')

ExtractAppIntentsMetadata (in target 'WhisperKit' from project 'whisperkit')
    cd /Users/byronquine/Library/Developer/Xcode/DerivedData/Ilumionate-ajbhadqlvcajfnbqievdybmttsdl/SourcePackages/checkouts/WhisperKit
    /Applications/Xcode\ 26.3\ Beta.app/Contents/Developer/Toolchains/XcodeDefault.xctoolchain/usr/bin/appintentsmetadataprocessor --toolchain-dir /var/run/com.apple.security.cryptexd/mnt/com.apple.MobileAsset.MetalToolchain-v17.3.519.0.qBttFW/Metal.xctoolchain --module-name WhisperKit --sdk-root /Applications/Xcode\ 26.3\ Beta.app/Contents/Developer/Platforms/iPhoneOS.platform/Developer/SDKs/iPhoneOS26.2.sdk --xcode-version 17C528 --platform-family iOS --deployment-target 16.0 --bundle-identifier whisperkit.WhisperKit --output /Users/byronquine/Library/Developer/Xcode/DerivedData/Ilumionate-ajbhadqlvcajfnbqievdybmttsdl/Build/Products/Debug-iphoneos/WhisperKit.appintents --target-triple arm64-apple-ios16.0 --binary-file /Users/byronquine/Library/Developer/Xcode/DerivedData/Ilumionate-ajbhadqlvcajfnbqievdybmttsdl/Build/Products/Debug-iphoneos/WhisperKit.o --dependency-file /Users/byronquine/Library/Developer/Xcode/DerivedData/Ilumionate-ajbhadqlvcajfnbqievdybmttsdl/Build/Intermediates.noindex/whisperkit.build/Debug-iphoneos/WhisperKit.build/Objects-normal/arm64/WhisperKit_dependency_info.dat --stringsdata-file /Users/byronquine/Library/Developer/Xcode/DerivedData/Ilumionate-ajbhadqlvcajfnbqievdybmttsdl/Build/Intermediates.noindex/whisperkit.build/Debug-iphoneos/WhisperKit.build/Objects-normal/arm64/ExtractedAppShortcutsMetadata.stringsdata --source-file-list /Users/byronquine/Library/Developer/Xcode/DerivedData/Ilumionate-ajbhadqlvcajfnbqievdybmttsdl/Build/Intermediates.noindex/whisperkit.build/Debug-iphoneos/WhisperKit.build/Objects-normal/arm64/WhisperKit.SwiftFileList --metadata-file-list /Users/byronquine/Library/Developer/Xcode/DerivedData/Ilumionate-ajbhadqlvcajfnbqievdybmttsdl/Build/Intermediates.noindex/whisperkit.build/Debug-iphoneos/WhisperKit.build/WhisperKit.DependencyMetadataFileList --static-metadata-file-list /Users/byronquine/Library/Developer/Xcode/DerivedData/Ilumionate-ajbhadqlvcajfnbqievdybmttsdl/Build/Intermediates.noindex/whisperkit.build/Debug-iphoneos/WhisperKit.build/WhisperKit.DependencyStaticMetadataFileList --swift-const-vals-list /Users/byronquine/Library/Developer/Xcode/DerivedData/Ilumionate-ajbhadqlvcajfnbqievdybmttsdl/Build/Intermediates.noindex/whisperkit.build/Debug-iphoneos/WhisperKit.build/Objects-normal/arm64/WhisperKit.SwiftConstValuesFileList --force --compile-time-extraction --deployment-aware-processing --validate-assistant-intents --no-app-shortcuts-localization
2026-03-12 20:04:16.825 appintentsmetadataprocessor[15764:2304176] Starting appintentsmetadataprocessor export
2026-03-12 20:04:16.945 appintentsmetadataprocessor[15764:2304176] Extracted no relevant App Intents symbols, skipping writing output

RegisterExecutionPolicyException /Users/byronquine/Library/Developer/Xcode/DerivedData/Ilumionate-ajbhadqlvcajfnbqievdybmttsdl/Build/Products/Debug-iphoneos/WhisperKit.o (in target 'WhisperKit' from project 'whisperkit')
    cd /Users/byronquine/Library/Developer/Xcode/DerivedData/Ilumionate-ajbhadqlvcajfnbqievdybmttsdl/SourcePackages/checkouts/WhisperKit
    builtin-RegisterExecutionPolicyException /Users/byronquine/Library/Developer/Xcode/DerivedData/Ilumionate-ajbhadqlvcajfnbqievdybmttsdl/Build/Products/Debug-iphoneos/WhisperKit.o

Ld /Users/byronquine/Library/Developer/Xcode/DerivedData/Ilumionate-ajbhadqlvcajfnbqievdybmttsdl/Build/Products/Debug-iphoneos/Ilumionate.app/__preview.dylib normal (in target 'Ilumionate' from project 'Ilumionate')
    cd /Users/byronquine/Documents/Programing/Swift/Practice/Ilumionate
    /Applications/Xcode\ 26.3\ Beta.app/Contents/Developer/Toolchains/XcodeDefault.xctoolchain/usr/bin/clang -Xlinker -reproducible -target arm64-apple-ios26.0 -dynamiclib -isysroot /Applications/Xcode\ 26.3\ Beta.app/Contents/Developer/Platforms/iPhoneOS.platform/Developer/SDKs/iPhoneOS26.2.sdk -O0 -L/Users/byronquine/Library/Developer/Xcode/DerivedData/Ilumionate-ajbhadqlvcajfnbqievdybmttsdl/Build/Products/Debug-iphoneos -F/Users/byronquine/Library/Developer/Xcode/DerivedData/Ilumionate-ajbhadqlvcajfnbqievdybmttsdl/Build/Products/Debug-iphoneos/PackageFrameworks -F/Users/byronquine/Library/Developer/Xcode/DerivedData/Ilumionate-ajbhadqlvcajfnbqievdybmttsdl/Build/Products/Debug-iphoneos/PackageFrameworks -F/Users/byronquine/Library/Developer/Xcode/DerivedData/Ilumionate-ajbhadqlvcajfnbqievdybmttsdl/Build/Products/Debug-iphoneos/PackageFrameworks -F/Users/byronquine/Library/Developer/Xcode/DerivedData/Ilumionate-ajbhadqlvcajfnbqievdybmttsdl/Build/Products/Debug-iphoneos/PackageFrameworks -F/Users/byronquine/Library/Developer/Xcode/DerivedData/Ilumionate-ajbhadqlvcajfnbqievdybmttsdl/Build/Products/Debug-iphoneos/PackageFrameworks -F/Users/byronquine/Library/Developer/Xcode/DerivedData/Ilumionate-ajbhadqlvcajfnbqievdybmttsdl/Build/Products/Debug-iphoneos/PackageFrameworks -F/Users/byronquine/Library/Developer/Xcode/DerivedData/Ilumionate-ajbhadqlvcajfnbqievdybmttsdl/Build/Products/Debug-iphoneos/PackageFrameworks -F/Users/byronquine/Library/Developer/Xcode/DerivedData/Ilumionate-ajbhadqlvcajfnbqievdybmttsdl/Build/Products/Debug-iphoneos/PackageFrameworks -F/Users/byronquine/Library/Developer/Xcode/DerivedData/Ilumionate-ajbhadqlvcajfnbqievdybmttsdl/Build/Products/Debug-iphoneos -install_name @rpath/Ilumionate.debug.dylib -dead_strip -rdynamic -Xlinker -no_deduplicate -Xlinker -debug_variant -Xlinker -dependency_info -Xlinker /Users/byronquine/Library/Developer/Xcode/DerivedData/Ilumionate-ajbhadqlvcajfnbqievdybmttsdl/Build/Intermediates.noindex/Ilumionate.build/Debug-iphoneos/Ilumionate.build/Objects-normal/arm64/Ilumionate_dependency_info.dat -Xlinker -no_adhoc_codesign -o /Users/byronquine/Library/Developer/Xcode/DerivedData/Ilumionate-ajbhadqlvcajfnbqievdybmttsdl/Build/Products/Debug-iphoneos/Ilumionate.app/__preview.dylib

CpResource /Users/byronquine/Library/Developer/Xcode/DerivedData/Ilumionate-ajbhadqlvcajfnbqievdybmttsdl/Build/Products/Debug-iphoneos/Ilumionate.app/morning_energizer.json /Users/byronquine/Documents/Programing/Swift/Practice/Ilumionate/Ilumionate/morning_energizer.json (in target 'Ilumionate' from project 'Ilumionate')
    cd /Users/byronquine/Documents/Programing/Swift/Practice/Ilumionate
    builtin-copy -exclude .DS_Store -exclude CVS -exclude .svn -exclude .git -exclude .hg -resolve-src-symlinks /Users/byronquine/Documents/Programing/Swift/Practice/Ilumionate/Ilumionate/morning_energizer.json /Users/byronquine/Library/Developer/Xcode/DerivedData/Ilumionate-ajbhadqlvcajfnbqievdybmttsdl/Build/Products/Debug-iphoneos/Ilumionate.app

CpResource /Users/byronquine/Library/Developer/Xcode/DerivedData/Ilumionate-ajbhadqlvcajfnbqievdybmttsdl/Build/Products/Debug-iphoneos/Ilumionate.app/hypnagogic_drift_session.json /Users/byronquine/Documents/Programing/Swift/Practice/Ilumionate/Ilumionate/hypnagogic_drift_session.json (in target 'Ilumionate' from project 'Ilumionate')
    cd /Users/byronquine/Documents/Programing/Swift/Practice/Ilumionate
    builtin-copy -exclude .DS_Store -exclude CVS -exclude .svn -exclude .git -exclude .hg -resolve-src-symlinks /Users/byronquine/Documents/Programing/Swift/Practice/Ilumionate/Ilumionate/hypnagogic_drift_session.json /Users/byronquine/Library/Developer/Xcode/DerivedData/Ilumionate-ajbhadqlvcajfnbqievdybmttsdl/Build/Products/Debug-iphoneos/Ilumionate.app

CpResource /Users/byronquine/Library/Developer/Xcode/DerivedData/Ilumionate-ajbhadqlvcajfnbqievdybmttsdl/Build/Products/Debug-iphoneos/Ilumionate.app/hypnagogic_drift_bilateral.json /Users/byronquine/Documents/Programing/Swift/Practice/Ilumionate/Ilumionate/hypnagogic_drift_bilateral.json (in target 'Ilumionate' from project 'Ilumionate')
    cd /Users/byronquine/Documents/Programing/Swift/Practice/Ilumionate
    builtin-copy -exclude .DS_Store -exclude CVS -exclude .svn -exclude .git -exclude .hg -resolve-src-symlinks /Users/byronquine/Documents/Programing/Swift/Practice/Ilumionate/Ilumionate/hypnagogic_drift_bilateral.json /Users/byronquine/Library/Developer/Xcode/DerivedData/Ilumionate-ajbhadqlvcajfnbqievdybmttsdl/Build/Products/Debug-iphoneos/Ilumionate.app

CpResource /Users/byronquine/Library/Developer/Xcode/DerivedData/Ilumionate-ajbhadqlvcajfnbqievdybmttsdl/Build/Products/Debug-iphoneos/Ilumionate.app/focused_trance_session.json /Users/byronquine/Documents/Programing/Swift/Practice/Ilumionate/Ilumionate/focused_trance_session.json (in target 'Ilumionate' from project 'Ilumionate')
    cd /Users/byronquine/Documents/Programing/Swift/Practice/Ilumionate
    builtin-copy -exclude .DS_Store -exclude CVS -exclude .svn -exclude .git -exclude .hg -resolve-src-symlinks /Users/byronquine/Documents/Programing/Swift/Practice/Ilumionate/Ilumionate/focused_trance_session.json /Users/byronquine/Library/Developer/Xcode/DerivedData/Ilumionate-ajbhadqlvcajfnbqievdybmttsdl/Build/Products/Debug-iphoneos/Ilumionate.app

CpResource /Users/byronquine/Library/Developer/Xcode/DerivedData/Ilumionate-ajbhadqlvcajfnbqievdybmttsdl/Build/Products/Debug-iphoneos/Ilumionate.app/focused_trance_bilateral.json /Users/byronquine/Documents/Programing/Swift/Practice/Ilumionate/Ilumionate/focused_trance_bilateral.json (in target 'Ilumionate' from project 'Ilumionate')
    cd /Users/byronquine/Documents/Programing/Swift/Practice/Ilumionate
    builtin-copy -exclude .DS_Store -exclude CVS -exclude .svn -exclude .git -exclude .hg -resolve-src-symlinks /Users/byronquine/Documents/Programing/Swift/Practice/Ilumionate/Ilumionate/focused_trance_bilateral.json /Users/byronquine/Library/Developer/Xcode/DerivedData/Ilumionate-ajbhadqlvcajfnbqievdybmttsdl/Build/Products/Debug-iphoneos/Ilumionate.app

CpResource /Users/byronquine/Library/Developer/Xcode/DerivedData/Ilumionate-ajbhadqlvcajfnbqievdybmttsdl/Build/Products/Debug-iphoneos/Ilumionate.app/focus_enhancement_session.json /Users/byronquine/Documents/Programing/Swift/Practice/Ilumionate/Ilumionate/focus_enhancement_session.json (in target 'Ilumionate' from project 'Ilumionate')
    cd /Users/byronquine/Documents/Programing/Swift/Practice/Ilumionate
    builtin-copy -exclude .DS_Store -exclude CVS -exclude .svn -exclude .git -exclude .hg -resolve-src-symlinks /Users/byronquine/Documents/Programing/Swift/Practice/Ilumionate/Ilumionate/focus_enhancement_session.json /Users/byronquine/Library/Developer/Xcode/DerivedData/Ilumionate-ajbhadqlvcajfnbqievdybmttsdl/Build/Products/Debug-iphoneos/Ilumionate.app

CpResource /Users/byronquine/Library/Developer/Xcode/DerivedData/Ilumionate-ajbhadqlvcajfnbqievdybmttsdl/Build/Products/Debug-iphoneos/Ilumionate.app/evening_wind_down.json /Users/byronquine/Documents/Programing/Swift/Practice/Ilumionate/Ilumionate/evening_wind_down.json (in target 'Ilumionate' from project 'Ilumionate')
    cd /Users/byronquine/Documents/Programing/Swift/Practice/Ilumionate
    builtin-copy -exclude .DS_Store -exclude CVS -exclude .svn -exclude .git -exclude .hg -resolve-src-symlinks /Users/byronquine/Documents/Programing/Swift/Practice/Ilumionate/Ilumionate/evening_wind_down.json /Users/byronquine/Library/Developer/Xcode/DerivedData/Ilumionate-ajbhadqlvcajfnbqievdybmttsdl/Build/Products/Debug-iphoneos/Ilumionate.app

CpResource /Users/byronquine/Library/Developer/Xcode/DerivedData/Ilumionate-ajbhadqlvcajfnbqievdybmttsdl/Build/Products/Debug-iphoneos/Ilumionate.app/deep_relaxation_session.json /Users/byronquine/Documents/Programing/Swift/Practice/Ilumionate/Ilumionate/deep_relaxation_session.json (in target 'Ilumionate' from project 'Ilumionate')
    cd /Users/byronquine/Documents/Programing/Swift/Practice/Ilumionate
    builtin-copy -exclude .DS_Store -exclude CVS -exclude .svn -exclude .git -exclude .hg -resolve-src-symlinks /Users/byronquine/Documents/Programing/Swift/Practice/Ilumionate/Ilumionate/deep_relaxation_session.json /Users/byronquine/Library/Developer/Xcode/DerivedData/Ilumionate-ajbhadqlvcajfnbqievdybmttsdl/Build/Products/Debug-iphoneos/Ilumionate.app

CpResource /Users/byronquine/Library/Developer/Xcode/DerivedData/Ilumionate-ajbhadqlvcajfnbqievdybmttsdl/Build/Products/Debug-iphoneos/Ilumionate.app/deep_relaxation_session\ 2.json /Users/byronquine/Documents/Programing/Swift/Practice/Ilumionate/Ilumionate/deep_relaxation_session\ 2.json (in target 'Ilumionate' from project 'Ilumionate')
    cd /Users/byronquine/Documents/Programing/Swift/Practice/Ilumionate
    builtin-copy -exclude .DS_Store -exclude CVS -exclude .svn -exclude .git -exclude .hg -resolve-src-symlinks /Users/byronquine/Documents/Programing/Swift/Practice/Ilumionate/Ilumionate/deep_relaxation_session\ 2.json /Users/byronquine/Library/Developer/Xcode/DerivedData/Ilumionate-ajbhadqlvcajfnbqievdybmttsdl/Build/Products/Debug-iphoneos/Ilumionate.app

CpResource /Users/byronquine/Library/Developer/Xcode/DerivedData/Ilumionate-ajbhadqlvcajfnbqievdybmttsdl/Build/Products/Debug-iphoneos/Ilumionate.app/deep_relaxation_bilateral.json /Users/byronquine/Documents/Programing/Swift/Practice/Ilumionate/Ilumionate/deep_relaxation_bilateral.json (in target 'Ilumionate' from project 'Ilumionate')
    cd /Users/byronquine/Documents/Programing/Swift/Practice/Ilumionate
    builtin-copy -exclude .DS_Store -exclude CVS -exclude .svn -exclude .git -exclude .hg -resolve-src-symlinks /Users/byronquine/Documents/Programing/Swift/Practice/Ilumionate/Ilumionate/deep_relaxation_bilateral.json /Users/byronquine/Library/Developer/Xcode/DerivedData/Ilumionate-ajbhadqlvcajfnbqievdybmttsdl/Build/Products/Debug-iphoneos/Ilumionate.app

CpResource /Users/byronquine/Library/Developer/Xcode/DerivedData/Ilumionate-ajbhadqlvcajfnbqievdybmttsdl/Build/Products/Debug-iphoneos/Ilumionate.app/deep_focus_20min_example.json /Users/byronquine/Documents/Programing/Swift/Practice/Ilumionate/Ilumionate/deep_focus_20min_example.json (in target 'Ilumionate' from project 'Ilumionate')
    cd /Users/byronquine/Documents/Programing/Swift/Practice/Ilumionate
    builtin-copy -exclude .DS_Store -exclude CVS -exclude .svn -exclude .git -exclude .hg -resolve-src-symlinks /Users/byronquine/Documents/Programing/Swift/Practice/Ilumionate/Ilumionate/deep_focus_20min_example.json /Users/byronquine/Library/Developer/Xcode/DerivedData/Ilumionate-ajbhadqlvcajfnbqievdybmttsdl/Build/Products/Debug-iphoneos/Ilumionate.app

CpResource /Users/byronquine/Library/Developer/Xcode/DerivedData/Ilumionate-ajbhadqlvcajfnbqievdybmttsdl/Build/Products/Debug-iphoneos/Ilumionate.app/bilateral_wave_pattern.json /Users/byronquine/Documents/Programing/Swift/Practice/Ilumionate/Ilumionate/bilateral_wave_pattern.json (in target 'Ilumionate' from project 'Ilumionate')
    cd /Users/byronquine/Documents/Programing/Swift/Practice/Ilumionate
    builtin-copy -exclude .DS_Store -exclude CVS -exclude .svn -exclude .git -exclude .hg -resolve-src-symlinks /Users/byronquine/Documents/Programing/Swift/Practice/Ilumionate/Ilumionate/bilateral_wave_pattern.json /Users/byronquine/Library/Developer/Xcode/DerivedData/Ilumionate-ajbhadqlvcajfnbqievdybmttsdl/Build/Products/Debug-iphoneos/Ilumionate.app

CpResource /Users/byronquine/Library/Developer/Xcode/DerivedData/Ilumionate-ajbhadqlvcajfnbqievdybmttsdl/Build/Products/Debug-iphoneos/Ilumionate.app/TESTING_QUICKREF.md /Users/byronquine/Documents/Programing/Swift/Practice/Ilumionate/Ilumionate/TESTING_QUICKREF.md (in target 'Ilumionate' from project 'Ilumionate')
    cd /Users/byronquine/Documents/Programing/Swift/Practice/Ilumionate
    builtin-copy -exclude .DS_Store -exclude CVS -exclude .svn -exclude .git -exclude .hg -resolve-src-symlinks /Users/byronquine/Documents/Programing/Swift/Practice/Ilumionate/Ilumionate/TESTING_QUICKREF.md /Users/byronquine/Library/Developer/Xcode/DerivedData/Ilumionate-ajbhadqlvcajfnbqievdybmttsdl/Build/Products/Debug-iphoneos/Ilumionate.app

CpResource /Users/byronquine/Library/Developer/Xcode/DerivedData/Ilumionate-ajbhadqlvcajfnbqievdybmttsdl/Build/Products/Debug-iphoneos/Ilumionate.app/TESTING_GUIDE.md /Users/byronquine/Documents/Programing/Swift/Practice/Ilumionate/Ilumionate/TESTING_GUIDE.md (in target 'Ilumionate' from project 'Ilumionate')
    cd /Users/byronquine/Documents/Programing/Swift/Practice/Ilumionate
    builtin-copy -exclude .DS_Store -exclude CVS -exclude .svn -exclude .git -exclude .hg -resolve-src-symlinks /Users/byronquine/Documents/Programing/Swift/Practice/Ilumionate/Ilumionate/TESTING_GUIDE.md /Users/byronquine/Library/Developer/Xcode/DerivedData/Ilumionate-ajbhadqlvcajfnbqievdybmttsdl/Build/Products/Debug-iphoneos/Ilumionate.app

CpResource /Users/byronquine/Library/Developer/Xcode/DerivedData/Ilumionate-ajbhadqlvcajfnbqievdybmttsdl/Build/Products/Debug-iphoneos/Ilumionate.app/TESTING_ARCHITECTURE.md /Users/byronquine/Documents/Programing/Swift/Practice/Ilumionate/Ilumionate/TESTING_ARCHITECTURE.md (in target 'Ilumionate' from project 'Ilumionate')
    cd /Users/byronquine/Documents/Programing/Swift/Practice/Ilumionate
    builtin-copy -exclude .DS_Store -exclude CVS -exclude .svn -exclude .git -exclude .hg -resolve-src-symlinks /Users/byronquine/Documents/Programing/Swift/Practice/Ilumionate/Ilumionate/TESTING_ARCHITECTURE.md /Users/byronquine/Library/Developer/Xcode/DerivedData/Ilumionate-ajbhadqlvcajfnbqievdybmttsdl/Build/Products/Debug-iphoneos/Ilumionate.app

CpResource /Users/byronquine/Library/Developer/Xcode/DerivedData/Ilumionate-ajbhadqlvcajfnbqievdybmttsdl/Build/Products/Debug-iphoneos/Ilumionate.app/SIMPLIFIED_UI_GUIDE.md /Users/byronquine/Documents/Programing/Swift/Practice/Ilumionate/Ilumionate/SIMPLIFIED_UI_GUIDE.md (in target 'Ilumionate' from project 'Ilumionate')
    cd /Users/byronquine/Documents/Programing/Swift/Practice/Ilumionate
    builtin-copy -exclude .DS_Store -exclude CVS -exclude .svn -exclude .git -exclude .hg -resolve-src-symlinks /Users/byronquine/Documents/Programing/Swift/Practice/Ilumionate/Ilumionate/SIMPLIFIED_UI_GUIDE.md /Users/byronquine/Library/Developer/Xcode/DerivedData/Ilumionate-ajbhadqlvcajfnbqievdybmttsdl/Build/Products/Debug-iphoneos/Ilumionate.app

CpResource /Users/byronquine/Library/Developer/Xcode/DerivedData/Ilumionate-ajbhadqlvcajfnbqievdybmttsdl/Build/Products/Debug-iphoneos/Ilumionate.app/SESSION_SYSTEM_README.md /Users/byronquine/Documents/Programing/Swift/Practice/Ilumionate/Ilumionate/SESSION_SYSTEM_README.md (in target 'Ilumionate' from project 'Ilumionate')
    cd /Users/byronquine/Documents/Programing/Swift/Practice/Ilumionate
    builtin-copy -exclude .DS_Store -exclude CVS -exclude .svn -exclude .git -exclude .hg -resolve-src-symlinks /Users/byronquine/Documents/Programing/Swift/Practice/Ilumionate/Ilumionate/SESSION_SYSTEM_README.md /Users/byronquine/Library/Developer/Xcode/DerivedData/Ilumionate-ajbhadqlvcajfnbqievdybmttsdl/Build/Products/Debug-iphoneos/Ilumionate.app

CpResource /Users/byronquine/Library/Developer/Xcode/DerivedData/Ilumionate-ajbhadqlvcajfnbqievdybmttsdl/Build/Products/Debug-iphoneos/Ilumionate.app/SESSION_LOCK_GUIDE.md /Users/byronquine/Documents/Programing/Swift/Practice/Ilumionate/Ilumionate/SESSION_LOCK_GUIDE.md (in target 'Ilumionate' from project 'Ilumionate')
    cd /Users/byronquine/Documents/Programing/Swift/Practice/Ilumionate
    builtin-copy -exclude .DS_Store -exclude CVS -exclude .svn -exclude .git -exclude .hg -resolve-src-symlinks /Users/byronquine/Documents/Programing/Swift/Practice/Ilumionate/Ilumionate/SESSION_LOCK_GUIDE.md /Users/byronquine/Library/Developer/Xcode/DerivedData/Ilumionate-ajbhadqlvcajfnbqievdybmttsdl/Build/Products/Debug-iphoneos/Ilumionate.app

CpResource /Users/byronquine/Library/Developer/Xcode/DerivedData/Ilumionate-ajbhadqlvcajfnbqievdybmttsdl/Build/Products/Debug-iphoneos/Ilumionate.app/SESSION_LOADING_TROUBLESHOOTING.md /Users/byronquine/Documents/Programing/Swift/Practice/Ilumionate/Ilumionate/SESSION_LOADING_TROUBLESHOOTING.md (in target 'Ilumionate' from project 'Ilumionate')
    cd /Users/byronquine/Documents/Programing/Swift/Practice/Ilumionate
    builtin-copy -exclude .DS_Store -exclude CVS -exclude .svn -exclude .git -exclude .hg -resolve-src-symlinks /Users/byronquine/Documents/Programing/Swift/Practice/Ilumionate/Ilumionate/SESSION_LOADING_TROUBLESHOOTING.md /Users/byronquine/Library/Developer/Xcode/DerivedData/Ilumionate-ajbhadqlvcajfnbqievdybmttsdl/Build/Products/Debug-iphoneos/Ilumionate.app

CpResource /Users/byronquine/Library/Developer/Xcode/DerivedData/Ilumionate-ajbhadqlvcajfnbqievdybmttsdl/Build/Products/Debug-iphoneos/Ilumionate.app/PRODUCTION_CHECKLIST.md /Users/byronquine/Documents/Programing/Swift/Practice/Ilumionate/Ilumionate/PRODUCTION_CHECKLIST.md (in target 'Ilumionate' from project 'Ilumionate')
    cd /Users/byronquine/Documents/Programing/Swift/Practice/Ilumionate
    builtin-copy -exclude .DS_Store -exclude CVS -exclude .svn -exclude .git -exclude .hg -resolve-src-symlinks /Users/byronquine/Documents/Programing/Swift/Practice/Ilumionate/Ilumionate/PRODUCTION_CHECKLIST.md /Users/byronquine/Library/Developer/Xcode/DerivedData/Ilumionate-ajbhadqlvcajfnbqievdybmttsdl/Build/Products/Debug-iphoneos/Ilumionate.app

CpResource /Users/byronquine/Library/Developer/Xcode/DerivedData/Ilumionate-ajbhadqlvcajfnbqievdybmttsdl/Build/Products/Debug-iphoneos/Ilumionate.app/PHASE3_SUMMARY.md /Users/byronquine/Documents/Programing/Swift/Practice/Ilumionate/Ilumionate/PHASE3_SUMMARY.md (in target 'Ilumionate' from project 'Ilumionate')
    cd /Users/byronquine/Documents/Programing/Swift/Practice/Ilumionate
    builtin-copy -exclude .DS_Store -exclude CVS -exclude .svn -exclude .git -exclude .hg -resolve-src-symlinks /Users/byronquine/Documents/Programing/Swift/Practice/Ilumionate/Ilumionate/PHASE3_SUMMARY.md /Users/byronquine/Library/Developer/Xcode/DerivedData/Ilumionate-ajbhadqlvcajfnbqievdybmttsdl/Build/Products/Debug-iphoneos/Ilumionate.app

CpResource /Users/byronquine/Library/Developer/Xcode/DerivedData/Ilumionate-ajbhadqlvcajfnbqievdybmttsdl/Build/Products/Debug-iphoneos/Ilumionate.app/PHASE3_FILE_INDEX.md /Users/byronquine/Documents/Programing/Swift/Practice/Ilumionate/Ilumionate/PHASE3_FILE_INDEX.md (in target 'Ilumionate' from project 'Ilumionate')
    cd /Users/byronquine/Documents/Programing/Swift/Practice/Ilumionate
    builtin-copy -exclude .DS_Store -exclude CVS -exclude .svn -exclude .git -exclude .hg -resolve-src-symlinks /Users/byronquine/Documents/Programing/Swift/Practice/Ilumionate/Ilumionate/PHASE3_FILE_INDEX.md /Users/byronquine/Library/Developer/Xcode/DerivedData/Ilumionate-ajbhadqlvcajfnbqievdybmttsdl/Build/Products/Debug-iphoneos/Ilumionate.app

CpResource /Users/byronquine/Library/Developer/Xcode/DerivedData/Ilumionate-ajbhadqlvcajfnbqievdybmttsdl/Build/Products/Debug-iphoneos/Ilumionate.app/PHASE3_COMPLETE.md /Users/byronquine/Documents/Programing/Swift/Practice/Ilumionate/Ilumionate/PHASE3_COMPLETE.md (in target 'Ilumionate' from project 'Ilumionate')
    cd /Users/byronquine/Documents/Programing/Swift/Practice/Ilumionate
    builtin-copy -exclude .DS_Store -exclude CVS -exclude .svn -exclude .git -exclude .hg -resolve-src-symlinks /Users/byronquine/Documents/Programing/Swift/Practice/Ilumionate/Ilumionate/PHASE3_COMPLETE.md /Users/byronquine/Library/Developer/Xcode/DerivedData/Ilumionate-ajbhadqlvcajfnbqievdybmttsdl/Build/Products/Debug-iphoneos/Ilumionate.app

CpResource /Users/byronquine/Library/Developer/Xcode/DerivedData/Ilumionate-ajbhadqlvcajfnbqievdybmttsdl/Build/Products/Debug-iphoneos/Ilumionate.app/OBSERVABLE_MIGRATION.md /Users/byronquine/Documents/Programing/Swift/Practice/Ilumionate/Ilumionate/OBSERVABLE_MIGRATION.md (in target 'Ilumionate' from project 'Ilumionate')
    cd /Users/byronquine/Documents/Programing/Swift/Practice/Ilumionate
    builtin-copy -exclude .DS_Store -exclude CVS -exclude .svn -exclude .git -exclude .hg -resolve-src-symlinks /Users/byronquine/Documents/Programing/Swift/Practice/Ilumionate/Ilumionate/OBSERVABLE_MIGRATION.md /Users/byronquine/Library/Developer/Xcode/DerivedData/Ilumionate-ajbhadqlvcajfnbqievdybmttsdl/Build/Products/Debug-iphoneos/Ilumionate.app

CpResource /Users/byronquine/Library/Developer/Xcode/DerivedData/Ilumionate-ajbhadqlvcajfnbqievdybmttsdl/Build/Products/Debug-iphoneos/Ilumionate.app/HYPNOSIS_CLASSIFICATION_GUIDE.md /Users/byronquine/Documents/Programing/Swift/Practice/Ilumionate/Ilumionate/HYPNOSIS_CLASSIFICATION_GUIDE.md (in target 'Ilumionate' from project 'Ilumionate')
    cd /Users/byronquine/Documents/Programing/Swift/Practice/Ilumionate
    builtin-copy -exclude .DS_Store -exclude CVS -exclude .svn -exclude .git -exclude .hg -resolve-src-symlinks /Users/byronquine/Documents/Programing/Swift/Practice/Ilumionate/Ilumionate/HYPNOSIS_CLASSIFICATION_GUIDE.md /Users/byronquine/Library/Developer/Xcode/DerivedData/Ilumionate-ajbhadqlvcajfnbqievdybmttsdl/Build/Products/Debug-iphoneos/Ilumionate.app

CpResource /Users/byronquine/Library/Developer/Xcode/DerivedData/Ilumionate-ajbhadqlvcajfnbqievdybmttsdl/Build/Products/Debug-iphoneos/Ilumionate.app/HYPNOSIS_ANALYSIS_ENHANCEMENTS.md /Users/byronquine/Documents/Programing/Swift/Practice/Ilumionate/Ilumionate/HYPNOSIS_ANALYSIS_ENHANCEMENTS.md (in target 'Ilumionate' from project 'Ilumionate')
    cd /Users/byronquine/Documents/Programing/Swift/Practice/Ilumionate
    builtin-copy -exclude .DS_Store -exclude CVS -exclude .svn -exclude .git -exclude .hg -resolve-src-symlinks /Users/byronquine/Documents/Programing/Swift/Practice/Ilumionate/Ilumionate/HYPNOSIS_ANALYSIS_ENHANCEMENTS.md /Users/byronquine/Library/Developer/Xcode/DerivedData/Ilumionate-ajbhadqlvcajfnbqievdybmttsdl/Build/Products/Debug-iphoneos/Ilumionate.app

CpResource /Users/byronquine/Library/Developer/Xcode/DerivedData/Ilumionate-ajbhadqlvcajfnbqievdybmttsdl/Build/Products/Debug-iphoneos/Ilumionate.app/ENHANCED_LIGHT_SCORE_GUIDE.md /Users/byronquine/Documents/Programing/Swift/Practice/Ilumionate/ENHANCED_LIGHT_SCORE_GUIDE.md (in target 'Ilumionate' from project 'Ilumionate')
    cd /Users/byronquine/Documents/Programing/Swift/Practice/Ilumionate
    builtin-copy -exclude .DS_Store -exclude CVS -exclude .svn -exclude .git -exclude .hg -resolve-src-symlinks /Users/byronquine/Documents/Programing/Swift/Practice/Ilumionate/ENHANCED_LIGHT_SCORE_GUIDE.md /Users/byronquine/Library/Developer/Xcode/DerivedData/Ilumionate-ajbhadqlvcajfnbqievdybmttsdl/Build/Products/Debug-iphoneos/Ilumionate.app

CpResource /Users/byronquine/Library/Developer/Xcode/DerivedData/Ilumionate-ajbhadqlvcajfnbqievdybmttsdl/Build/Products/Debug-iphoneos/Ilumionate.app/COMPILE_ERROR_FIXES.md /Users/byronquine/Documents/Programing/Swift/Practice/Ilumionate/Ilumionate/COMPILE_ERROR_FIXES.md (in target 'Ilumionate' from project 'Ilumionate')
    cd /Users/byronquine/Documents/Programing/Swift/Practice/Ilumionate
    builtin-copy -exclude .DS_Store -exclude CVS -exclude .svn -exclude .git -exclude .hg -resolve-src-symlinks /Users/byronquine/Documents/Programing/Swift/Practice/Ilumionate/Ilumionate/COMPILE_ERROR_FIXES.md /Users/byronquine/Library/Developer/Xcode/DerivedData/Ilumionate-ajbhadqlvcajfnbqievdybmttsdl/Build/Products/Debug-iphoneos/Ilumionate.app

CpResource /Users/byronquine/Library/Developer/Xcode/DerivedData/Ilumionate-ajbhadqlvcajfnbqievdybmttsdl/Build/Products/Debug-iphoneos/Ilumionate.app/COLOR_TEMPERATURE_GUIDE.md /Users/byronquine/Documents/Programing/Swift/Practice/Ilumionate/Ilumionate/COLOR_TEMPERATURE_GUIDE.md (in target 'Ilumionate' from project 'Ilumionate')
    cd /Users/byronquine/Documents/Programing/Swift/Practice/Ilumionate
    builtin-copy -exclude .DS_Store -exclude CVS -exclude .svn -exclude .git -exclude .hg -resolve-src-symlinks /Users/byronquine/Documents/Programing/Swift/Practice/Ilumionate/Ilumionate/COLOR_TEMPERATURE_GUIDE.md /Users/byronquine/Library/Developer/Xcode/DerivedData/Ilumionate-ajbhadqlvcajfnbqievdybmttsdl/Build/Products/Debug-iphoneos/Ilumionate.app

CpResource /Users/byronquine/Library/Developer/Xcode/DerivedData/Ilumionate-ajbhadqlvcajfnbqievdybmttsdl/Build/Products/Debug-iphoneos/Ilumionate.app/BILATERAL_MODE_GUIDE.md /Users/byronquine/Documents/Programing/Swift/Practice/Ilumionate/Ilumionate/BILATERAL_MODE_GUIDE.md (in target 'Ilumionate' from project 'Ilumionate')
    cd /Users/byronquine/Documents/Programing/Swift/Practice/Ilumionate
    builtin-copy -exclude .DS_Store -exclude CVS -exclude .svn -exclude .git -exclude .hg -resolve-src-symlinks /Users/byronquine/Documents/Programing/Swift/Practice/Ilumionate/Ilumionate/BILATERAL_MODE_GUIDE.md /Users/byronquine/Library/Developer/Xcode/DerivedData/Ilumionate-ajbhadqlvcajfnbqievdybmttsdl/Build/Products/Debug-iphoneos/Ilumionate.app

CpResource /Users/byronquine/Library/Developer/Xcode/DerivedData/Ilumionate-ajbhadqlvcajfnbqievdybmttsdl/Build/Products/Debug-iphoneos/Ilumionate.app/AUDIO_SYNC_IMPLEMENTATION_STATUS.md /Users/byronquine/Documents/Programing/Swift/Practice/Ilumionate/Ilumionate/AUDIO_SYNC_IMPLEMENTATION_STATUS.md (in target 'Ilumionate' from project 'Ilumionate')
    cd /Users/byronquine/Documents/Programing/Swift/Practice/Ilumionate
    builtin-copy -exclude .DS_Store -exclude CVS -exclude .svn -exclude .git -exclude .hg -resolve-src-symlinks /Users/byronquine/Documents/Programing/Swift/Practice/Ilumionate/Ilumionate/AUDIO_SYNC_IMPLEMENTATION_STATUS.md /Users/byronquine/Library/Developer/Xcode/DerivedData/Ilumionate-ajbhadqlvcajfnbqievdybmttsdl/Build/Products/Debug-iphoneos/Ilumionate.app

CpResource /Users/byronquine/Library/Developer/Xcode/DerivedData/Ilumionate-ajbhadqlvcajfnbqievdybmttsdl/Build/Products/Debug-iphoneos/Ilumionate.app/AI_SESSION_GENERATION_PLAN.md /Users/byronquine/Documents/Programing/Swift/Practice/Ilumionate/Ilumionate/AI_SESSION_GENERATION_PLAN.md (in target 'Ilumionate' from project 'Ilumionate')
    cd /Users/byronquine/Documents/Programing/Swift/Practice/Ilumionate
    builtin-copy -exclude .DS_Store -exclude CVS -exclude .svn -exclude .git -exclude .hg -resolve-src-symlinks /Users/byronquine/Documents/Programing/Swift/Practice/Ilumionate/Ilumionate/AI_SESSION_GENERATION_PLAN.md /Users/byronquine/Library/Developer/Xcode/DerivedData/Ilumionate-ajbhadqlvcajfnbqievdybmttsdl/Build/Products/Debug-iphoneos/Ilumionate.app

CpResource /Users/byronquine/Library/Developer/Xcode/DerivedData/Ilumionate-ajbhadqlvcajfnbqievdybmttsdl/Build/Products/Debug-iphoneos/Ilumionate.app/AI_AUDIO_IMPLEMENTATION_PROGRESS.md /Users/byronquine/Documents/Programing/Swift/Practice/Ilumionate/Ilumionate/AI_AUDIO_IMPLEMENTATION_PROGRESS.md (in target 'Ilumionate' from project 'Ilumionate')
    cd /Users/byronquine/Documents/Programing/Swift/Practice/Ilumionate
    builtin-copy -exclude .DS_Store -exclude CVS -exclude .svn -exclude .git -exclude .hg -resolve-src-symlinks /Users/byronquine/Documents/Programing/Swift/Practice/Ilumionate/Ilumionate/AI_AUDIO_IMPLEMENTATION_PROGRESS.md /Users/byronquine/Library/Developer/Xcode/DerivedData/Ilumionate-ajbhadqlvcajfnbqievdybmttsdl/Build/Products/Debug-iphoneos/Ilumionate.app

Copy /Users/byronquine/Library/Developer/Xcode/DerivedData/Ilumionate-ajbhadqlvcajfnbqievdybmttsdl/Build/Products/Debug-iphoneos/Ilumionate.app/swift-transformers_Hub.bundle /Users/byronquine/Library/Developer/Xcode/DerivedData/Ilumionate-ajbhadqlvcajfnbqievdybmttsdl/Build/Products/Debug-iphoneos/swift-transformers_Hub.bundle (in target 'Ilumionate' from project 'Ilumionate')
    cd /Users/byronquine/Documents/Programing/Swift/Practice/Ilumionate
    builtin-copy -exclude .DS_Store -exclude CVS -exclude .svn -exclude .git -exclude .hg -resolve-src-symlinks /Users/byronquine/Library/Developer/Xcode/DerivedData/Ilumionate-ajbhadqlvcajfnbqievdybmttsdl/Build/Products/Debug-iphoneos/swift-transformers_Hub.bundle /Users/byronquine/Library/Developer/Xcode/DerivedData/Ilumionate-ajbhadqlvcajfnbqievdybmttsdl/Build/Products/Debug-iphoneos/Ilumionate.app

Copy /Users/byronquine/Library/Developer/Xcode/DerivedData/Ilumionate-ajbhadqlvcajfnbqievdybmttsdl/Build/Products/Debug-iphoneos/Ilumionate.app/swift-crypto_Crypto.bundle /Users/byronquine/Library/Developer/Xcode/DerivedData/Ilumionate-ajbhadqlvcajfnbqievdybmttsdl/Build/Products/Debug-iphoneos/swift-crypto_Crypto.bundle (in target 'Ilumionate' from project 'Ilumionate')
    cd /Users/byronquine/Documents/Programing/Swift/Practice/Ilumionate
    builtin-copy -exclude .DS_Store -exclude CVS -exclude .svn -exclude .git -exclude .hg -resolve-src-symlinks /Users/byronquine/Library/Developer/Xcode/DerivedData/Ilumionate-ajbhadqlvcajfnbqievdybmttsdl/Build/Products/Debug-iphoneos/swift-crypto_Crypto.bundle /Users/byronquine/Library/Developer/Xcode/DerivedData/Ilumionate-ajbhadqlvcajfnbqievdybmttsdl/Build/Products/Debug-iphoneos/Ilumionate.app

SwiftDriverJobDiscovery normal arm64 Compiling AudioLightSyncPlayer.swift, OnboardingData.swift, AIContentAnalyzer.swift, AnalysisPreferences.swift, AnalysisProgressView.swift, AnalysisStateManager.swift, AnalysisStatusBar.swift (in target 'Ilumionate' from project 'Ilumionate')

SwiftDriverJobDiscovery normal arm64 Compiling IntensityDial.swift, LibraryCreatorsView.swift, LibraryFoldersView.swift, LibraryView.swift, LightEngineTests.swift, LightScorePlayer.swift, LightScoreReader.swift (in target 'Ilumionate' from project 'Ilumionate')

SwiftDriverJobDiscovery normal arm64 Compiling SessionGenerator.swift, SessionIntegrationTests.swift, SessionLibraryView.swift, SessionLockView.swift, SessionPlayerView.swift, SessionValidationExample.swift, SettingsView.swift (in target 'Ilumionate' from project 'Ilumionate')

SwiftDriverJobDiscovery normal arm64 Compiling EngineWaveforms.swift, FlashModeView.swift, Folder.swift, GlassCard.swift, HomeView.swift, IlumionateApp.swift, InAppBrowserView.swift (in target 'Ilumionate' from project 'Ilumionate')

SwiftDriverJobDiscovery normal arm64 Compiling PlaylistLibraryView.swift, PlaylistEditorView.swift, PlaylistPlayerView.swift, Playlist.swift, PlaylistPlayerController.swift, GeneratedAssetSymbols.swift (in target 'Ilumionate' from project 'Ilumionate')

SwiftDriverJobDiscovery normal arm64 Compiling SyncToggle.swift, TranceDesignSystem.swift, TranceTabBar.swift, UISessionView.swift, WaveformView.swift, AudioLightPlayerView.swift, AudioLightScoreGenerator.swift (in target 'Ilumionate' from project 'Ilumionate')

SwiftDriverJobDiscovery normal arm64 Compiling LightSession.swift, MandalaVisualizer.swift, MindMachineView.swift, OnboardingView.swift, OrbCrashLogger.swift, PerformanceOptimizer.swift, PhasePill.swift (in target 'Ilumionate' from project 'Ilumionate')

SwiftDriverJobDiscovery normal arm64 Compiling AnalyzerView.swift, AudioAnalyzer.swift, AudioAnalyzerView.swift, AudioEnergyAnalyzer.swift, AudioFile.swift, AudioLibraryView.swift, AudioManager.swift (in target 'Ilumionate' from project 'Ilumionate')

SwiftDriver\ Compilation Ilumionate normal arm64 com.apple.xcode.tools.swift.compiler (in target 'Ilumionate' from project 'Ilumionate')
    cd /Users/byronquine/Documents/Programing/Swift/Practice/Ilumionate
    builtin-Swift-Compilation -- /Applications/Xcode\ 26.3\ Beta.app/Contents/Developer/Toolchains/XcodeDefault.xctoolchain/usr/bin/swiftc -module-name Ilumionate -Onone -enforce-exclusivity\=checked @/Users/byronquine/Library/Developer/Xcode/DerivedData/Ilumionate-ajbhadqlvcajfnbqievdybmttsdl/Build/Intermediates.noindex/Ilumionate.build/Debug-iphoneos/Ilumionate.build/Objects-normal/arm64/Ilumionate.SwiftFileList -DDEBUG -Xcc -fmodule-map-file\=/Users/byronquine/Library/Developer/Xcode/DerivedData/Ilumionate-ajbhadqlvcajfnbqievdybmttsdl/Build/Intermediates.noindex/GeneratedModuleMaps-iphoneos/yyjson.modulemap -default-isolation\=MainActor -enable-bare-slash-regex -enable-upcoming-feature DisableOutwardActorInference -enable-upcoming-feature InferSendableFromCaptures -enable-upcoming-feature GlobalActorIsolatedTypesUsability -enable-upcoming-feature MemberImportVisibility -enable-upcoming-feature InferIsolatedConformances -enable-upcoming-feature NonisolatedNonsendingByDefault -enable-experimental-feature DebugDescriptionMacro -sdk /Applications/Xcode\ 26.3\ Beta.app/Contents/Developer/Platforms/iPhoneOS.platform/Developer/SDKs/iPhoneOS26.2.sdk -target arm64-apple-ios26.0 -g -module-cache-path /Users/byronquine/Library/Developer/Xcode/DerivedData/ModuleCache.noindex -Xfrontend -serialize-debugging-options -profile-coverage-mapping -profile-generate -enable-testing -index-store-path /Users/byronquine/Library/Developer/Xcode/DerivedData/Ilumionate-ajbhadqlvcajfnbqievdybmttsdl/Index.noindex/DataStore -Xcc -D_LIBCPP_HARDENING_MODE\=_LIBCPP_HARDENING_MODE_DEBUG -swift-version 5 -I /Users/byronquine/Library/Developer/Xcode/DerivedData/Ilumionate-ajbhadqlvcajfnbqievdybmttsdl/Build/Products/Debug-iphoneos -F /Users/byronquine/Library/Developer/Xcode/DerivedData/Ilumionate-ajbhadqlvcajfnbqievdybmttsdl/Build/Products/Debug-iphoneos/PackageFrameworks -F /Users/byronquine/Library/Developer/Xcode/DerivedData/Ilumionate-ajbhadqlvcajfnbqievdybmttsdl/Build/Products/Debug-iphoneos/PackageFrameworks -F /Users/byronquine/Library/Developer/Xcode/DerivedData/Ilumionate-ajbhadqlvcajfnbqievdybmttsdl/Build/Products/Debug-iphoneos/PackageFrameworks -F /Users/byronquine/Library/Developer/Xcode/DerivedData/Ilumionate-ajbhadqlvcajfnbqievdybmttsdl/Build/Products/Debug-iphoneos/PackageFrameworks -F /Users/byronquine/Library/Developer/Xcode/DerivedData/Ilumionate-ajbhadqlvcajfnbqievdybmttsdl/Build/Products/Debug-iphoneos/PackageFrameworks -F /Users/byronquine/Library/Developer/Xcode/DerivedData/Ilumionate-ajbhadqlvcajfnbqievdybmttsdl/Build/Products/Debug-iphoneos/PackageFrameworks -F /Users/byronquine/Library/Developer/Xcode/DerivedData/Ilumionate-ajbhadqlvcajfnbqievdybmttsdl/Build/Products/Debug-iphoneos/PackageFrameworks -F /Users/byronquine/Library/Developer/Xcode/DerivedData/Ilumionate-ajbhadqlvcajfnbqievdybmttsdl/Build/Products/Debug-iphoneos/PackageFrameworks -F /Users/byronquine/Library/Developer/Xcode/DerivedData/Ilumionate-ajbhadqlvcajfnbqievdybmttsdl/Build/Products/Debug-iphoneos -emit-localized-strings -emit-localized-strings-path /Users/byronquine/Library/Developer/Xcode/DerivedData/Ilumionate-ajbhadqlvcajfnbqievdybmttsdl/Build/Intermediates.noindex/Ilumionate.build/Debug-iphoneos/Ilumionate.build/Objects-normal/arm64 -c -j10 -enable-batch-mode -incremental -Xcc -ivfsstatcache -Xcc /Users/byronquine/Library/Developer/Xcode/DerivedData/SDKStatCaches.noindex/iphoneos26.2-23C57-e8867d0c40613ffc63e0238af232dc50d4d6ee3f8374c9c9b8dccfd0b4476fca.sdkstatcache -output-file-map /Users/byronquine/Library/Developer/Xcode/DerivedData/Ilumionate-ajbhadqlvcajfnbqievdybmttsdl/Build/Intermediates.noindex/Ilumionate.build/Debug-iphoneos/Ilumionate.build/Objects-normal/arm64/Ilumionate-OutputFileMap.json -use-frontend-parseable-output -save-temps -no-color-diagnostics -explicit-module-build -module-cache-path /Users/byronquine/Library/Developer/Xcode/DerivedData/Ilumionate-ajbhadqlvcajfnbqievdybmttsdl/Build/Intermediates.noindex/SwiftExplicitPrecompiledModules -clang-scanner-module-cache-path /Users/byronquine/Library/Developer/Xcode/DerivedData/ModuleCache.noindex -sdk-module-cache-path /Users/byronquine/Library/Developer/Xcode/DerivedData/ModuleCache.noindex -serialize-diagnostics -emit-dependencies -emit-module -emit-module-path /Users/byronquine/Library/Developer/Xcode/DerivedData/Ilumionate-ajbhadqlvcajfnbqievdybmttsdl/Build/Intermediates.noindex/Ilumionate.build/Debug-iphoneos/Ilumionate.build/Objects-normal/arm64/Ilumionate.swiftmodule -validate-clang-modules-once -clang-build-session-file /Users/byronquine/Library/Developer/Xcode/DerivedData/ModuleCache.noindex/Session.modulevalidation -Xcc -I/Users/byronquine/Library/Developer/Xcode/DerivedData/Ilumionate-ajbhadqlvcajfnbqievdybmttsdl/Build/Intermediates.noindex/Ilumionate.build/Debug-iphoneos/Ilumionate.build/swift-overrides.hmap -emit-const-values -Xfrontend -const-gather-protocols-file -Xfrontend /Users/byronquine/Library/Developer/Xcode/DerivedData/Ilumionate-ajbhadqlvcajfnbqievdybmttsdl/Build/Intermediates.noindex/Ilumionate.build/Debug-iphoneos/Ilumionate.build/Objects-normal/arm64/Ilumionate_const_extract_protocols.json -Xcc -iquote -Xcc /Users/byronquine/Library/Developer/Xcode/DerivedData/Ilumionate-ajbhadqlvcajfnbqievdybmttsdl/Build/Intermediates.noindex/Ilumionate.build/Debug-iphoneos/Ilumionate.build/Ilumionate-generated-files.hmap -Xcc -I/Users/byronquine/Library/Developer/Xcode/DerivedData/Ilumionate-ajbhadqlvcajfnbqievdybmttsdl/Build/Intermediates.noindex/Ilumionate.build/Debug-iphoneos/Ilumionate.build/Ilumionate-own-target-headers.hmap -Xcc -I/Users/byronquine/Library/Developer/Xcode/DerivedData/Ilumionate-ajbhadqlvcajfnbqievdybmttsdl/Build/Intermediates.noindex/Ilumionate.build/Debug-iphoneos/Ilumionate.build/Ilumionate-all-non-framework-target-headers.hmap -Xcc -ivfsoverlay -Xcc /Users/byronquine/Library/Developer/Xcode/DerivedData/Ilumionate-ajbhadqlvcajfnbqievdybmttsdl/Build/Intermediates.noindex/Ilumionate.build/Debug-iphoneos/Ilumionate-5c3c3b50c898bf098fe02e7cb6043ac3-VFS-iphoneos/all-product-headers.yaml -Xcc -iquote -Xcc /Users/byronquine/Library/Developer/Xcode/DerivedData/Ilumionate-ajbhadqlvcajfnbqievdybmttsdl/Build/Intermediates.noindex/Ilumionate.build/Debug-iphoneos/Ilumionate.build/Ilumionate-project-headers.hmap -Xcc -I/Users/byronquine/Library/Developer/Xcode/DerivedData/Ilumionate-ajbhadqlvcajfnbqievdybmttsdl/SourcePackages/checkouts/yyjson/src -Xcc -I/Users/byronquine/Library/Developer/Xcode/DerivedData/Ilumionate-ajbhadqlvcajfnbqievdybmttsdl/Build/Products/Debug-iphoneos/include -Xcc -I/Users/byronquine/Library/Developer/Xcode/DerivedData/Ilumionate-ajbhadqlvcajfnbqievdybmttsdl/Build/Intermediates.noindex/Ilumionate.build/Debug-iphoneos/Ilumionate.build/DerivedSources-normal/arm64 -Xcc -I/Users/byronquine/Library/Developer/Xcode/DerivedData/Ilumionate-ajbhadqlvcajfnbqievdybmttsdl/Build/Intermediates.noindex/Ilumionate.build/Debug-iphoneos/Ilumionate.build/DerivedSources/arm64 -Xcc -I/Users/byronquine/Library/Developer/Xcode/DerivedData/Ilumionate-ajbhadqlvcajfnbqievdybmttsdl/Build/Intermediates.noindex/Ilumionate.build/Debug-iphoneos/Ilumionate.build/DerivedSources -Xcc -DDEBUG\=1 -emit-objc-header -emit-objc-header-path /Users/byronquine/Library/Developer/Xcode/DerivedData/Ilumionate-ajbhadqlvcajfnbqievdybmttsdl/Build/Intermediates.noindex/Ilumionate.build/Debug-iphoneos/Ilumionate.build/Objects-normal/arm64/Ilumionate-Swift.h -working-directory /Users/byronquine/Documents/Programing/Swift/Practice/Ilumionate -experimental-emit-module-separately -disable-cmo

Ld /Users/byronquine/Library/Developer/Xcode/DerivedData/Ilumionate-ajbhadqlvcajfnbqievdybmttsdl/Build/Products/Debug-iphoneos/Ilumionate.app/Ilumionate.debug.dylib normal (in target 'Ilumionate' from project 'Ilumionate')
    cd /Users/byronquine/Documents/Programing/Swift/Practice/Ilumionate
    /Applications/Xcode\ 26.3\ Beta.app/Contents/Developer/Toolchains/XcodeDefault.xctoolchain/usr/bin/clang -Xlinker -reproducible -target arm64-apple-ios26.0 -dynamiclib -isysroot /Applications/Xcode\ 26.3\ Beta.app/Contents/Developer/Platforms/iPhoneOS.platform/Developer/SDKs/iPhoneOS26.2.sdk -O0 -L/Users/byronquine/Library/Developer/Xcode/DerivedData/Ilumionate-ajbhadqlvcajfnbqievdybmttsdl/Build/Intermediates.noindex/EagerLinkingTBDs/Debug-iphoneos -L/Users/byronquine/Library/Developer/Xcode/DerivedData/Ilumionate-ajbhadqlvcajfnbqievdybmttsdl/Build/Products/Debug-iphoneos -F/Users/byronquine/Library/Developer/Xcode/DerivedData/Ilumionate-ajbhadqlvcajfnbqievdybmttsdl/Build/Intermediates.noindex/EagerLinkingTBDs/Debug-iphoneos -F/Users/byronquine/Library/Developer/Xcode/DerivedData/Ilumionate-ajbhadqlvcajfnbqievdybmttsdl/Build/Products/Debug-iphoneos/PackageFrameworks -F/Users/byronquine/Library/Developer/Xcode/DerivedData/Ilumionate-ajbhadqlvcajfnbqievdybmttsdl/Build/Products/Debug-iphoneos/PackageFrameworks -F/Users/byronquine/Library/Developer/Xcode/DerivedData/Ilumionate-ajbhadqlvcajfnbqievdybmttsdl/Build/Products/Debug-iphoneos/PackageFrameworks -F/Users/byronquine/Library/Developer/Xcode/DerivedData/Ilumionate-ajbhadqlvcajfnbqievdybmttsdl/Build/Products/Debug-iphoneos/PackageFrameworks -F/Users/byronquine/Library/Developer/Xcode/DerivedData/Ilumionate-ajbhadqlvcajfnbqievdybmttsdl/Build/Products/Debug-iphoneos/PackageFrameworks -F/Users/byronquine/Library/Developer/Xcode/DerivedData/Ilumionate-ajbhadqlvcajfnbqievdybmttsdl/Build/Products/Debug-iphoneos/PackageFrameworks -F/Users/byronquine/Library/Developer/Xcode/DerivedData/Ilumionate-ajbhadqlvcajfnbqievdybmttsdl/Build/Products/Debug-iphoneos/PackageFrameworks -F/Users/byronquine/Library/Developer/Xcode/DerivedData/Ilumionate-ajbhadqlvcajfnbqievdybmttsdl/Build/Products/Debug-iphoneos/PackageFrameworks -F/Users/byronquine/Library/Developer/Xcode/DerivedData/Ilumionate-ajbhadqlvcajfnbqievdybmttsdl/Build/Products/Debug-iphoneos -filelist /Users/byronquine/Library/Developer/Xcode/DerivedData/Ilumionate-ajbhadqlvcajfnbqievdybmttsdl/Build/Intermediates.noindex/Ilumionate.build/Debug-iphoneos/Ilumionate.build/Objects-normal/arm64/Ilumionate.LinkFileList -install_name @rpath/Ilumionate.debug.dylib -Xlinker -rpath -Xlinker /Users/byronquine/Library/Developer/Xcode/DerivedData/Ilumionate-ajbhadqlvcajfnbqievdybmttsdl/Build/Products/Debug-iphoneos/PackageFrameworks -Xlinker -rpath -Xlinker @executable_path/Frameworks -dead_strip -Xlinker -object_path_lto -Xlinker /Users/byronquine/Library/Developer/Xcode/DerivedData/Ilumionate-ajbhadqlvcajfnbqievdybmttsdl/Build/Intermediates.noindex/Ilumionate.build/Debug-iphoneos/Ilumionate.build/Objects-normal/arm64/Ilumionate_lto.o -rdynamic -Xlinker -no_deduplicate -Xlinker -debug_variant -Xlinker -dependency_info -Xlinker /Users/byronquine/Library/Developer/Xcode/DerivedData/Ilumionate-ajbhadqlvcajfnbqievdybmttsdl/Build/Intermediates.noindex/Ilumionate.build/Debug-iphoneos/Ilumionate.build/Objects-normal/arm64/Ilumionate_dependency_info.dat -fobjc-link-runtime -fprofile-instr-generate -L/Applications/Xcode\ 26.3\ Beta.app/Contents/Developer/Toolchains/XcodeDefault.xctoolchain/usr/lib/swift/iphoneos -L/usr/lib/swift -Xlinker -add_ast_path -Xlinker /Users/byronquine/Library/Developer/Xcode/DerivedData/Ilumionate-ajbhadqlvcajfnbqievdybmttsdl/Build/Intermediates.noindex/Ilumionate.build/Debug-iphoneos/Ilumionate.build/Objects-normal/arm64/Ilumionate.swiftmodule @/Users/byronquine/Library/Developer/Xcode/DerivedData/Ilumionate-ajbhadqlvcajfnbqievdybmttsdl/Build/Intermediates.noindex/Ilumionate.build/Debug-iphoneos/Ilumionate.build/Objects-normal/arm64/Ilumionate-linker-args.resp -Wl,-no_warn_duplicate_libraries -Wl,-no_warn_duplicate_libraries -Wl,-no_warn_duplicate_libraries -Wl,-no_warn_duplicate_libraries -Wl,-no_warn_duplicate_libraries -Wl,-no_warn_duplicate_libraries -Wl,-no_warn_duplicate_libraries -Wl,-no_warn_duplicate_libraries -Xlinker -alias -Xlinker _main -Xlinker ___debug_main_executable_dylib_entry_point -Xlinker -no_adhoc_codesign -o /Users/byronquine/Library/Developer/Xcode/DerivedData/Ilumionate-ajbhadqlvcajfnbqievdybmttsdl/Build/Products/Debug-iphoneos/Ilumionate.app/Ilumionate.debug.dylib -Xlinker -add_ast_path -Xlinker /Users/byronquine/Library/Developer/Xcode/DerivedData/Ilumionate-ajbhadqlvcajfnbqievdybmttsdl/Build/Intermediates.noindex/whisperkit.build/Debug-iphoneos/WhisperKit.build/Objects-normal/arm64/WhisperKit.swiftmodule @/Users/byronquine/Library/Developer/Xcode/DerivedData/Ilumionate-ajbhadqlvcajfnbqievdybmttsdl/Build/Intermediates.noindex/whisperkit.build/Debug-iphoneos/WhisperKit.build/Objects-normal/arm64/WhisperKit-linker-args.resp -Xlinker -add_ast_path -Xlinker /Users/byronquine/Library/Developer/Xcode/DerivedData/Ilumionate-ajbhadqlvcajfnbqievdybmttsdl/Build/Intermediates.noindex/swift-transformers.build/Debug-iphoneos/Hub.build/Objects-normal/arm64/Hub.swiftmodule @/Users/byronquine/Library/Developer/Xcode/DerivedData/Ilumionate-ajbhadqlvcajfnbqievdybmttsdl/Build/Intermediates.noindex/swift-transformers.build/Debug-iphoneos/Hub.build/Objects-normal/arm64/Hub-linker-args.resp -Xlinker -add_ast_path -Xlinker /Users/byronquine/Library/Developer/Xcode/DerivedData/Ilumionate-ajbhadqlvcajfnbqievdybmttsdl/Build/Intermediates.noindex/Jinja.build/Debug-iphoneos/Jinja.build/Objects-normal/arm64/Jinja.swiftmodule @/Users/byronquine/Library/Developer/Xcode/DerivedData/Ilumionate-ajbhadqlvcajfnbqievdybmttsdl/Build/Intermediates.noindex/Jinja.build/Debug-iphoneos/Jinja.build/Objects-normal/arm64/Jinja-linker-args.resp -Xlinker -add_ast_path -Xlinker /Users/byronquine/Library/Developer/Xcode/DerivedData/Ilumionate-ajbhadqlvcajfnbqievdybmttsdl/Build/Intermediates.noindex/swift-collections.build/Debug-iphoneos/OrderedCollections.build/Objects-normal/arm64/OrderedCollections.swiftmodule @/Users/byronquine/Library/Developer/Xcode/DerivedData/Ilumionate-ajbhadqlvcajfnbqievdybmttsdl/Build/Intermediates.noindex/swift-collections.build/Debug-iphoneos/OrderedCollections.build/Objects-normal/arm64/OrderedCollections-linker-args.resp -Xlinker -add_ast_path -Xlinker /Users/byronquine/Library/Developer/Xcode/DerivedData/Ilumionate-ajbhadqlvcajfnbqievdybmttsdl/Build/Intermediates.noindex/swift-collections.build/Debug-iphoneos/InternalCollectionsUtilities.build/Objects-normal/arm64/InternalCollectionsUtilities.swiftmodule @/Users/byronquine/Library/Developer/Xcode/DerivedData/Ilumionate-ajbhadqlvcajfnbqievdybmttsdl/Build/Intermediates.noindex/swift-collections.build/Debug-iphoneos/InternalCollectionsUtilities.build/Objects-normal/arm64/InternalCollectionsUtilities-linker-args.resp -Xlinker -add_ast_path -Xlinker /Users/byronquine/Library/Developer/Xcode/DerivedData/Ilumionate-ajbhadqlvcajfnbqievdybmttsdl/Build/Intermediates.noindex/swift-crypto.build/Debug-iphoneos/Crypto.build/Objects-normal/arm64/Crypto.swiftmodule @/Users/byronquine/Library/Developer/Xcode/DerivedData/Ilumionate-ajbhadqlvcajfnbqievdybmttsdl/Build/Intermediates.noindex/swift-crypto.build/Debug-iphoneos/Crypto.build/Objects-normal/arm64/Crypto-linker-args.resp -Xlinker -add_ast_path -Xlinker /Users/byronquine/Library/Developer/Xcode/DerivedData/Ilumionate-ajbhadqlvcajfnbqievdybmttsdl/Build/Intermediates.noindex/swift-transformers.build/Debug-iphoneos/Tokenizers.build/Objects-normal/arm64/Tokenizers.swiftmodule @/Users/byronquine/Library/Developer/Xcode/DerivedData/Ilumionate-ajbhadqlvcajfnbqievdybmttsdl/Build/Intermediates.noindex/swift-transformers.build/Debug-iphoneos/Tokenizers.build/Objects-normal/arm64/Tokenizers-linker-args.resp

ConstructStubExecutorLinkFileList /Users/byronquine/Library/Developer/Xcode/DerivedData/Ilumionate-ajbhadqlvcajfnbqievdybmttsdl/Build/Intermediates.noindex/Ilumionate.build/Debug-iphoneos/Ilumionate.build/Ilumionate-ExecutorLinkFileList-normal-arm64.txt (in target 'Ilumionate' from project 'Ilumionate')
    cd /Users/byronquine/Documents/Programing/Swift/Practice/Ilumionate
    construct-stub-executor-link-file-list /Users/byronquine/Library/Developer/Xcode/DerivedData/Ilumionate-ajbhadqlvcajfnbqievdybmttsdl/Build/Products/Debug-iphoneos/Ilumionate.app/Ilumionate.debug.dylib /Applications/Xcode\ 26.3\ Beta.app/Contents/Developer/Platforms/iPhoneOS.platform/Developer/usr/lib/libPreviewsJITStubExecutor_no_swift_entry_point.a /Applications/Xcode\ 26.3\ Beta.app/Contents/Developer/Platforms/iPhoneOS.platform/Developer/usr/lib/libPreviewsJITStubExecutor.a --output /Users/byronquine/Library/Developer/Xcode/DerivedData/Ilumionate-ajbhadqlvcajfnbqievdybmttsdl/Build/Intermediates.noindex/Ilumionate.build/Debug-iphoneos/Ilumionate.build/Ilumionate-ExecutorLinkFileList-normal-arm64.txt
note: Using stub executor library with Swift entry point. (in target 'Ilumionate' from project 'Ilumionate')

Ld /Users/byronquine/Library/Developer/Xcode/DerivedData/Ilumionate-ajbhadqlvcajfnbqievdybmttsdl/Build/Products/Debug-iphoneos/Ilumionate.app/Ilumionate normal (in target 'Ilumionate' from project 'Ilumionate')
    cd /Users/byronquine/Documents/Programing/Swift/Practice/Ilumionate
    /Applications/Xcode\ 26.3\ Beta.app/Contents/Developer/Toolchains/XcodeDefault.xctoolchain/usr/bin/clang -Xlinker -reproducible -target arm64-apple-ios26.0 -isysroot /Applications/Xcode\ 26.3\ Beta.app/Contents/Developer/Platforms/iPhoneOS.platform/Developer/SDKs/iPhoneOS26.2.sdk -O0 -L/Users/byronquine/Library/Developer/Xcode/DerivedData/Ilumionate-ajbhadqlvcajfnbqievdybmttsdl/Build/Products/Debug-iphoneos -F/Users/byronquine/Library/Developer/Xcode/DerivedData/Ilumionate-ajbhadqlvcajfnbqievdybmttsdl/Build/Products/Debug-iphoneos/PackageFrameworks -F/Users/byronquine/Library/Developer/Xcode/DerivedData/Ilumionate-ajbhadqlvcajfnbqievdybmttsdl/Build/Products/Debug-iphoneos/PackageFrameworks -F/Users/byronquine/Library/Developer/Xcode/DerivedData/Ilumionate-ajbhadqlvcajfnbqievdybmttsdl/Build/Products/Debug-iphoneos/PackageFrameworks -F/Users/byronquine/Library/Developer/Xcode/DerivedData/Ilumionate-ajbhadqlvcajfnbqievdybmttsdl/Build/Products/Debug-iphoneos/PackageFrameworks -F/Users/byronquine/Library/Developer/Xcode/DerivedData/Ilumionate-ajbhadqlvcajfnbqievdybmttsdl/Build/Products/Debug-iphoneos/PackageFrameworks -F/Users/byronquine/Library/Developer/Xcode/DerivedData/Ilumionate-ajbhadqlvcajfnbqievdybmttsdl/Build/Products/Debug-iphoneos/PackageFrameworks -F/Users/byronquine/Library/Developer/Xcode/DerivedData/Ilumionate-ajbhadqlvcajfnbqievdybmttsdl/Build/Products/Debug-iphoneos/PackageFrameworks -F/Users/byronquine/Library/Developer/Xcode/DerivedData/Ilumionate-ajbhadqlvcajfnbqievdybmttsdl/Build/Products/Debug-iphoneos/PackageFrameworks -F/Users/byronquine/Library/Developer/Xcode/DerivedData/Ilumionate-ajbhadqlvcajfnbqievdybmttsdl/Build/Products/Debug-iphoneos -Xlinker -rpath -Xlinker @executable_path -Xlinker -rpath -Xlinker /Users/byronquine/Library/Developer/Xcode/DerivedData/Ilumionate-ajbhadqlvcajfnbqievdybmttsdl/Build/Products/Debug-iphoneos/PackageFrameworks -Xlinker -rpath -Xlinker @executable_path/Frameworks -rdynamic -Xlinker -no_deduplicate -Xlinker -debug_variant -e ___debug_blank_executor_main -Xlinker -sectcreate -Xlinker __TEXT -Xlinker __debug_dylib -Xlinker /Users/byronquine/Library/Developer/Xcode/DerivedData/Ilumionate-ajbhadqlvcajfnbqievdybmttsdl/Build/Intermediates.noindex/Ilumionate.build/Debug-iphoneos/Ilumionate.build/Ilumionate-DebugDylibPath-normal-arm64.txt -Xlinker -sectcreate -Xlinker __TEXT -Xlinker __debug_instlnm -Xlinker /Users/byronquine/Library/Developer/Xcode/DerivedData/Ilumionate-ajbhadqlvcajfnbqievdybmttsdl/Build/Intermediates.noindex/Ilumionate.build/Debug-iphoneos/Ilumionate.build/Ilumionate-DebugDylibInstallName-normal-arm64.txt -Xlinker -filelist -Xlinker /Users/byronquine/Library/Developer/Xcode/DerivedData/Ilumionate-ajbhadqlvcajfnbqievdybmttsdl/Build/Intermediates.noindex/Ilumionate.build/Debug-iphoneos/Ilumionate.build/Ilumionate-ExecutorLinkFileList-normal-arm64.txt /Users/byronquine/Library/Developer/Xcode/DerivedData/Ilumionate-ajbhadqlvcajfnbqievdybmttsdl/Build/Products/Debug-iphoneos/Ilumionate.app/Ilumionate.debug.dylib -Xlinker -no_adhoc_codesign -o /Users/byronquine/Library/Developer/Xcode/DerivedData/Ilumionate-ajbhadqlvcajfnbqievdybmttsdl/Build/Products/Debug-iphoneos/Ilumionate.app/Ilumionate

LinkAssetCatalog /Users/byronquine/Documents/Programing/Swift/Practice/Ilumionate/Ilumionate/Assets.xcassets /Users/byronquine/Documents/Programing/Swift/Practice/Ilumionate/Ilumionate/icon-1024.icon (in target 'Ilumionate' from project 'Ilumionate')
    cd /Users/byronquine/Documents/Programing/Swift/Practice/Ilumionate
    builtin-linkAssetCatalog --thinned /Users/byronquine/Library/Developer/Xcode/DerivedData/Ilumionate-ajbhadqlvcajfnbqievdybmttsdl/Build/Intermediates.noindex/Ilumionate.build/Debug-iphoneos/Ilumionate.build/assetcatalog_output/thinned --thinned-dependencies /Users/byronquine/Library/Developer/Xcode/DerivedData/Ilumionate-ajbhadqlvcajfnbqievdybmttsdl/Build/Intermediates.noindex/Ilumionate.build/Debug-iphoneos/Ilumionate.build/assetcatalog_dependencies_thinned --thinned-info-plist-content /Users/byronquine/Library/Developer/Xcode/DerivedData/Ilumionate-ajbhadqlvcajfnbqievdybmttsdl/Build/Intermediates.noindex/Ilumionate.build/Debug-iphoneos/Ilumionate.build/assetcatalog_generated_info.plist_thinned --unthinned /Users/byronquine/Library/Developer/Xcode/DerivedData/Ilumionate-ajbhadqlvcajfnbqievdybmttsdl/Build/Intermediates.noindex/Ilumionate.build/Debug-iphoneos/Ilumionate.build/assetcatalog_output/unthinned --unthinned-dependencies /Users/byronquine/Library/Developer/Xcode/DerivedData/Ilumionate-ajbhadqlvcajfnbqievdybmttsdl/Build/Intermediates.noindex/Ilumionate.build/Debug-iphoneos/Ilumionate.build/assetcatalog_dependencies_unthinned --unthinned-info-plist-content /Users/byronquine/Library/Developer/Xcode/DerivedData/Ilumionate-ajbhadqlvcajfnbqievdybmttsdl/Build/Intermediates.noindex/Ilumionate.build/Debug-iphoneos/Ilumionate.build/assetcatalog_generated_info.plist_unthinned --output /Users/byronquine/Library/Developer/Xcode/DerivedData/Ilumionate-ajbhadqlvcajfnbqievdybmttsdl/Build/Products/Debug-iphoneos/Ilumionate.app --plist-output /Users/byronquine/Library/Developer/Xcode/DerivedData/Ilumionate-ajbhadqlvcajfnbqievdybmttsdl/Build/Intermediates.noindex/Ilumionate.build/Debug-iphoneos/Ilumionate.build/assetcatalog_generated_info.plist
note: Emplaced /Users/byronquine/Library/Developer/Xcode/DerivedData/Ilumionate-ajbhadqlvcajfnbqievdybmttsdl/Build/Products/Debug-iphoneos/Ilumionate.app/AppIcon60x60@2x.png (in target 'Ilumionate' from project 'Ilumionate')
note: Emplaced /Users/byronquine/Library/Developer/Xcode/DerivedData/Ilumionate-ajbhadqlvcajfnbqievdybmttsdl/Build/Products/Debug-iphoneos/Ilumionate.app/Assets.car (in target 'Ilumionate' from project 'Ilumionate')
note: Emplaced /Users/byronquine/Library/Developer/Xcode/DerivedData/Ilumionate-ajbhadqlvcajfnbqievdybmttsdl/Build/Products/Debug-iphoneos/Ilumionate.app/AppIcon76x76@2x~ipad.png (in target 'Ilumionate' from project 'Ilumionate')

ProcessInfoPlistFile /Users/byronquine/Library/Developer/Xcode/DerivedData/Ilumionate-ajbhadqlvcajfnbqievdybmttsdl/Build/Products/Debug-iphoneos/Ilumionate.app/Info.plist /Users/byronquine/Library/Developer/Xcode/DerivedData/Ilumionate-ajbhadqlvcajfnbqievdybmttsdl/Build/Intermediates.noindex/Ilumionate.build/Debug-iphoneos/Ilumionate.build/empty-Ilumionate.plist (in target 'Ilumionate' from project 'Ilumionate')
    cd /Users/byronquine/Documents/Programing/Swift/Practice/Ilumionate
    builtin-infoPlistUtility /Users/byronquine/Library/Developer/Xcode/DerivedData/Ilumionate-ajbhadqlvcajfnbqievdybmttsdl/Build/Intermediates.noindex/Ilumionate.build/Debug-iphoneos/Ilumionate.build/empty-Ilumionate.plist -producttype com.apple.product-type.application -genpkginfo /Users/byronquine/Library/Developer/Xcode/DerivedData/Ilumionate-ajbhadqlvcajfnbqievdybmttsdl/Build/Products/Debug-iphoneos/Ilumionate.app/PkgInfo -expandbuildsettings -format binary -platform iphoneos -additionalcontentfile /Users/byronquine/Library/Developer/Xcode/DerivedData/Ilumionate-ajbhadqlvcajfnbqievdybmttsdl/Build/Intermediates.noindex/Ilumionate.build/Debug-iphoneos/Ilumionate.build/assetcatalog_generated_info.plist -scanforprivacyfile /Users/byronquine/Library/Developer/Xcode/DerivedData/Ilumionate-ajbhadqlvcajfnbqievdybmttsdl/Build/Products/Debug-iphoneos/Ilumionate.app/swift-crypto_Crypto.bundle -scanforprivacyfile /Users/byronquine/Library/Developer/Xcode/DerivedData/Ilumionate-ajbhadqlvcajfnbqievdybmttsdl/Build/Products/Debug-iphoneos/Ilumionate.app/swift-transformers_Hub.bundle -requiredArchitecture arm64 -o /Users/byronquine/Library/Developer/Xcode/DerivedData/Ilumionate-ajbhadqlvcajfnbqievdybmttsdl/Build/Products/Debug-iphoneos/Ilumionate.app/Info.plist

CopySwiftLibs /Users/byronquine/Library/Developer/Xcode/DerivedData/Ilumionate-ajbhadqlvcajfnbqievdybmttsdl/Build/Products/Debug-iphoneos/Ilumionate.app (in target 'Ilumionate' from project 'Ilumionate')
    cd /Users/byronquine/Documents/Programing/Swift/Practice/Ilumionate
    builtin-swiftStdLibTool --copy --verbose --sign 21BB4F41C28FAFEA26B33001D7BD2D4327CCD909 --scan-executable /Users/byronquine/Library/Developer/Xcode/DerivedData/Ilumionate-ajbhadqlvcajfnbqievdybmttsdl/Build/Products/Debug-iphoneos/Ilumionate.app/Ilumionate.debug.dylib --scan-folder /Users/byronquine/Library/Developer/Xcode/DerivedData/Ilumionate-ajbhadqlvcajfnbqievdybmttsdl/Build/Products/Debug-iphoneos/Ilumionate.app/Frameworks --scan-folder /Users/byronquine/Library/Developer/Xcode/DerivedData/Ilumionate-ajbhadqlvcajfnbqievdybmttsdl/Build/Products/Debug-iphoneos/Ilumionate.app/PlugIns --scan-folder /Users/byronquine/Library/Developer/Xcode/DerivedData/Ilumionate-ajbhadqlvcajfnbqievdybmttsdl/Build/Products/Debug-iphoneos/Ilumionate.app/SystemExtensions --scan-folder /Users/byronquine/Library/Developer/Xcode/DerivedData/Ilumionate-ajbhadqlvcajfnbqievdybmttsdl/Build/Products/Debug-iphoneos/Ilumionate.app/Extensions --platform iphoneos --toolchain /var/run/com.apple.security.cryptexd/mnt/com.apple.MobileAsset.MetalToolchain-v17.3.519.0.qBttFW/Metal.xctoolchain --toolchain /Applications/Xcode\ 26.3\ Beta.app/Contents/Developer/Toolchains/XcodeDefault.xctoolchain --destination /Users/byronquine/Library/Developer/Xcode/DerivedData/Ilumionate-ajbhadqlvcajfnbqievdybmttsdl/Build/Products/Debug-iphoneos/Ilumionate.app/Frameworks --strip-bitcode --strip-bitcode-tool /Applications/Xcode\ 26.3\ Beta.app/Contents/Developer/Toolchains/XcodeDefault.xctoolchain/usr/bin/bitcode_strip --emit-dependency-info /Users/byronquine/Library/Developer/Xcode/DerivedData/Ilumionate-ajbhadqlvcajfnbqievdybmttsdl/Build/Intermediates.noindex/Ilumionate.build/Debug-iphoneos/Ilumionate.build/SwiftStdLibToolInputDependencies.dep --filter-for-swift-os

ExtractAppIntentsMetadata (in target 'Ilumionate' from project 'Ilumionate')
    cd /Users/byronquine/Documents/Programing/Swift/Practice/Ilumionate
    /Applications/Xcode\ 26.3\ Beta.app/Contents/Developer/Toolchains/XcodeDefault.xctoolchain/usr/bin/appintentsmetadataprocessor --toolchain-dir /var/run/com.apple.security.cryptexd/mnt/com.apple.MobileAsset.MetalToolchain-v17.3.519.0.qBttFW/Metal.xctoolchain --module-name Ilumionate --sdk-root /Applications/Xcode\ 26.3\ Beta.app/Contents/Developer/Platforms/iPhoneOS.platform/Developer/SDKs/iPhoneOS26.2.sdk --xcode-version 17C528 --platform-family iOS --deployment-target 26.0 --bundle-identifier com.byronquine.lumenSync --output /Users/byronquine/Library/Developer/Xcode/DerivedData/Ilumionate-ajbhadqlvcajfnbqievdybmttsdl/Build/Products/Debug-iphoneos/Ilumionate.app --target-triple arm64-apple-ios26.0 --binary-file /Users/byronquine/Library/Developer/Xcode/DerivedData/Ilumionate-ajbhadqlvcajfnbqievdybmttsdl/Build/Products/Debug-iphoneos/Ilumionate.app/Ilumionate --dependency-file /Users/byronquine/Library/Developer/Xcode/DerivedData/Ilumionate-ajbhadqlvcajfnbqievdybmttsdl/Build/Intermediates.noindex/Ilumionate.build/Debug-iphoneos/Ilumionate.build/Objects-normal/arm64/Ilumionate_dependency_info.dat --stringsdata-file /Users/byronquine/Library/Developer/Xcode/DerivedData/Ilumionate-ajbhadqlvcajfnbqievdybmttsdl/Build/Intermediates.noindex/Ilumionate.build/Debug-iphoneos/Ilumionate.build/Objects-normal/arm64/ExtractedAppShortcutsMetadata.stringsdata --source-file-list /Users/byronquine/Library/Developer/Xcode/DerivedData/Ilumionate-ajbhadqlvcajfnbqievdybmttsdl/Build/Intermediates.noindex/Ilumionate.build/Debug-iphoneos/Ilumionate.build/Objects-normal/arm64/Ilumionate.SwiftFileList --metadata-file-list /Users/byronquine/Library/Developer/Xcode/DerivedData/Ilumionate-ajbhadqlvcajfnbqievdybmttsdl/Build/Intermediates.noindex/Ilumionate.build/Debug-iphoneos/Ilumionate.build/Ilumionate.DependencyMetadataFileList --static-metadata-file-list /Users/byronquine/Library/Developer/Xcode/DerivedData/Ilumionate-ajbhadqlvcajfnbqievdybmttsdl/Build/Intermediates.noindex/Ilumionate.build/Debug-iphoneos/Ilumionate.build/Ilumionate.DependencyStaticMetadataFileList --swift-const-vals-list /Users/byronquine/Library/Developer/Xcode/DerivedData/Ilumionate-ajbhadqlvcajfnbqievdybmttsdl/Build/Intermediates.noindex/Ilumionate.build/Debug-iphoneos/Ilumionate.build/Objects-normal/arm64/Ilumionate.SwiftConstValuesFileList --compile-time-extraction --deployment-aware-processing --validate-assistant-intents --no-app-shortcuts-localization
2026-03-12 20:04:41.066 appintentsmetadataprocessor[15773:2304669] Starting appintentsmetadataprocessor export
2026-03-12 20:04:41.068 appintentsmetadataprocessor[15773:2304669] warning: Metadata extraction skipped. No AppIntents.framework dependency found.

AppIntentsSSUTraining (in target 'Ilumionate' from project 'Ilumionate')
    cd /Users/byronquine/Documents/Programing/Swift/Practice/Ilumionate
    /Applications/Xcode\ 26.3\ Beta.app/Contents/Developer/Toolchains/XcodeDefault.xctoolchain/usr/bin/appintentsnltrainingprocessor --infoplist-path /Users/byronquine/Library/Developer/Xcode/DerivedData/Ilumionate-ajbhadqlvcajfnbqievdybmttsdl/Build/Products/Debug-iphoneos/Ilumionate.app/Info.plist --temp-dir-path /Users/byronquine/Library/Developer/Xcode/DerivedData/Ilumionate-ajbhadqlvcajfnbqievdybmttsdl/Build/Intermediates.noindex/Ilumionate.build/Debug-iphoneos/Ilumionate.build/ssu --bundle-id com.byronquine.lumenSync --product-path /Users/byronquine/Library/Developer/Xcode/DerivedData/Ilumionate-ajbhadqlvcajfnbqievdybmttsdl/Build/Products/Debug-iphoneos/Ilumionate.app --extracted-metadata-path /Users/byronquine/Library/Developer/Xcode/DerivedData/Ilumionate-ajbhadqlvcajfnbqievdybmttsdl/Build/Products/Debug-iphoneos/Ilumionate.app/Metadata.appintents --metadata-file-list /Users/byronquine/Library/Developer/Xcode/DerivedData/Ilumionate-ajbhadqlvcajfnbqievdybmttsdl/Build/Intermediates.noindex/Ilumionate.build/Debug-iphoneos/Ilumionate.build/Ilumionate.DependencyMetadataFileList --archive-ssu-assets
2026-03-12 20:04:41.093 appintentsnltrainingprocessor[15774:2304679] Parsing options for appintentsnltrainingprocessor
2026-03-12 20:04:41.093 appintentsnltrainingprocessor[15774:2304679] No AppShortcuts found - Skipping.

CodeSign /Users/byronquine/Library/Developer/Xcode/DerivedData/Ilumionate-ajbhadqlvcajfnbqievdybmttsdl/Build/Products/Debug-iphoneos/Ilumionate.app/Ilumionate.debug.dylib (in target 'Ilumionate' from project 'Ilumionate')
    cd /Users/byronquine/Documents/Programing/Swift/Practice/Ilumionate
    
    Signing Identity:     "Apple Development: Byron Quine (GZD4DJ42LR)"
    Provisioning Profile: "iOS Team Provisioning Profile: *"
                          (2fee0171-e7f8-46f5-a02c-698b4ba18711)
    
    /usr/bin/codesign --force --sign 21BB4F41C28FAFEA26B33001D7BD2D4327CCD909 --timestamp\=none --generate-entitlement-der /Users/byronquine/Library/Developer/Xcode/DerivedData/Ilumionate-ajbhadqlvcajfnbqievdybmttsdl/Build/Products/Debug-iphoneos/Ilumionate.app/Ilumionate.debug.dylib

CodeSign /Users/byronquine/Library/Developer/Xcode/DerivedData/Ilumionate-ajbhadqlvcajfnbqievdybmttsdl/Build/Products/Debug-iphoneos/Ilumionate.app/__preview.dylib (in target 'Ilumionate' from project 'Ilumionate')
    cd /Users/byronquine/Documents/Programing/Swift/Practice/Ilumionate
    
    Signing Identity:     "Apple Development: Byron Quine (GZD4DJ42LR)"
    Provisioning Profile: "iOS Team Provisioning Profile: *"
                          (2fee0171-e7f8-46f5-a02c-698b4ba18711)
    
    /usr/bin/codesign --force --sign 21BB4F41C28FAFEA26B33001D7BD2D4327CCD909 --timestamp\=none --generate-entitlement-der /Users/byronquine/Library/Developer/Xcode/DerivedData/Ilumionate-ajbhadqlvcajfnbqievdybmttsdl/Build/Products/Debug-iphoneos/Ilumionate.app/__preview.dylib

CodeSign /Users/byronquine/Library/Developer/Xcode/DerivedData/Ilumionate-ajbhadqlvcajfnbqievdybmttsdl/Build/Products/Debug-iphoneos/Ilumionate.app (in target 'Ilumionate' from project 'Ilumionate')
    cd /Users/byronquine/Documents/Programing/Swift/Practice/Ilumionate
    
    Signing Identity:     "Apple Development: Byron Quine (GZD4DJ42LR)"
    Provisioning Profile: "iOS Team Provisioning Profile: *"
                          (2fee0171-e7f8-46f5-a02c-698b4ba18711)
    
    /usr/bin/codesign --force --sign 21BB4F41C28FAFEA26B33001D7BD2D4327CCD909 --entitlements /Users/byronquine/Library/Developer/Xcode/DerivedData/Ilumionate-ajbhadqlvcajfnbqievdybmttsdl/Build/Intermediates.noindex/Ilumionate.build/Debug-iphoneos/Ilumionate.build/Ilumionate.app.xcent --timestamp\=none --generate-entitlement-der /Users/byronquine/Library/Developer/Xcode/DerivedData/Ilumionate-ajbhadqlvcajfnbqievdybmttsdl/Build/Products/Debug-iphoneos/Ilumionate.app

Validate /Users/byronquine/Library/Developer/Xcode/DerivedData/Ilumionate-ajbhadqlvcajfnbqievdybmttsdl/Build/Products/Debug-iphoneos/Ilumionate.app (in target 'Ilumionate' from project 'Ilumionate')
    cd /Users/byronquine/Documents/Programing/Swift/Practice/Ilumionate
    builtin-validationUtility /Users/byronquine/Library/Developer/Xcode/DerivedData/Ilumionate-ajbhadqlvcajfnbqievdybmttsdl/Build/Products/Debug-iphoneos/Ilumionate.app -shallow-bundle -infoplist-subpath Info.plist

** BUILD SUCCEEDED **

